MSBuild 縺ｮ繝舌・繧ｸ繝ｧ繝ｳ 18.4.0+6e61e96ac (.NET Framework)
2026/04/07 14:55:18 縺ｫ繝薙Ν繝峨ｒ髢句ｧ九＠縺ｾ縺励◆縲・

     1>繝弱・繝・1 荳翫・繝励Ο繧ｸ繧ｧ繧ｯ繝・"C:\Users\bluec\Kamata\TakeCEngine\project\DirectXGame.sln" (Build 繧ｿ繝ｼ繧ｲ繝・ヨ)縲・
     1>ValidateSolutionConfiguration:
         繧ｽ繝ｪ繝･繝ｼ繧ｷ繝ｧ繝ｳ讒区・ "Debug|x64" 繧偵ン繝ｫ繝峨＠縺ｦ縺・∪縺吶・
     1>繝励Ο繧ｸ繧ｧ繧ｯ繝・"C:\Users\bluec\Kamata\TakeCEngine\project\DirectXGame.sln" (1) 縺ｯ縲√ヮ繝ｼ繝・3 荳翫↓ "C:\Users\bluec\Kamata\TakeCEngine\project\externals\imgui\imgui.vcxproj" (2) 繧偵ン繝ｫ繝峨＠縺ｦ縺・∪縺・(譌｢螳壹・繧ｿ繝ｼ繧ｲ繝・ヨ)縲・
     2>PrepareForBuild:
         讒矩蛹門・蜉帙′譛牙柑縺ｫ縺ｪ縺｣縺ｦ縺・∪縺吶ゅさ繝ｳ繝代う繝ｩ險ｺ譁ｭ縺ｮ譖ｸ蠑剰ｨｭ螳壹↓縺ｯ繧ｨ繝ｩ繝ｼ髫主ｱ､縺悟渚譏縺輔ｌ縺ｾ縺吶りｩｳ邏ｰ縺ｫ縺､縺・※縺ｯ縲”ttps://aka.ms/cpp/structured-output 繧貞盾辣ｧ縺励※縺上□縺輔＞縲・
       InitializeBuildStatus:
         "AlwaysCreate" 縺梧欠螳壹＆繧後◆縺溘ａ "C:\Users\bluec\Kamata\TakeCEngine\project\..\generated\obj\imgui\Debug\imgui.tlog\unsuccessfulbuild" 繧剃ｽ懈・縺励※縺・∪縺吶・
         "C:\Users\bluec\Kamata\TakeCEngine\project\..\generated\obj\imgui\Debug\imgui.tlog\unsuccessfulbuild" 縺ｮ繧ｿ繝・メ 繧ｿ繧ｹ繧ｯ繧貞ｮ溯｡後＠縺ｦ縺・∪縺吶・
     1>繝励Ο繧ｸ繧ｧ繧ｯ繝・"C:\Users\bluec\Kamata\TakeCEngine\project\DirectXGame.sln" (1) 縺ｯ縲√ヮ繝ｼ繝・2 荳翫↓ "C:\Users\bluec\Kamata\TakeCEngine\project\externals\DirectXTex\DirectXTex_Desktop_2022_Win10.vcxproj" (3) 繧偵ン繝ｫ繝峨＠縺ｦ縺・∪縺・(譌｢螳壹・繧ｿ繝ｼ繧ｲ繝・ヨ)縲・
     3>PrepareForBuild:
         讒矩蛹門・蜉帙′譛牙柑縺ｫ縺ｪ縺｣縺ｦ縺・∪縺吶ゅさ繝ｳ繝代う繝ｩ險ｺ譁ｭ縺ｮ譖ｸ蠑剰ｨｭ螳壹↓縺ｯ繧ｨ繝ｩ繝ｼ髫主ｱ､縺悟渚譏縺輔ｌ縺ｾ縺吶りｩｳ邏ｰ縺ｫ縺､縺・※縺ｯ縲”ttps://aka.ms/cpp/structured-output 繧貞盾辣ｧ縺励※縺上□縺輔＞縲・
       InitializeBuildStatus:
         "AlwaysCreate" 縺梧欠螳壹＆繧後◆縺溘ａ "C:\Users\bluec\Kamata\TakeCEngine\project\..\generated\obj\DirectXTex\Debug\DirectXTex.tlog\unsuccessfulbuild" 繧剃ｽ懈・縺励※縺・∪縺吶・
         "C:\Users\bluec\Kamata\TakeCEngine\project\..\generated\obj\DirectXTex\Debug\DirectXTex.tlog\unsuccessfulbuild" 縺ｮ繧ｿ繝・メ 繧ｿ繧ｹ繧ｯ繧貞ｮ溯｡後＠縺ｦ縺・∪縺吶・
     2>ClCompile:
         縺吶∋縺ｦ縺ｮ蜃ｺ蜉帙′譛譁ｰ縺ｮ繧ゅ・縺ｧ縺吶・
     3>ClCompile:
         縺吶∋縺ｦ縺ｮ蜃ｺ蜉帙′譛譁ｰ縺ｮ繧ゅ・縺ｧ縺吶・
         縺吶∋縺ｦ縺ｮ蜃ｺ蜉帙′譛譁ｰ縺ｮ繧ゅ・縺ｧ縺吶・
     2>Lib:
         縺吶∋縺ｦ縺ｮ蜃ｺ蜉帙′譛譁ｰ縺ｮ繧ゅ・縺ｧ縺吶・
         imgui.vcxproj -> C:\Users\bluec\Kamata\TakeCEngine\generated\outputs\Debug\imgui.lib
     3>Lib:
         縺吶∋縺ｦ縺ｮ蜃ｺ蜉帙′譛譁ｰ縺ｮ繧ゅ・縺ｧ縺吶・
         "C:\Users\bluec\Kamata\TakeCEngine\generated\obj\DirectXTex\Debug\DirectXTex.pdb" 縺九ｉ "C:\Users\bluec\Kamata\TakeCEngine\generated\outputs\Debug\DirectXTex.pdb" 縺ｸ繝輔ぃ繧､繝ｫ繧偵さ繝斐・縺励※縺・∪縺吶・
         DirectXTex_Desktop_2022_Win10.vcxproj -> C:\Users\bluec\Kamata\TakeCEngine\generated\outputs\Debug\DirectXTex.lib
     2>FinalizeBuildStatus:
         繝輔ぃ繧､繝ｫ "C:\Users\bluec\Kamata\TakeCEngine\project\..\generated\obj\imgui\Debug\imgui.tlog\unsuccessfulbuild" 繧貞炎髯､縺励※縺・∪縺吶・
         "C:\Users\bluec\Kamata\TakeCEngine\project\..\generated\obj\imgui\Debug\imgui.tlog\imgui.lastbuildstate" 縺ｮ繧ｿ繝・メ 繧ｿ繧ｹ繧ｯ繧貞ｮ溯｡後＠縺ｦ縺・∪縺吶・
     2>繝励Ο繧ｸ繧ｧ繧ｯ繝・"C:\Users\bluec\Kamata\TakeCEngine\project\externals\imgui\imgui.vcxproj" (譌｢螳壹・繧ｿ繝ｼ繧ｲ繝・ヨ) 縺ｮ繝薙Ν繝峨′螳御ｺ・＠縺ｾ縺励◆縲・
     3>FinalizeBuildStatus:
         繝輔ぃ繧､繝ｫ "C:\Users\bluec\Kamata\TakeCEngine\project\..\generated\obj\DirectXTex\Debug\DirectXTex.tlog\unsuccessfulbuild" 繧貞炎髯､縺励※縺・∪縺吶・
         "C:\Users\bluec\Kamata\TakeCEngine\project\..\generated\obj\DirectXTex\Debug\DirectXTex.tlog\DirectXTex.lastbuildstate" 縺ｮ繧ｿ繝・メ 繧ｿ繧ｹ繧ｯ繧貞ｮ溯｡後＠縺ｦ縺・∪縺吶・
     3>繝励Ο繧ｸ繧ｧ繧ｯ繝・"C:\Users\bluec\Kamata\TakeCEngine\project\externals\DirectXTex\DirectXTex_Desktop_2022_Win10.vcxproj" (譌｢螳壹・繧ｿ繝ｼ繧ｲ繝・ヨ) 縺ｮ繝薙Ν繝峨′螳御ｺ・＠縺ｾ縺励◆縲・
     1>繝励Ο繧ｸ繧ｧ繧ｯ繝・"C:\Users\bluec\Kamata\TakeCEngine\project\DirectXGame.sln" (1) 縺ｯ縲√ヮ繝ｼ繝・1 荳翫↓ "C:\Users\bluec\Kamata\TakeCEngine\project\DirectXGame.vcxproj" (4) 繧偵ン繝ｫ繝峨＠縺ｦ縺・∪縺・(譌｢螳壹・繧ｿ繝ｼ繧ｲ繝・ヨ)縲・
     4>PrepareForBuild:
         讒矩蛹門・蜉帙′譛牙柑縺ｫ縺ｪ縺｣縺ｦ縺・∪縺吶ゅさ繝ｳ繝代う繝ｩ險ｺ譁ｭ縺ｮ譖ｸ蠑剰ｨｭ螳壹↓縺ｯ繧ｨ繝ｩ繝ｼ髫主ｱ､縺悟渚譏縺輔ｌ縺ｾ縺吶りｩｳ邏ｰ縺ｫ縺､縺・※縺ｯ縲”ttps://aka.ms/cpp/structured-output 繧貞盾辣ｧ縺励※縺上□縺輔＞縲・
       InitializeBuildStatus:
         "C:\Users\bluec\Kamata\TakeCEngine\project\..\generated\obj\DirectXGame\Debug\DirectXGame.tlog\unsuccessfulbuild" 縺ｮ繧ｿ繝・メ 繧ｿ繧ｹ繧ｯ繧貞ｮ溯｡後＠縺ｦ縺・∪縺吶・
       ComputeStdModulesCompileInputs:
         繝ｩ繧､繝悶Λ繝ｪ 'microsoft/STL' 縺ｮ繝・・繧ｿ繧呈署萓帙☆繧九Λ繧､繝悶Λ繝ｪ 繝槭ル繝輔ぉ繧ｹ繝・繝輔ぃ繧､繝ｫ 'C:\Program Files\Microsoft Visual Studio\18\Community\VC\Tools\MSVC\14.50.35717\modules\modules.json' 繧定ｪｭ縺ｿ蜿悶▲縺ｦ縺・∪縺吶・
         縺薙・繝励Ο繧ｸ繧ｧ繧ｯ繝医〒繝薙Ν繝峨☆繧九Λ繧､繝悶Λ繝ｪ 'microsoft/STL' 縺九ｉ繝｢繧ｸ繝･繝ｼ繝ｫ 繧ｽ繝ｼ繧ｹ 'C:\Program Files\Microsoft Visual Studio\18\Community\VC\Tools\MSVC\14.50.35717\modules\std.ixx' 繧定ｿｽ蜉縺励※縺・∪縺吶・
         縺薙・繝励Ο繧ｸ繧ｧ繧ｯ繝医〒繝薙Ν繝峨☆繧九Λ繧､繝悶Λ繝ｪ 'microsoft/STL' 縺九ｉ繝｢繧ｸ繝･繝ｼ繝ｫ 繧ｽ繝ｼ繧ｹ 'C:\Program Files\Microsoft Visual Studio\18\Community\VC\Tools\MSVC\14.50.35717\modules\std.compat.ixx' 繧定ｿｽ蜉縺励※縺・∪縺吶・
       ClCompile:
         C:\Program Files\Microsoft Visual Studio\18\Community\VC\Tools\MSVC\14.50.35717\bin\HostX86\x64\CL.exe /c /IC:\Users\bluec\Kamata\TakeCEngine\project\ /IC:\Users\bluec\Kamata\TakeCEngine\project\engine /IC:\Users\bluec\Kamata\TakeCEngine\project\engine\2d /IC:\Users\bluec\Kamata\TakeCEngine\project\engine\3d /IC:\Users\bluec\Kamata\TakeCEngine\project\engine\audio /IC:\Users\bluec\Kamata\TakeCEngine\project\engine\base /IC:\Users\bluec\Kamata\TakeCEngine\project\engine\io /IC:\Users\bluec\Kamata\TakeCEngine\project\engine\scene /IC:\Users\bluec\Kamata\TakeCEngine\project\engine\math /IC:\Users\bluec\Kamata\TakeCEngine\project\engine\camera /IC:\Users\bluec\Kamata\TakeCEngine\project\application /IC:\Users\bluec\Kamata\TakeCEngine\project\externals/assimp/include /IC:\Users\bluec\Kamata\TakeCEngine\project\REsources/shaders /IC:\Users\bluec\Kamata\TakeCEngine\project\externals /ZI /JMC /nologo /W4 /WX /diagnostics:column /sdl /MP /Od /D _UNICODE /D UNICODE /D NOMINMAX /D _UNICODE /D UNICODE /Gm- /EHsc /RTC1 /MTd /GS /fp:precise /Zc:wchar_t /Zc:forScope /Zc:inline /std:c++20 /permissive- /Fo"C:\Users\bluec\Kamata\TakeCEngine\project\..\generated\obj\DirectXGame\Debug\\" /Fd"C:\Users\bluec\Kamata\TakeCEngine\project\..\generated\obj\DirectXGame\Debug\vc145.pdb" /external:W4 /Gd /TP /FC /errorReport:queue /utf-8 application\Entity\Behavior\BehaviorTreeEditor.cpp
         BehaviorTreeEditor.cpp
     4>C:\Users\bluec\Kamata\TakeCEngine\project\application\Entity\Behavior\BehaviorTreeEditor.cpp(619,51): error C2084: 髢｢謨ｰ 'std::unique_ptr<BehaviorNode,std::default_delete<BehaviorNode>> BehaviorTreeEditor::ReconstructLogicNodeRecursive(const BehaviorNodeData &,std::map<int,std::shared_ptr<BehaviorNodeView>,std::less<int>,std::allocator<std::pair<const int,std::shared_ptr<BehaviorNodeView>>>> &)' 縺ｯ譌｢縺ｫ譛ｬ菴薙ｒ謖√▲縺ｦ縺・∪縺吶・[C:\Users\bluec\Kamata\TakeCEngine\project\DirectXGame.vcxproj]
             C:\Users\bluec\Kamata\TakeCEngine\project\application\Entity\Behavior\BehaviorTreeEditor.cpp(367,51):
             'BehaviorTreeEditor::ReconstructLogicNodeRecursive' 縺ｮ莉･蜑阪・螳夂ｾｩ繧堤｢ｺ隱阪＠縺ｦ縺上□縺輔＞
         
     4>C:\Users\bluec\Kamata\TakeCEngine\project\application\Entity\Behavior\BehaviorTreeEditor.cpp(655,19): error C3867: 'BehaviorTreeEditor::ReconstructLogicNodeRecursive': 髱樊ｨ呎ｺ悶・讒区枚縺ｧ縺吶ゅΓ繝ｳ繝舌・縺ｫ繝昴う繝ｳ繧ｿ繧剃ｽ懈・縺吶ｋ縺ｫ縺ｯ '&' 繧剃ｽｿ逕ｨ縺励※縺上□縺輔＞ [C:\Users\bluec\Kamata\TakeCEngine\project\DirectXGame.vcxproj]
     4>C:\Users\bluec\Kamata\TakeCEngine\project\application\Entity\Behavior\BehaviorTreeEditor.cpp(657,16): error C2664: 'void CompositeNode::AddChild(std::unique_ptr<BehaviorNode,std::default_delete<BehaviorNode>>)': 蠑墓焚 1 繧・'std::unique_ptr<BehaviorNode,std::default_delete<BehaviorNode>> (__cdecl BehaviorTreeEditor::* )(const BehaviorNodeData &,std::map<int,std::shared_ptr<BehaviorNodeView>,std::less<int>,std::allocator<std::pair<const int,std::shared_ptr<BehaviorNodeView>>>> &)' 縺九ｉ 'std::unique_ptr<BehaviorNode,std::default_delete<BehaviorNode>>' 縺ｸ螟画鋤縺ｧ縺阪∪縺帙ｓ縲・[C:\Users\bluec\Kamata\TakeCEngine\project\DirectXGame.vcxproj]
             C:\Users\bluec\Kamata\TakeCEngine\project\application\Entity\Behavior\BehaviorTreeEditor.cpp(657,34):
             'std::unique_ptr<BehaviorNode,std::default_delete<BehaviorNode>>::unique_ptr': 繧ｪ繝ｼ繝舌・繝ｭ繝ｼ繝峨＆繧後◆髢｢謨ｰ縺ｧ縺吶∋縺ｦ縺ｮ蠑墓焚縺ｮ蝙九ｒ螟画鋤縺ｧ縺阪∪縺帙ｓ縺ｧ縺励◆
                 C:\Program Files\Microsoft Visual Studio\18\Community\VC\Tools\MSVC\14.50.35717\include\memory(3422,5):
                 'std::unique_ptr<BehaviorNode,std::default_delete<BehaviorNode>>::unique_ptr<BehaviorNode,std::default_delete<BehaviorNode>,0>(std::unique_ptr<BehaviorNode,std::default_delete<BehaviorNode>> &&) noexcept' 縺ｮ蜿ｯ閭ｽ諤ｧ縺後≠繧翫∪縺・
                     C:\Users\bluec\Kamata\TakeCEngine\project\application\Entity\Behavior\BehaviorTreeEditor.cpp(657,34):
                     'std::unique_ptr<BehaviorNode,std::default_delete<BehaviorNode>>::unique_ptr<BehaviorNode,std::default_delete<BehaviorNode>,0>(std::unique_ptr<BehaviorNode,std::default_delete<BehaviorNode>> &&) noexcept': 蠑墓焚 1 繧・'std::unique_ptr<BehaviorNode,std::default_delete<BehaviorNode>> (__cdecl BehaviorTreeEditor::* )(const BehaviorNodeData &,std::map<int,std::shared_ptr<BehaviorNodeView>,std::less<int>,std::allocator<std::pair<const int,std::shared_ptr<BehaviorNodeView>>>> &)' 縺九ｉ 'std::unique_ptr<BehaviorNode,std::default_delete<BehaviorNode>> &&' 縺ｸ螟画鋤縺ｧ縺阪∪縺帙ｓ縲・
                         C:\Users\bluec\Kamata\TakeCEngine\project\application\Entity\Behavior\BehaviorTreeEditor.cpp(657,34):
                         逅・罰: 'std::unique_ptr<BehaviorNode,std::default_delete<BehaviorNode>> (__cdecl BehaviorTreeEditor::* )(const BehaviorNodeData &,std::map<int,std::shared_ptr<BehaviorNodeView>,std::less<int>,std::allocator<std::pair<const int,std::shared_ptr<BehaviorNodeView>>>> &)' 縺九ｉ 'std::unique_ptr<BehaviorNode,std::default_delete<BehaviorNode>>' 縺ｸ縺ｯ螟画鋤縺ｧ縺阪∪縺帙ｓ縲・
                         C:\Users\bluec\Kamata\TakeCEngine\project\application\Entity\Behavior\BehaviorTreeEditor.cpp(657,34):
                         螟画鋤縺ｫ縺ｯ 2 逡ｪ逶ｮ縺ｮ繝ｦ繝ｼ繧ｶ繝ｼ螳夂ｾｩ螟画鋤貍皮ｮ怜ｭ舌∪縺溘・繧ｳ繝ｳ繧ｹ繝医Λ繧ｯ繧ｿ繝ｼ縺悟ｿ・ｦ√〒縺吶・
                 C:\Program Files\Microsoft Visual Studio\18\Community\VC\Tools\MSVC\14.50.35717\include\memory(3414,5):
                 縺ｾ縺溘・ 'std::unique_ptr<BehaviorNode,std::default_delete<BehaviorNode>>::unique_ptr(std::unique_ptr<BehaviorNode,std::default_delete<BehaviorNode>> &&) noexcept'
                 C:\Program Files\Microsoft Visual Studio\18\Community\VC\Tools\MSVC\14.50.35717\include\memory(3411,5):
                 縺ｾ縺溘・ 'std::unique_ptr<BehaviorNode,std::default_delete<BehaviorNode>>::unique_ptr(BehaviorNode *,std::default_delete<BehaviorNode> &&)'
                 C:\Program Files\Microsoft Visual Studio\18\Community\VC\Tools\MSVC\14.50.35717\include\memory(3406,5):
                 縺ｾ縺溘・ 'std::unique_ptr<BehaviorNode,std::default_delete<BehaviorNode>>::unique_ptr(BehaviorNode *,_Dx &&) noexcept'
                 with
                 [
                     _Dx=std::default_delete<BehaviorNode>
                 ]
                 C:\Program Files\Microsoft Visual Studio\18\Community\VC\Tools\MSVC\14.50.35717\include\memory(3402,5):
                 縺ｾ縺溘・ 'std::unique_ptr<BehaviorNode,std::default_delete<BehaviorNode>>::unique_ptr(BehaviorNode *,const _Dx &) noexcept'
                 with
                 [
                     _Dx=std::default_delete<BehaviorNode>
                 ]
                 C:\Program Files\Microsoft Visual Studio\18\Community\VC\Tools\MSVC\14.50.35717\include\memory(3389,5):
                 縺ｾ縺溘・ 'std::unique_ptr<BehaviorNode,std::default_delete<BehaviorNode>>::unique_ptr(std::nullptr_t) noexcept'
                 C:\Program Files\Microsoft Visual Studio\18\Community\VC\Tools\MSVC\14.50.35717\include\memory(3386,5):
                 縺ｾ縺溘・ 'std::unique_ptr<BehaviorNode,std::default_delete<BehaviorNode>>::unique_ptr(void) noexcept'
                 C:\Users\bluec\Kamata\TakeCEngine\project\application\Entity\Behavior\BehaviorTreeEditor.cpp(657,34):
                 蠑墓焚繝ｪ繧ｹ繝・'(std::unique_ptr<BehaviorNode,std::default_delete<BehaviorNode>> (__cdecl BehaviorTreeEditor::* )(const BehaviorNodeData &,std::map<int,std::shared_ptr<BehaviorNodeView>,std::less<int>,std::allocator<std::pair<const int,std::shared_ptr<BehaviorNodeView>>>> &))' 繧剃ｸ閾ｴ縺輔○繧医≧縺ｨ縺励※縺・ｋ縺ｨ縺・
             C:\Users\bluec\Kamata\TakeCEngine\project\application\Entity\Behavior\CompositeNode.h(27,7):
             'CompositeNode::AddChild' 縺ｮ螳｣險繧堤｢ｺ隱阪＠縺ｦ縺上□縺輔＞
             C:\Users\bluec\Kamata\TakeCEngine\project\application\Entity\Behavior\BehaviorTreeEditor.cpp(657,16):
             蠑墓焚繝ｪ繧ｹ繝・'(std::unique_ptr<BehaviorNode,std::default_delete<BehaviorNode>> (__cdecl BehaviorTreeEditor::* )(const BehaviorNodeData &,std::map<int,std::shared_ptr<BehaviorNodeView>,std::less<int>,std::allocator<std::pair<const int,std::shared_ptr<BehaviorNodeView>>>> &))' 繧剃ｸ閾ｴ縺輔○繧医≧縺ｨ縺励※縺・ｋ縺ｨ縺・
         
     4>C:\Users\bluec\Kamata\TakeCEngine\project\application\Entity\Behavior\BehaviorTreeEditor.cpp(641,2): warning C4390: ';': 蛻ｶ蠕｡縺檎ｩｺ縺ｮ譁・′隕九▽縺九ｊ縺ｾ縺励◆縲よэ蝗ｳ縺励◆險倩ｿｰ縺ｧ縺励ｇ縺・°? [C:\Users\bluec\Kamata\TakeCEngine\project\DirectXGame.vcxproj]
     4>繝励Ο繧ｸ繧ｧ繧ｯ繝・"C:\Users\bluec\Kamata\TakeCEngine\project\DirectXGame.vcxproj" (譌｢螳壹・繧ｿ繝ｼ繧ｲ繝・ヨ) 縺ｮ繝薙Ν繝峨′邨ゆｺ・＠縺ｾ縺励◆ -- 螟ｱ謨励・
     1>繝励Ο繧ｸ繧ｧ繧ｯ繝・"C:\Users\bluec\Kamata\TakeCEngine\project\DirectXGame.sln" (Build 繧ｿ繝ｼ繧ｲ繝・ヨ) 縺ｮ繝薙Ν繝峨′邨ゆｺ・＠縺ｾ縺励◆ -- 螟ｱ謨励・

繝薙Ν繝峨↓螟ｱ謨励＠縺ｾ縺励◆縲・

       "C:\Users\bluec\Kamata\TakeCEngine\project\DirectXGame.sln" (Build 繧ｿ繝ｼ繧ｲ繝・ヨ) (1) ->
       "C:\Users\bluec\Kamata\TakeCEngine\project\DirectXGame.vcxproj" (譌｢螳壹・繧ｿ繝ｼ繧ｲ繝・ヨ) (4) ->
       (ClCompile 繧ｿ繝ｼ繧ｲ繝・ヨ) -> 
         C:\Users\bluec\Kamata\TakeCEngine\project\application\Entity\Behavior\BehaviorTreeEditor.cpp(641,2): warning C4390: ';': 蛻ｶ蠕｡縺檎ｩｺ縺ｮ譁・′隕九▽縺九ｊ縺ｾ縺励◆縲よэ蝗ｳ縺励◆險倩ｿｰ縺ｧ縺励ｇ縺・°? [C:\Users\bluec\Kamata\TakeCEngine\project\DirectXGame.vcxproj]


       "C:\Users\bluec\Kamata\TakeCEngine\project\DirectXGame.sln" (Build 繧ｿ繝ｼ繧ｲ繝・ヨ) (1) ->
       "C:\Users\bluec\Kamata\TakeCEngine\project\DirectXGame.vcxproj" (譌｢螳壹・繧ｿ繝ｼ繧ｲ繝・ヨ) (4) ->
       (ClCompile 繧ｿ繝ｼ繧ｲ繝・ヨ) -> 
         C:\Users\bluec\Kamata\TakeCEngine\project\application\Entity\Behavior\BehaviorTreeEditor.cpp(619,51): error C2084: 髢｢謨ｰ 'std::unique_ptr<BehaviorNode,std::default_delete<BehaviorNode>> BehaviorTreeEditor::ReconstructLogicNodeRecursive(const BehaviorNodeData &,std::map<int,std::shared_ptr<BehaviorNodeView>,std::less<int>,std::allocator<std::pair<const int,std::shared_ptr<BehaviorNodeView>>>> &)' 縺ｯ譌｢縺ｫ譛ｬ菴薙ｒ謖√▲縺ｦ縺・∪縺吶・[C:\Users\bluec\Kamata\TakeCEngine\project\DirectXGame.vcxproj]
         C:\Users\bluec\Kamata\TakeCEngine\project\application\Entity\Behavior\BehaviorTreeEditor.cpp(655,19): error C3867: 'BehaviorTreeEditor::ReconstructLogicNodeRecursive': 髱樊ｨ呎ｺ悶・讒区枚縺ｧ縺吶ゅΓ繝ｳ繝舌・縺ｫ繝昴う繝ｳ繧ｿ繧剃ｽ懈・縺吶ｋ縺ｫ縺ｯ '&' 繧剃ｽｿ逕ｨ縺励※縺上□縺輔＞ [C:\Users\bluec\Kamata\TakeCEngine\project\DirectXGame.vcxproj]
         C:\Users\bluec\Kamata\TakeCEngine\project\application\Entity\Behavior\BehaviorTreeEditor.cpp(657,16): error C2664: 'void CompositeNode::AddChild(std::unique_ptr<BehaviorNode,std::default_delete<BehaviorNode>>)': 蠑墓焚 1 繧・'std::unique_ptr<BehaviorNode,std::default_delete<BehaviorNode>> (__cdecl BehaviorTreeEditor::* )(const BehaviorNodeData &,std::map<int,std::shared_ptr<BehaviorNodeView>,std::less<int>,std::allocator<std::pair<const int,std::shared_ptr<BehaviorNodeView>>>> &)' 縺九ｉ 'std::unique_ptr<BehaviorNode,std::default_delete<BehaviorNode>>' 縺ｸ螟画鋤縺ｧ縺阪∪縺帙ｓ縲・[C:\Users\bluec\Kamata\TakeCEngine\project\DirectXGame.vcxproj]

    1 蛟九・隴ｦ蜻・
    3 繧ｨ繝ｩ繝ｼ

邨碁℃譎る俣 00:00:05.18
