2026/03/16 4:22:59 にビルドを開始しました。
ログの詳細度は次のように設定されています: Detailed。プロセス = "C:\Program Files\Microsoft Visual Studio\2022\Community\MSBuild\Current\Bin\MSBuild.exe"
MSBuild 実行可能ファイルのパス = "C:\Program Files\Microsoft Visual Studio\2022\Community\MSBuild\Current\Bin\MSBuild.exe"
コマンド ライン引数 = ""C:\Program Files\Microsoft Visual Studio\2022\Community\MSBuild\Current\Bin\MSBuild.exe" project/DirectXGame.sln /p:Configuration=Debug /p:Platform=x64 /p:PlatformToolset=v143 /t:Build /m:1 /fl /flp:logfile=build_error.log"
現在のディレクトリ = "C:\Users\bluec\Kamata\TakeCEngine"
MSBuild バージョン = "17.14.40+3e7442088"
Windows レジストリ キー LongPathsEnabled に基づいて、LongPaths 機能は有効です。
Windows レジストリ キー VerifiedAndReputablePolicyState に基づいており、SAC 状態 = 0: オフ です。
コマンド ラインの一部のスイッチは自動応答ファイル "C:\Program Files\Microsoft Visual Studio\2022\Community\MSBuild\Current\Bin\MSBuild.rsp" から読み取られたものです。このファイルを無効にするには、"-noAutoResponse" スイッチをご使用ください。

プロパティの再代入: $(MSBuildExtensionsPath)="C:\Program Files\Microsoft Visual Studio\2022\Community\MSBuild" (以前の値: "C:\Program Files (x86)\MSBuild") 
プロパティの再代入: $(MSBuildExtensionsPath32)="C:\Program Files\Microsoft Visual Studio\2022\Community\MSBuild" (以前の値: "C:\Program Files (x86)\MSBuild") 
$(MSBuildExtensionsPath) で使用されている検索パスは C:\Program Files\Microsoft Visual Studio\2022\Community\MSBuild;$(MSBuildProgramFiles32)\MSBuild です
$(MSBuildExtensionsPath) で使用されている検索パスは C:\Program Files\Microsoft Visual Studio\2022\Community\MSBuild;$(MSBuildProgramFiles32)\MSBuild です
拡張パス C:\Program Files\Microsoft Visual Studio\2022\Community\MSBuild を使用して C:\Program Files\Microsoft Visual Studio\2022\Community\MSBuild\$(MSBuildToolsVersion)\SolutionFile\ImportAfter\* をインポートしようとしています
C:\Program Files\Microsoft Visual Studio\2022\Community\Common7\IDE\CommonExtensions\Microsoft\NuGet\NuGet.targets(104,5): message : プロパティの再代入: $(_GenerateRestoreGraphProjectEntryInputProperties)="
C:\Program Files\Microsoft Visual Studio\2022\Community\Common7\IDE\CommonExtensions\Microsoft\NuGet\NuGet.targets(104,5): message :       ExcludeRestorePackageImports=true;
C:\Program Files\Microsoft Visual Studio\2022\Community\Common7\IDE\CommonExtensions\Microsoft\NuGet\NuGet.targets(104,5): message :       _RestoreSolutionFileUsed=true;
C:\Program Files\Microsoft Visual Studio\2022\Community\Common7\IDE\CommonExtensions\Microsoft\NuGet\NuGet.targets(104,5): message :       SolutionDir=C:\Users\bluec\Kamata\TakeCEngine\project\;
C:\Program Files\Microsoft Visual Studio\2022\Community\Common7\IDE\CommonExtensions\Microsoft\NuGet\NuGet.targets(104,5): message :       SolutionName=DirectXGame;
C:\Program Files\Microsoft Visual Studio\2022\Community\Common7\IDE\CommonExtensions\Microsoft\NuGet\NuGet.targets(104,5): message :       SolutionFileName=DirectXGame.sln;
C:\Program Files\Microsoft Visual Studio\2022\Community\Common7\IDE\CommonExtensions\Microsoft\NuGet\NuGet.targets(104,5): message :       SolutionPath=C:\Users\bluec\Kamata\TakeCEngine\project\DirectXGame.sln;
C:\Program Files\Microsoft Visual Studio\2022\Community\Common7\IDE\CommonExtensions\Microsoft\NuGet\NuGet.targets(104,5): message :       SolutionExt=.sln;
C:\Program Files\Microsoft Visual Studio\2022\Community\Common7\IDE\CommonExtensions\Microsoft\NuGet\NuGet.targets(104,5): message :     " (以前の値: "ExcludeRestorePackageImports=true") C:\Program Files\Microsoft Visual Studio\2022\Community\Common7\IDE\CommonExtensions\Microsoft\NuGet\NuGet.targets (104,5)
"C:\Program Files\Microsoft Visual Studio\2022\Community\Common7\IDE\CommonExtensions\Microsoft\NuGet\NuGet.targets (703,11)" にある BeforeTargets 属性に一覧表示されているターゲット "_CheckForInvalidConfigurationAndPlatform" はプロジェクト内に存在しないため、無視されます。
ノード 1 上のプロジェクト "C:\Users\bluec\Kamata\TakeCEngine\project\DirectXGame.sln" (Build ターゲット)。
ファイル "C:\Users\bluec\Kamata\TakeCEngine\project\DirectXGame.sln.metaproj" 内にある、プロジェクト "C:\Users\bluec\Kamata\TakeCEngine\project\DirectXGame.sln" からのターゲット "ValidateSolutionConfiguration" (エントリ ポイント):
false 条件のため、タスク "Error" を省略しました。(('$(CurrentSolutionConfigurationContents)' == '') and ('$(SkipInvalidConfigurations)' != 'true')) は (('<SolutionConfiguration>
  <ProjectConfiguration Project="{70326190-0D52-4B2E-9792-95F432A738B9}" AbsolutePath="C:\Users\bluec\Kamata\TakeCEngine\project\DirectXGame.vcxproj" BuildProjectInSolution="True">Debug|x64</ProjectConfiguration>
  <ProjectConfiguration Project="{371B9FA9-4C90-4AC6-A123-ACED756D6C77}" AbsolutePath="C:\Users\bluec\Kamata\TakeCEngine\project\externals\DirectXTex\DirectXTex_Desktop_2022_Win10.vcxproj" BuildProjectInSolution="True">Debug|x64</ProjectConfiguration>
  <ProjectConfiguration Project="{0FDC701F-B692-4B43-896C-0442AF261AB1}" AbsolutePath="C:\Users\bluec\Kamata\TakeCEngine\project\externals\imgui\imgui.vcxproj" BuildProjectInSolution="True">Debug|x64</ProjectConfiguration>
</SolutionConfiguration>' == '') and ('' != 'true')) として評価されました。
false 条件のため、タスク "Warning" を省略しました。(('$(CurrentSolutionConfigurationContents)' == '') and ('$(SkipInvalidConfigurations)' == 'true')) は (('<SolutionConfiguration>
  <ProjectConfiguration Project="{70326190-0D52-4B2E-9792-95F432A738B9}" AbsolutePath="C:\Users\bluec\Kamata\TakeCEngine\project\DirectXGame.vcxproj" BuildProjectInSolution="True">Debug|x64</ProjectConfiguration>
  <ProjectConfiguration Project="{371B9FA9-4C90-4AC6-A123-ACED756D6C77}" AbsolutePath="C:\Users\bluec\Kamata\TakeCEngine\project\externals\DirectXTex\DirectXTex_Desktop_2022_Win10.vcxproj" BuildProjectInSolution="True">Debug|x64</ProjectConfiguration>
  <ProjectConfiguration Project="{0FDC701F-B692-4B43-896C-0442AF261AB1}" AbsolutePath="C:\Users\bluec\Kamata\TakeCEngine\project\externals\imgui\imgui.vcxproj" BuildProjectInSolution="True">Debug|x64</ProjectConfiguration>
</SolutionConfiguration>' == '') and ('' == 'true')) として評価されました。
"Message" タスクをアセンブリ "Microsoft.Build.Tasks.Core, Version=15.1.0.0, Culture=neutral, PublicKeyToken=b03f5f7f11d50a3a" から使用しています。
タスク "Message"
  ソリューション構成 "Debug|x64" をビルドしています。
タスク "Message" の実行が終了しました。
プロジェクト "DirectXGame.sln" 内のターゲット "ValidateSolutionConfiguration" のビルドが終了しました。
ファイル "C:\Users\bluec\Kamata\TakeCEngine\project\DirectXGame.sln.metaproj" 内にある、プロジェクト "C:\Users\bluec\Kamata\TakeCEngine\project\DirectXGame.sln" からのターゲット "ValidateToolsVersions" (エントリ ポイント):
false 条件のため、タスク "Error" を省略しました。('$(MSBuildToolsVersion)' == '2.0' and ('$(ProjectToolsVersion)' != '2.0' and '$(ProjectToolsVersion)' != '')) は ('Current' == '2.0' and ('' != '2.0' and '' != '')) として評価されました。
プロジェクト "DirectXGame.sln" 内のターゲット "ValidateToolsVersions" のビルドが終了しました。
ファイル "C:\Users\bluec\Kamata\TakeCEngine\project\DirectXGame.sln.metaproj" 内にある、プロジェクト "C:\Users\bluec\Kamata\TakeCEngine\project\DirectXGame.sln" からのターゲット "ValidateProjects" (エントリ ポイント):
プロジェクト "DirectXGame.sln" 内のターゲット "ValidateProjects" のビルドが終了しました。
ファイル "C:\Users\bluec\Kamata\TakeCEngine\project\DirectXGame.sln.metaproj" 内にある、プロジェクト "C:\Users\bluec\Kamata\TakeCEngine\project\DirectXGame.sln" からのターゲット "Build" (エントリ ポイント):
"MSBuild" タスクをアセンブリ "Microsoft.Build.Tasks.Core, Version=15.1.0.0, Culture=neutral, PublicKeyToken=b03f5f7f11d50a3a" から使用しています。
タスク "MSBuild"
  グローバル プロパティ:
    BuildingSolutionFile=true
    CurrentSolutionConfigurationContents=<SolutionConfiguration>
    <ProjectConfiguration Project="{70326190-0D52-4B2E-9792-95F432A738B9}" AbsolutePath="C:\Users\bluec\Kamata\TakeCEngine\project\DirectXGame.vcxproj" BuildProjectInSolution="True">Debug|x64</ProjectConfiguration>
    <ProjectConfiguration Project="{371B9FA9-4C90-4AC6-A123-ACED756D6C77}" AbsolutePath="C:\Users\bluec\Kamata\TakeCEngine\project\externals\DirectXTex\DirectXTex_Desktop_2022_Win10.vcxproj" BuildProjectInSolution="True">Debug|x64</ProjectConfiguration>
    <ProjectConfiguration Project="{0FDC701F-B692-4B43-896C-0442AF261AB1}" AbsolutePath="C:\Users\bluec\Kamata\TakeCEngine\project\externals\imgui\imgui.vcxproj" BuildProjectInSolution="True">Debug|x64</ProjectConfiguration>
  </SolutionConfiguration>
    SolutionDir=C:\Users\bluec\Kamata\TakeCEngine\project\
    SolutionExt=.sln
    SolutionFileName=DirectXGame.sln
    SolutionName=DirectXGame
    SolutionPath=C:\Users\bluec\Kamata\TakeCEngine\project\DirectXGame.sln
  プロジェクト "C:\Users\bluec\Kamata\TakeCEngine\project\DirectXGame.vcxproj" の追加のプロパティ:
    Configuration=Debug
    Platform=x64
  プロジェクト "C:\Users\bluec\Kamata\TakeCEngine\project\externals\DirectXTex\DirectXTex_Desktop_2022_Win10.vcxproj" の追加のプロパティ:
    Configuration=Debug
    Platform=x64
  プロジェクト "C:\Users\bluec\Kamata\TakeCEngine\project\externals\imgui\imgui.vcxproj" の追加のプロパティ:
    Configuration=Debug
    Platform=x64
プロパティの再代入: $(MSBuildExtensionsPath)="C:\Program Files\Microsoft Visual Studio\2022\Community\MSBuild" (以前の値: "C:\Program Files (x86)\MSBuild") 
プロパティの再代入: $(MSBuildExtensionsPath32)="C:\Program Files\Microsoft Visual Studio\2022\Community\MSBuild" (以前の値: "C:\Program Files (x86)\MSBuild") 
$(MSBuildExtensionsPath) で使用されている検索パスは C:\Program Files\Microsoft Visual Studio\2022\Community\MSBuild;$(MSBuildProgramFiles32)\MSBuild です
拡張パス C:\Program Files\Microsoft Visual Studio\2022\Community\MSBuild を使用して C:\Program Files\Microsoft Visual Studio\2022\Community\MSBuild\$(MSBuildToolsVersion)\Microsoft.Common.props をインポートしようとしています
C:\Program Files\Microsoft Visual Studio\2022\Community\MSBuild\Current\Microsoft.Common.props(60,5): message : プロパティの再代入: $(MSBuildProjectExtensionsPath)="C:\Users\bluec\Kamata\TakeCEngine\project\obj\" (以前の値: "obj\") C:\Program Files\Microsoft Visual Studio\2022\Community\MSBuild\Current\Microsoft.Common.props (60,5)
C:\Program Files\Microsoft Visual Studio\2022\Community\MSBuild\Current\Microsoft.Common.props(84,119): message : 環境から展開された 'C:\Users\bluec\AppData\Local\Microsoft\MSBuild' 値を持つプロパティ 'MSBuildUserExtensionsPath'。
$(MSBuildExtensionsPath) で使用されている検索パスは C:\Program Files\Microsoft Visual Studio\2022\Community\MSBuild;$(MSBuildProgramFiles32)\MSBuild です
拡張パス C:\Program Files\Microsoft Visual Studio\2022\Community\MSBuild を使用して C:\Program Files\Microsoft Visual Studio\2022\Community\MSBuild\$(MSBuildToolsVersion)\Imports\Microsoft.Common.props\ImportBefore\* をインポートしようとしています
Evaluation 中にアセンブリが読み込まれました: mscorlib.resources, Version=4.0.0.0, Culture=ja, PublicKeyToken=b77a5c561934e089 (場所: C:\WINDOWS\Microsoft.Net\assembly\GAC_MSIL\mscorlib.resources\v4.0_4.0.0.0_ja_b77a5c561934e089\mscorlib.resources.dll、MVID: 9152f142-b623-4faa-a3fe-a0d03f3f4569、AppDomain: [Default])
"Configuration" プロパティはグローバル プロパティであり、変更できません。
$(MSBuildExtensionsPath) で使用されている検索パスは C:\Program Files\Microsoft Visual Studio\2022\Community\MSBuild;$(MSBuildProgramFiles32)\MSBuild です
$(MSBuildExtensionsPath) で使用されている検索パスは C:\Program Files\Microsoft Visual Studio\2022\Community\MSBuild;$(MSBuildProgramFiles32)\MSBuild です
"PlatformToolset" プロパティはグローバル プロパティであり、変更できません。
"Configuration" プロパティはグローバル プロパティであり、変更できません。
"PlatformToolset" プロパティはグローバル プロパティであり、変更できません。
"SolutionDir" プロパティはグローバル プロパティであり、変更できません。
C:\Program Files\Microsoft Visual Studio\2022\Community\MSBuild\Microsoft\VC\v170\Microsoft.Cpp.Default.props(218,5): message : 環境から展開された 'C:\Users\bluec\AppData\Local' 値を持つプロパティ 'LOCALAPPDATA'。
C:\Users\bluec\Kamata\TakeCEngine\project\DirectXGame.vcxproj(27,5): message : プロパティの再代入: $(UseDebugLibraries)="true" (以前の値: "false") C:\Users\bluec\Kamata\TakeCEngine\project\DirectXGame.vcxproj (27,5)
"PlatformToolset" プロパティはグローバル プロパティであり、変更できません。
C:\Users\bluec\Kamata\TakeCEngine\project\DirectXGame.vcxproj(29,5): message : プロパティの再代入: $(CharacterSet)="Unicode" (以前の値: "NotSet") C:\Users\bluec\Kamata\TakeCEngine\project\DirectXGame.vcxproj (29,5)
C:\Program Files\Microsoft Visual Studio\2022\Community\MSBuild\Microsoft\VC\v170\Microsoft.Cpp.ToolsetLocation.props(73,32): message : 環境から展開された 'x86' 値を持つプロパティ 'PROCESSOR_ARCHITECTURE'。
C:\Program Files\Microsoft Visual Studio\2022\Community\MSBuild\Microsoft\VC\v170\Microsoft.Cpp.WindowsSDK.props(209,5): message : プロパティの再代入: $(WindowsSDK_ExecutablePath_x86)="C:\Program Files (x86)\Windows Kits\10\bin\10.0.26100.0\x86;;C:\Program Files (x86)\Microsoft SDKs\Windows\v10.0A\bin\NETFX 4.8.1 Tools" (以前の値: "C:\Program Files (x86)\Windows Kits\10\bin\10.0.26100.0\x86;") C:\Program Files\Microsoft Visual Studio\2022\Community\MSBuild\Microsoft\VC\v170\Microsoft.Cpp.WindowsSDK.props (209,5)
C:\Program Files\Microsoft Visual Studio\2022\Community\MSBuild\Microsoft\VC\v170\Microsoft.Cpp.WindowsSDK.props(210,5): message : プロパティの再代入: $(WindowsSDK_ExecutablePath_x64)="C:\Program Files (x86)\Windows Kits\10\bin\10.0.26100.0\x64;;C:\Program Files (x86)\Microsoft SDKs\Windows\v10.0A\bin\NETFX 4.8.1 Tools\x64" (以前の値: "C:\Program Files (x86)\Windows Kits\10\bin\10.0.26100.0\x64;") C:\Program Files\Microsoft Visual Studio\2022\Community\MSBuild\Microsoft\VC\v170\Microsoft.Cpp.WindowsSDK.props (210,5)
C:\Program Files\Microsoft Visual Studio\2022\Community\MSBuild\Microsoft\VC\v170\Microsoft.Cpp.Common.props(28,5): message : プロパティの再代入: $(TargetExt)=".exe" (以前の値: "") C:\Program Files\Microsoft Visual Studio\2022\Community\MSBuild\Microsoft\VC\v170\Microsoft.Cpp.Common.props (28,5)
C:\Program Files\Microsoft Visual Studio\2022\Community\MSBuild\Microsoft\VC\v170\Microsoft.Cpp.Common.props(88,5): message : プロパティの再代入: $(VC_ExecutablePath_Loc)="C:\Program Files\Microsoft Visual Studio\2022\Community\VC\Tools\MSVC\14.44.35207\bin\HostX64\x64\1033;C:\Program Files\Microsoft Visual Studio\2022\Community\VC\Tools\MSVC\14.44.35207\bin\HostX64\x86\1033;;;" (以前の値: "C:\Program Files\Microsoft Visual Studio\2022\Community\VC\Tools\MSVC\14.44.35207\bin\HostX64\x86\1033;;") C:\Program Files\Microsoft Visual Studio\2022\Community\MSBuild\Microsoft\VC\v170\Microsoft.Cpp.Common.props (88,5)
C:\Program Files\Microsoft Visual Studio\2022\Community\MSBuild\Microsoft\VC\v170\Microsoft.Cpp.Common.props(89,5): message : プロパティの再代入: $(VC_ExecutablePath_Loc)="C:\Program Files\Microsoft Visual Studio\2022\Community\VC\Tools\MSVC\14.44.35207\bin\HostX64\arm\1033;C:\Program Files\Microsoft Visual Studio\2022\Community\VC\Tools\MSVC\14.44.35207\bin\HostX64\x64\1033;C:\Program Files\Microsoft Visual Studio\2022\Community\VC\Tools\MSVC\14.44.35207\bin\HostX64\x86\1033;;;;" (以前の値: "C:\Program Files\Microsoft Visual Studio\2022\Community\VC\Tools\MSVC\14.44.35207\bin\HostX64\x64\1033;C:\Program Files\Microsoft Visual Studio\2022\Community\VC\Tools\MSVC\14.44.35207\bin\HostX64\x86\1033;;;") C:\Program Files\Microsoft Visual Studio\2022\Community\MSBuild\Microsoft\VC\v170\Microsoft.Cpp.Common.props (89,5)
C:\Program Files\Microsoft Visual Studio\2022\Community\MSBuild\Microsoft\VC\v170\Microsoft.Cpp.Common.props(90,5): message : プロパティの再代入: $(VC_ExecutablePath_Loc)="C:\Program Files\Microsoft Visual Studio\2022\Community\VC\Tools\MSVC\14.44.35207\bin\HostX64\arm64\1033;C:\Program Files\Microsoft Visual Studio\2022\Community\VC\Tools\MSVC\14.44.35207\bin\HostX64\arm\1033;C:\Program Files\Microsoft Visual Studio\2022\Community\VC\Tools\MSVC\14.44.35207\bin\HostX64\x64\1033;C:\Program Files\Microsoft Visual Studio\2022\Community\VC\Tools\MSVC\14.44.35207\bin\HostX64\x86\1033;;;;;" (以前の値: "C:\Program Files\Microsoft Visual Studio\2022\Community\VC\Tools\MSVC\14.44.35207\bin\HostX64\arm\1033;C:\Program Files\Microsoft Visual Studio\2022\Community\VC\Tools\MSVC\14.44.35207\bin\HostX64\x64\1033;C:\Program Files\Microsoft Visual Studio\2022\Community\VC\Tools\MSVC\14.44.35207\bin\HostX64\x86\1033;;;;") C:\Program Files\Microsoft Visual Studio\2022\Community\MSBuild\Microsoft\VC\v170\Microsoft.Cpp.Common.props (90,5)
C:\Program Files\Microsoft Visual Studio\2022\Community\MSBuild\Microsoft\VC\v170\Microsoft.Cpp.Common.props(91,5): message : プロパティの再代入: $(VC_ExecutablePath_Loc)="C:\Program Files\Microsoft Visual Studio\2022\Community\VC\Tools\MSVC\14.44.35207\bin\HostX86\x86\1033;C:\Program Files\Microsoft Visual Studio\2022\Community\VC\Tools\MSVC\14.44.35207\bin\HostX64\arm64\1033;C:\Program Files\Microsoft Visual Studio\2022\Community\VC\Tools\MSVC\14.44.35207\bin\HostX64\arm\1033;C:\Program Files\Microsoft Visual Studio\2022\Community\VC\Tools\MSVC\14.44.35207\bin\HostX64\x64\1033;C:\Program Files\Microsoft Visual Studio\2022\Community\VC\Tools\MSVC\14.44.35207\bin\HostX64\x86\1033;;;;;;" (以前の値: "C:\Program Files\Microsoft Visual Studio\2022\Community\VC\Tools\MSVC\14.44.35207\bin\HostX64\arm64\1033;C:\Program Files\Microsoft Visual Studio\2022\Community\VC\Tools\MSVC\14.44.35207\bin\HostX64\arm\1033;C:\Program Files\Microsoft Visual Studio\2022\Community\VC\Tools\MSVC\14.44.35207\bin\HostX64\x64\1033;C:\Program Files\Microsoft Visual Studio\2022\Community\VC\Tools\MSVC\14.44.35207\bin\HostX64\x86\1033;;;;;") C:\Program Files\Microsoft Visual Studio\2022\Community\MSBuild\Microsoft\VC\v170\Microsoft.Cpp.Common.props (91,5)
C:\Program Files\Microsoft Visual Studio\2022\Community\MSBuild\Microsoft\VC\v170\Microsoft.Cpp.Common.props(92,5): message : プロパティの再代入: $(VC_ExecutablePath_Loc)="C:\Program Files\Microsoft Visual Studio\2022\Community\VC\Tools\MSVC\14.44.35207\bin\HostX86\x64\1033;C:\Program Files\Microsoft Visual Studio\2022\Community\VC\Tools\MSVC\14.44.35207\bin\HostX86\x86\1033;C:\Program Files\Microsoft Visual Studio\2022\Community\VC\Tools\MSVC\14.44.35207\bin\HostX64\arm64\1033;C:\Program Files\Microsoft Visual Studio\2022\Community\VC\Tools\MSVC\14.44.35207\bin\HostX64\arm\1033;C:\Program Files\Microsoft Visual Studio\2022\Community\VC\Tools\MSVC\14.44.35207\bin\HostX64\x64\1033;C:\Program Files\Microsoft Visual Studio\2022\Community\VC\Tools\MSVC\14.44.35207\bin\HostX64\x86\1033;;;;;;;" (以前の値: "C:\Program Files\Microsoft Visual Studio\2022\Community\VC\Tools\MSVC\14.44.35207\bin\HostX86\x86\1033;C:\Program Files\Microsoft Visual Studio\2022\Community\VC\Tools\MSVC\14.44.35207\bin\HostX64\arm64\1033;C:\Program Files\Microsoft Visual Studio\2022\Community\VC\Tools\MSVC\14.44.35207\bin\HostX64\arm\1033;C:\Program Files\Microsoft Visual Studio\2022\Community\VC\Tools\MSVC\14.44.35207\bin\HostX64\x64\1033;C:\Program Files\Microsoft Visual Studio\2022\Community\VC\Tools\MSVC\14.44.35207\bin\HostX64\x86\1033;;;;;;") C:\Program Files\Microsoft Visual Studio\2022\Community\MSBuild\Microsoft\VC\v170\Microsoft.Cpp.Common.props (92,5)
C:\Program Files\Microsoft Visual Studio\2022\Community\MSBuild\Microsoft\VC\v170\Microsoft.Cpp.Common.props(93,5): message : プロパティの再代入: $(VC_ExecutablePath_Loc)="C:\Program Files\Microsoft Visual Studio\2022\Community\VC\Tools\MSVC\14.44.35207\bin\HostX86\arm64\1033;C:\Program Files\Microsoft Visual Studio\2022\Community\VC\Tools\MSVC\14.44.35207\bin\HostX86\x64\1033;C:\Program Files\Microsoft Visual Studio\2022\Community\VC\Tools\MSVC\14.44.35207\bin\HostX86\x86\1033;C:\Program Files\Microsoft Visual Studio\2022\Community\VC\Tools\MSVC\14.44.35207\bin\HostX64\arm64\1033;C:\Program Files\Microsoft Visual Studio\2022\Community\VC\Tools\MSVC\14.44.35207\bin\HostX64\arm\1033;C:\Program Files\Microsoft Visual Studio\2022\Community\VC\Tools\MSVC\14.44.35207\bin\HostX64\x64\1033;C:\Program Files\Microsoft Visual Studio\2022\Community\VC\Tools\MSVC\14.44.35207\bin\HostX64\x86\1033;;;;;;;;" (以前の値: "C:\Program Files\Microsoft Visual Studio\2022\Community\VC\Tools\MSVC\14.44.35207\bin\HostX86\x64\1033;C:\Program Files\Microsoft Visual Studio\2022\Community\VC\Tools\MSVC\14.44.35207\bin\HostX86\x86\1033;C:\Program Files\Microsoft Visual Studio\2022\Community\VC\Tools\MSVC\14.44.35207\bin\HostX64\arm64\1033;C:\Program Files\Microsoft Visual Studio\2022\Community\VC\Tools\MSVC\14.44.35207\bin\HostX64\arm\1033;C:\Program Files\Microsoft Visual Studio\2022\Community\VC\Tools\MSVC\14.44.35207\bin\HostX64\x64\1033;C:\Program Files\Microsoft Visual Studio\2022\Community\VC\Tools\MSVC\14.44.35207\bin\HostX64\x86\1033;;;;;;;") C:\Program Files\Microsoft Visual Studio\2022\Community\MSBuild\Microsoft\VC\v170\Microsoft.Cpp.Common.props (93,5)
C:\Program Files\Microsoft Visual Studio\2022\Community\MSBuild\Microsoft\VC\v170\Microsoft.Cpp.Common.props(94,5): message : プロパティの再代入: $(VC_ExecutablePath_Loc)="C:\Program Files\Microsoft Visual Studio\2022\Community\VC\Tools\MSVC\14.44.35207\bin\HostArm64\x86\1033;C:\Program Files\Microsoft Visual Studio\2022\Community\VC\Tools\MSVC\14.44.35207\bin\HostX86\arm64\1033;C:\Program Files\Microsoft Visual Studio\2022\Community\VC\Tools\MSVC\14.44.35207\bin\HostX86\x64\1033;C:\Program Files\Microsoft Visual Studio\2022\Community\VC\Tools\MSVC\14.44.35207\bin\HostX86\x86\1033;C:\Program Files\Microsoft Visual Studio\2022\Community\VC\Tools\MSVC\14.44.35207\bin\HostX64\arm64\1033;C:\Program Files\Microsoft Visual Studio\2022\Community\VC\Tools\MSVC\14.44.35207\bin\HostX64\arm\1033;C:\Program Files\Microsoft Visual Studio\2022\Community\VC\Tools\MSVC\14.44.35207\bin\HostX64\x64\1033;C:\Program Files\Microsoft Visual Studio\2022\Community\VC\Tools\MSVC\14.44.35207\bin\HostX64\x86\1033;;;;;;;;;" (以前の値: "C:\Program Files\Microsoft Visual Studio\2022\Community\VC\Tools\MSVC\14.44.35207\bin\HostX86\arm64\1033;C:\Program Files\Microsoft Visual Studio\2022\Community\VC\Tools\MSVC\14.44.35207\bin\HostX86\x64\1033;C:\Program Files\Microsoft Visual Studio\2022\Community\VC\Tools\MSVC\14.44.35207\bin\HostX86\x86\1033;C:\Program Files\Microsoft Visual Studio\2022\Community\VC\Tools\MSVC\14.44.35207\bin\HostX64\arm64\1033;C:\Program Files\Microsoft Visual Studio\2022\Community\VC\Tools\MSVC\14.44.35207\bin\HostX64\arm\1033;C:\Program Files\Microsoft Visual Studio\2022\Community\VC\Tools\MSVC\14.44.35207\bin\HostX64\x64\1033;C:\Program Files\Microsoft Visual Studio\2022\Community\VC\Tools\MSVC\14.44.35207\bin\HostX64\x86\1033;;;;;;;;") C:\Program Files\Microsoft Visual Studio\2022\Community\MSBuild\Microsoft\VC\v170\Microsoft.Cpp.Common.props (94,5)
C:\Program Files\Microsoft Visual Studio\2022\Community\MSBuild\Microsoft\VC\v170\Microsoft.Cpp.Common.props(95,5): message : プロパティの再代入: $(VC_ExecutablePath_Loc)="C:\Program Files\Microsoft Visual Studio\2022\Community\VC\Tools\MSVC\14.44.35207\bin\HostArm64\x64\1033;C:\Program Files\Microsoft Visual Studio\2022\Community\VC\Tools\MSVC\14.44.35207\bin\HostArm64\x86\1033;C:\Program Files\Microsoft Visual Studio\2022\Community\VC\Tools\MSVC\14.44.35207\bin\HostX86\arm64\1033;C:\Program Files\Microsoft Visual Studio\2022\Community\VC\Tools\MSVC\14.44.35207\bin\HostX86\x64\1033;C:\Program Files\Microsoft Visual Studio\2022\Community\VC\Tools\MSVC\14.44.35207\bin\HostX86\x86\1033;C:\Program Files\Microsoft Visual Studio\2022\Community\VC\Tools\MSVC\14.44.35207\bin\HostX64\arm64\1033;C:\Program Files\Microsoft Visual Studio\2022\Community\VC\Tools\MSVC\14.44.35207\bin\HostX64\arm\1033;C:\Program Files\Microsoft Visual Studio\2022\Community\VC\Tools\MSVC\14.44.35207\bin\HostX64\x64\1033;C:\Program Files\Microsoft Visual Studio\2022\Community\VC\Tools\MSVC\14.44.35207\bin\HostX64\x86\1033;;;;;;;;;;" (以前の値: "C:\Program Files\Microsoft Visual Studio\2022\Community\VC\Tools\MSVC\14.44.35207\bin\HostArm64\x86\1033;C:\Program Files\Microsoft Visual Studio\2022\Community\VC\Tools\MSVC\14.44.35207\bin\HostX86\arm64\1033;C:\Program Files\Microsoft Visual Studio\2022\Community\VC\Tools\MSVC\14.44.35207\bin\HostX86\x64\1033;C:\Program Files\Microsoft Visual Studio\2022\Community\VC\Tools\MSVC\14.44.35207\bin\HostX86\x86\1033;C:\Program Files\Microsoft Visual Studio\2022\Community\VC\Tools\MSVC\14.44.35207\bin\HostX64\arm64\1033;C:\Program Files\Microsoft Visual Studio\2022\Community\VC\Tools\MSVC\14.44.35207\bin\HostX64\arm\1033;C:\Program Files\Microsoft Visual Studio\2022\Community\VC\Tools\MSVC\14.44.35207\bin\HostX64\x64\1033;C:\Program Files\Microsoft Visual Studio\2022\Community\VC\Tools\MSVC\14.44.35207\bin\HostX64\x86\1033;;;;;;;;;") C:\Program Files\Microsoft Visual Studio\2022\Community\MSBuild\Microsoft\VC\v170\Microsoft.Cpp.Common.props (95,5)
C:\Program Files\Microsoft Visual Studio\2022\Community\MSBuild\Microsoft\VC\v170\Microsoft.Cpp.Common.props(96,5): message : プロパティの再代入: $(VC_ExecutablePath_Loc)="C:\Program Files\Microsoft Visual Studio\2022\Community\VC\Tools\MSVC\14.44.35207\bin\HostArm64\arm\1033;C:\Program Files\Microsoft Visual Studio\2022\Community\VC\Tools\MSVC\14.44.35207\bin\HostArm64\x64\1033;C:\Program Files\Microsoft Visual Studio\2022\Community\VC\Tools\MSVC\14.44.35207\bin\HostArm64\x86\1033;C:\Program Files\Microsoft Visual Studio\2022\Community\VC\Tools\MSVC\14.44.35207\bin\HostX86\arm64\1033;C:\Program Files\Microsoft Visual Studio\2022\Community\VC\Tools\MSVC\14.44.35207\bin\HostX86\x64\1033;C:\Program Files\Microsoft Visual Studio\2022\Community\VC\Tools\MSVC\14.44.35207\bin\HostX86\x86\1033;C:\Program Files\Microsoft Visual Studio\2022\Community\VC\Tools\MSVC\14.44.35207\bin\HostX64\arm64\1033;C:\Program Files\Microsoft Visual Studio\2022\Community\VC\Tools\MSVC\14.44.35207\bin\HostX64\arm\1033;C:\Program Files\Microsoft Visual Studio\2022\Community\VC\Tools\MSVC\14.44.35207\bin\HostX64\x64\1033;C:\Program Files\Microsoft Visual Studio\2022\Community\VC\Tools\MSVC\14.44.35207\bin\HostX64\x86\1033;;;;;;;;;;;" (以前の値: "C:\Program Files\Microsoft Visual Studio\2022\Community\VC\Tools\MSVC\14.44.35207\bin\HostArm64\x64\1033;C:\Program Files\Microsoft Visual Studio\2022\Community\VC\Tools\MSVC\14.44.35207\bin\HostArm64\x86\1033;C:\Program Files\Microsoft Visual Studio\2022\Community\VC\Tools\MSVC\14.44.35207\bin\HostX86\arm64\1033;C:\Program Files\Microsoft Visual Studio\2022\Community\VC\Tools\MSVC\14.44.35207\bin\HostX86\x64\1033;C:\Program Files\Microsoft Visual Studio\2022\Community\VC\Tools\MSVC\14.44.35207\bin\HostX86\x86\1033;C:\Program Files\Microsoft Visual Studio\2022\Community\VC\Tools\MSVC\14.44.35207\bin\HostX64\arm64\1033;C:\Program Files\Microsoft Visual Studio\2022\Community\VC\Tools\MSVC\14.44.35207\bin\HostX64\arm\1033;C:\Program Files\Microsoft Visual Studio\2022\Community\VC\Tools\MSVC\14.44.35207\bin\HostX64\x64\1033;C:\Program Files\Microsoft Visual Studio\2022\Community\VC\Tools\MSVC\14.44.35207\bin\HostX64\x86\1033;;;;;;;;;;") C:\Program Files\Microsoft Visual Studio\2022\Community\MSBuild\Microsoft\VC\v170\Microsoft.Cpp.Common.props (96,5)
C:\Program Files\Microsoft Visual Studio\2022\Community\MSBuild\Microsoft\VC\v170\Microsoft.Cpp.Common.props(97,5): message : プロパティの再代入: $(VC_ExecutablePath_Loc)="C:\Program Files\Microsoft Visual Studio\2022\Community\VC\Tools\MSVC\14.44.35207\bin\HostArm64\arm64\1033;C:\Program Files\Microsoft Visual Studio\2022\Community\VC\Tools\MSVC\14.44.35207\bin\HostArm64\arm\1033;C:\Program Files\Microsoft Visual Studio\2022\Community\VC\Tools\MSVC\14.44.35207\bin\HostArm64\x64\1033;C:\Program Files\Microsoft Visual Studio\2022\Community\VC\Tools\MSVC\14.44.35207\bin\HostArm64\x86\1033;C:\Program Files\Microsoft Visual Studio\2022\Community\VC\Tools\MSVC\14.44.35207\bin\HostX86\arm64\1033;C:\Program Files\Microsoft Visual Studio\2022\Community\VC\Tools\MSVC\14.44.35207\bin\HostX86\x64\1033;C:\Program Files\Microsoft Visual Studio\2022\Community\VC\Tools\MSVC\14.44.35207\bin\HostX86\x86\1033;C:\Program Files\Microsoft Visual Studio\2022\Community\VC\Tools\MSVC\14.44.35207\bin\HostX64\arm64\1033;C:\Program Files\Microsoft Visual Studio\2022\Community\VC\Tools\MSVC\14.44.35207\bin\HostX64\arm\1033;C:\Program Files\Microsoft Visual Studio\2022\Community\VC\Tools\MSVC\14.44.35207\bin\HostX64\x64\1033;C:\Program Files\Microsoft Visual Studio\2022\Community\VC\Tools\MSVC\14.44.35207\bin\HostX64\x86\1033;;;;;;;;;;;;" (以前の値: "C:\Program Files\Microsoft Visual Studio\2022\Community\VC\Tools\MSVC\14.44.35207\bin\HostArm64\arm\1033;C:\Program Files\Microsoft Visual Studio\2022\Community\VC\Tools\MSVC\14.44.35207\bin\HostArm64\x64\1033;C:\Program Files\Microsoft Visual Studio\2022\Community\VC\Tools\MSVC\14.44.35207\bin\HostArm64\x86\1033;C:\Program Files\Microsoft Visual Studio\2022\Community\VC\Tools\MSVC\14.44.35207\bin\HostX86\arm64\1033;C:\Program Files\Microsoft Visual Studio\2022\Community\VC\Tools\MSVC\14.44.35207\bin\HostX86\x64\1033;C:\Program Files\Microsoft Visual Studio\2022\Community\VC\Tools\MSVC\14.44.35207\bin\HostX86\x86\1033;C:\Program Files\Microsoft Visual Studio\2022\Community\VC\Tools\MSVC\14.44.35207\bin\HostX64\arm64\1033;C:\Program Files\Microsoft Visual Studio\2022\Community\VC\Tools\MSVC\14.44.35207\bin\HostX64\arm\1033;C:\Program Files\Microsoft Visual Studio\2022\Community\VC\Tools\MSVC\14.44.35207\bin\HostX64\x64\1033;C:\Program Files\Microsoft Visual Studio\2022\Community\VC\Tools\MSVC\14.44.35207\bin\HostX64\x86\1033;;;;;;;;;;;") C:\Program Files\Microsoft Visual Studio\2022\Community\MSBuild\Microsoft\VC\v170\Microsoft.Cpp.Common.props (97,5)
C:\Program Files\Microsoft Visual Studio\2022\Community\MSBuild\Microsoft\VC\v170\Microsoft.Cpp.Common.props(147,5): message : 環境から展開された 'DESKTOP-NU5TQST' 値を持つプロパティ 'COMPUTERNAME'。
C:\Program Files\Microsoft Visual Studio\2022\Community\MSBuild\Microsoft\VC\v170\Microsoft.Cpp.Common.props(153,5): message : プロパティの再代入: $(RemoteDebuggerDeployDebugCppRuntime)="true" (以前の値: "false") C:\Program Files\Microsoft Visual Studio\2022\Community\MSBuild\Microsoft\VC\v170\Microsoft.Cpp.Common.props (153,5)
C:\Program Files\Microsoft Visual Studio\2022\Community\MSBuild\Microsoft\VC\v170\Microsoft.Cpp.Common.props(214,5): message : プロパティの再代入: $(MultiProcMaxCount)="0" (以前の値: "") C:\Program Files\Microsoft Visual Studio\2022\Community\MSBuild\Microsoft\VC\v170\Microsoft.Cpp.Common.props (214,5)
C:\Program Files\Microsoft Visual Studio\2022\Community\MSBuild\Microsoft\VC\v170\Microsoft.Cpp.Analysis.props(29,5): message : プロパティの再代入: $(MsvcAnalysisToolsPath)="C:\Program Files\Microsoft Visual Studio\2022\Community\VC\Tools\MSVC\14.44.35207\bin\HostX86\x64" (以前の値: "C:\Program Files\Microsoft Visual Studio\2022\Community\VC\Tools\MSVC\14.44.35207\bin\HostX64\x64") C:\Program Files\Microsoft Visual Studio\2022\Community\MSBuild\Microsoft\VC\v170\Microsoft.Cpp.Analysis.props (29,5)
C:\Program Files\Microsoft Visual Studio\2022\Community\MSBuild\Microsoft\VC\v170\Microsoft.Cpp.Analysis.props(33,5): message : プロパティの再代入: $(MsvcAnalysisPluginPath)="C:\Program Files\Microsoft Visual Studio\2022\Community\VC\Tools\MSVC\14.44.35207\bin\HostX86\x64" (以前の値: "C:\Program Files\Microsoft Visual Studio\2022\Community\VC\Tools\MSVC\14.44.35207\bin\HostX64\x64") C:\Program Files\Microsoft Visual Studio\2022\Community\MSBuild\Microsoft\VC\v170\Microsoft.Cpp.Analysis.props (33,5)
C:\Program Files\Microsoft Visual Studio\2022\Community\MSBuild\Microsoft\VC\v170\Microsoft.CodeAnalysis.Extensions.props(21,5): message : プロパティの再代入: $(EspXtensions)="EnumIndex.dll;CppCoreCheck.dll;" (以前の値: "CppCoreCheck.dll;") C:\Program Files\Microsoft Visual Studio\2022\Community\MSBuild\Microsoft\VC\v170\Microsoft.CodeAnalysis.Extensions.props (21,5)
C:\Program Files\Microsoft Visual Studio\2022\Community\MSBuild\Microsoft\VC\v170\Microsoft.CodeAnalysis.Extensions.props(24,5): message : プロパティの再代入: $(EspXtensions)="HResultCheck.dll;EnumIndex.dll;CppCoreCheck.dll;" (以前の値: "EnumIndex.dll;CppCoreCheck.dll;") C:\Program Files\Microsoft Visual Studio\2022\Community\MSBuild\Microsoft\VC\v170\Microsoft.CodeAnalysis.Extensions.props (24,5)
C:\Program Files\Microsoft Visual Studio\2022\Community\MSBuild\Microsoft\VC\v170\Microsoft.CodeAnalysis.Extensions.props(27,5): message : プロパティの再代入: $(EspXtensions)="VariantClear.dll;HResultCheck.dll;EnumIndex.dll;CppCoreCheck.dll;" (以前の値: "HResultCheck.dll;EnumIndex.dll;CppCoreCheck.dll;") C:\Program Files\Microsoft Visual Studio\2022\Community\MSBuild\Microsoft\VC\v170\Microsoft.CodeAnalysis.Extensions.props (27,5)
C:\Program Files\Microsoft Visual Studio\2022\Community\MSBuild\Microsoft\VC\v170\Microsoft.CodeAnalysis.Extensions.props(33,5): message : プロパティの再代入: $(ConcurrencyCheckPath)="C:\Program Files\Microsoft Visual Studio\2022\Community\VC\Tools\MSVC\14.44.35207\bin\HostX86\x64\ConcurrencyCheck.dll" (以前の値: "C:\Program Files\Microsoft Visual Studio\2022\Community\VC\Tools\MSVC\14.44.35207\bin\HostX86\x86\ConcurrencyCheck.dll") C:\Program Files\Microsoft Visual Studio\2022\Community\MSBuild\Microsoft\VC\v170\Microsoft.CodeAnalysis.Extensions.props (33,5)
C:\Program Files\Microsoft Visual Studio\2022\Community\MSBuild\Microsoft\VC\v170\Microsoft.CodeAnalysis.Extensions.props(34,5): message : プロパティの再代入: $(EspXtensions)="ConcurrencyCheck.dll;VariantClear.dll;HResultCheck.dll;EnumIndex.dll;CppCoreCheck.dll;" (以前の値: "VariantClear.dll;HResultCheck.dll;EnumIndex.dll;CppCoreCheck.dll;") C:\Program Files\Microsoft Visual Studio\2022\Community\MSBuild\Microsoft\VC\v170\Microsoft.CodeAnalysis.Extensions.props (34,5)
C:\Program Files\Microsoft Visual Studio\2022\Community\MSBuild\Microsoft\VC\v170\Microsoft.Cpp.unicodesupport.props(15,5): message : プロパティの再代入: $(_PropertySheetDisplayName)="Unicode Support" (以前の値: "Core Windows Libraries") C:\Program Files\Microsoft Visual Studio\2022\Community\MSBuild\Microsoft\VC\v170\Microsoft.Cpp.unicodesupport.props (15,5)
C:\Program Files\Microsoft Visual Studio\2022\Community\MSBuild\Microsoft\VC\v170\Microsoft.Cpp.Application.props(15,5): message : プロパティの再代入: $(_PropertySheetDisplayName)="Application" (以前の値: "Unicode Support") C:\Program Files\Microsoft Visual Studio\2022\Community\MSBuild\Microsoft\VC\v170\Microsoft.Cpp.Application.props (15,5)
C:\Program Files\Microsoft Visual Studio\2022\Community\MSBuild\Microsoft\VC\v170\Microsoft.Cpp.MSVC.Toolset.Common.props(55,5): message : 環境から展開された 'C:\Program Files\PowerShell\7;C:\Windows\system32;C:\Windows;C:\Windows\System32\Wbem;C:\Windows\System32\WindowsPowerShell\v1.0\;C:\Windows\System32\OpenSSH\;C:\Program Files (x86)\NVIDIA Corporation\PhysX\Common;C:\WINDOWS\system32;C:\WINDOWS;C:\WINDOWS\System32\Wbem;C:\WINDOWS\System32\WindowsPowerShell\v1.0\;C:\WINDOWS\System32\OpenSSH\;C:\Program Files\dotnet\;C:\Program Files\Microsoft SQL Server\150\Tools\Binn\;C:\Program Files\Microsoft SQL Server\Client SDK\ODBC\170\Tools\Binn\;C:\Program Files (x86)\Windows Kits\10\Windows Performance Toolkit\;C:\Program Files\Git\cmd;C:\Program Files\NVIDIA Corporation\NVIDIA App\NvDLISR;C:\Program Files\PowerShell\7\;C:\Users\bluec\AppData\Local\Programs\Python\Launcher\;C:\Users\bluec\AppData\Local\Microsoft\WindowsApps;C:\Users\bluec\AppData\Local\Programs\Microsoft VS Code\bin;C:\Users\bluec\AppData\Local\GitHubDesktop\bin;C:\Users\bluec\AppData\Local\Programs\Antigravity\bin;C:\Users\bluec\.dotnet\tools;c:\Users\bluec\.antigravity\extensions\ms-python.debugpy-2025.14.1-win32-x64\bundled\scripts\noConfigScripts' 値を持つプロパティ 'Path'。
C:\Program Files\Microsoft Visual Studio\2022\Community\MSBuild\Microsoft\VC\v170\Microsoft.Cpp.MSVC.Toolset.Common.props(56,5): message : 環境から展開された 'C:\WINDOWS' 値を持つプロパティ 'SystemRoot'。
C:\Users\bluec\Kamata\TakeCEngine\project\DirectXGame.vcxproj(61,5): message : プロパティの再代入: $(OutDir)="C:\Users\bluec\Kamata\TakeCEngine\project\..\generated\outputs\Debug\" (以前の値: "C:\Users\bluec\Kamata\TakeCEngine\project\x64\Debug\") C:\Users\bluec\Kamata\TakeCEngine\project\DirectXGame.vcxproj (61,5)
C:\Users\bluec\Kamata\TakeCEngine\project\DirectXGame.vcxproj(62,5): message : プロパティの再代入: $(IntDir)="C:\Users\bluec\Kamata\TakeCEngine\project\..\generated\obj\DirectXGame\Debug\" (以前の値: "DirectXGame\x64\Debug\") C:\Users\bluec\Kamata\TakeCEngine\project\DirectXGame.vcxproj (62,5)
C:\Users\bluec\Kamata\TakeCEngine\project\DirectXGame.vcxproj(63,5): message : プロパティの再代入: $(IncludePath)="C:\Users\bluec\Kamata\TakeCEngine\project\externals\DirectXTex;C:\Users\bluec\Kamata\TakeCEngine\project\externals\imgui;C:\Users\bluec\Kamata\TakeCEngine\project\externals\nlohmann;C:\Users\bluec\Kamata\TakeCEngine\project\externals\magic_enum" (以前の値: "C:\Program Files\Microsoft Visual Studio\2022\Community\VC\Tools\MSVC\14.44.35207\include;;C:\Program Files\Microsoft Visual Studio\2022\Community\VC\Tools\MSVC\14.44.35207\atlmfc\include;;C:\Program Files\Microsoft Visual Studio\2022\Community\VC\Auxiliary\VS\include;;C:\Program Files (x86)\Windows Kits\10\Include\10.0.26100.0\ucrt;;;C:\Program Files (x86)\Windows Kits\10\Include\10.0.26100.0\um;C:\Program Files (x86)\Windows Kits\10\Include\10.0.26100.0\shared;C:\Program Files (x86)\Windows Kits\10\Include\10.0.26100.0\winrt;C:\Program Files (x86)\Windows Kits\10\Include\10.0.26100.0\cppwinrt;C:\Program Files (x86)\Windows Kits\NETFXSDK\4.8.1\Include\um;") C:\Users\bluec\Kamata\TakeCEngine\project\DirectXGame.vcxproj (63,5)
"SolutionExt" プロパティはグローバル プロパティであり、変更できません。
C:\Program Files\Microsoft Visual Studio\2022\Community\MSBuild\Microsoft\VC\v170\Microsoft.CppCommon.targets(40,5): message : プロパティの再代入: $(ExtensionsToDeleteOnClean)="*.cdf;*.cache;*.obj;*.obj.enc;*.ilk;*.ipdb;*.iobj;*.resources;*.tlb;*.tli;*.tlh;*.tmp;*.rsp;*.pgc;*.pgd;*.meta;*.tlog;*.manifest;*.res;*.pch;*.exp;*.idb;*.rep;*.xdc;*.pdb;*_manifest.rc;*.bsc;*.sbr;*.xml;*.metagen;*.bi;C:\Users\bluec\Kamata\TakeCEngine\generated\outputs\Debug\DirectXGame.exe.manifest;C:\Users\bluec\Kamata\TakeCEngine\project\..\generated\outputs\Debug\DirectXGame.tlb;C:\Users\bluec\Kamata\TakeCEngine\project\..\generated\outputs\Debug\DirectXGame.pdb;C:\Users\bluec\Kamata\TakeCEngine\generated\outputs\Debug\DirectXGame.exe;C:\Users\bluec\Kamata\TakeCEngine\project\..\generated\outputs\Debug\DirectXGame.bsc;C:\Users\bluec\Kamata\TakeCEngine\project\..\generated\outputs\Debug\DirectXGame.ilk;C:\Users\bluec\Kamata\TakeCEngine\generated\outputs\Debug\DirectXGame.exe.intermediate.manifest;C:\Users\bluec\Kamata\TakeCEngine\project\..\generated\obj\DirectXGame\Debug\DirectXGame.vcxproj.FileListAbsolute.txt" (以前の値: "*.cdf;*.cache;*.obj;*.obj.enc;*.ilk;*.ipdb;*.iobj;*.resources;*.tlb;*.tli;*.tlh;*.tmp;*.rsp;*.pgc;*.pgd;*.meta;*.tlog;*.manifest;*.res;*.pch;*.exp;*.idb;*.rep;*.xdc;*.pdb;*_manifest.rc;*.bsc;*.sbr;*.xml;*.metagen;*.bi") C:\Program Files\Microsoft Visual Studio\2022\Community\MSBuild\Microsoft\VC\v170\Microsoft.CppCommon.targets (40,5)
C:\Program Files\Microsoft Visual Studio\2022\Community\MSBuild\Microsoft\VC\v170\Microsoft.BuildSteps.Targets(32,5): message : プロパティの再代入: $(DebugType)="none" (以前の値: "") C:\Program Files\Microsoft Visual Studio\2022\Community\MSBuild\Microsoft\VC\v170\Microsoft.BuildSteps.Targets (32,5)
$(MSBuildExtensionsPath) で使用されている検索パスは C:\Program Files\Microsoft Visual Studio\2022\Community\MSBuild;$(MSBuildProgramFiles32)\MSBuild です
$(MSBuildExtensionsPath) で使用されている検索パスは C:\Program Files\Microsoft Visual Studio\2022\Community\MSBuild;$(MSBuildProgramFiles32)\MSBuild です
拡張パス C:\Program Files\Microsoft Visual Studio\2022\Community\MSBuild を使用して C:\Program Files\Microsoft Visual Studio\2022\Community\MSBuild\$(MSBuildToolsVersion)\Microsoft.Common.targets\ImportBefore\* をインポートしようとしています
"Configuration" プロパティはグローバル プロパティであり、変更できません。
C:\Program Files\Microsoft Visual Studio\2022\Community\MSBuild\Current\Bin\Microsoft.Common.CurrentVersion.targets(185,5): message : プロパティの再代入: $(_DocumentationFileProduced)="false" (以前の値: "true") C:\Program Files\Microsoft Visual Studio\2022\Community\MSBuild\Current\Bin\Microsoft.Common.CurrentVersion.targets (185,5)
"SolutionName" プロパティはグローバル プロパティであり、変更できません。
"SolutionFileName" プロパティはグローバル プロパティであり、変更できません。
"SolutionPath" プロパティはグローバル プロパティであり、変更できません。
"SolutionDir" プロパティはグローバル プロパティであり、変更できません。
"SolutionExt" プロパティはグローバル プロパティであり、変更できません。
C:\Program Files\Microsoft Visual Studio\2022\Community\MSBuild\Current\Bin\Microsoft.Common.CurrentVersion.targets(369,5): message : プロパティの再代入: $(AutoUnifyAssemblyReferences)="false" (以前の値: "true") C:\Program Files\Microsoft Visual Studio\2022\Community\MSBuild\Current\Bin\Microsoft.Common.CurrentVersion.targets (369,5)
C:\Program Files\Microsoft Visual Studio\2022\Community\MSBuild\Current\Bin\Microsoft.Common.CurrentVersion.targets(392,5): message : プロパティの再代入: $(MSBuildCopyMarkerName)="DirectXG.16A21A57" (以前の値: "DirectXGame.vcxproj") C:\Program Files\Microsoft Visual Studio\2022\Community\MSBuild\Current\Bin\Microsoft.Common.CurrentVersion.targets (392,5)
C:\Program Files\Microsoft Visual Studio\2022\Community\MSBuild\Current\Bin\Microsoft.Common.CurrentVersion.targets(393,5): message : プロパティの再代入: $(MSBuildCopyMarkerName)="DirectXG.16A21A57.Up2Date" (以前の値: "DirectXG.16A21A57") C:\Program Files\Microsoft Visual Studio\2022\Community\MSBuild\Current\Bin\Microsoft.Common.CurrentVersion.targets (393,5)
C:\Program Files\Microsoft Visual Studio\2022\Community\MSBuild\Current\Bin\Microsoft.Common.CurrentVersion.targets(528,5): message : プロパティの再代入: $(ProcessorArchitecture)="amd64" (以前の値: "x64") C:\Program Files\Microsoft Visual Studio\2022\Community\MSBuild\Current\Bin\Microsoft.Common.CurrentVersion.targets (528,5)
C:\Program Files\Microsoft Visual Studio\2022\Community\MSBuild\Current\Bin\Microsoft.Common.CurrentVersion.targets(562,42): message : 環境から展開された 'C:\Program Files\MSBuild' 値を持つプロパティ 'MSBuildExtensionsPath64'。
C:\Program Files\Microsoft Visual Studio\2022\Community\MSBuild\Current\Bin\Microsoft.Common.CurrentVersion.targets(580,5): message : プロパティの再代入: $(DelaySign)="" (以前の値: "false") C:\Program Files\Microsoft Visual Studio\2022\Community\MSBuild\Current\Bin\Microsoft.Common.CurrentVersion.targets (580,5)
C:\Program Files\Microsoft Visual Studio\2022\Community\MSBuild\Current\Bin\Microsoft.Common.CurrentVersion.targets(649,5): message : プロパティの再代入: $(AssemblySearchPaths)="{CandidateAssemblyFiles};C:\Program Files\Microsoft Visual Studio\2022\Community\VC\Tools\MSVC\14.44.35207\atlmfc\lib\x64;;C:\Program Files\Microsoft Visual Studio\2022\Community\VC\Tools\MSVC\14.44.35207\lib\x64;" (以前の値: "{CandidateAssemblyFiles}") C:\Program Files\Microsoft Visual Studio\2022\Community\MSBuild\Current\Bin\Microsoft.Common.CurrentVersion.targets (649,5)
C:\Program Files\Microsoft Visual Studio\2022\Community\MSBuild\Current\Bin\Microsoft.Common.CurrentVersion.targets(650,5): message : プロパティの再代入: $(AssemblySearchPaths)="{CandidateAssemblyFiles};C:\Program Files\Microsoft Visual Studio\2022\Community\VC\Tools\MSVC\14.44.35207\atlmfc\lib\x64;;C:\Program Files\Microsoft Visual Studio\2022\Community\VC\Tools\MSVC\14.44.35207\lib\x64;;{HintPathFromItem}" (以前の値: "{CandidateAssemblyFiles};C:\Program Files\Microsoft Visual Studio\2022\Community\VC\Tools\MSVC\14.44.35207\atlmfc\lib\x64;;C:\Program Files\Microsoft Visual Studio\2022\Community\VC\Tools\MSVC\14.44.35207\lib\x64;") C:\Program Files\Microsoft Visual Studio\2022\Community\MSBuild\Current\Bin\Microsoft.Common.CurrentVersion.targets (650,5)
C:\Program Files\Microsoft Visual Studio\2022\Community\MSBuild\Current\Bin\Microsoft.Common.CurrentVersion.targets(651,5): message : プロパティの再代入: $(AssemblySearchPaths)="{CandidateAssemblyFiles};C:\Program Files\Microsoft Visual Studio\2022\Community\VC\Tools\MSVC\14.44.35207\atlmfc\lib\x64;;C:\Program Files\Microsoft Visual Studio\2022\Community\VC\Tools\MSVC\14.44.35207\lib\x64;;{HintPathFromItem};{TargetFrameworkDirectory}" (以前の値: "{CandidateAssemblyFiles};C:\Program Files\Microsoft Visual Studio\2022\Community\VC\Tools\MSVC\14.44.35207\atlmfc\lib\x64;;C:\Program Files\Microsoft Visual Studio\2022\Community\VC\Tools\MSVC\14.44.35207\lib\x64;;{HintPathFromItem}") C:\Program Files\Microsoft Visual Studio\2022\Community\MSBuild\Current\Bin\Microsoft.Common.CurrentVersion.targets (651,5)
C:\Program Files\Microsoft Visual Studio\2022\Community\MSBuild\Current\Bin\Microsoft.Common.CurrentVersion.targets(652,5): message : プロパティの再代入: $(AssemblySearchPaths)="{CandidateAssemblyFiles};C:\Program Files\Microsoft Visual Studio\2022\Community\VC\Tools\MSVC\14.44.35207\atlmfc\lib\x64;;C:\Program Files\Microsoft Visual Studio\2022\Community\VC\Tools\MSVC\14.44.35207\lib\x64;;{HintPathFromItem};{TargetFrameworkDirectory};{AssemblyFoldersFromConfig:C:\Program Files\Microsoft Visual Studio\2022\Community\MSBuild\Current\Bin\AssemblyFolders.config,};" (以前の値: "{CandidateAssemblyFiles};C:\Program Files\Microsoft Visual Studio\2022\Community\VC\Tools\MSVC\14.44.35207\atlmfc\lib\x64;;C:\Program Files\Microsoft Visual Studio\2022\Community\VC\Tools\MSVC\14.44.35207\lib\x64;;{HintPathFromItem};{TargetFrameworkDirectory}") C:\Program Files\Microsoft Visual Studio\2022\Community\MSBuild\Current\Bin\Microsoft.Common.CurrentVersion.targets (652,5)
C:\Program Files\Microsoft Visual Studio\2022\Community\MSBuild\Current\Bin\Microsoft.Common.CurrentVersion.targets(653,5): message : プロパティの再代入: $(AssemblySearchPaths)="{CandidateAssemblyFiles};C:\Program Files\Microsoft Visual Studio\2022\Community\VC\Tools\MSVC\14.44.35207\atlmfc\lib\x64;;C:\Program Files\Microsoft Visual Studio\2022\Community\VC\Tools\MSVC\14.44.35207\lib\x64;;{HintPathFromItem};{TargetFrameworkDirectory};{AssemblyFoldersFromConfig:C:\Program Files\Microsoft Visual Studio\2022\Community\MSBuild\Current\Bin\AssemblyFolders.config,};;{Registry:Software\Microsoft\,,AssemblyFoldersEx}" (以前の値: "{CandidateAssemblyFiles};C:\Program Files\Microsoft Visual Studio\2022\Community\VC\Tools\MSVC\14.44.35207\atlmfc\lib\x64;;C:\Program Files\Microsoft Visual Studio\2022\Community\VC\Tools\MSVC\14.44.35207\lib\x64;;{HintPathFromItem};{TargetFrameworkDirectory};{AssemblyFoldersFromConfig:C:\Program Files\Microsoft Visual Studio\2022\Community\MSBuild\Current\Bin\AssemblyFolders.config,};") C:\Program Files\Microsoft Visual Studio\2022\Community\MSBuild\Current\Bin\Microsoft.Common.CurrentVersion.targets (653,5)
C:\Program Files\Microsoft Visual Studio\2022\Community\MSBuild\Current\Bin\Microsoft.Common.CurrentVersion.targets(654,5): message : プロパティの再代入: $(AssemblySearchPaths)="{CandidateAssemblyFiles};C:\Program Files\Microsoft Visual Studio\2022\Community\VC\Tools\MSVC\14.44.35207\atlmfc\lib\x64;;C:\Program Files\Microsoft Visual Studio\2022\Community\VC\Tools\MSVC\14.44.35207\lib\x64;;{HintPathFromItem};{TargetFrameworkDirectory};{AssemblyFoldersFromConfig:C:\Program Files\Microsoft Visual Studio\2022\Community\MSBuild\Current\Bin\AssemblyFolders.config,};;{Registry:Software\Microsoft\,,AssemblyFoldersEx};{AssemblyFolders}" (以前の値: "{CandidateAssemblyFiles};C:\Program Files\Microsoft Visual Studio\2022\Community\VC\Tools\MSVC\14.44.35207\atlmfc\lib\x64;;C:\Program Files\Microsoft Visual Studio\2022\Community\VC\Tools\MSVC\14.44.35207\lib\x64;;{HintPathFromItem};{TargetFrameworkDirectory};{AssemblyFoldersFromConfig:C:\Program Files\Microsoft Visual Studio\2022\Community\MSBuild\Current\Bin\AssemblyFolders.config,};;{Registry:Software\Microsoft\,,AssemblyFoldersEx}") C:\Program Files\Microsoft Visual Studio\2022\Community\MSBuild\Current\Bin\Microsoft.Common.CurrentVersion.targets (654,5)
C:\Program Files\Microsoft Visual Studio\2022\Community\MSBuild\Current\Bin\Microsoft.Common.CurrentVersion.targets(655,5): message : プロパティの再代入: $(AssemblySearchPaths)="{CandidateAssemblyFiles};C:\Program Files\Microsoft Visual Studio\2022\Community\VC\Tools\MSVC\14.44.35207\atlmfc\lib\x64;;C:\Program Files\Microsoft Visual Studio\2022\Community\VC\Tools\MSVC\14.44.35207\lib\x64;;{HintPathFromItem};{TargetFrameworkDirectory};{AssemblyFoldersFromConfig:C:\Program Files\Microsoft Visual Studio\2022\Community\MSBuild\Current\Bin\AssemblyFolders.config,};;{Registry:Software\Microsoft\,,AssemblyFoldersEx};{AssemblyFolders};{GAC}" (以前の値: "{CandidateAssemblyFiles};C:\Program Files\Microsoft Visual Studio\2022\Community\VC\Tools\MSVC\14.44.35207\atlmfc\lib\x64;;C:\Program Files\Microsoft Visual Studio\2022\Community\VC\Tools\MSVC\14.44.35207\lib\x64;;{HintPathFromItem};{TargetFrameworkDirectory};{AssemblyFoldersFromConfig:C:\Program Files\Microsoft Visual Studio\2022\Community\MSBuild\Current\Bin\AssemblyFolders.config,};;{Registry:Software\Microsoft\,,AssemblyFoldersEx};{AssemblyFolders}") C:\Program Files\Microsoft Visual Studio\2022\Community\MSBuild\Current\Bin\Microsoft.Common.CurrentVersion.targets (655,5)
C:\Program Files\Microsoft Visual Studio\2022\Community\MSBuild\Current\Bin\Microsoft.Common.CurrentVersion.targets(656,5): message : プロパティの再代入: $(AssemblySearchPaths)="{CandidateAssemblyFiles};C:\Program Files\Microsoft Visual Studio\2022\Community\VC\Tools\MSVC\14.44.35207\atlmfc\lib\x64;;C:\Program Files\Microsoft Visual Studio\2022\Community\VC\Tools\MSVC\14.44.35207\lib\x64;;{HintPathFromItem};{TargetFrameworkDirectory};{AssemblyFoldersFromConfig:C:\Program Files\Microsoft Visual Studio\2022\Community\MSBuild\Current\Bin\AssemblyFolders.config,};;{Registry:Software\Microsoft\,,AssemblyFoldersEx};{AssemblyFolders};{GAC};{RawFileName}" (以前の値: "{CandidateAssemblyFiles};C:\Program Files\Microsoft Visual Studio\2022\Community\VC\Tools\MSVC\14.44.35207\atlmfc\lib\x64;;C:\Program Files\Microsoft Visual Studio\2022\Community\VC\Tools\MSVC\14.44.35207\lib\x64;;{HintPathFromItem};{TargetFrameworkDirectory};{AssemblyFoldersFromConfig:C:\Program Files\Microsoft Visual Studio\2022\Community\MSBuild\Current\Bin\AssemblyFolders.config,};;{Registry:Software\Microsoft\,,AssemblyFoldersEx};{AssemblyFolders};{GAC}") C:\Program Files\Microsoft Visual Studio\2022\Community\MSBuild\Current\Bin\Microsoft.Common.CurrentVersion.targets (656,5)
C:\Program Files\Microsoft Visual Studio\2022\Community\MSBuild\Current\Bin\Microsoft.Common.CurrentVersion.targets(657,5): message : プロパティの再代入: $(AssemblySearchPaths)="{CandidateAssemblyFiles};C:\Program Files\Microsoft Visual Studio\2022\Community\VC\Tools\MSVC\14.44.35207\atlmfc\lib\x64;;C:\Program Files\Microsoft Visual Studio\2022\Community\VC\Tools\MSVC\14.44.35207\lib\x64;;{HintPathFromItem};{TargetFrameworkDirectory};{AssemblyFoldersFromConfig:C:\Program Files\Microsoft Visual Studio\2022\Community\MSBuild\Current\Bin\AssemblyFolders.config,};;{Registry:Software\Microsoft\,,AssemblyFoldersEx};{AssemblyFolders};{GAC};{RawFileName};C:\Users\bluec\Kamata\TakeCEngine\project\..\generated\outputs\Debug\" (以前の値: "{CandidateAssemblyFiles};C:\Program Files\Microsoft Visual Studio\2022\Community\VC\Tools\MSVC\14.44.35207\atlmfc\lib\x64;;C:\Program Files\Microsoft Visual Studio\2022\Community\VC\Tools\MSVC\14.44.35207\lib\x64;;{HintPathFromItem};{TargetFrameworkDirectory};{AssemblyFoldersFromConfig:C:\Program Files\Microsoft Visual Studio\2022\Community\MSBuild\Current\Bin\AssemblyFolders.config,};;{Registry:Software\Microsoft\,,AssemblyFoldersEx};{AssemblyFolders};{GAC};{RawFileName}") C:\Program Files\Microsoft Visual Studio\2022\Community\MSBuild\Current\Bin\Microsoft.Common.CurrentVersion.targets (657,5)
C:\Program Files\Microsoft Visual Studio\2022\Community\MSBuild\Current\Bin\Microsoft.Common.CurrentVersion.targets(3947,5): message : プロパティの再代入: $(_SGenGenerateSerializationAssembliesConfig)="Auto" (以前の値: "") C:\Program Files\Microsoft Visual Studio\2022\Community\MSBuild\Current\Bin\Microsoft.Common.CurrentVersion.targets (3947,5)
C:\Program Files\Microsoft Visual Studio\2022\Community\MSBuild\Current\Bin\Microsoft.Common.CurrentVersion.targets(3948,5): message : プロパティの再代入: $(_SGenGenerateSerializationAssembliesConfig)="Off" (以前の値: "Auto") C:\Program Files\Microsoft Visual Studio\2022\Community\MSBuild\Current\Bin\Microsoft.Common.CurrentVersion.targets (3948,5)
C:\Program Files\Microsoft Visual Studio\2022\Community\MSBuild\Current\Bin\Microsoft.Common.CurrentVersion.targets(5159,5): message : プロパティの再代入: $(_TargetsThatPrepareProjectReferences)="
C:\Program Files\Microsoft Visual Studio\2022\Community\MSBuild\Current\Bin\Microsoft.Common.CurrentVersion.targets(5159,5): message :       AssignProjectConfiguration;
C:\Program Files\Microsoft Visual Studio\2022\Community\MSBuild\Current\Bin\Microsoft.Common.CurrentVersion.targets(5159,5): message :       _SplitProjectReferencesByFileExistence
C:\Program Files\Microsoft Visual Studio\2022\Community\MSBuild\Current\Bin\Microsoft.Common.CurrentVersion.targets(5159,5): message :     " (以前の値: "_SplitProjectReferencesByFileExistence") C:\Program Files\Microsoft Visual Studio\2022\Community\MSBuild\Current\Bin\Microsoft.Common.CurrentVersion.targets (5159,5)
C:\Program Files\Microsoft Visual Studio\2022\Community\MSBuild\Microsoft\VisualStudio\v17.0\CodeAnalysis\Microsoft.CodeAnalysis.targets(125,5): message : プロパティの再代入: $(_CodeAnalysisTreatWarningsAsErrors)="false" (以前の値: "") C:\Program Files\Microsoft Visual Studio\2022\Community\MSBuild\Microsoft\VisualStudio\v17.0\CodeAnalysis\Microsoft.CodeAnalysis.targets (125,5)
C:\Program Files\Microsoft Visual Studio\2022\Community\MSBuild\Microsoft\VisualStudio\v17.0\CodeAnalysis\Microsoft.CodeAnalysis.targets(235,5): message : プロパティの再代入: $(CAExcludePath)="C:\Program Files (x86)\Windows Kits\10\Include\10.0.26100.0\ucrt;;C:\Program Files (x86)\Windows Kits\10\Include\10.0.26100.0\um;C:\Program Files (x86)\Windows Kits\10\Include\10.0.26100.0\shared;C:\Program Files (x86)\Windows Kits\10\Include\10.0.26100.0\winrt;C:\Program Files (x86)\Windows Kits\10\Include\10.0.26100.0\cppwinrt;C:\Program Files (x86)\Windows Kits\NETFXSDK\4.8.1\Include\um;" (以前の値: "C:\Program Files (x86)\Windows Kits\10\Include\10.0.26100.0\um;C:\Program Files (x86)\Windows Kits\10\Include\10.0.26100.0\shared;C:\Program Files (x86)\Windows Kits\10\Include\10.0.26100.0\winrt;C:\Program Files (x86)\Windows Kits\10\Include\10.0.26100.0\cppwinrt;C:\Program Files (x86)\Windows Kits\NETFXSDK\4.8.1\Include\um;") C:\Program Files\Microsoft Visual Studio\2022\Community\MSBuild\Microsoft\VisualStudio\v17.0\CodeAnalysis\Microsoft.CodeAnalysis.targets (235,5)
C:\Program Files\Microsoft Visual Studio\2022\Community\MSBuild\Microsoft\VisualStudio\v17.0\CodeAnalysis\Microsoft.CodeAnalysis.targets(236,5): message : プロパティの再代入: $(CAExcludePath)="C:\Program Files\Microsoft Visual Studio\2022\Community\VC\Tools\MSVC\14.44.35207\include;C:\Program Files (x86)\Windows Kits\10\Include\10.0.26100.0\ucrt;;C:\Program Files (x86)\Windows Kits\10\Include\10.0.26100.0\um;C:\Program Files (x86)\Windows Kits\10\Include\10.0.26100.0\shared;C:\Program Files (x86)\Windows Kits\10\Include\10.0.26100.0\winrt;C:\Program Files (x86)\Windows Kits\10\Include\10.0.26100.0\cppwinrt;C:\Program Files (x86)\Windows Kits\NETFXSDK\4.8.1\Include\um;" (以前の値: "C:\Program Files (x86)\Windows Kits\10\Include\10.0.26100.0\ucrt;;C:\Program Files (x86)\Windows Kits\10\Include\10.0.26100.0\um;C:\Program Files (x86)\Windows Kits\10\Include\10.0.26100.0\shared;C:\Program Files (x86)\Windows Kits\10\Include\10.0.26100.0\winrt;C:\Program Files (x86)\Windows Kits\10\Include\10.0.26100.0\cppwinrt;C:\Program Files (x86)\Windows Kits\NETFXSDK\4.8.1\Include\um;") C:\Program Files\Microsoft Visual Studio\2022\Community\MSBuild\Microsoft\VisualStudio\v17.0\CodeAnalysis\Microsoft.CodeAnalysis.targets (236,5)
C:\Program Files\Microsoft Visual Studio\2022\Community\MSBuild\Microsoft\VisualStudio\v17.0\CodeAnalysis\Microsoft.CodeAnalysis.targets(237,5): message : プロパティの再代入: $(CAExcludePath)="C:\Program Files\Microsoft Visual Studio\2022\Community\VC\Tools\MSVC\14.44.35207\atlmfc\include;C:\Program Files\Microsoft Visual Studio\2022\Community\VC\Tools\MSVC\14.44.35207\include;C:\Program Files (x86)\Windows Kits\10\Include\10.0.26100.0\ucrt;;C:\Program Files (x86)\Windows Kits\10\Include\10.0.26100.0\um;C:\Program Files (x86)\Windows Kits\10\Include\10.0.26100.0\shared;C:\Program Files (x86)\Windows Kits\10\Include\10.0.26100.0\winrt;C:\Program Files (x86)\Windows Kits\10\Include\10.0.26100.0\cppwinrt;C:\Program Files (x86)\Windows Kits\NETFXSDK\4.8.1\Include\um;" (以前の値: "C:\Program Files\Microsoft Visual Studio\2022\Community\VC\Tools\MSVC\14.44.35207\include;C:\Program Files (x86)\Windows Kits\10\Include\10.0.26100.0\ucrt;;C:\Program Files (x86)\Windows Kits\10\Include\10.0.26100.0\um;C:\Program Files (x86)\Windows Kits\10\Include\10.0.26100.0\shared;C:\Program Files (x86)\Windows Kits\10\Include\10.0.26100.0\winrt;C:\Program Files (x86)\Windows Kits\10\Include\10.0.26100.0\cppwinrt;C:\Program Files (x86)\Windows Kits\NETFXSDK\4.8.1\Include\um;") C:\Program Files\Microsoft Visual Studio\2022\Community\MSBuild\Microsoft\VisualStudio\v17.0\CodeAnalysis\Microsoft.CodeAnalysis.targets (237,5)
C:\Program Files\Microsoft Visual Studio\2022\Community\MSBuild\Microsoft\VisualStudio\v17.0\CodeAnalysis\Microsoft.CodeAnalysis.targets(240,5): message : プロパティの再代入: $(PrepareForBuildDependsOn)=";GetFrameworkPaths;GetReferenceAssemblyPaths;AssignLinkMetadata;SetCABuildNativeEnvironmentVariables" (以前の値: ";GetFrameworkPaths;GetReferenceAssemblyPaths;AssignLinkMetadata") C:\Program Files\Microsoft Visual Studio\2022\Community\MSBuild\Microsoft\VisualStudio\v17.0\CodeAnalysis\Microsoft.CodeAnalysis.targets (240,5)
C:\WINDOWS\Microsoft.NET\Framework\v4.0.30319\Microsoft.Xaml.targets(35,5): message : プロパティの再代入: $(PrepareResourcesDependsOn)="
C:\WINDOWS\Microsoft.NET\Framework\v4.0.30319\Microsoft.Xaml.targets(35,5): message :       XamlMarkupCompilePass1;
C:\WINDOWS\Microsoft.NET\Framework\v4.0.30319\Microsoft.Xaml.targets(35,5): message :       XamlMarkupCompilePass2;
C:\WINDOWS\Microsoft.NET\Framework\v4.0.30319\Microsoft.Xaml.targets(35,5): message :       
C:\WINDOWS\Microsoft.NET\Framework\v4.0.30319\Microsoft.Xaml.targets(35,5): message :       ;
C:\WINDOWS\Microsoft.NET\Framework\v4.0.30319\Microsoft.Xaml.targets(35,5): message :       PrepareResourceNames;
C:\WINDOWS\Microsoft.NET\Framework\v4.0.30319\Microsoft.Xaml.targets(35,5): message :       ResGen;
C:\WINDOWS\Microsoft.NET\Framework\v4.0.30319\Microsoft.Xaml.targets(35,5): message :       CompileLicxFiles
C:\WINDOWS\Microsoft.NET\Framework\v4.0.30319\Microsoft.Xaml.targets(35,5): message :      
C:\WINDOWS\Microsoft.NET\Framework\v4.0.30319\Microsoft.Xaml.targets(35,5): message :     " (以前の値: "
C:\WINDOWS\Microsoft.NET\Framework\v4.0.30319\Microsoft.Xaml.targets(35,5): message :       ;
C:\WINDOWS\Microsoft.NET\Framework\v4.0.30319\Microsoft.Xaml.targets(35,5): message :       PrepareResourceNames;
C:\WINDOWS\Microsoft.NET\Framework\v4.0.30319\Microsoft.Xaml.targets(35,5): message :       ResGen;
C:\WINDOWS\Microsoft.NET\Framework\v4.0.30319\Microsoft.Xaml.targets(35,5): message :       CompileLicxFiles
C:\WINDOWS\Microsoft.NET\Framework\v4.0.30319\Microsoft.Xaml.targets(35,5): message :     ") C:\WINDOWS\Microsoft.NET\Framework\v4.0.30319\Microsoft.Xaml.targets (35,5)
C:\Program Files\Microsoft Visual Studio\2022\Community\MSBuild\Microsoft\VisualStudio\v17.0\TeamTest\Microsoft.TeamTest.targets(4,5): message : プロパティの再代入: $(ResolveReferencesDependsOn)="
C:\Program Files\Microsoft Visual Studio\2022\Community\MSBuild\Microsoft\VisualStudio\v17.0\TeamTest\Microsoft.TeamTest.targets(4,5): message :       
C:\Program Files\Microsoft Visual Studio\2022\Community\MSBuild\Microsoft\VisualStudio\v17.0\TeamTest\Microsoft.TeamTest.targets(4,5): message :       BeforeResolveReferences;
C:\Program Files\Microsoft Visual Studio\2022\Community\MSBuild\Microsoft\VisualStudio\v17.0\TeamTest\Microsoft.TeamTest.targets(4,5): message :       AssignProjectConfiguration;
C:\Program Files\Microsoft Visual Studio\2022\Community\MSBuild\Microsoft\VisualStudio\v17.0\TeamTest\Microsoft.TeamTest.targets(4,5): message :       ResolveProjectReferences;
C:\Program Files\Microsoft Visual Studio\2022\Community\MSBuild\Microsoft\VisualStudio\v17.0\TeamTest\Microsoft.TeamTest.targets(4,5): message :       FindInvalidProjectReferences;
C:\Program Files\Microsoft Visual Studio\2022\Community\MSBuild\Microsoft\VisualStudio\v17.0\TeamTest\Microsoft.TeamTest.targets(4,5): message :       ResolveNativeReferences;
C:\Program Files\Microsoft Visual Studio\2022\Community\MSBuild\Microsoft\VisualStudio\v17.0\TeamTest\Microsoft.TeamTest.targets(4,5): message :       ResolveAssemblyReferences;
C:\Program Files\Microsoft Visual Studio\2022\Community\MSBuild\Microsoft\VisualStudio\v17.0\TeamTest\Microsoft.TeamTest.targets(4,5): message :       GenerateBindingRedirects;
C:\Program Files\Microsoft Visual Studio\2022\Community\MSBuild\Microsoft\VisualStudio\v17.0\TeamTest\Microsoft.TeamTest.targets(4,5): message :       GenerateBindingRedirectsUpdateAppConfig;
C:\Program Files\Microsoft Visual Studio\2022\Community\MSBuild\Microsoft\VisualStudio\v17.0\TeamTest\Microsoft.TeamTest.targets(4,5): message :       ResolveComReferences;
C:\Program Files\Microsoft Visual Studio\2022\Community\MSBuild\Microsoft\VisualStudio\v17.0\TeamTest\Microsoft.TeamTest.targets(4,5): message :       AfterResolveReferences
C:\Program Files\Microsoft Visual Studio\2022\Community\MSBuild\Microsoft\VisualStudio\v17.0\TeamTest\Microsoft.TeamTest.targets(4,5): message :     ;
C:\Program Files\Microsoft Visual Studio\2022\Community\MSBuild\Microsoft\VisualStudio\v17.0\TeamTest\Microsoft.TeamTest.targets(4,5): message :       ResolveTestReferences
C:\Program Files\Microsoft Visual Studio\2022\Community\MSBuild\Microsoft\VisualStudio\v17.0\TeamTest\Microsoft.TeamTest.targets(4,5): message :     " (以前の値: "
C:\Program Files\Microsoft Visual Studio\2022\Community\MSBuild\Microsoft\VisualStudio\v17.0\TeamTest\Microsoft.TeamTest.targets(4,5): message :       BeforeResolveReferences;
C:\Program Files\Microsoft Visual Studio\2022\Community\MSBuild\Microsoft\VisualStudio\v17.0\TeamTest\Microsoft.TeamTest.targets(4,5): message :       AssignProjectConfiguration;
C:\Program Files\Microsoft Visual Studio\2022\Community\MSBuild\Microsoft\VisualStudio\v17.0\TeamTest\Microsoft.TeamTest.targets(4,5): message :       ResolveProjectReferences;
C:\Program Files\Microsoft Visual Studio\2022\Community\MSBuild\Microsoft\VisualStudio\v17.0\TeamTest\Microsoft.TeamTest.targets(4,5): message :       FindInvalidProjectReferences;
C:\Program Files\Microsoft Visual Studio\2022\Community\MSBuild\Microsoft\VisualStudio\v17.0\TeamTest\Microsoft.TeamTest.targets(4,5): message :       ResolveNativeReferences;
C:\Program Files\Microsoft Visual Studio\2022\Community\MSBuild\Microsoft\VisualStudio\v17.0\TeamTest\Microsoft.TeamTest.targets(4,5): message :       ResolveAssemblyReferences;
C:\Program Files\Microsoft Visual Studio\2022\Community\MSBuild\Microsoft\VisualStudio\v17.0\TeamTest\Microsoft.TeamTest.targets(4,5): message :       GenerateBindingRedirects;
C:\Program Files\Microsoft Visual Studio\2022\Community\MSBuild\Microsoft\VisualStudio\v17.0\TeamTest\Microsoft.TeamTest.targets(4,5): message :       GenerateBindingRedirectsUpdateAppConfig;
C:\Program Files\Microsoft Visual Studio\2022\Community\MSBuild\Microsoft\VisualStudio\v17.0\TeamTest\Microsoft.TeamTest.targets(4,5): message :       ResolveComReferences;
C:\Program Files\Microsoft Visual Studio\2022\Community\MSBuild\Microsoft\VisualStudio\v17.0\TeamTest\Microsoft.TeamTest.targets(4,5): message :       AfterResolveReferences
C:\Program Files\Microsoft Visual Studio\2022\Community\MSBuild\Microsoft\VisualStudio\v17.0\TeamTest\Microsoft.TeamTest.targets(4,5): message :     ") C:\Program Files\Microsoft Visual Studio\2022\Community\MSBuild\Microsoft\VisualStudio\v17.0\TeamTest\Microsoft.TeamTest.targets (4,5)
$(MSBuildExtensionsPath) で使用されている検索パスは C:\Program Files\Microsoft Visual Studio\2022\Community\MSBuild;$(MSBuildProgramFiles32)\MSBuild です
拡張パス C:\Program Files\Microsoft Visual Studio\2022\Community\MSBuild を使用して C:\Program Files\Microsoft Visual Studio\2022\Community\MSBuild\$(MSBuildToolsVersion)\Microsoft.Common.targets\ImportAfter\* をインポートしようとしています
$(MSBuildExtensionsPath) で使用されている検索パスは C:\Program Files\Microsoft Visual Studio\2022\Community\MSBuild;$(MSBuildProgramFiles32)\MSBuild です
拡張パス C:\Program Files\Microsoft Visual Studio\2022\Community\MSBuild を使用して C:\Program Files\Microsoft Visual Studio\2022\Community\MSBuild\Sdks\Microsoft.Docker.Sdk\build\Microsoft.Docker.targets をインポートしようとしています
C:\Program Files\Microsoft Visual Studio\2022\Community\MSBuild\Microsoft\NuGet\17.0\Microsoft.NuGet.targets(74,5): message : プロパティの再代入: $(ProjectLockFile)="obj\project.assets.json" (以前の値: "C:\Users\bluec\Kamata\TakeCEngine\project\obj\project.assets.json") C:\Program Files\Microsoft Visual Studio\2022\Community\MSBuild\Microsoft\NuGet\17.0\Microsoft.NuGet.targets (74,5)
C:\Program Files\Microsoft Visual Studio\2022\Community\MSBuild\Microsoft\NuGet\17.0\Microsoft.NuGet.targets(185,5): message : プロパティの再代入: $(ResolveAssemblyReferencesDependsOn)="
C:\Program Files\Microsoft Visual Studio\2022\Community\MSBuild\Microsoft\NuGet\17.0\Microsoft.NuGet.targets(185,5): message :       ResolveProjectReferences;
C:\Program Files\Microsoft Visual Studio\2022\Community\MSBuild\Microsoft\NuGet\17.0\Microsoft.NuGet.targets(185,5): message :       FindInvalidProjectReferences;
C:\Program Files\Microsoft Visual Studio\2022\Community\MSBuild\Microsoft\NuGet\17.0\Microsoft.NuGet.targets(185,5): message :       GetFrameworkPaths;
C:\Program Files\Microsoft Visual Studio\2022\Community\MSBuild\Microsoft\NuGet\17.0\Microsoft.NuGet.targets(185,5): message :       GetReferenceAssemblyPaths;
C:\Program Files\Microsoft Visual Studio\2022\Community\MSBuild\Microsoft\NuGet\17.0\Microsoft.NuGet.targets(185,5): message :       PrepareForBuild;
C:\Program Files\Microsoft Visual Studio\2022\Community\MSBuild\Microsoft\NuGet\17.0\Microsoft.NuGet.targets(185,5): message :       ResolveSDKReferences;
C:\Program Files\Microsoft Visual Studio\2022\Community\MSBuild\Microsoft\NuGet\17.0\Microsoft.NuGet.targets(185,5): message :       ExpandSDKReferences;
C:\Program Files\Microsoft Visual Studio\2022\Community\MSBuild\Microsoft\NuGet\17.0\Microsoft.NuGet.targets(185,5): message :     ;ResolveNuGetPackageAssets" (以前の値: "
C:\Program Files\Microsoft Visual Studio\2022\Community\MSBuild\Microsoft\NuGet\17.0\Microsoft.NuGet.targets(185,5): message :       ResolveProjectReferences;
C:\Program Files\Microsoft Visual Studio\2022\Community\MSBuild\Microsoft\NuGet\17.0\Microsoft.NuGet.targets(185,5): message :       FindInvalidProjectReferences;
C:\Program Files\Microsoft Visual Studio\2022\Community\MSBuild\Microsoft\NuGet\17.0\Microsoft.NuGet.targets(185,5): message :       GetFrameworkPaths;
C:\Program Files\Microsoft Visual Studio\2022\Community\MSBuild\Microsoft\NuGet\17.0\Microsoft.NuGet.targets(185,5): message :       GetReferenceAssemblyPaths;
C:\Program Files\Microsoft Visual Studio\2022\Community\MSBuild\Microsoft\NuGet\17.0\Microsoft.NuGet.targets(185,5): message :       PrepareForBuild;
C:\Program Files\Microsoft Visual Studio\2022\Community\MSBuild\Microsoft\NuGet\17.0\Microsoft.NuGet.targets(185,5): message :       ResolveSDKReferences;
C:\Program Files\Microsoft Visual Studio\2022\Community\MSBuild\Microsoft\NuGet\17.0\Microsoft.NuGet.targets(185,5): message :       ExpandSDKReferences;
C:\Program Files\Microsoft Visual Studio\2022\Community\MSBuild\Microsoft\NuGet\17.0\Microsoft.NuGet.targets(185,5): message :     ") C:\Program Files\Microsoft Visual Studio\2022\Community\MSBuild\Microsoft\NuGet\17.0\Microsoft.NuGet.targets (185,5)
C:\Program Files\Microsoft Visual Studio\2022\Community\MSBuild\Microsoft\NuGet\17.0\Microsoft.NuGet.targets(186,5): message : プロパティの再代入: $(PrepareResourcesDependsOn)="ResolveNuGetPackageAssets;
C:\Program Files\Microsoft Visual Studio\2022\Community\MSBuild\Microsoft\NuGet\17.0\Microsoft.NuGet.targets(186,5): message :       XamlMarkupCompilePass1;
C:\Program Files\Microsoft Visual Studio\2022\Community\MSBuild\Microsoft\NuGet\17.0\Microsoft.NuGet.targets(186,5): message :       XamlMarkupCompilePass2;
C:\Program Files\Microsoft Visual Studio\2022\Community\MSBuild\Microsoft\NuGet\17.0\Microsoft.NuGet.targets(186,5): message :       
C:\Program Files\Microsoft Visual Studio\2022\Community\MSBuild\Microsoft\NuGet\17.0\Microsoft.NuGet.targets(186,5): message :       ;
C:\Program Files\Microsoft Visual Studio\2022\Community\MSBuild\Microsoft\NuGet\17.0\Microsoft.NuGet.targets(186,5): message :       PrepareResourceNames;
C:\Program Files\Microsoft Visual Studio\2022\Community\MSBuild\Microsoft\NuGet\17.0\Microsoft.NuGet.targets(186,5): message :       ResGen;
C:\Program Files\Microsoft Visual Studio\2022\Community\MSBuild\Microsoft\NuGet\17.0\Microsoft.NuGet.targets(186,5): message :       CompileLicxFiles
C:\Program Files\Microsoft Visual Studio\2022\Community\MSBuild\Microsoft\NuGet\17.0\Microsoft.NuGet.targets(186,5): message :      
C:\Program Files\Microsoft Visual Studio\2022\Community\MSBuild\Microsoft\NuGet\17.0\Microsoft.NuGet.targets(186,5): message :     " (以前の値: "
C:\Program Files\Microsoft Visual Studio\2022\Community\MSBuild\Microsoft\NuGet\17.0\Microsoft.NuGet.targets(186,5): message :       XamlMarkupCompilePass1;
C:\Program Files\Microsoft Visual Studio\2022\Community\MSBuild\Microsoft\NuGet\17.0\Microsoft.NuGet.targets(186,5): message :       XamlMarkupCompilePass2;
C:\Program Files\Microsoft Visual Studio\2022\Community\MSBuild\Microsoft\NuGet\17.0\Microsoft.NuGet.targets(186,5): message :       
C:\Program Files\Microsoft Visual Studio\2022\Community\MSBuild\Microsoft\NuGet\17.0\Microsoft.NuGet.targets(186,5): message :       ;
C:\Program Files\Microsoft Visual Studio\2022\Community\MSBuild\Microsoft\NuGet\17.0\Microsoft.NuGet.targets(186,5): message :       PrepareResourceNames;
C:\Program Files\Microsoft Visual Studio\2022\Community\MSBuild\Microsoft\NuGet\17.0\Microsoft.NuGet.targets(186,5): message :       ResGen;
C:\Program Files\Microsoft Visual Studio\2022\Community\MSBuild\Microsoft\NuGet\17.0\Microsoft.NuGet.targets(186,5): message :       CompileLicxFiles
C:\Program Files\Microsoft Visual Studio\2022\Community\MSBuild\Microsoft\NuGet\17.0\Microsoft.NuGet.targets(186,5): message :      
C:\Program Files\Microsoft Visual Studio\2022\Community\MSBuild\Microsoft\NuGet\17.0\Microsoft.NuGet.targets(186,5): message :     ") C:\Program Files\Microsoft Visual Studio\2022\Community\MSBuild\Microsoft\NuGet\17.0\Microsoft.NuGet.targets (186,5)
$(MSBuildExtensionsPath) で使用されている検索パスは C:\Program Files\Microsoft Visual Studio\2022\Community\MSBuild;$(MSBuildProgramFiles32)\MSBuild です
$(MSBuildExtensionsPath) で使用されている検索パスは C:\Program Files\Microsoft Visual Studio\2022\Community\MSBuild;$(MSBuildProgramFiles32)\MSBuild です
拡張パス C:\Program Files\Microsoft Visual Studio\2022\Community\MSBuild を使用して C:\Program Files\Microsoft Visual Studio\2022\Community\MSBuild\Microsoft\VisualStudio\WebTools.Aspire\Microsoft.WebTools.Aspire.targets をインポートしようとしています
C:\Program Files\Microsoft Visual Studio\2022\Community\MSBuild\Microsoft\VisualStudio\WebTools.Aspire\Microsoft.WebTools.Aspire.targets(25,5): message : プロパティの再代入: $(JsonSchemaCombinedFilePath)="C:\Users\bluec\Kamata\TakeCEngine\generated\obj\DirectXGame\Debug\CombinedComponentSchema.json" (以前の値: "C:\Users\bluec\Kamata\TakeCEngine\project\..\generated\obj\DirectXGame\Debug\\CombinedComponentSchema.json") C:\Program Files\Microsoft Visual Studio\2022\Community\MSBuild\Microsoft\VisualStudio\WebTools.Aspire\Microsoft.WebTools.Aspire.targets (25,5)
C:\Program Files\Microsoft Visual Studio\2022\Community\MSBuild\Microsoft\VisualStudio\WebTools.Aspire\Microsoft.WebTools.Aspire.targets(27,5): message : プロパティの再代入: $(AppSettingsJsonSchemaCombinedFilePath)="C:\Users\bluec\Kamata\TakeCEngine\generated\obj\DirectXGame\Debug\AppSettingsSchema.json" (以前の値: "C:\Users\bluec\Kamata\TakeCEngine\project\..\generated\obj\DirectXGame\Debug\\AppSettingsSchema.json") C:\Program Files\Microsoft Visual Studio\2022\Community\MSBuild\Microsoft\VisualStudio\WebTools.Aspire\Microsoft.WebTools.Aspire.targets (27,5)
C:\Program Files\Microsoft Visual Studio\2022\Community\MSBuild\Microsoft\VC\v170\Microsoft.BuildSteps.Targets(39,5): message : プロパティの再代入: $(DebugType)="" (以前の値: "none") C:\Program Files\Microsoft Visual Studio\2022\Community\MSBuild\Microsoft\VC\v170\Microsoft.BuildSteps.Targets (39,5)
C:\Program Files\Microsoft Visual Studio\2022\Community\MSBuild\Microsoft\VC\v170\Microsoft.BuildSteps.Targets(122,5): message : プロパティの再代入: $(BuildDependsOn)="
C:\Program Files\Microsoft Visual Studio\2022\Community\MSBuild\Microsoft\VC\v170\Microsoft.BuildSteps.Targets(122,5): message :       _PrepareForBuild;
C:\Program Files\Microsoft Visual Studio\2022\Community\MSBuild\Microsoft\VC\v170\Microsoft.BuildSteps.Targets(122,5): message :       
C:\Program Files\Microsoft Visual Studio\2022\Community\MSBuild\Microsoft\VC\v170\Microsoft.BuildSteps.Targets(122,5): message :       ResolveReferences;
C:\Program Files\Microsoft Visual Studio\2022\Community\MSBuild\Microsoft\VC\v170\Microsoft.BuildSteps.Targets(122,5): message :       PrepareForBuild;
C:\Program Files\Microsoft Visual Studio\2022\Community\MSBuild\Microsoft\VC\v170\Microsoft.BuildSteps.Targets(122,5): message :       InitializeBuildStatus;
C:\Program Files\Microsoft Visual Studio\2022\Community\MSBuild\Microsoft\VC\v170\Microsoft.BuildSteps.Targets(122,5): message :       BuildGenerateSources;
C:\Program Files\Microsoft Visual Studio\2022\Community\MSBuild\Microsoft\VC\v170\Microsoft.BuildSteps.Targets(122,5): message :       BuildCompile;
C:\Program Files\Microsoft Visual Studio\2022\Community\MSBuild\Microsoft\VC\v170\Microsoft.BuildSteps.Targets(122,5): message :       BuildLink;
C:\Program Files\Microsoft Visual Studio\2022\Community\MSBuild\Microsoft\VC\v170\Microsoft.BuildSteps.Targets(122,5): message :     ;
C:\Program Files\Microsoft Visual Studio\2022\Community\MSBuild\Microsoft\VC\v170\Microsoft.BuildSteps.Targets(122,5): message :       AfterBuild;
C:\Program Files\Microsoft Visual Studio\2022\Community\MSBuild\Microsoft\VC\v170\Microsoft.BuildSteps.Targets(122,5): message :       IncrementalClean;
C:\Program Files\Microsoft Visual Studio\2022\Community\MSBuild\Microsoft\VC\v170\Microsoft.BuildSteps.Targets(122,5): message :       TlogCleanup;
C:\Program Files\Microsoft Visual Studio\2022\Community\MSBuild\Microsoft\VC\v170\Microsoft.BuildSteps.Targets(122,5): message :       FinalizeBuildStatus;
C:\Program Files\Microsoft Visual Studio\2022\Community\MSBuild\Microsoft\VC\v170\Microsoft.BuildSteps.Targets(122,5): message :     " (以前の値: "
C:\Program Files\Microsoft Visual Studio\2022\Community\MSBuild\Microsoft\VC\v170\Microsoft.BuildSteps.Targets(122,5): message :       BeforeBuild;
C:\Program Files\Microsoft Visual Studio\2022\Community\MSBuild\Microsoft\VC\v170\Microsoft.BuildSteps.Targets(122,5): message :       CoreBuild;
C:\Program Files\Microsoft Visual Studio\2022\Community\MSBuild\Microsoft\VC\v170\Microsoft.BuildSteps.Targets(122,5): message :       AfterBuild
C:\Program Files\Microsoft Visual Studio\2022\Community\MSBuild\Microsoft\VC\v170\Microsoft.BuildSteps.Targets(122,5): message :     ") C:\Program Files\Microsoft Visual Studio\2022\Community\MSBuild\Microsoft\VC\v170\Microsoft.BuildSteps.Targets (122,5)
C:\Program Files\Microsoft Visual Studio\2022\Community\MSBuild\Microsoft\VC\v170\Microsoft.BuildSteps.Targets(131,5): message : プロパティの再代入: $(RebuildDependsOn)="
C:\Program Files\Microsoft Visual Studio\2022\Community\MSBuild\Microsoft\VC\v170\Microsoft.BuildSteps.Targets(131,5): message :       _PrepareForRebuild;
C:\Program Files\Microsoft Visual Studio\2022\Community\MSBuild\Microsoft\VC\v170\Microsoft.BuildSteps.Targets(131,5): message :       
C:\Program Files\Microsoft Visual Studio\2022\Community\MSBuild\Microsoft\VC\v170\Microsoft.BuildSteps.Targets(131,5): message :       BeforeRebuild;
C:\Program Files\Microsoft Visual Studio\2022\Community\MSBuild\Microsoft\VC\v170\Microsoft.BuildSteps.Targets(131,5): message :       Clean;
C:\Program Files\Microsoft Visual Studio\2022\Community\MSBuild\Microsoft\VC\v170\Microsoft.BuildSteps.Targets(131,5): message :       Build;
C:\Program Files\Microsoft Visual Studio\2022\Community\MSBuild\Microsoft\VC\v170\Microsoft.BuildSteps.Targets(131,5): message :       AfterRebuild;
C:\Program Files\Microsoft Visual Studio\2022\Community\MSBuild\Microsoft\VC\v170\Microsoft.BuildSteps.Targets(131,5): message :     ;
C:\Program Files\Microsoft Visual Studio\2022\Community\MSBuild\Microsoft\VC\v170\Microsoft.BuildSteps.Targets(131,5): message :     " (以前の値: "
C:\Program Files\Microsoft Visual Studio\2022\Community\MSBuild\Microsoft\VC\v170\Microsoft.BuildSteps.Targets(131,5): message :       BeforeRebuild;
C:\Program Files\Microsoft Visual Studio\2022\Community\MSBuild\Microsoft\VC\v170\Microsoft.BuildSteps.Targets(131,5): message :       Clean;
C:\Program Files\Microsoft Visual Studio\2022\Community\MSBuild\Microsoft\VC\v170\Microsoft.BuildSteps.Targets(131,5): message :       Build;
C:\Program Files\Microsoft Visual Studio\2022\Community\MSBuild\Microsoft\VC\v170\Microsoft.BuildSteps.Targets(131,5): message :       AfterRebuild;
C:\Program Files\Microsoft Visual Studio\2022\Community\MSBuild\Microsoft\VC\v170\Microsoft.BuildSteps.Targets(131,5): message :     ") C:\Program Files\Microsoft Visual Studio\2022\Community\MSBuild\Microsoft\VC\v170\Microsoft.BuildSteps.Targets (131,5)
C:\Program Files\Microsoft Visual Studio\2022\Community\MSBuild\Microsoft\VC\v170\Microsoft.BuildSteps.Targets(136,5): message : プロパティの再代入: $(CleanDependsOn)="
C:\Program Files\Microsoft Visual Studio\2022\Community\MSBuild\Microsoft\VC\v170\Microsoft.BuildSteps.Targets(136,5): message :       _PrepareForClean;
C:\Program Files\Microsoft Visual Studio\2022\Community\MSBuild\Microsoft\VC\v170\Microsoft.BuildSteps.Targets(136,5): message :       
C:\Program Files\Microsoft Visual Studio\2022\Community\MSBuild\Microsoft\VC\v170\Microsoft.BuildSteps.Targets(136,5): message :       BeforeClean;
C:\Program Files\Microsoft Visual Studio\2022\Community\MSBuild\Microsoft\VC\v170\Microsoft.BuildSteps.Targets(136,5): message :       UnmanagedUnregistration;
C:\Program Files\Microsoft Visual Studio\2022\Community\MSBuild\Microsoft\VC\v170\Microsoft.BuildSteps.Targets(136,5): message :       CoreClean;
C:\Program Files\Microsoft Visual Studio\2022\Community\MSBuild\Microsoft\VC\v170\Microsoft.BuildSteps.Targets(136,5): message :       CleanReferencedProjects;
C:\Program Files\Microsoft Visual Studio\2022\Community\MSBuild\Microsoft\VC\v170\Microsoft.BuildSteps.Targets(136,5): message :       CleanPublishFolder;
C:\Program Files\Microsoft Visual Studio\2022\Community\MSBuild\Microsoft\VC\v170\Microsoft.BuildSteps.Targets(136,5): message :       AfterClean
C:\Program Files\Microsoft Visual Studio\2022\Community\MSBuild\Microsoft\VC\v170\Microsoft.BuildSteps.Targets(136,5): message :     ;
C:\Program Files\Microsoft Visual Studio\2022\Community\MSBuild\Microsoft\VC\v170\Microsoft.BuildSteps.Targets(136,5): message :     " (以前の値: "
C:\Program Files\Microsoft Visual Studio\2022\Community\MSBuild\Microsoft\VC\v170\Microsoft.BuildSteps.Targets(136,5): message :       BeforeClean;
C:\Program Files\Microsoft Visual Studio\2022\Community\MSBuild\Microsoft\VC\v170\Microsoft.BuildSteps.Targets(136,5): message :       UnmanagedUnregistration;
C:\Program Files\Microsoft Visual Studio\2022\Community\MSBuild\Microsoft\VC\v170\Microsoft.BuildSteps.Targets(136,5): message :       CoreClean;
C:\Program Files\Microsoft Visual Studio\2022\Community\MSBuild\Microsoft\VC\v170\Microsoft.BuildSteps.Targets(136,5): message :       CleanReferencedProjects;
C:\Program Files\Microsoft Visual Studio\2022\Community\MSBuild\Microsoft\VC\v170\Microsoft.BuildSteps.Targets(136,5): message :       CleanPublishFolder;
C:\Program Files\Microsoft Visual Studio\2022\Community\MSBuild\Microsoft\VC\v170\Microsoft.BuildSteps.Targets(136,5): message :       AfterClean
C:\Program Files\Microsoft Visual Studio\2022\Community\MSBuild\Microsoft\VC\v170\Microsoft.BuildSteps.Targets(136,5): message :     ") C:\Program Files\Microsoft Visual Studio\2022\Community\MSBuild\Microsoft\VC\v170\Microsoft.BuildSteps.Targets (136,5)
C:\Program Files\Microsoft Visual Studio\2022\Community\MSBuild\Microsoft\VC\v170\Microsoft.CppBuild.targets(60,5): message : プロパティの再代入: $(BeforeBuildGenerateSourcesTargets)="
C:\Program Files\Microsoft Visual Studio\2022\Community\MSBuild\Microsoft\VC\v170\Microsoft.CppBuild.targets(60,5): message :       
C:\Program Files\Microsoft Visual Studio\2022\Community\MSBuild\Microsoft\VC\v170\Microsoft.CppBuild.targets(60,5): message :       ;
C:\Program Files\Microsoft Visual Studio\2022\Community\MSBuild\Microsoft\VC\v170\Microsoft.CppBuild.targets(60,5): message :       BeforeBuildGenerateSources;
C:\Program Files\Microsoft Visual Studio\2022\Community\MSBuild\Microsoft\VC\v170\Microsoft.CppBuild.targets(60,5): message :     ;
C:\Program Files\Microsoft Visual Studio\2022\Community\MSBuild\Microsoft\VC\v170\Microsoft.CppBuild.targets(60,5): message :     " (以前の値: "
C:\Program Files\Microsoft Visual Studio\2022\Community\MSBuild\Microsoft\VC\v170\Microsoft.CppBuild.targets(60,5): message :       ;
C:\Program Files\Microsoft Visual Studio\2022\Community\MSBuild\Microsoft\VC\v170\Microsoft.CppBuild.targets(60,5): message :       BeforeBuildGenerateSources;
C:\Program Files\Microsoft Visual Studio\2022\Community\MSBuild\Microsoft\VC\v170\Microsoft.CppBuild.targets(60,5): message :     ") C:\Program Files\Microsoft Visual Studio\2022\Community\MSBuild\Microsoft\VC\v170\Microsoft.CppBuild.targets (60,5)
C:\Program Files\Microsoft Visual Studio\2022\Community\MSBuild\Microsoft\VC\v170\Microsoft.CppBuild.targets(71,5): message : プロパティの再代入: $(AfterBuildGenerateSourcesTargets)="
C:\Program Files\Microsoft Visual Studio\2022\Community\MSBuild\Microsoft\VC\v170\Microsoft.CppBuild.targets(71,5): message :       
C:\Program Files\Microsoft Visual Studio\2022\Community\MSBuild\Microsoft\VC\v170\Microsoft.CppBuild.targets(71,5): message :       ;
C:\Program Files\Microsoft Visual Studio\2022\Community\MSBuild\Microsoft\VC\v170\Microsoft.CppBuild.targets(71,5): message :       AfterBuildGenerateSources;
C:\Program Files\Microsoft Visual Studio\2022\Community\MSBuild\Microsoft\VC\v170\Microsoft.CppBuild.targets(71,5): message :     ;
C:\Program Files\Microsoft Visual Studio\2022\Community\MSBuild\Microsoft\VC\v170\Microsoft.CppBuild.targets(71,5): message :       AfterBuildGenerateSourcesEvent;
C:\Program Files\Microsoft Visual Studio\2022\Community\MSBuild\Microsoft\VC\v170\Microsoft.CppBuild.targets(71,5): message :     " (以前の値: "
C:\Program Files\Microsoft Visual Studio\2022\Community\MSBuild\Microsoft\VC\v170\Microsoft.CppBuild.targets(71,5): message :       ;
C:\Program Files\Microsoft Visual Studio\2022\Community\MSBuild\Microsoft\VC\v170\Microsoft.CppBuild.targets(71,5): message :       AfterBuildGenerateSources;
C:\Program Files\Microsoft Visual Studio\2022\Community\MSBuild\Microsoft\VC\v170\Microsoft.CppBuild.targets(71,5): message :     ") C:\Program Files\Microsoft Visual Studio\2022\Community\MSBuild\Microsoft\VC\v170\Microsoft.CppBuild.targets (71,5)
C:\Program Files\Microsoft Visual Studio\2022\Community\MSBuild\Microsoft\VC\v170\Microsoft.CppBuild.targets(140,5): message : プロパティの再代入: $(BuildGenerateSourcesAction)="_BuildGenerateSourcesAction" (以前の値: "Build") C:\Program Files\Microsoft Visual Studio\2022\Community\MSBuild\Microsoft\VC\v170\Microsoft.CppBuild.targets (140,5)
C:\Program Files\Microsoft Visual Studio\2022\Community\MSBuild\Microsoft\VC\v170\Microsoft.CppBuild.targets(141,5): message : プロパティの再代入: $(BuildCompileAction)="_BuildCompileAction" (以前の値: "Build") C:\Program Files\Microsoft Visual Studio\2022\Community\MSBuild\Microsoft\VC\v170\Microsoft.CppBuild.targets (141,5)
C:\Program Files\Microsoft Visual Studio\2022\Community\MSBuild\Microsoft\VC\v170\Microsoft.CppBuild.targets(142,5): message : プロパティの再代入: $(BuildLinkAction)="_BuildLinkAction" (以前の値: "Build") C:\Program Files\Microsoft Visual Studio\2022\Community\MSBuild\Microsoft\VC\v170\Microsoft.CppBuild.targets (142,5)
C:\Program Files\Microsoft Visual Studio\2022\Community\MSBuild\Microsoft\VC\v170\Microsoft.CppBuild.targets(249,5): message : プロパティの再代入: $(DetermineProjectTypeTargets)="_PrepareForReferenceResolution;
C:\Program Files\Microsoft Visual Studio\2022\Community\MSBuild\Microsoft\VC\v170\Microsoft.CppBuild.targets(249,5): message :       ;
C:\Program Files\Microsoft Visual Studio\2022\Community\MSBuild\Microsoft\VC\v170\Microsoft.CppBuild.targets(249,5): message :       AddExternalIncludDirectoriesToPaths
C:\Program Files\Microsoft Visual Studio\2022\Community\MSBuild\Microsoft\VC\v170\Microsoft.CppBuild.targets(249,5): message :     " (以前の値: "
C:\Program Files\Microsoft Visual Studio\2022\Community\MSBuild\Microsoft\VC\v170\Microsoft.CppBuild.targets(249,5): message :       ;
C:\Program Files\Microsoft Visual Studio\2022\Community\MSBuild\Microsoft\VC\v170\Microsoft.CppBuild.targets(249,5): message :       AddExternalIncludDirectoriesToPaths
C:\Program Files\Microsoft Visual Studio\2022\Community\MSBuild\Microsoft\VC\v170\Microsoft.CppBuild.targets(249,5): message :     ") C:\Program Files\Microsoft Visual Studio\2022\Community\MSBuild\Microsoft\VC\v170\Microsoft.CppBuild.targets (249,5)
C:\Program Files\Microsoft Visual Studio\2022\Community\MSBuild\Microsoft\VC\v170\Microsoft.CppBuild.targets(314,5): message : プロパティの再代入: $(ResolveReferencesDependsOn)="_PrepareForReferenceResolution;ComputeCrtSDKReference;
C:\Program Files\Microsoft Visual Studio\2022\Community\MSBuild\Microsoft\VC\v170\Microsoft.CppBuild.targets(314,5): message :       
C:\Program Files\Microsoft Visual Studio\2022\Community\MSBuild\Microsoft\VC\v170\Microsoft.CppBuild.targets(314,5): message :       BeforeResolveReferences;
C:\Program Files\Microsoft Visual Studio\2022\Community\MSBuild\Microsoft\VC\v170\Microsoft.CppBuild.targets(314,5): message :       AssignProjectConfiguration;
C:\Program Files\Microsoft Visual Studio\2022\Community\MSBuild\Microsoft\VC\v170\Microsoft.CppBuild.targets(314,5): message :       ResolveProjectReferences;
C:\Program Files\Microsoft Visual Studio\2022\Community\MSBuild\Microsoft\VC\v170\Microsoft.CppBuild.targets(314,5): message :       FindInvalidProjectReferences;
C:\Program Files\Microsoft Visual Studio\2022\Community\MSBuild\Microsoft\VC\v170\Microsoft.CppBuild.targets(314,5): message :       ResolveNativeReferences;
C:\Program Files\Microsoft Visual Studio\2022\Community\MSBuild\Microsoft\VC\v170\Microsoft.CppBuild.targets(314,5): message :       ResolveAssemblyReferences;
C:\Program Files\Microsoft Visual Studio\2022\Community\MSBuild\Microsoft\VC\v170\Microsoft.CppBuild.targets(314,5): message :       GenerateBindingRedirects;
C:\Program Files\Microsoft Visual Studio\2022\Community\MSBuild\Microsoft\VC\v170\Microsoft.CppBuild.targets(314,5): message :       GenerateBindingRedirectsUpdateAppConfig;
C:\Program Files\Microsoft Visual Studio\2022\Community\MSBuild\Microsoft\VC\v170\Microsoft.CppBuild.targets(314,5): message :       ResolveComReferences;
C:\Program Files\Microsoft Visual Studio\2022\Community\MSBuild\Microsoft\VC\v170\Microsoft.CppBuild.targets(314,5): message :       AfterResolveReferences
C:\Program Files\Microsoft Visual Studio\2022\Community\MSBuild\Microsoft\VC\v170\Microsoft.CppBuild.targets(314,5): message :     ;
C:\Program Files\Microsoft Visual Studio\2022\Community\MSBuild\Microsoft\VC\v170\Microsoft.CppBuild.targets(314,5): message :       ResolveTestReferences
C:\Program Files\Microsoft Visual Studio\2022\Community\MSBuild\Microsoft\VC\v170\Microsoft.CppBuild.targets(314,5): message :     " (以前の値: "
C:\Program Files\Microsoft Visual Studio\2022\Community\MSBuild\Microsoft\VC\v170\Microsoft.CppBuild.targets(314,5): message :       
C:\Program Files\Microsoft Visual Studio\2022\Community\MSBuild\Microsoft\VC\v170\Microsoft.CppBuild.targets(314,5): message :       BeforeResolveReferences;
C:\Program Files\Microsoft Visual Studio\2022\Community\MSBuild\Microsoft\VC\v170\Microsoft.CppBuild.targets(314,5): message :       AssignProjectConfiguration;
C:\Program Files\Microsoft Visual Studio\2022\Community\MSBuild\Microsoft\VC\v170\Microsoft.CppBuild.targets(314,5): message :       ResolveProjectReferences;
C:\Program Files\Microsoft Visual Studio\2022\Community\MSBuild\Microsoft\VC\v170\Microsoft.CppBuild.targets(314,5): message :       FindInvalidProjectReferences;
C:\Program Files\Microsoft Visual Studio\2022\Community\MSBuild\Microsoft\VC\v170\Microsoft.CppBuild.targets(314,5): message :       ResolveNativeReferences;
C:\Program Files\Microsoft Visual Studio\2022\Community\MSBuild\Microsoft\VC\v170\Microsoft.CppBuild.targets(314,5): message :       ResolveAssemblyReferences;
C:\Program Files\Microsoft Visual Studio\2022\Community\MSBuild\Microsoft\VC\v170\Microsoft.CppBuild.targets(314,5): message :       GenerateBindingRedirects;
C:\Program Files\Microsoft Visual Studio\2022\Community\MSBuild\Microsoft\VC\v170\Microsoft.CppBuild.targets(314,5): message :       GenerateBindingRedirectsUpdateAppConfig;
C:\Program Files\Microsoft Visual Studio\2022\Community\MSBuild\Microsoft\VC\v170\Microsoft.CppBuild.targets(314,5): message :       ResolveComReferences;
C:\Program Files\Microsoft Visual Studio\2022\Community\MSBuild\Microsoft\VC\v170\Microsoft.CppBuild.targets(314,5): message :       AfterResolveReferences
C:\Program Files\Microsoft Visual Studio\2022\Community\MSBuild\Microsoft\VC\v170\Microsoft.CppBuild.targets(314,5): message :     ;
C:\Program Files\Microsoft Visual Studio\2022\Community\MSBuild\Microsoft\VC\v170\Microsoft.CppBuild.targets(314,5): message :       ResolveTestReferences
C:\Program Files\Microsoft Visual Studio\2022\Community\MSBuild\Microsoft\VC\v170\Microsoft.CppBuild.targets(314,5): message :     ") C:\Program Files\Microsoft Visual Studio\2022\Community\MSBuild\Microsoft\VC\v170\Microsoft.CppBuild.targets (314,5)
C:\Program Files\Microsoft Visual Studio\2022\Community\MSBuild\Microsoft\VC\v170\Microsoft.CppBuild.targets(315,5): message : プロパティの再代入: $(ResolveAssemblyReferencesDependsOn)="_PrepareForReferenceResolution;
C:\Program Files\Microsoft Visual Studio\2022\Community\MSBuild\Microsoft\VC\v170\Microsoft.CppBuild.targets(315,5): message :       ResolveProjectReferences;
C:\Program Files\Microsoft Visual Studio\2022\Community\MSBuild\Microsoft\VC\v170\Microsoft.CppBuild.targets(315,5): message :       FindInvalidProjectReferences;
C:\Program Files\Microsoft Visual Studio\2022\Community\MSBuild\Microsoft\VC\v170\Microsoft.CppBuild.targets(315,5): message :       GetFrameworkPaths;
C:\Program Files\Microsoft Visual Studio\2022\Community\MSBuild\Microsoft\VC\v170\Microsoft.CppBuild.targets(315,5): message :       GetReferenceAssemblyPaths;
C:\Program Files\Microsoft Visual Studio\2022\Community\MSBuild\Microsoft\VC\v170\Microsoft.CppBuild.targets(315,5): message :       PrepareForBuild;
C:\Program Files\Microsoft Visual Studio\2022\Community\MSBuild\Microsoft\VC\v170\Microsoft.CppBuild.targets(315,5): message :       ResolveSDKReferences;
C:\Program Files\Microsoft Visual Studio\2022\Community\MSBuild\Microsoft\VC\v170\Microsoft.CppBuild.targets(315,5): message :       ExpandSDKReferences;
C:\Program Files\Microsoft Visual Studio\2022\Community\MSBuild\Microsoft\VC\v170\Microsoft.CppBuild.targets(315,5): message :     ;ResolveNuGetPackageAssets" (以前の値: "
C:\Program Files\Microsoft Visual Studio\2022\Community\MSBuild\Microsoft\VC\v170\Microsoft.CppBuild.targets(315,5): message :       ResolveProjectReferences;
C:\Program Files\Microsoft Visual Studio\2022\Community\MSBuild\Microsoft\VC\v170\Microsoft.CppBuild.targets(315,5): message :       FindInvalidProjectReferences;
C:\Program Files\Microsoft Visual Studio\2022\Community\MSBuild\Microsoft\VC\v170\Microsoft.CppBuild.targets(315,5): message :       GetFrameworkPaths;
C:\Program Files\Microsoft Visual Studio\2022\Community\MSBuild\Microsoft\VC\v170\Microsoft.CppBuild.targets(315,5): message :       GetReferenceAssemblyPaths;
C:\Program Files\Microsoft Visual Studio\2022\Community\MSBuild\Microsoft\VC\v170\Microsoft.CppBuild.targets(315,5): message :       PrepareForBuild;
C:\Program Files\Microsoft Visual Studio\2022\Community\MSBuild\Microsoft\VC\v170\Microsoft.CppBuild.targets(315,5): message :       ResolveSDKReferences;
C:\Program Files\Microsoft Visual Studio\2022\Community\MSBuild\Microsoft\VC\v170\Microsoft.CppBuild.targets(315,5): message :       ExpandSDKReferences;
C:\Program Files\Microsoft Visual Studio\2022\Community\MSBuild\Microsoft\VC\v170\Microsoft.CppBuild.targets(315,5): message :     ;ResolveNuGetPackageAssets") C:\Program Files\Microsoft Visual Studio\2022\Community\MSBuild\Microsoft\VC\v170\Microsoft.CppBuild.targets (315,5)
C:\Program Files\Microsoft Visual Studio\2022\Community\MSBuild\Microsoft\VC\v170\Microsoft.CppBuild.targets(316,5): message : プロパティの再代入: $(ResolveSDKReferencesDependsOn)="_PrepareForReferenceResolution;ComputeCrtSDKReference;
C:\Program Files\Microsoft Visual Studio\2022\Community\MSBuild\Microsoft\VC\v170\Microsoft.CppBuild.targets(316,5): message :       GetInstalledSDKLocations
C:\Program Files\Microsoft Visual Studio\2022\Community\MSBuild\Microsoft\VC\v170\Microsoft.CppBuild.targets(316,5): message :     " (以前の値: "
C:\Program Files\Microsoft Visual Studio\2022\Community\MSBuild\Microsoft\VC\v170\Microsoft.CppBuild.targets(316,5): message :       GetInstalledSDKLocations
C:\Program Files\Microsoft Visual Studio\2022\Community\MSBuild\Microsoft\VC\v170\Microsoft.CppBuild.targets(316,5): message :     ") C:\Program Files\Microsoft Visual Studio\2022\Community\MSBuild\Microsoft\VC\v170\Microsoft.CppBuild.targets (316,5)
C:\Program Files\Microsoft Visual Studio\2022\Community\MSBuild\Microsoft\VC\v170\Microsoft.CppBuild.targets(646,5): message : プロパティの再代入: $(ComputeCompileInputsTargets)="
C:\Program Files\Microsoft Visual Studio\2022\Community\MSBuild\Microsoft\VC\v170\Microsoft.CppBuild.targets(646,5): message :       
C:\Program Files\Microsoft Visual Studio\2022\Community\MSBuild\Microsoft\VC\v170\Microsoft.CppBuild.targets(646,5): message :       ;
C:\Program Files\Microsoft Visual Studio\2022\Community\MSBuild\Microsoft\VC\v170\Microsoft.CppBuild.targets(646,5): message :       GenerateTargetFrameworkMonikerAttribute;
C:\Program Files\Microsoft Visual Studio\2022\Community\MSBuild\Microsoft\VC\v170\Microsoft.CppBuild.targets(646,5): message :     ;
C:\Program Files\Microsoft Visual Studio\2022\Community\MSBuild\Microsoft\VC\v170\Microsoft.CppBuild.targets(646,5): message :       ComputeMIDLGeneratedCompileInputs;
C:\Program Files\Microsoft Visual Studio\2022\Community\MSBuild\Microsoft\VC\v170\Microsoft.CppBuild.targets(646,5): message :     " (以前の値: "
C:\Program Files\Microsoft Visual Studio\2022\Community\MSBuild\Microsoft\VC\v170\Microsoft.CppBuild.targets(646,5): message :       ;
C:\Program Files\Microsoft Visual Studio\2022\Community\MSBuild\Microsoft\VC\v170\Microsoft.CppBuild.targets(646,5): message :       GenerateTargetFrameworkMonikerAttribute;
C:\Program Files\Microsoft Visual Studio\2022\Community\MSBuild\Microsoft\VC\v170\Microsoft.CppBuild.targets(646,5): message :     ") C:\Program Files\Microsoft Visual Studio\2022\Community\MSBuild\Microsoft\VC\v170\Microsoft.CppBuild.targets (646,5)
C:\Program Files\Microsoft Visual Studio\2022\Community\MSBuild\Microsoft\VC\v170\Microsoft.CppBuild.targets(962,5): message : プロパティの再代入: $(ComputeLinkInputsTargets)="
C:\Program Files\Microsoft Visual Studio\2022\Community\MSBuild\Microsoft\VC\v170\Microsoft.CppBuild.targets(962,5): message :       
C:\Program Files\Microsoft Visual Studio\2022\Community\MSBuild\Microsoft\VC\v170\Microsoft.CppBuild.targets(962,5): message :       ;
C:\Program Files\Microsoft Visual Studio\2022\Community\MSBuild\Microsoft\VC\v170\Microsoft.CppBuild.targets(962,5): message :       ComputeRCGeneratedLinkInputs;
C:\Program Files\Microsoft Visual Studio\2022\Community\MSBuild\Microsoft\VC\v170\Microsoft.CppBuild.targets(962,5): message :     ;
C:\Program Files\Microsoft Visual Studio\2022\Community\MSBuild\Microsoft\VC\v170\Microsoft.CppBuild.targets(962,5): message :       ComputeManifestGeneratedLinkerInputs;
C:\Program Files\Microsoft Visual Studio\2022\Community\MSBuild\Microsoft\VC\v170\Microsoft.CppBuild.targets(962,5): message :     " (以前の値: "
C:\Program Files\Microsoft Visual Studio\2022\Community\MSBuild\Microsoft\VC\v170\Microsoft.CppBuild.targets(962,5): message :       ;
C:\Program Files\Microsoft Visual Studio\2022\Community\MSBuild\Microsoft\VC\v170\Microsoft.CppBuild.targets(962,5): message :       ComputeRCGeneratedLinkInputs;
C:\Program Files\Microsoft Visual Studio\2022\Community\MSBuild\Microsoft\VC\v170\Microsoft.CppBuild.targets(962,5): message :     ") C:\Program Files\Microsoft Visual Studio\2022\Community\MSBuild\Microsoft\VC\v170\Microsoft.CppBuild.targets (962,5)
C:\Program Files\Microsoft Visual Studio\2022\Community\MSBuild\Microsoft\VC\v170\Microsoft.CppBuild.targets(1159,5): message : プロパティの再代入: $(ComputeCompileInputsTargets)="
C:\Program Files\Microsoft Visual Studio\2022\Community\MSBuild\Microsoft\VC\v170\Microsoft.CppBuild.targets(1159,5): message :       
C:\Program Files\Microsoft Visual Studio\2022\Community\MSBuild\Microsoft\VC\v170\Microsoft.CppBuild.targets(1159,5): message :       
C:\Program Files\Microsoft Visual Studio\2022\Community\MSBuild\Microsoft\VC\v170\Microsoft.CppBuild.targets(1159,5): message :       ;
C:\Program Files\Microsoft Visual Studio\2022\Community\MSBuild\Microsoft\VC\v170\Microsoft.CppBuild.targets(1159,5): message :       GenerateTargetFrameworkMonikerAttribute;
C:\Program Files\Microsoft Visual Studio\2022\Community\MSBuild\Microsoft\VC\v170\Microsoft.CppBuild.targets(1159,5): message :     ;
C:\Program Files\Microsoft Visual Studio\2022\Community\MSBuild\Microsoft\VC\v170\Microsoft.CppBuild.targets(1159,5): message :       ComputeMIDLGeneratedCompileInputs;
C:\Program Files\Microsoft Visual Studio\2022\Community\MSBuild\Microsoft\VC\v170\Microsoft.CppBuild.targets(1159,5): message :     ;
C:\Program Files\Microsoft Visual Studio\2022\Community\MSBuild\Microsoft\VC\v170\Microsoft.CppBuild.targets(1159,5): message :       ComputeCLInputPDBName;
C:\Program Files\Microsoft Visual Studio\2022\Community\MSBuild\Microsoft\VC\v170\Microsoft.CppBuild.targets(1159,5): message :       ComputeReferenceCLInput;
C:\Program Files\Microsoft Visual Studio\2022\Community\MSBuild\Microsoft\VC\v170\Microsoft.CppBuild.targets(1159,5): message :       WarnCompileDuplicatedFilename
C:\Program Files\Microsoft Visual Studio\2022\Community\MSBuild\Microsoft\VC\v170\Microsoft.CppBuild.targets(1159,5): message :     " (以前の値: "
C:\Program Files\Microsoft Visual Studio\2022\Community\MSBuild\Microsoft\VC\v170\Microsoft.CppBuild.targets(1159,5): message :       
C:\Program Files\Microsoft Visual Studio\2022\Community\MSBuild\Microsoft\VC\v170\Microsoft.CppBuild.targets(1159,5): message :       ;
C:\Program Files\Microsoft Visual Studio\2022\Community\MSBuild\Microsoft\VC\v170\Microsoft.CppBuild.targets(1159,5): message :       GenerateTargetFrameworkMonikerAttribute;
C:\Program Files\Microsoft Visual Studio\2022\Community\MSBuild\Microsoft\VC\v170\Microsoft.CppBuild.targets(1159,5): message :     ;
C:\Program Files\Microsoft Visual Studio\2022\Community\MSBuild\Microsoft\VC\v170\Microsoft.CppBuild.targets(1159,5): message :       ComputeMIDLGeneratedCompileInputs;
C:\Program Files\Microsoft Visual Studio\2022\Community\MSBuild\Microsoft\VC\v170\Microsoft.CppBuild.targets(1159,5): message :     ") C:\Program Files\Microsoft Visual Studio\2022\Community\MSBuild\Microsoft\VC\v170\Microsoft.CppBuild.targets (1159,5)
C:\Program Files\Microsoft Visual Studio\2022\Community\MSBuild\Microsoft\VC\v170\Microsoft.CppBuild.targets(1211,5): message : プロパティの再代入: $(ComputeLinkInputsTargets)="
C:\Program Files\Microsoft Visual Studio\2022\Community\MSBuild\Microsoft\VC\v170\Microsoft.CppBuild.targets(1211,5): message :       
C:\Program Files\Microsoft Visual Studio\2022\Community\MSBuild\Microsoft\VC\v170\Microsoft.CppBuild.targets(1211,5): message :       
C:\Program Files\Microsoft Visual Studio\2022\Community\MSBuild\Microsoft\VC\v170\Microsoft.CppBuild.targets(1211,5): message :       ;
C:\Program Files\Microsoft Visual Studio\2022\Community\MSBuild\Microsoft\VC\v170\Microsoft.CppBuild.targets(1211,5): message :       ComputeRCGeneratedLinkInputs;
C:\Program Files\Microsoft Visual Studio\2022\Community\MSBuild\Microsoft\VC\v170\Microsoft.CppBuild.targets(1211,5): message :     ;
C:\Program Files\Microsoft Visual Studio\2022\Community\MSBuild\Microsoft\VC\v170\Microsoft.CppBuild.targets(1211,5): message :       ComputeManifestGeneratedLinkerInputs;
C:\Program Files\Microsoft Visual Studio\2022\Community\MSBuild\Microsoft\VC\v170\Microsoft.CppBuild.targets(1211,5): message :     ;
C:\Program Files\Microsoft Visual Studio\2022\Community\MSBuild\Microsoft\VC\v170\Microsoft.CppBuild.targets(1211,5): message :       ComputeCustomBuildOutput;
C:\Program Files\Microsoft Visual Studio\2022\Community\MSBuild\Microsoft\VC\v170\Microsoft.CppBuild.targets(1211,5): message :     " (以前の値: "
C:\Program Files\Microsoft Visual Studio\2022\Community\MSBuild\Microsoft\VC\v170\Microsoft.CppBuild.targets(1211,5): message :       
C:\Program Files\Microsoft Visual Studio\2022\Community\MSBuild\Microsoft\VC\v170\Microsoft.CppBuild.targets(1211,5): message :       ;
C:\Program Files\Microsoft Visual Studio\2022\Community\MSBuild\Microsoft\VC\v170\Microsoft.CppBuild.targets(1211,5): message :       ComputeRCGeneratedLinkInputs;
C:\Program Files\Microsoft Visual Studio\2022\Community\MSBuild\Microsoft\VC\v170\Microsoft.CppBuild.targets(1211,5): message :     ;
C:\Program Files\Microsoft Visual Studio\2022\Community\MSBuild\Microsoft\VC\v170\Microsoft.CppBuild.targets(1211,5): message :       ComputeManifestGeneratedLinkerInputs;
C:\Program Files\Microsoft Visual Studio\2022\Community\MSBuild\Microsoft\VC\v170\Microsoft.CppBuild.targets(1211,5): message :     ") C:\Program Files\Microsoft Visual Studio\2022\Community\MSBuild\Microsoft\VC\v170\Microsoft.CppBuild.targets (1211,5)
C:\Program Files\Microsoft Visual Studio\2022\Community\MSBuild\Microsoft\VC\v170\Microsoft.CppBuild.targets(1218,5): message : プロパティの再代入: $(ComputeLibInputsTargets)="
C:\Program Files\Microsoft Visual Studio\2022\Community\MSBuild\Microsoft\VC\v170\Microsoft.CppBuild.targets(1218,5): message :       
C:\Program Files\Microsoft Visual Studio\2022\Community\MSBuild\Microsoft\VC\v170\Microsoft.CppBuild.targets(1218,5): message :       ;
C:\Program Files\Microsoft Visual Studio\2022\Community\MSBuild\Microsoft\VC\v170\Microsoft.CppBuild.targets(1218,5): message :       ComputeRCGeneratedLibInputs;
C:\Program Files\Microsoft Visual Studio\2022\Community\MSBuild\Microsoft\VC\v170\Microsoft.CppBuild.targets(1218,5): message :     ;
C:\Program Files\Microsoft Visual Studio\2022\Community\MSBuild\Microsoft\VC\v170\Microsoft.CppBuild.targets(1218,5): message :       ComputeCustomBuildOutput;
C:\Program Files\Microsoft Visual Studio\2022\Community\MSBuild\Microsoft\VC\v170\Microsoft.CppBuild.targets(1218,5): message :     " (以前の値: "
C:\Program Files\Microsoft Visual Studio\2022\Community\MSBuild\Microsoft\VC\v170\Microsoft.CppBuild.targets(1218,5): message :       ;
C:\Program Files\Microsoft Visual Studio\2022\Community\MSBuild\Microsoft\VC\v170\Microsoft.CppBuild.targets(1218,5): message :       ComputeRCGeneratedLibInputs;
C:\Program Files\Microsoft Visual Studio\2022\Community\MSBuild\Microsoft\VC\v170\Microsoft.CppBuild.targets(1218,5): message :     ") C:\Program Files\Microsoft Visual Studio\2022\Community\MSBuild\Microsoft\VC\v170\Microsoft.CppBuild.targets (1218,5)
C:\Program Files\Microsoft Visual Studio\2022\Community\MSBuild\Microsoft\VC\v170\Microsoft.CppBuild.targets(1225,5): message : プロパティの再代入: $(ComputeImpLibInputsTargets)="
C:\Program Files\Microsoft Visual Studio\2022\Community\MSBuild\Microsoft\VC\v170\Microsoft.CppBuild.targets(1225,5): message :       
C:\Program Files\Microsoft Visual Studio\2022\Community\MSBuild\Microsoft\VC\v170\Microsoft.CppBuild.targets(1225,5): message :       
C:\Program Files\Microsoft Visual Studio\2022\Community\MSBuild\Microsoft\VC\v170\Microsoft.CppBuild.targets(1225,5): message :       ;
C:\Program Files\Microsoft Visual Studio\2022\Community\MSBuild\Microsoft\VC\v170\Microsoft.CppBuild.targets(1225,5): message :       ComputeRCGeneratedLibInputs;
C:\Program Files\Microsoft Visual Studio\2022\Community\MSBuild\Microsoft\VC\v170\Microsoft.CppBuild.targets(1225,5): message :     ;
C:\Program Files\Microsoft Visual Studio\2022\Community\MSBuild\Microsoft\VC\v170\Microsoft.CppBuild.targets(1225,5): message :       ComputeRCGeneratedImpLibInputs;
C:\Program Files\Microsoft Visual Studio\2022\Community\MSBuild\Microsoft\VC\v170\Microsoft.CppBuild.targets(1225,5): message :     ;
C:\Program Files\Microsoft Visual Studio\2022\Community\MSBuild\Microsoft\VC\v170\Microsoft.CppBuild.targets(1225,5): message :       ComputeCustomBuildOutput;
C:\Program Files\Microsoft Visual Studio\2022\Community\MSBuild\Microsoft\VC\v170\Microsoft.CppBuild.targets(1225,5): message :     " (以前の値: "
C:\Program Files\Microsoft Visual Studio\2022\Community\MSBuild\Microsoft\VC\v170\Microsoft.CppBuild.targets(1225,5): message :       
C:\Program Files\Microsoft Visual Studio\2022\Community\MSBuild\Microsoft\VC\v170\Microsoft.CppBuild.targets(1225,5): message :       ;
C:\Program Files\Microsoft Visual Studio\2022\Community\MSBuild\Microsoft\VC\v170\Microsoft.CppBuild.targets(1225,5): message :       ComputeRCGeneratedLibInputs;
C:\Program Files\Microsoft Visual Studio\2022\Community\MSBuild\Microsoft\VC\v170\Microsoft.CppBuild.targets(1225,5): message :     ;
C:\Program Files\Microsoft Visual Studio\2022\Community\MSBuild\Microsoft\VC\v170\Microsoft.CppBuild.targets(1225,5): message :       ComputeRCGeneratedImpLibInputs;
C:\Program Files\Microsoft Visual Studio\2022\Community\MSBuild\Microsoft\VC\v170\Microsoft.CppBuild.targets(1225,5): message :     ") C:\Program Files\Microsoft Visual Studio\2022\Community\MSBuild\Microsoft\VC\v170\Microsoft.CppBuild.targets (1225,5)
C:\Program Files\Microsoft Visual Studio\2022\Community\MSBuild\Microsoft\VC\v170\Microsoft.CppBuild.targets(1286,5): message : プロパティの再代入: $(ComputeLinkInputsTargets)="
C:\Program Files\Microsoft Visual Studio\2022\Community\MSBuild\Microsoft\VC\v170\Microsoft.CppBuild.targets(1286,5): message :       
C:\Program Files\Microsoft Visual Studio\2022\Community\MSBuild\Microsoft\VC\v170\Microsoft.CppBuild.targets(1286,5): message :       
C:\Program Files\Microsoft Visual Studio\2022\Community\MSBuild\Microsoft\VC\v170\Microsoft.CppBuild.targets(1286,5): message :       
C:\Program Files\Microsoft Visual Studio\2022\Community\MSBuild\Microsoft\VC\v170\Microsoft.CppBuild.targets(1286,5): message :       ;
C:\Program Files\Microsoft Visual Studio\2022\Community\MSBuild\Microsoft\VC\v170\Microsoft.CppBuild.targets(1286,5): message :       ComputeRCGeneratedLinkInputs;
C:\Program Files\Microsoft Visual Studio\2022\Community\MSBuild\Microsoft\VC\v170\Microsoft.CppBuild.targets(1286,5): message :     ;
C:\Program Files\Microsoft Visual Studio\2022\Community\MSBuild\Microsoft\VC\v170\Microsoft.CppBuild.targets(1286,5): message :       ComputeManifestGeneratedLinkerInputs;
C:\Program Files\Microsoft Visual Studio\2022\Community\MSBuild\Microsoft\VC\v170\Microsoft.CppBuild.targets(1286,5): message :     ;
C:\Program Files\Microsoft Visual Studio\2022\Community\MSBuild\Microsoft\VC\v170\Microsoft.CppBuild.targets(1286,5): message :       ComputeCustomBuildOutput;
C:\Program Files\Microsoft Visual Studio\2022\Community\MSBuild\Microsoft\VC\v170\Microsoft.CppBuild.targets(1286,5): message :     ;
C:\Program Files\Microsoft Visual Studio\2022\Community\MSBuild\Microsoft\VC\v170\Microsoft.CppBuild.targets(1286,5): message :       ComputeCLGeneratedLinkInputs;
C:\Program Files\Microsoft Visual Studio\2022\Community\MSBuild\Microsoft\VC\v170\Microsoft.CppBuild.targets(1286,5): message :     " (以前の値: "
C:\Program Files\Microsoft Visual Studio\2022\Community\MSBuild\Microsoft\VC\v170\Microsoft.CppBuild.targets(1286,5): message :       
C:\Program Files\Microsoft Visual Studio\2022\Community\MSBuild\Microsoft\VC\v170\Microsoft.CppBuild.targets(1286,5): message :       
C:\Program Files\Microsoft Visual Studio\2022\Community\MSBuild\Microsoft\VC\v170\Microsoft.CppBuild.targets(1286,5): message :       ;
C:\Program Files\Microsoft Visual Studio\2022\Community\MSBuild\Microsoft\VC\v170\Microsoft.CppBuild.targets(1286,5): message :       ComputeRCGeneratedLinkInputs;
C:\Program Files\Microsoft Visual Studio\2022\Community\MSBuild\Microsoft\VC\v170\Microsoft.CppBuild.targets(1286,5): message :     ;
C:\Program Files\Microsoft Visual Studio\2022\Community\MSBuild\Microsoft\VC\v170\Microsoft.CppBuild.targets(1286,5): message :       ComputeManifestGeneratedLinkerInputs;
C:\Program Files\Microsoft Visual Studio\2022\Community\MSBuild\Microsoft\VC\v170\Microsoft.CppBuild.targets(1286,5): message :     ;
C:\Program Files\Microsoft Visual Studio\2022\Community\MSBuild\Microsoft\VC\v170\Microsoft.CppBuild.targets(1286,5): message :       ComputeCustomBuildOutput;
C:\Program Files\Microsoft Visual Studio\2022\Community\MSBuild\Microsoft\VC\v170\Microsoft.CppBuild.targets(1286,5): message :     ") C:\Program Files\Microsoft Visual Studio\2022\Community\MSBuild\Microsoft\VC\v170\Microsoft.CppBuild.targets (1286,5)
C:\Program Files\Microsoft Visual Studio\2022\Community\MSBuild\Microsoft\VC\v170\Microsoft.CppBuild.targets(1301,5): message : プロパティの再代入: $(ComputeLibInputsTargets)="
C:\Program Files\Microsoft Visual Studio\2022\Community\MSBuild\Microsoft\VC\v170\Microsoft.CppBuild.targets(1301,5): message :       
C:\Program Files\Microsoft Visual Studio\2022\Community\MSBuild\Microsoft\VC\v170\Microsoft.CppBuild.targets(1301,5): message :       
C:\Program Files\Microsoft Visual Studio\2022\Community\MSBuild\Microsoft\VC\v170\Microsoft.CppBuild.targets(1301,5): message :       ;
C:\Program Files\Microsoft Visual Studio\2022\Community\MSBuild\Microsoft\VC\v170\Microsoft.CppBuild.targets(1301,5): message :       ComputeRCGeneratedLibInputs;
C:\Program Files\Microsoft Visual Studio\2022\Community\MSBuild\Microsoft\VC\v170\Microsoft.CppBuild.targets(1301,5): message :     ;
C:\Program Files\Microsoft Visual Studio\2022\Community\MSBuild\Microsoft\VC\v170\Microsoft.CppBuild.targets(1301,5): message :       ComputeCustomBuildOutput;
C:\Program Files\Microsoft Visual Studio\2022\Community\MSBuild\Microsoft\VC\v170\Microsoft.CppBuild.targets(1301,5): message :     ;
C:\Program Files\Microsoft Visual Studio\2022\Community\MSBuild\Microsoft\VC\v170\Microsoft.CppBuild.targets(1301,5): message :       ComputeCLGeneratedLibInputs;
C:\Program Files\Microsoft Visual Studio\2022\Community\MSBuild\Microsoft\VC\v170\Microsoft.CppBuild.targets(1301,5): message :     " (以前の値: "
C:\Program Files\Microsoft Visual Studio\2022\Community\MSBuild\Microsoft\VC\v170\Microsoft.CppBuild.targets(1301,5): message :       
C:\Program Files\Microsoft Visual Studio\2022\Community\MSBuild\Microsoft\VC\v170\Microsoft.CppBuild.targets(1301,5): message :       ;
C:\Program Files\Microsoft Visual Studio\2022\Community\MSBuild\Microsoft\VC\v170\Microsoft.CppBuild.targets(1301,5): message :       ComputeRCGeneratedLibInputs;
C:\Program Files\Microsoft Visual Studio\2022\Community\MSBuild\Microsoft\VC\v170\Microsoft.CppBuild.targets(1301,5): message :     ;
C:\Program Files\Microsoft Visual Studio\2022\Community\MSBuild\Microsoft\VC\v170\Microsoft.CppBuild.targets(1301,5): message :       ComputeCustomBuildOutput;
C:\Program Files\Microsoft Visual Studio\2022\Community\MSBuild\Microsoft\VC\v170\Microsoft.CppBuild.targets(1301,5): message :     ") C:\Program Files\Microsoft Visual Studio\2022\Community\MSBuild\Microsoft\VC\v170\Microsoft.CppBuild.targets (1301,5)
C:\Program Files\Microsoft Visual Studio\2022\Community\MSBuild\Microsoft\VC\v170\Microsoft.CppBuild.targets(1316,5): message : プロパティの再代入: $(ComputeImpLibInputsTargets)="
C:\Program Files\Microsoft Visual Studio\2022\Community\MSBuild\Microsoft\VC\v170\Microsoft.CppBuild.targets(1316,5): message :       
C:\Program Files\Microsoft Visual Studio\2022\Community\MSBuild\Microsoft\VC\v170\Microsoft.CppBuild.targets(1316,5): message :       
C:\Program Files\Microsoft Visual Studio\2022\Community\MSBuild\Microsoft\VC\v170\Microsoft.CppBuild.targets(1316,5): message :       
C:\Program Files\Microsoft Visual Studio\2022\Community\MSBuild\Microsoft\VC\v170\Microsoft.CppBuild.targets(1316,5): message :       ;
C:\Program Files\Microsoft Visual Studio\2022\Community\MSBuild\Microsoft\VC\v170\Microsoft.CppBuild.targets(1316,5): message :       ComputeRCGeneratedLibInputs;
C:\Program Files\Microsoft Visual Studio\2022\Community\MSBuild\Microsoft\VC\v170\Microsoft.CppBuild.targets(1316,5): message :     ;
C:\Program Files\Microsoft Visual Studio\2022\Community\MSBuild\Microsoft\VC\v170\Microsoft.CppBuild.targets(1316,5): message :       ComputeRCGeneratedImpLibInputs;
C:\Program Files\Microsoft Visual Studio\2022\Community\MSBuild\Microsoft\VC\v170\Microsoft.CppBuild.targets(1316,5): message :     ;
C:\Program Files\Microsoft Visual Studio\2022\Community\MSBuild\Microsoft\VC\v170\Microsoft.CppBuild.targets(1316,5): message :       ComputeCustomBuildOutput;
C:\Program Files\Microsoft Visual Studio\2022\Community\MSBuild\Microsoft\VC\v170\Microsoft.CppBuild.targets(1316,5): message :     ;
C:\Program Files\Microsoft Visual Studio\2022\Community\MSBuild\Microsoft\VC\v170\Microsoft.CppBuild.targets(1316,5): message :       ComputeCLGeneratedImpLibInputs;
C:\Program Files\Microsoft Visual Studio\2022\Community\MSBuild\Microsoft\VC\v170\Microsoft.CppBuild.targets(1316,5): message :     " (以前の値: "
C:\Program Files\Microsoft Visual Studio\2022\Community\MSBuild\Microsoft\VC\v170\Microsoft.CppBuild.targets(1316,5): message :       
C:\Program Files\Microsoft Visual Studio\2022\Community\MSBuild\Microsoft\VC\v170\Microsoft.CppBuild.targets(1316,5): message :       
C:\Program Files\Microsoft Visual Studio\2022\Community\MSBuild\Microsoft\VC\v170\Microsoft.CppBuild.targets(1316,5): message :       ;
C:\Program Files\Microsoft Visual Studio\2022\Community\MSBuild\Microsoft\VC\v170\Microsoft.CppBuild.targets(1316,5): message :       ComputeRCGeneratedLibInputs;
C:\Program Files\Microsoft Visual Studio\2022\Community\MSBuild\Microsoft\VC\v170\Microsoft.CppBuild.targets(1316,5): message :     ;
C:\Program Files\Microsoft Visual Studio\2022\Community\MSBuild\Microsoft\VC\v170\Microsoft.CppBuild.targets(1316,5): message :       ComputeRCGeneratedImpLibInputs;
C:\Program Files\Microsoft Visual Studio\2022\Community\MSBuild\Microsoft\VC\v170\Microsoft.CppBuild.targets(1316,5): message :     ;
C:\Program Files\Microsoft Visual Studio\2022\Community\MSBuild\Microsoft\VC\v170\Microsoft.CppBuild.targets(1316,5): message :       ComputeCustomBuildOutput;
C:\Program Files\Microsoft Visual Studio\2022\Community\MSBuild\Microsoft\VC\v170\Microsoft.CppBuild.targets(1316,5): message :     ") C:\Program Files\Microsoft Visual Studio\2022\Community\MSBuild\Microsoft\VC\v170\Microsoft.CppBuild.targets (1316,5)
C:\Program Files\Microsoft Visual Studio\2022\Community\MSBuild\Microsoft\VC\v170\Microsoft.CppBuild.targets(1347,5): message : プロパティの再代入: $(ComputeLinkInputsTargets)="
C:\Program Files\Microsoft Visual Studio\2022\Community\MSBuild\Microsoft\VC\v170\Microsoft.CppBuild.targets(1347,5): message :       
C:\Program Files\Microsoft Visual Studio\2022\Community\MSBuild\Microsoft\VC\v170\Microsoft.CppBuild.targets(1347,5): message :       
C:\Program Files\Microsoft Visual Studio\2022\Community\MSBuild\Microsoft\VC\v170\Microsoft.CppBuild.targets(1347,5): message :       
C:\Program Files\Microsoft Visual Studio\2022\Community\MSBuild\Microsoft\VC\v170\Microsoft.CppBuild.targets(1347,5): message :       
C:\Program Files\Microsoft Visual Studio\2022\Community\MSBuild\Microsoft\VC\v170\Microsoft.CppBuild.targets(1347,5): message :       ;
C:\Program Files\Microsoft Visual Studio\2022\Community\MSBuild\Microsoft\VC\v170\Microsoft.CppBuild.targets(1347,5): message :       ComputeRCGeneratedLinkInputs;
C:\Program Files\Microsoft Visual Studio\2022\Community\MSBuild\Microsoft\VC\v170\Microsoft.CppBuild.targets(1347,5): message :     ;
C:\Program Files\Microsoft Visual Studio\2022\Community\MSBuild\Microsoft\VC\v170\Microsoft.CppBuild.targets(1347,5): message :       ComputeManifestGeneratedLinkerInputs;
C:\Program Files\Microsoft Visual Studio\2022\Community\MSBuild\Microsoft\VC\v170\Microsoft.CppBuild.targets(1347,5): message :     ;
C:\Program Files\Microsoft Visual Studio\2022\Community\MSBuild\Microsoft\VC\v170\Microsoft.CppBuild.targets(1347,5): message :       ComputeCustomBuildOutput;
C:\Program Files\Microsoft Visual Studio\2022\Community\MSBuild\Microsoft\VC\v170\Microsoft.CppBuild.targets(1347,5): message :     ;
C:\Program Files\Microsoft Visual Studio\2022\Community\MSBuild\Microsoft\VC\v170\Microsoft.CppBuild.targets(1347,5): message :       ComputeCLGeneratedLinkInputs;
C:\Program Files\Microsoft Visual Studio\2022\Community\MSBuild\Microsoft\VC\v170\Microsoft.CppBuild.targets(1347,5): message :     ;
C:\Program Files\Microsoft Visual Studio\2022\Community\MSBuild\Microsoft\VC\v170\Microsoft.CppBuild.targets(1347,5): message :       ComputeLinkInputsFromProject;
C:\Program Files\Microsoft Visual Studio\2022\Community\MSBuild\Microsoft\VC\v170\Microsoft.CppBuild.targets(1347,5): message :     " (以前の値: "
C:\Program Files\Microsoft Visual Studio\2022\Community\MSBuild\Microsoft\VC\v170\Microsoft.CppBuild.targets(1347,5): message :       
C:\Program Files\Microsoft Visual Studio\2022\Community\MSBuild\Microsoft\VC\v170\Microsoft.CppBuild.targets(1347,5): message :       
C:\Program Files\Microsoft Visual Studio\2022\Community\MSBuild\Microsoft\VC\v170\Microsoft.CppBuild.targets(1347,5): message :       
C:\Program Files\Microsoft Visual Studio\2022\Community\MSBuild\Microsoft\VC\v170\Microsoft.CppBuild.targets(1347,5): message :       ;
C:\Program Files\Microsoft Visual Studio\2022\Community\MSBuild\Microsoft\VC\v170\Microsoft.CppBuild.targets(1347,5): message :       ComputeRCGeneratedLinkInputs;
C:\Program Files\Microsoft Visual Studio\2022\Community\MSBuild\Microsoft\VC\v170\Microsoft.CppBuild.targets(1347,5): message :     ;
C:\Program Files\Microsoft Visual Studio\2022\Community\MSBuild\Microsoft\VC\v170\Microsoft.CppBuild.targets(1347,5): message :       ComputeManifestGeneratedLinkerInputs;
C:\Program Files\Microsoft Visual Studio\2022\Community\MSBuild\Microsoft\VC\v170\Microsoft.CppBuild.targets(1347,5): message :     ;
C:\Program Files\Microsoft Visual Studio\2022\Community\MSBuild\Microsoft\VC\v170\Microsoft.CppBuild.targets(1347,5): message :       ComputeCustomBuildOutput;
C:\Program Files\Microsoft Visual Studio\2022\Community\MSBuild\Microsoft\VC\v170\Microsoft.CppBuild.targets(1347,5): message :     ;
C:\Program Files\Microsoft Visual Studio\2022\Community\MSBuild\Microsoft\VC\v170\Microsoft.CppBuild.targets(1347,5): message :       ComputeCLGeneratedLinkInputs;
C:\Program Files\Microsoft Visual Studio\2022\Community\MSBuild\Microsoft\VC\v170\Microsoft.CppBuild.targets(1347,5): message :     ") C:\Program Files\Microsoft Visual Studio\2022\Community\MSBuild\Microsoft\VC\v170\Microsoft.CppBuild.targets (1347,5)
C:\Program Files\Microsoft Visual Studio\2022\Community\MSBuild\Microsoft\VC\v170\Microsoft.CppBuild.targets(1365,5): message : プロパティの再代入: $(ComputeLibInputsTargets)="
C:\Program Files\Microsoft Visual Studio\2022\Community\MSBuild\Microsoft\VC\v170\Microsoft.CppBuild.targets(1365,5): message :       
C:\Program Files\Microsoft Visual Studio\2022\Community\MSBuild\Microsoft\VC\v170\Microsoft.CppBuild.targets(1365,5): message :       
C:\Program Files\Microsoft Visual Studio\2022\Community\MSBuild\Microsoft\VC\v170\Microsoft.CppBuild.targets(1365,5): message :       
C:\Program Files\Microsoft Visual Studio\2022\Community\MSBuild\Microsoft\VC\v170\Microsoft.CppBuild.targets(1365,5): message :       ;
C:\Program Files\Microsoft Visual Studio\2022\Community\MSBuild\Microsoft\VC\v170\Microsoft.CppBuild.targets(1365,5): message :       ComputeRCGeneratedLibInputs;
C:\Program Files\Microsoft Visual Studio\2022\Community\MSBuild\Microsoft\VC\v170\Microsoft.CppBuild.targets(1365,5): message :     ;
C:\Program Files\Microsoft Visual Studio\2022\Community\MSBuild\Microsoft\VC\v170\Microsoft.CppBuild.targets(1365,5): message :       ComputeCustomBuildOutput;
C:\Program Files\Microsoft Visual Studio\2022\Community\MSBuild\Microsoft\VC\v170\Microsoft.CppBuild.targets(1365,5): message :     ;
C:\Program Files\Microsoft Visual Studio\2022\Community\MSBuild\Microsoft\VC\v170\Microsoft.CppBuild.targets(1365,5): message :       ComputeCLGeneratedLibInputs;
C:\Program Files\Microsoft Visual Studio\2022\Community\MSBuild\Microsoft\VC\v170\Microsoft.CppBuild.targets(1365,5): message :     ;
C:\Program Files\Microsoft Visual Studio\2022\Community\MSBuild\Microsoft\VC\v170\Microsoft.CppBuild.targets(1365,5): message :       ComputeLibInputsFromProject;
C:\Program Files\Microsoft Visual Studio\2022\Community\MSBuild\Microsoft\VC\v170\Microsoft.CppBuild.targets(1365,5): message :     " (以前の値: "
C:\Program Files\Microsoft Visual Studio\2022\Community\MSBuild\Microsoft\VC\v170\Microsoft.CppBuild.targets(1365,5): message :       
C:\Program Files\Microsoft Visual Studio\2022\Community\MSBuild\Microsoft\VC\v170\Microsoft.CppBuild.targets(1365,5): message :       
C:\Program Files\Microsoft Visual Studio\2022\Community\MSBuild\Microsoft\VC\v170\Microsoft.CppBuild.targets(1365,5): message :       ;
C:\Program Files\Microsoft Visual Studio\2022\Community\MSBuild\Microsoft\VC\v170\Microsoft.CppBuild.targets(1365,5): message :       ComputeRCGeneratedLibInputs;
C:\Program Files\Microsoft Visual Studio\2022\Community\MSBuild\Microsoft\VC\v170\Microsoft.CppBuild.targets(1365,5): message :     ;
C:\Program Files\Microsoft Visual Studio\2022\Community\MSBuild\Microsoft\VC\v170\Microsoft.CppBuild.targets(1365,5): message :       ComputeCustomBuildOutput;
C:\Program Files\Microsoft Visual Studio\2022\Community\MSBuild\Microsoft\VC\v170\Microsoft.CppBuild.targets(1365,5): message :     ;
C:\Program Files\Microsoft Visual Studio\2022\Community\MSBuild\Microsoft\VC\v170\Microsoft.CppBuild.targets(1365,5): message :       ComputeCLGeneratedLibInputs;
C:\Program Files\Microsoft Visual Studio\2022\Community\MSBuild\Microsoft\VC\v170\Microsoft.CppBuild.targets(1365,5): message :     ") C:\Program Files\Microsoft Visual Studio\2022\Community\MSBuild\Microsoft\VC\v170\Microsoft.CppBuild.targets (1365,5)
C:\Program Files\Microsoft Visual Studio\2022\Community\MSBuild\Microsoft\VC\v170\Microsoft.CppBuild.targets(1383,5): message : プロパティの再代入: $(ComputeImpLibInputsTargets)="
C:\Program Files\Microsoft Visual Studio\2022\Community\MSBuild\Microsoft\VC\v170\Microsoft.CppBuild.targets(1383,5): message :       
C:\Program Files\Microsoft Visual Studio\2022\Community\MSBuild\Microsoft\VC\v170\Microsoft.CppBuild.targets(1383,5): message :       
C:\Program Files\Microsoft Visual Studio\2022\Community\MSBuild\Microsoft\VC\v170\Microsoft.CppBuild.targets(1383,5): message :       
C:\Program Files\Microsoft Visual Studio\2022\Community\MSBuild\Microsoft\VC\v170\Microsoft.CppBuild.targets(1383,5): message :       
C:\Program Files\Microsoft Visual Studio\2022\Community\MSBuild\Microsoft\VC\v170\Microsoft.CppBuild.targets(1383,5): message :       ;
C:\Program Files\Microsoft Visual Studio\2022\Community\MSBuild\Microsoft\VC\v170\Microsoft.CppBuild.targets(1383,5): message :       ComputeRCGeneratedLibInputs;
C:\Program Files\Microsoft Visual Studio\2022\Community\MSBuild\Microsoft\VC\v170\Microsoft.CppBuild.targets(1383,5): message :     ;
C:\Program Files\Microsoft Visual Studio\2022\Community\MSBuild\Microsoft\VC\v170\Microsoft.CppBuild.targets(1383,5): message :       ComputeRCGeneratedImpLibInputs;
C:\Program Files\Microsoft Visual Studio\2022\Community\MSBuild\Microsoft\VC\v170\Microsoft.CppBuild.targets(1383,5): message :     ;
C:\Program Files\Microsoft Visual Studio\2022\Community\MSBuild\Microsoft\VC\v170\Microsoft.CppBuild.targets(1383,5): message :       ComputeCustomBuildOutput;
C:\Program Files\Microsoft Visual Studio\2022\Community\MSBuild\Microsoft\VC\v170\Microsoft.CppBuild.targets(1383,5): message :     ;
C:\Program Files\Microsoft Visual Studio\2022\Community\MSBuild\Microsoft\VC\v170\Microsoft.CppBuild.targets(1383,5): message :       ComputeCLGeneratedImpLibInputs;
C:\Program Files\Microsoft Visual Studio\2022\Community\MSBuild\Microsoft\VC\v170\Microsoft.CppBuild.targets(1383,5): message :     ;
C:\Program Files\Microsoft Visual Studio\2022\Community\MSBuild\Microsoft\VC\v170\Microsoft.CppBuild.targets(1383,5): message :       ComputeImpLibInputsFromProject;
C:\Program Files\Microsoft Visual Studio\2022\Community\MSBuild\Microsoft\VC\v170\Microsoft.CppBuild.targets(1383,5): message :     " (以前の値: "
C:\Program Files\Microsoft Visual Studio\2022\Community\MSBuild\Microsoft\VC\v170\Microsoft.CppBuild.targets(1383,5): message :       
C:\Program Files\Microsoft Visual Studio\2022\Community\MSBuild\Microsoft\VC\v170\Microsoft.CppBuild.targets(1383,5): message :       
C:\Program Files\Microsoft Visual Studio\2022\Community\MSBuild\Microsoft\VC\v170\Microsoft.CppBuild.targets(1383,5): message :       
C:\Program Files\Microsoft Visual Studio\2022\Community\MSBuild\Microsoft\VC\v170\Microsoft.CppBuild.targets(1383,5): message :       ;
C:\Program Files\Microsoft Visual Studio\2022\Community\MSBuild\Microsoft\VC\v170\Microsoft.CppBuild.targets(1383,5): message :       ComputeRCGeneratedLibInputs;
C:\Program Files\Microsoft Visual Studio\2022\Community\MSBuild\Microsoft\VC\v170\Microsoft.CppBuild.targets(1383,5): message :     ;
C:\Program Files\Microsoft Visual Studio\2022\Community\MSBuild\Microsoft\VC\v170\Microsoft.CppBuild.targets(1383,5): message :       ComputeRCGeneratedImpLibInputs;
C:\Program Files\Microsoft Visual Studio\2022\Community\MSBuild\Microsoft\VC\v170\Microsoft.CppBuild.targets(1383,5): message :     ;
C:\Program Files\Microsoft Visual Studio\2022\Community\MSBuild\Microsoft\VC\v170\Microsoft.CppBuild.targets(1383,5): message :       ComputeCustomBuildOutput;
C:\Program Files\Microsoft Visual Studio\2022\Community\MSBuild\Microsoft\VC\v170\Microsoft.CppBuild.targets(1383,5): message :     ;
C:\Program Files\Microsoft Visual Studio\2022\Community\MSBuild\Microsoft\VC\v170\Microsoft.CppBuild.targets(1383,5): message :       ComputeCLGeneratedImpLibInputs;
C:\Program Files\Microsoft Visual Studio\2022\Community\MSBuild\Microsoft\VC\v170\Microsoft.CppBuild.targets(1383,5): message :     ") C:\Program Files\Microsoft Visual Studio\2022\Community\MSBuild\Microsoft\VC\v170\Microsoft.CppBuild.targets (1383,5)
C:\Program Files\Microsoft Visual Studio\2022\Community\MSBuild\Microsoft\VC\v170\Microsoft.CppBuild.targets(1507,5): message : プロパティの再代入: $(ComputeLinkInputsTargets)="
C:\Program Files\Microsoft Visual Studio\2022\Community\MSBuild\Microsoft\VC\v170\Microsoft.CppBuild.targets(1507,5): message :       
C:\Program Files\Microsoft Visual Studio\2022\Community\MSBuild\Microsoft\VC\v170\Microsoft.CppBuild.targets(1507,5): message :       
C:\Program Files\Microsoft Visual Studio\2022\Community\MSBuild\Microsoft\VC\v170\Microsoft.CppBuild.targets(1507,5): message :       
C:\Program Files\Microsoft Visual Studio\2022\Community\MSBuild\Microsoft\VC\v170\Microsoft.CppBuild.targets(1507,5): message :       
C:\Program Files\Microsoft Visual Studio\2022\Community\MSBuild\Microsoft\VC\v170\Microsoft.CppBuild.targets(1507,5): message :       
C:\Program Files\Microsoft Visual Studio\2022\Community\MSBuild\Microsoft\VC\v170\Microsoft.CppBuild.targets(1507,5): message :       ;
C:\Program Files\Microsoft Visual Studio\2022\Community\MSBuild\Microsoft\VC\v170\Microsoft.CppBuild.targets(1507,5): message :       ComputeRCGeneratedLinkInputs;
C:\Program Files\Microsoft Visual Studio\2022\Community\MSBuild\Microsoft\VC\v170\Microsoft.CppBuild.targets(1507,5): message :     ;
C:\Program Files\Microsoft Visual Studio\2022\Community\MSBuild\Microsoft\VC\v170\Microsoft.CppBuild.targets(1507,5): message :       ComputeManifestGeneratedLinkerInputs;
C:\Program Files\Microsoft Visual Studio\2022\Community\MSBuild\Microsoft\VC\v170\Microsoft.CppBuild.targets(1507,5): message :     ;
C:\Program Files\Microsoft Visual Studio\2022\Community\MSBuild\Microsoft\VC\v170\Microsoft.CppBuild.targets(1507,5): message :       ComputeCustomBuildOutput;
C:\Program Files\Microsoft Visual Studio\2022\Community\MSBuild\Microsoft\VC\v170\Microsoft.CppBuild.targets(1507,5): message :     ;
C:\Program Files\Microsoft Visual Studio\2022\Community\MSBuild\Microsoft\VC\v170\Microsoft.CppBuild.targets(1507,5): message :       ComputeCLGeneratedLinkInputs;
C:\Program Files\Microsoft Visual Studio\2022\Community\MSBuild\Microsoft\VC\v170\Microsoft.CppBuild.targets(1507,5): message :     ;
C:\Program Files\Microsoft Visual Studio\2022\Community\MSBuild\Microsoft\VC\v170\Microsoft.CppBuild.targets(1507,5): message :       ComputeLinkInputsFromProject;
C:\Program Files\Microsoft Visual Studio\2022\Community\MSBuild\Microsoft\VC\v170\Microsoft.CppBuild.targets(1507,5): message :     ;
C:\Program Files\Microsoft Visual Studio\2022\Community\MSBuild\Microsoft\VC\v170\Microsoft.CppBuild.targets(1507,5): message :       ComputeReferenceLinkInputs;
C:\Program Files\Microsoft Visual Studio\2022\Community\MSBuild\Microsoft\VC\v170\Microsoft.CppBuild.targets(1507,5): message :     " (以前の値: "
C:\Program Files\Microsoft Visual Studio\2022\Community\MSBuild\Microsoft\VC\v170\Microsoft.CppBuild.targets(1507,5): message :       
C:\Program Files\Microsoft Visual Studio\2022\Community\MSBuild\Microsoft\VC\v170\Microsoft.CppBuild.targets(1507,5): message :       
C:\Program Files\Microsoft Visual Studio\2022\Community\MSBuild\Microsoft\VC\v170\Microsoft.CppBuild.targets(1507,5): message :       
C:\Program Files\Microsoft Visual Studio\2022\Community\MSBuild\Microsoft\VC\v170\Microsoft.CppBuild.targets(1507,5): message :       
C:\Program Files\Microsoft Visual Studio\2022\Community\MSBuild\Microsoft\VC\v170\Microsoft.CppBuild.targets(1507,5): message :       ;
C:\Program Files\Microsoft Visual Studio\2022\Community\MSBuild\Microsoft\VC\v170\Microsoft.CppBuild.targets(1507,5): message :       ComputeRCGeneratedLinkInputs;
C:\Program Files\Microsoft Visual Studio\2022\Community\MSBuild\Microsoft\VC\v170\Microsoft.CppBuild.targets(1507,5): message :     ;
C:\Program Files\Microsoft Visual Studio\2022\Community\MSBuild\Microsoft\VC\v170\Microsoft.CppBuild.targets(1507,5): message :       ComputeManifestGeneratedLinkerInputs;
C:\Program Files\Microsoft Visual Studio\2022\Community\MSBuild\Microsoft\VC\v170\Microsoft.CppBuild.targets(1507,5): message :     ;
C:\Program Files\Microsoft Visual Studio\2022\Community\MSBuild\Microsoft\VC\v170\Microsoft.CppBuild.targets(1507,5): message :       ComputeCustomBuildOutput;
C:\Program Files\Microsoft Visual Studio\2022\Community\MSBuild\Microsoft\VC\v170\Microsoft.CppBuild.targets(1507,5): message :     ;
C:\Program Files\Microsoft Visual Studio\2022\Community\MSBuild\Microsoft\VC\v170\Microsoft.CppBuild.targets(1507,5): message :       ComputeCLGeneratedLinkInputs;
C:\Program Files\Microsoft Visual Studio\2022\Community\MSBuild\Microsoft\VC\v170\Microsoft.CppBuild.targets(1507,5): message :     ;
C:\Program Files\Microsoft Visual Studio\2022\Community\MSBuild\Microsoft\VC\v170\Microsoft.CppBuild.targets(1507,5): message :       ComputeLinkInputsFromProject;
C:\Program Files\Microsoft Visual Studio\2022\Community\MSBuild\Microsoft\VC\v170\Microsoft.CppBuild.targets(1507,5): message :     ") C:\Program Files\Microsoft Visual Studio\2022\Community\MSBuild\Microsoft\VC\v170\Microsoft.CppBuild.targets (1507,5)
C:\Program Files\Microsoft Visual Studio\2022\Community\MSBuild\Microsoft\VC\v170\Microsoft.CppBuild.targets(1545,5): message : プロパティの再代入: $(ComputeLibInputsTargets)="
C:\Program Files\Microsoft Visual Studio\2022\Community\MSBuild\Microsoft\VC\v170\Microsoft.CppBuild.targets(1545,5): message :       
C:\Program Files\Microsoft Visual Studio\2022\Community\MSBuild\Microsoft\VC\v170\Microsoft.CppBuild.targets(1545,5): message :       
C:\Program Files\Microsoft Visual Studio\2022\Community\MSBuild\Microsoft\VC\v170\Microsoft.CppBuild.targets(1545,5): message :       
C:\Program Files\Microsoft Visual Studio\2022\Community\MSBuild\Microsoft\VC\v170\Microsoft.CppBuild.targets(1545,5): message :       
C:\Program Files\Microsoft Visual Studio\2022\Community\MSBuild\Microsoft\VC\v170\Microsoft.CppBuild.targets(1545,5): message :       ;
C:\Program Files\Microsoft Visual Studio\2022\Community\MSBuild\Microsoft\VC\v170\Microsoft.CppBuild.targets(1545,5): message :       ComputeRCGeneratedLibInputs;
C:\Program Files\Microsoft Visual Studio\2022\Community\MSBuild\Microsoft\VC\v170\Microsoft.CppBuild.targets(1545,5): message :     ;
C:\Program Files\Microsoft Visual Studio\2022\Community\MSBuild\Microsoft\VC\v170\Microsoft.CppBuild.targets(1545,5): message :       ComputeCustomBuildOutput;
C:\Program Files\Microsoft Visual Studio\2022\Community\MSBuild\Microsoft\VC\v170\Microsoft.CppBuild.targets(1545,5): message :     ;
C:\Program Files\Microsoft Visual Studio\2022\Community\MSBuild\Microsoft\VC\v170\Microsoft.CppBuild.targets(1545,5): message :       ComputeCLGeneratedLibInputs;
C:\Program Files\Microsoft Visual Studio\2022\Community\MSBuild\Microsoft\VC\v170\Microsoft.CppBuild.targets(1545,5): message :     ;
C:\Program Files\Microsoft Visual Studio\2022\Community\MSBuild\Microsoft\VC\v170\Microsoft.CppBuild.targets(1545,5): message :       ComputeLibInputsFromProject;
C:\Program Files\Microsoft Visual Studio\2022\Community\MSBuild\Microsoft\VC\v170\Microsoft.CppBuild.targets(1545,5): message :     ;
C:\Program Files\Microsoft Visual Studio\2022\Community\MSBuild\Microsoft\VC\v170\Microsoft.CppBuild.targets(1545,5): message :       ComputeReferenceLibInputs;
C:\Program Files\Microsoft Visual Studio\2022\Community\MSBuild\Microsoft\VC\v170\Microsoft.CppBuild.targets(1545,5): message :     " (以前の値: "
C:\Program Files\Microsoft Visual Studio\2022\Community\MSBuild\Microsoft\VC\v170\Microsoft.CppBuild.targets(1545,5): message :       
C:\Program Files\Microsoft Visual Studio\2022\Community\MSBuild\Microsoft\VC\v170\Microsoft.CppBuild.targets(1545,5): message :       
C:\Program Files\Microsoft Visual Studio\2022\Community\MSBuild\Microsoft\VC\v170\Microsoft.CppBuild.targets(1545,5): message :       
C:\Program Files\Microsoft Visual Studio\2022\Community\MSBuild\Microsoft\VC\v170\Microsoft.CppBuild.targets(1545,5): message :       ;
C:\Program Files\Microsoft Visual Studio\2022\Community\MSBuild\Microsoft\VC\v170\Microsoft.CppBuild.targets(1545,5): message :       ComputeRCGeneratedLibInputs;
C:\Program Files\Microsoft Visual Studio\2022\Community\MSBuild\Microsoft\VC\v170\Microsoft.CppBuild.targets(1545,5): message :     ;
C:\Program Files\Microsoft Visual Studio\2022\Community\MSBuild\Microsoft\VC\v170\Microsoft.CppBuild.targets(1545,5): message :       ComputeCustomBuildOutput;
C:\Program Files\Microsoft Visual Studio\2022\Community\MSBuild\Microsoft\VC\v170\Microsoft.CppBuild.targets(1545,5): message :     ;
C:\Program Files\Microsoft Visual Studio\2022\Community\MSBuild\Microsoft\VC\v170\Microsoft.CppBuild.targets(1545,5): message :       ComputeCLGeneratedLibInputs;
C:\Program Files\Microsoft Visual Studio\2022\Community\MSBuild\Microsoft\VC\v170\Microsoft.CppBuild.targets(1545,5): message :     ;
C:\Program Files\Microsoft Visual Studio\2022\Community\MSBuild\Microsoft\VC\v170\Microsoft.CppBuild.targets(1545,5): message :       ComputeLibInputsFromProject;
C:\Program Files\Microsoft Visual Studio\2022\Community\MSBuild\Microsoft\VC\v170\Microsoft.CppBuild.targets(1545,5): message :     ") C:\Program Files\Microsoft Visual Studio\2022\Community\MSBuild\Microsoft\VC\v170\Microsoft.CppBuild.targets (1545,5)
C:\Program Files\Microsoft Visual Studio\2022\Community\MSBuild\Microsoft\VC\v170\Microsoft.CppBuild.targets(1602,5): message : プロパティの再代入: $(ComputeLibInputsTargets)="
C:\Program Files\Microsoft Visual Studio\2022\Community\MSBuild\Microsoft\VC\v170\Microsoft.CppBuild.targets(1602,5): message :       ComputeLibAdditionalOptions;
C:\Program Files\Microsoft Visual Studio\2022\Community\MSBuild\Microsoft\VC\v170\Microsoft.CppBuild.targets(1602,5): message :       
C:\Program Files\Microsoft Visual Studio\2022\Community\MSBuild\Microsoft\VC\v170\Microsoft.CppBuild.targets(1602,5): message :       
C:\Program Files\Microsoft Visual Studio\2022\Community\MSBuild\Microsoft\VC\v170\Microsoft.CppBuild.targets(1602,5): message :       
C:\Program Files\Microsoft Visual Studio\2022\Community\MSBuild\Microsoft\VC\v170\Microsoft.CppBuild.targets(1602,5): message :       
C:\Program Files\Microsoft Visual Studio\2022\Community\MSBuild\Microsoft\VC\v170\Microsoft.CppBuild.targets(1602,5): message :       
C:\Program Files\Microsoft Visual Studio\2022\Community\MSBuild\Microsoft\VC\v170\Microsoft.CppBuild.targets(1602,5): message :       ;
C:\Program Files\Microsoft Visual Studio\2022\Community\MSBuild\Microsoft\VC\v170\Microsoft.CppBuild.targets(1602,5): message :       ComputeRCGeneratedLibInputs;
C:\Program Files\Microsoft Visual Studio\2022\Community\MSBuild\Microsoft\VC\v170\Microsoft.CppBuild.targets(1602,5): message :     ;
C:\Program Files\Microsoft Visual Studio\2022\Community\MSBuild\Microsoft\VC\v170\Microsoft.CppBuild.targets(1602,5): message :       ComputeCustomBuildOutput;
C:\Program Files\Microsoft Visual Studio\2022\Community\MSBuild\Microsoft\VC\v170\Microsoft.CppBuild.targets(1602,5): message :     ;
C:\Program Files\Microsoft Visual Studio\2022\Community\MSBuild\Microsoft\VC\v170\Microsoft.CppBuild.targets(1602,5): message :       ComputeCLGeneratedLibInputs;
C:\Program Files\Microsoft Visual Studio\2022\Community\MSBuild\Microsoft\VC\v170\Microsoft.CppBuild.targets(1602,5): message :     ;
C:\Program Files\Microsoft Visual Studio\2022\Community\MSBuild\Microsoft\VC\v170\Microsoft.CppBuild.targets(1602,5): message :       ComputeLibInputsFromProject;
C:\Program Files\Microsoft Visual Studio\2022\Community\MSBuild\Microsoft\VC\v170\Microsoft.CppBuild.targets(1602,5): message :     ;
C:\Program Files\Microsoft Visual Studio\2022\Community\MSBuild\Microsoft\VC\v170\Microsoft.CppBuild.targets(1602,5): message :       ComputeReferenceLibInputs;
C:\Program Files\Microsoft Visual Studio\2022\Community\MSBuild\Microsoft\VC\v170\Microsoft.CppBuild.targets(1602,5): message :     
C:\Program Files\Microsoft Visual Studio\2022\Community\MSBuild\Microsoft\VC\v170\Microsoft.CppBuild.targets(1602,5): message :     " (以前の値: "
C:\Program Files\Microsoft Visual Studio\2022\Community\MSBuild\Microsoft\VC\v170\Microsoft.CppBuild.targets(1602,5): message :       
C:\Program Files\Microsoft Visual Studio\2022\Community\MSBuild\Microsoft\VC\v170\Microsoft.CppBuild.targets(1602,5): message :       
C:\Program Files\Microsoft Visual Studio\2022\Community\MSBuild\Microsoft\VC\v170\Microsoft.CppBuild.targets(1602,5): message :       
C:\Program Files\Microsoft Visual Studio\2022\Community\MSBuild\Microsoft\VC\v170\Microsoft.CppBuild.targets(1602,5): message :       
C:\Program Files\Microsoft Visual Studio\2022\Community\MSBuild\Microsoft\VC\v170\Microsoft.CppBuild.targets(1602,5): message :       ;
C:\Program Files\Microsoft Visual Studio\2022\Community\MSBuild\Microsoft\VC\v170\Microsoft.CppBuild.targets(1602,5): message :       ComputeRCGeneratedLibInputs;
C:\Program Files\Microsoft Visual Studio\2022\Community\MSBuild\Microsoft\VC\v170\Microsoft.CppBuild.targets(1602,5): message :     ;
C:\Program Files\Microsoft Visual Studio\2022\Community\MSBuild\Microsoft\VC\v170\Microsoft.CppBuild.targets(1602,5): message :       ComputeCustomBuildOutput;
C:\Program Files\Microsoft Visual Studio\2022\Community\MSBuild\Microsoft\VC\v170\Microsoft.CppBuild.targets(1602,5): message :     ;
C:\Program Files\Microsoft Visual Studio\2022\Community\MSBuild\Microsoft\VC\v170\Microsoft.CppBuild.targets(1602,5): message :       ComputeCLGeneratedLibInputs;
C:\Program Files\Microsoft Visual Studio\2022\Community\MSBuild\Microsoft\VC\v170\Microsoft.CppBuild.targets(1602,5): message :     ;
C:\Program Files\Microsoft Visual Studio\2022\Community\MSBuild\Microsoft\VC\v170\Microsoft.CppBuild.targets(1602,5): message :       ComputeLibInputsFromProject;
C:\Program Files\Microsoft Visual Studio\2022\Community\MSBuild\Microsoft\VC\v170\Microsoft.CppBuild.targets(1602,5): message :     ;
C:\Program Files\Microsoft Visual Studio\2022\Community\MSBuild\Microsoft\VC\v170\Microsoft.CppBuild.targets(1602,5): message :       ComputeReferenceLibInputs;
C:\Program Files\Microsoft Visual Studio\2022\Community\MSBuild\Microsoft\VC\v170\Microsoft.CppBuild.targets(1602,5): message :     ") C:\Program Files\Microsoft Visual Studio\2022\Community\MSBuild\Microsoft\VC\v170\Microsoft.CppBuild.targets (1602,5)
C:\Program Files\Microsoft Visual Studio\2022\Community\MSBuild\Microsoft\VC\v170\Microsoft.CppBuild.targets(1790,5): message : プロパティの再代入: $(GetProjectInfoForReferenceDependsOn)="
C:\Program Files\Microsoft Visual Studio\2022\Community\MSBuild\Microsoft\VC\v170\Microsoft.CppBuild.targets(1790,5): message :       
C:\Program Files\Microsoft Visual Studio\2022\Community\MSBuild\Microsoft\VC\v170\Microsoft.CppBuild.targets(1790,5): message :       ;
C:\Program Files\Microsoft Visual Studio\2022\Community\MSBuild\Microsoft\VC\v170\Microsoft.CppBuild.targets(1790,5): message :       AddPublicIncludeDirectoriesToProjectsInfoForReference;
C:\Program Files\Microsoft Visual Studio\2022\Community\MSBuild\Microsoft\VC\v170\Microsoft.CppBuild.targets(1790,5): message :     ;
C:\Program Files\Microsoft Visual Studio\2022\Community\MSBuild\Microsoft\VC\v170\Microsoft.CppBuild.targets(1790,5): message :       AddPublicBMIsToProjectsInfoForReference;
C:\Program Files\Microsoft Visual Studio\2022\Community\MSBuild\Microsoft\VC\v170\Microsoft.CppBuild.targets(1790,5): message :       AddDeployRecipeFileToProjectsInfoForReference;
C:\Program Files\Microsoft Visual Studio\2022\Community\MSBuild\Microsoft\VC\v170\Microsoft.CppBuild.targets(1790,5): message :       AddLibrariesToProjectsInfoForReference;
C:\Program Files\Microsoft Visual Studio\2022\Community\MSBuild\Microsoft\VC\v170\Microsoft.CppBuild.targets(1790,5): message :     " (以前の値: "
C:\Program Files\Microsoft Visual Studio\2022\Community\MSBuild\Microsoft\VC\v170\Microsoft.CppBuild.targets(1790,5): message :       ;
C:\Program Files\Microsoft Visual Studio\2022\Community\MSBuild\Microsoft\VC\v170\Microsoft.CppBuild.targets(1790,5): message :       AddPublicIncludeDirectoriesToProjectsInfoForReference;
C:\Program Files\Microsoft Visual Studio\2022\Community\MSBuild\Microsoft\VC\v170\Microsoft.CppBuild.targets(1790,5): message :     ") C:\Program Files\Microsoft Visual Studio\2022\Community\MSBuild\Microsoft\VC\v170\Microsoft.CppBuild.targets (1790,5)
C:\Program Files\Microsoft Visual Studio\2022\Community\MSBuild\Microsoft\VC\v170\Microsoft.CppBuild.targets(2215,5): message : プロパティの再代入: $(DocumentationProjectOutputGroupDependsOn)="ResolvedXDCMake;ComputeCLCompileGeneratedXDCFiles" (以前の値: "") C:\Program Files\Microsoft Visual Studio\2022\Community\MSBuild\Microsoft\VC\v170\Microsoft.CppBuild.targets (2215,5)
C:\Program Files\Microsoft Visual Studio\2022\Community\MSBuild\Microsoft\VC\v170\Microsoft.CppBuild.targets(2281,5): message : プロパティの再代入: $(ContentFilesProjectOutputGroupDependsOn)="PrepareForBuild;AssignTargetPaths;PrepareForBuild;AssignTargetPaths;MakeDirsForFxc" (以前の値: "PrepareForBuild;AssignTargetPaths") C:\Program Files\Microsoft Visual Studio\2022\Community\MSBuild\Microsoft\VC\v170\Microsoft.CppBuild.targets (2281,5)
C:\Program Files\Microsoft Visual Studio\2022\Community\MSBuild\Microsoft\VC\v170\Microsoft.CppCommon.targets(315,5): message : プロパティの再代入: $(ComputeCompileInputsTargets)="
C:\Program Files\Microsoft Visual Studio\2022\Community\MSBuild\Microsoft\VC\v170\Microsoft.CppCommon.targets(315,5): message :       
C:\Program Files\Microsoft Visual Studio\2022\Community\MSBuild\Microsoft\VC\v170\Microsoft.CppCommon.targets(315,5): message :       
C:\Program Files\Microsoft Visual Studio\2022\Community\MSBuild\Microsoft\VC\v170\Microsoft.CppCommon.targets(315,5): message :       
C:\Program Files\Microsoft Visual Studio\2022\Community\MSBuild\Microsoft\VC\v170\Microsoft.CppCommon.targets(315,5): message :       ;
C:\Program Files\Microsoft Visual Studio\2022\Community\MSBuild\Microsoft\VC\v170\Microsoft.CppCommon.targets(315,5): message :       GenerateTargetFrameworkMonikerAttribute;
C:\Program Files\Microsoft Visual Studio\2022\Community\MSBuild\Microsoft\VC\v170\Microsoft.CppCommon.targets(315,5): message :     ;
C:\Program Files\Microsoft Visual Studio\2022\Community\MSBuild\Microsoft\VC\v170\Microsoft.CppCommon.targets(315,5): message :       ComputeMIDLGeneratedCompileInputs;
C:\Program Files\Microsoft Visual Studio\2022\Community\MSBuild\Microsoft\VC\v170\Microsoft.CppCommon.targets(315,5): message :     ;
C:\Program Files\Microsoft Visual Studio\2022\Community\MSBuild\Microsoft\VC\v170\Microsoft.CppCommon.targets(315,5): message :       ComputeCLInputPDBName;
C:\Program Files\Microsoft Visual Studio\2022\Community\MSBuild\Microsoft\VC\v170\Microsoft.CppCommon.targets(315,5): message :       ComputeReferenceCLInput;
C:\Program Files\Microsoft Visual Studio\2022\Community\MSBuild\Microsoft\VC\v170\Microsoft.CppCommon.targets(315,5): message :       WarnCompileDuplicatedFilename
C:\Program Files\Microsoft Visual Studio\2022\Community\MSBuild\Microsoft\VC\v170\Microsoft.CppCommon.targets(315,5): message :     ;
C:\Program Files\Microsoft Visual Studio\2022\Community\MSBuild\Microsoft\VC\v170\Microsoft.CppCommon.targets(315,5): message :       ;
C:\Program Files\Microsoft Visual Studio\2022\Community\MSBuild\Microsoft\VC\v170\Microsoft.CppCommon.targets(315,5): message :       ComputeStdModulesCompileInputs;
C:\Program Files\Microsoft Visual Studio\2022\Community\MSBuild\Microsoft\VC\v170\Microsoft.CppCommon.targets(315,5): message :       FixupCLCompileOptions;
C:\Program Files\Microsoft Visual Studio\2022\Community\MSBuild\Microsoft\VC\v170\Microsoft.CppCommon.targets(315,5): message :       SetModuleDependencies;
C:\Program Files\Microsoft Visual Studio\2022\Community\MSBuild\Microsoft\VC\v170\Microsoft.CppCommon.targets(315,5): message :     " (以前の値: "
C:\Program Files\Microsoft Visual Studio\2022\Community\MSBuild\Microsoft\VC\v170\Microsoft.CppCommon.targets(315,5): message :       
C:\Program Files\Microsoft Visual Studio\2022\Community\MSBuild\Microsoft\VC\v170\Microsoft.CppCommon.targets(315,5): message :       
C:\Program Files\Microsoft Visual Studio\2022\Community\MSBuild\Microsoft\VC\v170\Microsoft.CppCommon.targets(315,5): message :       ;
C:\Program Files\Microsoft Visual Studio\2022\Community\MSBuild\Microsoft\VC\v170\Microsoft.CppCommon.targets(315,5): message :       GenerateTargetFrameworkMonikerAttribute;
C:\Program Files\Microsoft Visual Studio\2022\Community\MSBuild\Microsoft\VC\v170\Microsoft.CppCommon.targets(315,5): message :     ;
C:\Program Files\Microsoft Visual Studio\2022\Community\MSBuild\Microsoft\VC\v170\Microsoft.CppCommon.targets(315,5): message :       ComputeMIDLGeneratedCompileInputs;
C:\Program Files\Microsoft Visual Studio\2022\Community\MSBuild\Microsoft\VC\v170\Microsoft.CppCommon.targets(315,5): message :     ;
C:\Program Files\Microsoft Visual Studio\2022\Community\MSBuild\Microsoft\VC\v170\Microsoft.CppCommon.targets(315,5): message :       ComputeCLInputPDBName;
C:\Program Files\Microsoft Visual Studio\2022\Community\MSBuild\Microsoft\VC\v170\Microsoft.CppCommon.targets(315,5): message :       ComputeReferenceCLInput;
C:\Program Files\Microsoft Visual Studio\2022\Community\MSBuild\Microsoft\VC\v170\Microsoft.CppCommon.targets(315,5): message :       WarnCompileDuplicatedFilename
C:\Program Files\Microsoft Visual Studio\2022\Community\MSBuild\Microsoft\VC\v170\Microsoft.CppCommon.targets(315,5): message :     ") C:\Program Files\Microsoft Visual Studio\2022\Community\MSBuild\Microsoft\VC\v170\Microsoft.CppCommon.targets (315,5)
C:\Program Files\Microsoft Visual Studio\2022\Community\MSBuild\Microsoft\VC\v170\Microsoft.CppCommon.targets(2127,5): message : プロパティの再代入: $(BuildingProject)="true" (以前の値: "false") C:\Program Files\Microsoft Visual Studio\2022\Community\MSBuild\Microsoft\VC\v170\Microsoft.CppCommon.targets (2127,5)
C:\Program Files\Microsoft Visual Studio\2022\Community\MSBuild\Microsoft\VC\v170\Microsoft.CppCommon.targets(2673,5): message : プロパティの再代入: $(ContentFilesProjectOutputGroupDependsOn)="PrepareForBuild;AssignTargetPaths;PrepareForBuild;AssignTargetPaths;MakeDirsForFxc;_CreateCopyFileItems;" (以前の値: "PrepareForBuild;AssignTargetPaths;PrepareForBuild;AssignTargetPaths;MakeDirsForFxc") C:\Program Files\Microsoft Visual Studio\2022\Community\MSBuild\Microsoft\VC\v170\Microsoft.CppCommon.targets (2673,5)
C:\Program Files\Microsoft Visual Studio\2022\Community\MSBuild\Microsoft\VC\v170\Microsoft.Cpp.WindowsSDK.targets(16,5): message : プロパティの再代入: $(PrepareForBuildDependsOn)="_CheckWindowsSDKInstalled;;GetFrameworkPaths;GetReferenceAssemblyPaths;AssignLinkMetadata;SetCABuildNativeEnvironmentVariables" (以前の値: ";GetFrameworkPaths;GetReferenceAssemblyPaths;AssignLinkMetadata;SetCABuildNativeEnvironmentVariables") C:\Program Files\Microsoft Visual Studio\2022\Community\MSBuild\Microsoft\VC\v170\Microsoft.Cpp.WindowsSDK.targets (16,5)
C:\Program Files\Microsoft Visual Studio\2022\Community\MSBuild\Microsoft\VC\v170\Microsoft.CppClean.targets(22,5): message : プロパティの再代入: $(CleanDependsOn)="
C:\Program Files\Microsoft Visual Studio\2022\Community\MSBuild\Microsoft\VC\v170\Microsoft.CppClean.targets(22,5): message :       
C:\Program Files\Microsoft Visual Studio\2022\Community\MSBuild\Microsoft\VC\v170\Microsoft.CppClean.targets(22,5): message :       _PrepareForClean;
C:\Program Files\Microsoft Visual Studio\2022\Community\MSBuild\Microsoft\VC\v170\Microsoft.CppClean.targets(22,5): message :       
C:\Program Files\Microsoft Visual Studio\2022\Community\MSBuild\Microsoft\VC\v170\Microsoft.CppClean.targets(22,5): message :       BeforeClean;
C:\Program Files\Microsoft Visual Studio\2022\Community\MSBuild\Microsoft\VC\v170\Microsoft.CppClean.targets(22,5): message :       UnmanagedUnregistration;
C:\Program Files\Microsoft Visual Studio\2022\Community\MSBuild\Microsoft\VC\v170\Microsoft.CppClean.targets(22,5): message :       CoreClean;
C:\Program Files\Microsoft Visual Studio\2022\Community\MSBuild\Microsoft\VC\v170\Microsoft.CppClean.targets(22,5): message :       CleanReferencedProjects;
C:\Program Files\Microsoft Visual Studio\2022\Community\MSBuild\Microsoft\VC\v170\Microsoft.CppClean.targets(22,5): message :       CleanPublishFolder;
C:\Program Files\Microsoft Visual Studio\2022\Community\MSBuild\Microsoft\VC\v170\Microsoft.CppClean.targets(22,5): message :       AfterClean
C:\Program Files\Microsoft Visual Studio\2022\Community\MSBuild\Microsoft\VC\v170\Microsoft.CppClean.targets(22,5): message :     ;
C:\Program Files\Microsoft Visual Studio\2022\Community\MSBuild\Microsoft\VC\v170\Microsoft.CppClean.targets(22,5): message :     ;
C:\Program Files\Microsoft Visual Studio\2022\Community\MSBuild\Microsoft\VC\v170\Microsoft.CppClean.targets(22,5): message :       CppClean
C:\Program Files\Microsoft Visual Studio\2022\Community\MSBuild\Microsoft\VC\v170\Microsoft.CppClean.targets(22,5): message :     " (以前の値: "
C:\Program Files\Microsoft Visual Studio\2022\Community\MSBuild\Microsoft\VC\v170\Microsoft.CppClean.targets(22,5): message :       _PrepareForClean;
C:\Program Files\Microsoft Visual Studio\2022\Community\MSBuild\Microsoft\VC\v170\Microsoft.CppClean.targets(22,5): message :       
C:\Program Files\Microsoft Visual Studio\2022\Community\MSBuild\Microsoft\VC\v170\Microsoft.CppClean.targets(22,5): message :       BeforeClean;
C:\Program Files\Microsoft Visual Studio\2022\Community\MSBuild\Microsoft\VC\v170\Microsoft.CppClean.targets(22,5): message :       UnmanagedUnregistration;
C:\Program Files\Microsoft Visual Studio\2022\Community\MSBuild\Microsoft\VC\v170\Microsoft.CppClean.targets(22,5): message :       CoreClean;
C:\Program Files\Microsoft Visual Studio\2022\Community\MSBuild\Microsoft\VC\v170\Microsoft.CppClean.targets(22,5): message :       CleanReferencedProjects;
C:\Program Files\Microsoft Visual Studio\2022\Community\MSBuild\Microsoft\VC\v170\Microsoft.CppClean.targets(22,5): message :       CleanPublishFolder;
C:\Program Files\Microsoft Visual Studio\2022\Community\MSBuild\Microsoft\VC\v170\Microsoft.CppClean.targets(22,5): message :       AfterClean
C:\Program Files\Microsoft Visual Studio\2022\Community\MSBuild\Microsoft\VC\v170\Microsoft.CppClean.targets(22,5): message :     ;
C:\Program Files\Microsoft Visual Studio\2022\Community\MSBuild\Microsoft\VC\v170\Microsoft.CppClean.targets(22,5): message :     ") C:\Program Files\Microsoft Visual Studio\2022\Community\MSBuild\Microsoft\VC\v170\Microsoft.CppClean.targets (22,5)
C:\Program Files\Microsoft Visual Studio\2022\Community\MSBuild\Microsoft\VC\v170\Microsoft.CppClean.targets(92,5): message : プロパティの再代入: $(CppCleanDependsOn)="
C:\Program Files\Microsoft Visual Studio\2022\Community\MSBuild\Microsoft\VC\v170\Microsoft.CppClean.targets(92,5): message :       BeforeCppClean;
C:\Program Files\Microsoft Visual Studio\2022\Community\MSBuild\Microsoft\VC\v170\Microsoft.CppClean.targets(92,5): message :       ;
C:\Program Files\Microsoft Visual Studio\2022\Community\MSBuild\Microsoft\VC\v170\Microsoft.CppClean.targets(92,5): message :       CoreCppClean;
C:\Program Files\Microsoft Visual Studio\2022\Community\MSBuild\Microsoft\VC\v170\Microsoft.CppClean.targets(92,5): message :       AfterCppClean;
C:\Program Files\Microsoft Visual Studio\2022\Community\MSBuild\Microsoft\VC\v170\Microsoft.CppClean.targets(92,5): message :     ;PGInstrumentedClean" (以前の値: "
C:\Program Files\Microsoft Visual Studio\2022\Community\MSBuild\Microsoft\VC\v170\Microsoft.CppClean.targets(92,5): message :       BeforeCppClean;
C:\Program Files\Microsoft Visual Studio\2022\Community\MSBuild\Microsoft\VC\v170\Microsoft.CppClean.targets(92,5): message :       ;
C:\Program Files\Microsoft Visual Studio\2022\Community\MSBuild\Microsoft\VC\v170\Microsoft.CppClean.targets(92,5): message :       CoreCppClean;
C:\Program Files\Microsoft Visual Studio\2022\Community\MSBuild\Microsoft\VC\v170\Microsoft.CppClean.targets(92,5): message :       AfterCppClean;
C:\Program Files\Microsoft Visual Studio\2022\Community\MSBuild\Microsoft\VC\v170\Microsoft.CppClean.targets(92,5): message :     ") C:\Program Files\Microsoft Visual Studio\2022\Community\MSBuild\Microsoft\VC\v170\Microsoft.CppClean.targets (92,5)
C:\Program Files\Microsoft Visual Studio\2022\Community\MSBuild\Microsoft\VC\v170\Microsoft.Cpp.DesignTime.targets(542,5): message : プロパティの再代入: $(BuildDependsOn)="SetTelemetryEnvironmentVariables;
C:\Program Files\Microsoft Visual Studio\2022\Community\MSBuild\Microsoft\VC\v170\Microsoft.Cpp.DesignTime.targets(542,5): message :       _PrepareForBuild;
C:\Program Files\Microsoft Visual Studio\2022\Community\MSBuild\Microsoft\VC\v170\Microsoft.Cpp.DesignTime.targets(542,5): message :       
C:\Program Files\Microsoft Visual Studio\2022\Community\MSBuild\Microsoft\VC\v170\Microsoft.Cpp.DesignTime.targets(542,5): message :       ResolveReferences;
C:\Program Files\Microsoft Visual Studio\2022\Community\MSBuild\Microsoft\VC\v170\Microsoft.Cpp.DesignTime.targets(542,5): message :       PrepareForBuild;
C:\Program Files\Microsoft Visual Studio\2022\Community\MSBuild\Microsoft\VC\v170\Microsoft.Cpp.DesignTime.targets(542,5): message :       InitializeBuildStatus;
C:\Program Files\Microsoft Visual Studio\2022\Community\MSBuild\Microsoft\VC\v170\Microsoft.Cpp.DesignTime.targets(542,5): message :       BuildGenerateSources;
C:\Program Files\Microsoft Visual Studio\2022\Community\MSBuild\Microsoft\VC\v170\Microsoft.Cpp.DesignTime.targets(542,5): message :       BuildCompile;
C:\Program Files\Microsoft Visual Studio\2022\Community\MSBuild\Microsoft\VC\v170\Microsoft.Cpp.DesignTime.targets(542,5): message :       BuildLink;
C:\Program Files\Microsoft Visual Studio\2022\Community\MSBuild\Microsoft\VC\v170\Microsoft.Cpp.DesignTime.targets(542,5): message :     ;
C:\Program Files\Microsoft Visual Studio\2022\Community\MSBuild\Microsoft\VC\v170\Microsoft.Cpp.DesignTime.targets(542,5): message :       AfterBuild;
C:\Program Files\Microsoft Visual Studio\2022\Community\MSBuild\Microsoft\VC\v170\Microsoft.Cpp.DesignTime.targets(542,5): message :       IncrementalClean;
C:\Program Files\Microsoft Visual Studio\2022\Community\MSBuild\Microsoft\VC\v170\Microsoft.Cpp.DesignTime.targets(542,5): message :       TlogCleanup;
C:\Program Files\Microsoft Visual Studio\2022\Community\MSBuild\Microsoft\VC\v170\Microsoft.Cpp.DesignTime.targets(542,5): message :       FinalizeBuildStatus;
C:\Program Files\Microsoft Visual Studio\2022\Community\MSBuild\Microsoft\VC\v170\Microsoft.Cpp.DesignTime.targets(542,5): message :     " (以前の値: "
C:\Program Files\Microsoft Visual Studio\2022\Community\MSBuild\Microsoft\VC\v170\Microsoft.Cpp.DesignTime.targets(542,5): message :       _PrepareForBuild;
C:\Program Files\Microsoft Visual Studio\2022\Community\MSBuild\Microsoft\VC\v170\Microsoft.Cpp.DesignTime.targets(542,5): message :       
C:\Program Files\Microsoft Visual Studio\2022\Community\MSBuild\Microsoft\VC\v170\Microsoft.Cpp.DesignTime.targets(542,5): message :       ResolveReferences;
C:\Program Files\Microsoft Visual Studio\2022\Community\MSBuild\Microsoft\VC\v170\Microsoft.Cpp.DesignTime.targets(542,5): message :       PrepareForBuild;
C:\Program Files\Microsoft Visual Studio\2022\Community\MSBuild\Microsoft\VC\v170\Microsoft.Cpp.DesignTime.targets(542,5): message :       InitializeBuildStatus;
C:\Program Files\Microsoft Visual Studio\2022\Community\MSBuild\Microsoft\VC\v170\Microsoft.Cpp.DesignTime.targets(542,5): message :       BuildGenerateSources;
C:\Program Files\Microsoft Visual Studio\2022\Community\MSBuild\Microsoft\VC\v170\Microsoft.Cpp.DesignTime.targets(542,5): message :       BuildCompile;
C:\Program Files\Microsoft Visual Studio\2022\Community\MSBuild\Microsoft\VC\v170\Microsoft.Cpp.DesignTime.targets(542,5): message :       BuildLink;
C:\Program Files\Microsoft Visual Studio\2022\Community\MSBuild\Microsoft\VC\v170\Microsoft.Cpp.DesignTime.targets(542,5): message :     ;
C:\Program Files\Microsoft Visual Studio\2022\Community\MSBuild\Microsoft\VC\v170\Microsoft.Cpp.DesignTime.targets(542,5): message :       AfterBuild;
C:\Program Files\Microsoft Visual Studio\2022\Community\MSBuild\Microsoft\VC\v170\Microsoft.Cpp.DesignTime.targets(542,5): message :       IncrementalClean;
C:\Program Files\Microsoft Visual Studio\2022\Community\MSBuild\Microsoft\VC\v170\Microsoft.Cpp.DesignTime.targets(542,5): message :       TlogCleanup;
C:\Program Files\Microsoft Visual Studio\2022\Community\MSBuild\Microsoft\VC\v170\Microsoft.Cpp.DesignTime.targets(542,5): message :       FinalizeBuildStatus;
C:\Program Files\Microsoft Visual Studio\2022\Community\MSBuild\Microsoft\VC\v170\Microsoft.Cpp.DesignTime.targets(542,5): message :     ") C:\Program Files\Microsoft Visual Studio\2022\Community\MSBuild\Microsoft\VC\v170\Microsoft.Cpp.DesignTime.targets (542,5)
C:\Program Files\Microsoft Visual Studio\2022\Community\MSBuild\Microsoft\VC\v170\Microsoft.Cpp.DesignTime.targets(543,5): message : プロパティの再代入: $(RebuildDependsOn)="SetTelemetryEnvironmentVariables;
C:\Program Files\Microsoft Visual Studio\2022\Community\MSBuild\Microsoft\VC\v170\Microsoft.Cpp.DesignTime.targets(543,5): message :       _PrepareForRebuild;
C:\Program Files\Microsoft Visual Studio\2022\Community\MSBuild\Microsoft\VC\v170\Microsoft.Cpp.DesignTime.targets(543,5): message :       
C:\Program Files\Microsoft Visual Studio\2022\Community\MSBuild\Microsoft\VC\v170\Microsoft.Cpp.DesignTime.targets(543,5): message :       BeforeRebuild;
C:\Program Files\Microsoft Visual Studio\2022\Community\MSBuild\Microsoft\VC\v170\Microsoft.Cpp.DesignTime.targets(543,5): message :       Clean;
C:\Program Files\Microsoft Visual Studio\2022\Community\MSBuild\Microsoft\VC\v170\Microsoft.Cpp.DesignTime.targets(543,5): message :       Build;
C:\Program Files\Microsoft Visual Studio\2022\Community\MSBuild\Microsoft\VC\v170\Microsoft.Cpp.DesignTime.targets(543,5): message :       AfterRebuild;
C:\Program Files\Microsoft Visual Studio\2022\Community\MSBuild\Microsoft\VC\v170\Microsoft.Cpp.DesignTime.targets(543,5): message :     ;
C:\Program Files\Microsoft Visual Studio\2022\Community\MSBuild\Microsoft\VC\v170\Microsoft.Cpp.DesignTime.targets(543,5): message :     " (以前の値: "
C:\Program Files\Microsoft Visual Studio\2022\Community\MSBuild\Microsoft\VC\v170\Microsoft.Cpp.DesignTime.targets(543,5): message :       _PrepareForRebuild;
C:\Program Files\Microsoft Visual Studio\2022\Community\MSBuild\Microsoft\VC\v170\Microsoft.Cpp.DesignTime.targets(543,5): message :       
C:\Program Files\Microsoft Visual Studio\2022\Community\MSBuild\Microsoft\VC\v170\Microsoft.Cpp.DesignTime.targets(543,5): message :       BeforeRebuild;
C:\Program Files\Microsoft Visual Studio\2022\Community\MSBuild\Microsoft\VC\v170\Microsoft.Cpp.DesignTime.targets(543,5): message :       Clean;
C:\Program Files\Microsoft Visual Studio\2022\Community\MSBuild\Microsoft\VC\v170\Microsoft.Cpp.DesignTime.targets(543,5): message :       Build;
C:\Program Files\Microsoft Visual Studio\2022\Community\MSBuild\Microsoft\VC\v170\Microsoft.Cpp.DesignTime.targets(543,5): message :       AfterRebuild;
C:\Program Files\Microsoft Visual Studio\2022\Community\MSBuild\Microsoft\VC\v170\Microsoft.Cpp.DesignTime.targets(543,5): message :     ;
C:\Program Files\Microsoft Visual Studio\2022\Community\MSBuild\Microsoft\VC\v170\Microsoft.Cpp.DesignTime.targets(543,5): message :     ") C:\Program Files\Microsoft Visual Studio\2022\Community\MSBuild\Microsoft\VC\v170\Microsoft.Cpp.DesignTime.targets (543,5)
プロジェクト "C:\Program Files\Microsoft Visual Studio\2022\Community\MSBuild\Current\Bin\Microsoft.Common.CurrentVersion.targets" のターゲット "GenerateTargetFrameworkMonikerAttribute" をプロジェクト "C:\Program Files\Microsoft Visual Studio\2022\Community\MSBuild\Microsoft\VC\v170\Microsoft.BuildSteps.Targets" からのターゲット "GenerateTargetFrameworkMonikerAttribute" でオーバーライドしています。
プロジェクト "C:\Program Files\Microsoft Visual Studio\2022\Community\MSBuild\Current\Bin\Microsoft.Common.CurrentVersion.targets" のターゲット "Build" をプロジェクト "C:\Program Files\Microsoft Visual Studio\2022\Community\MSBuild\Microsoft\VC\v170\Microsoft.BuildSteps.Targets" からのターゲット "Build" でオーバーライドしています。
プロジェクト "C:\Program Files\Microsoft Visual Studio\2022\Community\MSBuild\Current\Bin\Microsoft.Common.CurrentVersion.targets" のターゲット "Rebuild" をプロジェクト "C:\Program Files\Microsoft Visual Studio\2022\Community\MSBuild\Microsoft\VC\v170\Microsoft.BuildSteps.Targets" からのターゲット "Rebuild" でオーバーライドしています。
プロジェクト "C:\Program Files\Microsoft Visual Studio\2022\Community\MSBuild\Current\Bin\Microsoft.Common.CurrentVersion.targets" のターゲット "AfterBuild" をプロジェクト "C:\Program Files\Microsoft Visual Studio\2022\Community\MSBuild\Microsoft\VC\v170\Microsoft.BuildSteps.Targets" からのターゲット "AfterBuild" でオーバーライドしています。
プロジェクト "C:\Program Files\Microsoft Visual Studio\2022\Community\MSBuild\Current\Bin\Microsoft.Common.CurrentVersion.targets" のターゲット "PrepareForBuild" をプロジェクト "C:\Program Files\Microsoft Visual Studio\2022\Community\MSBuild\Microsoft\VC\v170\Microsoft.CppBuild.targets" からのターゲット "PrepareForBuild" でオーバーライドしています。
プロジェクト "C:\Program Files\Microsoft Visual Studio\2022\Community\MSBuild\Current\Bin\Microsoft.Common.CurrentVersion.targets" のターゲット "GetTargetPath" をプロジェクト "C:\Program Files\Microsoft Visual Studio\2022\Community\MSBuild\Microsoft\VC\v170\Microsoft.CppBuild.targets" からのターゲット "GetTargetPath" でオーバーライドしています。
プロジェクト "C:\Program Files\Microsoft Visual Studio\2022\Community\MSBuild\Current\Bin\Microsoft.Common.CurrentVersion.targets" のターゲット "ComputeIntermediateSatelliteAssemblies" をプロジェクト "C:\Program Files\Microsoft Visual Studio\2022\Community\MSBuild\Microsoft\VC\v170\Microsoft.CppBuild.targets" からのターゲット "ComputeIntermediateSatelliteAssemblies" でオーバーライドしています。
プロジェクト "C:\Program Files\Microsoft Visual Studio\2022\Community\MSBuild\Microsoft\VC\v170\Microsoft.CppBuild.targets" のターゲット "ClCompile" をプロジェクト "C:\Program Files\Microsoft Visual Studio\2022\Community\MSBuild\Microsoft\VC\v170\Microsoft.CppBuild.targets" からのターゲット "ClCompile" でオーバーライドしています。
プロジェクト "C:\Program Files\Microsoft Visual Studio\2022\Community\MSBuild\Microsoft\VC\v170\Microsoft.CppBuild.targets" のターゲット "ResourceCompile" をプロジェクト "C:\Program Files\Microsoft Visual Studio\2022\Community\MSBuild\Microsoft\VC\v170\Microsoft.CppBuild.targets" からのターゲット "ResourceCompile" でオーバーライドしています。
プロジェクト "C:\Program Files\Microsoft Visual Studio\2022\Community\MSBuild\Microsoft\VC\v170\Microsoft.CppBuild.targets" のターゲット "Lib" をプロジェクト "C:\Program Files\Microsoft Visual Studio\2022\Community\MSBuild\Microsoft\VC\v170\Microsoft.CppBuild.targets" からのターゲット "Lib" でオーバーライドしています。
プロジェクト "C:\Program Files\Microsoft Visual Studio\2022\Community\MSBuild\Microsoft\VC\v170\Microsoft.CppBuild.targets" のターゲット "Link" をプロジェクト "C:\Program Files\Microsoft Visual Studio\2022\Community\MSBuild\Microsoft\VC\v170\Microsoft.CppBuild.targets" からのターゲット "Link" でオーバーライドしています。
プロジェクト "C:\Program Files\Microsoft Visual Studio\2022\Community\MSBuild\Current\Bin\Microsoft.Common.CurrentVersion.targets" のターゲット "AllProjectOutputGroups" をプロジェクト "C:\Program Files\Microsoft Visual Studio\2022\Community\MSBuild\Microsoft\VC\v170\Microsoft.CppBuild.targets" からのターゲット "AllProjectOutputGroups" でオーバーライドしています。
プロジェクト "C:\Program Files\Microsoft Visual Studio\2022\Community\MSBuild\Current\Bin\Microsoft.Common.CurrentVersion.targets" のターゲット "BuiltProjectOutputGroup" をプロジェクト "C:\Program Files\Microsoft Visual Studio\2022\Community\MSBuild\Microsoft\VC\v170\Microsoft.CppBuild.targets" からのターゲット "BuiltProjectOutputGroup" でオーバーライドしています。
プロジェクト "C:\Program Files\Microsoft Visual Studio\2022\Community\MSBuild\Current\Bin\Microsoft.Common.CurrentVersion.targets" のターゲット "DebugSymbolsProjectOutputGroup" をプロジェクト "C:\Program Files\Microsoft Visual Studio\2022\Community\MSBuild\Microsoft\VC\v170\Microsoft.CppBuild.targets" からのターゲット "DebugSymbolsProjectOutputGroup" でオーバーライドしています。
プロジェクト "C:\Program Files\Microsoft Visual Studio\2022\Community\MSBuild\Current\Bin\Microsoft.Common.CurrentVersion.targets" のターゲット "DocumentationProjectOutputGroup" をプロジェクト "C:\Program Files\Microsoft Visual Studio\2022\Community\MSBuild\Microsoft\VC\v170\Microsoft.CppBuild.targets" からのターゲット "DocumentationProjectOutputGroup" でオーバーライドしています。
プロジェクト "C:\Program Files\Microsoft Visual Studio\2022\Community\MSBuild\Current\Bin\Microsoft.Common.CurrentVersion.targets" のターゲット "SourceFilesProjectOutputGroup" をプロジェクト "C:\Program Files\Microsoft Visual Studio\2022\Community\MSBuild\Microsoft\VC\v170\Microsoft.CppBuild.targets" からのターゲット "SourceFilesProjectOutputGroup" でオーバーライドしています。
プロジェクト "C:\Program Files\Microsoft Visual Studio\2022\Community\MSBuild\Current\Bin\Microsoft.Common.CurrentVersion.targets" のターゲット "ContentFilesProjectOutputGroup" をプロジェクト "C:\Program Files\Microsoft Visual Studio\2022\Community\MSBuild\Microsoft\VC\v170\Microsoft.CppBuild.targets" からのターゲット "ContentFilesProjectOutputGroup" でオーバーライドしています。
プロジェクト "C:\Program Files\Microsoft Visual Studio\2022\Community\MSBuild\Current\Bin\Microsoft.Common.CurrentVersion.targets" のターゲット "AllProjectOutputGroupsDependencies" をプロジェクト "C:\Program Files\Microsoft Visual Studio\2022\Community\MSBuild\Microsoft\VC\v170\Microsoft.CppBuild.targets" からのターゲット "AllProjectOutputGroupsDependencies" でオーバーライドしています。
プロジェクト "C:\Program Files\Microsoft Visual Studio\2022\Community\MSBuild\Current\Bin\Microsoft.Common.CurrentVersion.targets" のターゲット "BuiltProjectOutputGroupDependencies" をプロジェクト "C:\Program Files\Microsoft Visual Studio\2022\Community\MSBuild\Microsoft\VC\v170\Microsoft.CppBuild.targets" からのターゲット "BuiltProjectOutputGroupDependencies" でオーバーライドしています。
プロジェクト "C:\Program Files\Microsoft Visual Studio\2022\Community\MSBuild\Current\Bin\Microsoft.Common.CurrentVersion.targets" のターゲット "DebugSymbolsProjectOutputGroupDependencies" をプロジェクト "C:\Program Files\Microsoft Visual Studio\2022\Community\MSBuild\Microsoft\VC\v170\Microsoft.CppBuild.targets" からのターゲット "DebugSymbolsProjectOutputGroupDependencies" でオーバーライドしています。
プロジェクト "C:\Program Files\Microsoft Visual Studio\2022\Community\MSBuild\Current\Bin\Microsoft.Common.CurrentVersion.targets" のターゲット "DocumentationProjectOutputGroupDependencies" をプロジェクト "C:\Program Files\Microsoft Visual Studio\2022\Community\MSBuild\Microsoft\VC\v170\Microsoft.CppBuild.targets" からのターゲット "DocumentationProjectOutputGroupDependencies" でオーバーライドしています。
プロジェクト "C:\Program Files\Microsoft Visual Studio\2022\Community\MSBuild\Current\Bin\Microsoft.Common.CurrentVersion.targets" のターゲット "PreBuildEvent" をプロジェクト "C:\Program Files\Microsoft Visual Studio\2022\Community\MSBuild\Microsoft\VC\v170\Microsoft.CppCommon.targets" からのターゲット "PreBuildEvent" でオーバーライドしています。
プロジェクト "C:\Program Files\Microsoft Visual Studio\2022\Community\MSBuild\Current\Bin\Microsoft.Common.CurrentVersion.targets" のターゲット "PostBuildEvent" をプロジェクト "C:\Program Files\Microsoft Visual Studio\2022\Community\MSBuild\Microsoft\VC\v170\Microsoft.CppCommon.targets" からのターゲット "PostBuildEvent" でオーバーライドしています。
プロジェクト "C:\Program Files\Microsoft Visual Studio\2022\Community\MSBuild\Microsoft\VC\v170\Microsoft.CppBuild.targets" のターゲット "ClCompile" をプロジェクト "C:\Program Files\Microsoft Visual Studio\2022\Community\MSBuild\Microsoft\VC\v170\Microsoft.CppCommon.targets" からのターゲット "ClCompile" でオーバーライドしています。
プロジェクト "C:\Program Files\Microsoft Visual Studio\2022\Community\MSBuild\Microsoft\VC\v170\Microsoft.CppBuild.targets" のターゲット "Link" をプロジェクト "C:\Program Files\Microsoft Visual Studio\2022\Community\MSBuild\Microsoft\VC\v170\Microsoft.CppCommon.targets" からのターゲット "Link" でオーバーライドしています。
プロジェクト "C:\Program Files\Microsoft Visual Studio\2022\Community\MSBuild\Microsoft\VC\v170\Microsoft.CppBuild.targets" のターゲット "Lib" をプロジェクト "C:\Program Files\Microsoft Visual Studio\2022\Community\MSBuild\Microsoft\VC\v170\Microsoft.CppCommon.targets" からのターゲット "Lib" でオーバーライドしています。
プロジェクト "C:\Program Files\Microsoft Visual Studio\2022\Community\MSBuild\Microsoft\VC\v170\Microsoft.CppBuild.targets" のターゲット "ImpLib" をプロジェクト "C:\Program Files\Microsoft Visual Studio\2022\Community\MSBuild\Microsoft\VC\v170\Microsoft.CppCommon.targets" からのターゲット "ImpLib" でオーバーライドしています。
プロジェクト "C:\Program Files\Microsoft Visual Studio\2022\Community\MSBuild\Microsoft\VC\v170\Microsoft.CppBuild.targets" のターゲット "Midl" をプロジェクト "C:\Program Files\Microsoft Visual Studio\2022\Community\MSBuild\Microsoft\VC\v170\Microsoft.CppCommon.targets" からのターゲット "Midl" でオーバーライドしています。
プロジェクト "C:\Program Files\Microsoft Visual Studio\2022\Community\MSBuild\Microsoft\VC\v170\Microsoft.CppBuild.targets" のターゲット "ResourceCompile" をプロジェクト "C:\Program Files\Microsoft Visual Studio\2022\Community\MSBuild\Microsoft\VC\v170\Microsoft.CppCommon.targets" からのターゲット "ResourceCompile" でオーバーライドしています。
プロジェクト "C:\Program Files\Microsoft Visual Studio\2022\Community\MSBuild\Current\Bin\Microsoft.Common.CurrentVersion.targets" のターゲット "BeforeResGen" をプロジェクト "C:\Program Files\Microsoft Visual Studio\2022\Community\MSBuild\Microsoft\VC\v170\Microsoft.CppCommon.targets" からのターゲット "BeforeResGen" でオーバーライドしています。
プロジェクト "C:\Program Files\Microsoft Visual Studio\2022\Community\MSBuild\Current\Bin\Microsoft.Common.CurrentVersion.targets" のターゲット "ResGen" をプロジェクト "C:\Program Files\Microsoft Visual Studio\2022\Community\MSBuild\Microsoft\VC\v170\Microsoft.CppCommon.targets" からのターゲット "ResGen" でオーバーライドしています。
プロジェクト "C:\Program Files\Microsoft Visual Studio\2022\Community\MSBuild\Current\Bin\Microsoft.Common.CurrentVersion.targets" のターゲット "GenerateSatelliteAssemblies" をプロジェクト "C:\Program Files\Microsoft Visual Studio\2022\Community\MSBuild\Microsoft\VC\v170\Microsoft.CppCommon.targets" からのターゲット "GenerateSatelliteAssemblies" でオーバーライドしています。
プロジェクト "C:\Program Files\Microsoft Visual Studio\2022\Community\MSBuild\Microsoft\VC\v170\Microsoft.CppBuild.targets" のターゲット "Manifest" をプロジェクト "C:\Program Files\Microsoft Visual Studio\2022\Community\MSBuild\Microsoft\VC\v170\Microsoft.CppCommon.targets" からのターゲット "Manifest" でオーバーライドしています。
プロジェクト "C:\Program Files\Microsoft Visual Studio\2022\Community\MSBuild\Microsoft\VC\v170\Microsoft.CppBuild.targets" のターゲット "XdcMake" をプロジェクト "C:\Program Files\Microsoft Visual Studio\2022\Community\MSBuild\Microsoft\VC\v170\Microsoft.CppCommon.targets" からのターゲット "XdcMake" でオーバーライドしています。
プロジェクト "C:\Program Files\Microsoft Visual Studio\2022\Community\MSBuild\Microsoft\VC\v170\Microsoft.CppBuild.targets" のターゲット "BscMake" をプロジェクト "C:\Program Files\Microsoft Visual Studio\2022\Community\MSBuild\Microsoft\VC\v170\Microsoft.CppCommon.targets" からのターゲット "BscMake" でオーバーライドしています。
プロジェクト "C:\Program Files\Microsoft Visual Studio\2022\Community\MSBuild\Microsoft\VC\v170\Microsoft.MetaGen.targets" のターゲット "ComputeMetaGenInputs" をプロジェクト "C:\Program Files\Microsoft Visual Studio\2022\Community\MSBuild\Microsoft\VC\v170\Microsoft.CppCommon.targets" からのターゲット "ComputeMetaGenInputs" でオーバーライドしています。
プロジェクト "C:\Program Files\Microsoft Visual Studio\2022\Community\MSBuild\Current\Bin\Microsoft.Common.CurrentVersion.targets" のターゲット "GetNativeManifest" をプロジェクト "C:\Program Files\Microsoft Visual Studio\2022\Community\MSBuild\Microsoft\VC\v170\Microsoft.CppCommon.targets" からのターゲット "GetNativeManifest" でオーバーライドしています。
プロジェクト "C:\Program Files\Microsoft Visual Studio\2022\Community\MSBuild\Current\Bin\Microsoft.Common.CurrentVersion.targets" のターゲット "GetTargetPathWithTargetPlatformMoniker" をプロジェクト "C:\Program Files\Microsoft Visual Studio\2022\Community\MSBuild\Microsoft\VC\v170\Microsoft.Cpp.DesignTime.targets" からのターゲット "GetTargetPathWithTargetPlatformMoniker" でオーバーライドしています。
"C:\Program Files\Microsoft Visual Studio\2022\Community\MSBuild\Microsoft\VisualStudio\WebTools.Aspire\Microsoft.WebTools.Aspire.targets (44,11)" にある BeforeTargets 属性に一覧表示されているターゲット "CompileDesignTime" はプロジェクト内に存在しないため、無視されます。
"C:\Program Files\Microsoft Visual Studio\2022\Community\MSBuild\Microsoft\VisualStudio\WebTools.Aspire\Microsoft.WebTools.Aspire.targets (57,11)" にある BeforeTargets 属性に一覧表示されているターゲット "CompileDesignTime" はプロジェクト内に存在しないため、無視されます。
プロジェクト "C:\Users\bluec\Kamata\TakeCEngine\project\DirectXGame.sln" (1) は、ノード 1 上に "C:\Users\bluec\Kamata\TakeCEngine\project\DirectXGame.vcxproj" (2) をビルドしています (既定のターゲット)。
false 条件により、ターゲット "EnableIntermediateOutputPathMismatchWarning" を省略しました。('$(RestoreProjectStyle)' == 'PackageReference') は ('' == 'PackageReference') として評価されました。
ファイル "C:\Program Files\Microsoft Visual Studio\2022\Community\MSBuild\Current\Bin\Microsoft.Common.CurrentVersion.targets" 内にある、プロジェクト "C:\Users\bluec\Kamata\TakeCEngine\project\DirectXGame.vcxproj" からのターゲット "_CheckForInvalidConfigurationAndPlatform" (ターゲット "SetTelemetryEnvironmentVariables" は依存):
false 条件のため、タスク "MSBuildInternalMessage" を省略しました。('$(_InvalidConfigurationMessageSeverity)' != '') は ('' != '') として評価されました。
"Message" タスクをアセンブリ "Microsoft.Build.Tasks.Core, Version=15.1.0.0, Culture=neutral, PublicKeyToken=b03f5f7f11d50a3a" から使用しています。
タスク "Message"
  Configuration=Debug
タスク "Message" の実行が終了しました。
タスク "Message"
  Platform=x64
タスク "Message" の実行が終了しました。
false 条件のため、タスク "MSBuildInternalMessage" を省略しました。('$(OutDir)' != '' and !HasTrailingSlash('$(OutDir)')) は ('C:\Users\bluec\Kamata\TakeCEngine\project\..\generated\outputs\Debug\' != '' and !HasTrailingSlash('C:\Users\bluec\Kamata\TakeCEngine\project\..\generated\outputs\Debug\')) として評価されました。
false 条件のため、タスク "MSBuildInternalMessage" を省略しました。('$(IntermediateOutputPath)' != '' and !HasTrailingSlash('$(IntermediateOutputPath)')) は ('C:\Users\bluec\Kamata\TakeCEngine\project\..\generated\obj\DirectXGame\Debug\' != '' and !HasTrailingSlash('C:\Users\bluec\Kamata\TakeCEngine\project\..\generated\obj\DirectXGame\Debug\')) として評価されました。
false 条件のため、タスク "MSBuildInternalMessage" を省略しました。('$(BaseIntermediateOutputPath)' != '' and !HasTrailingSlash('$(BaseIntermediateOutputPath)')) は ('obj\' != '' and !HasTrailingSlash('obj\')) として評価されました。
false 条件のため、タスク "MSBuildInternalMessage" を省略しました。( '$(Prefer32Bit)' == 'true' and '$(PreferNativeArm64)' == 'true' ) は ( '' == 'true' and '' == 'true' ) として評価されました。
false 条件のため、タスク "MSBuildInternalMessage" を省略しました。( '$(NoWin32Manifest)' == 'true' and '$(PreferNativeArm64)' == 'true' ) は ( '' == 'true' and '' == 'true' ) として評価されました。
false 条件のため、タスク "MSBuildInternalMessage" を省略しました。( '$(PreferNativeArm64)' == 'true' and '$(Platform)' != 'AnyCPU' ) は ( '' == 'true' and 'x64' != 'AnyCPU' ) として評価されました。
false 条件のため、タスク "MSBuildInternalMessage" を省略しました。( '$(_InitialMSBuildProjectExtensionsPath)' != '' And '$(MSBuildProjectExtensionsPath)' != '$(_InitialMSBuildProjectExtensionsPath)' ) は ( 'C:\Users\bluec\Kamata\TakeCEngine\project\obj\' != '' And 'C:\Users\bluec\Kamata\TakeCEngine\project\obj\' != 'C:\Users\bluec\Kamata\TakeCEngine\project\obj\' ) として評価されました。
false 条件のため、タスク "MSBuildInternalMessage" を省略しました。( '$(EnableBaseIntermediateOutputPathMismatchWarning)' == 'true' And '$(_InitialBaseIntermediateOutputPath)' != '$(BaseIntermediateOutputPath)' And '$(BaseIntermediateOutputPath)' != '$(MSBuildProjectExtensionsPath)' ) は ( '' == 'true' And 'obj\' != 'obj\' And 'obj\' != 'C:\Users\bluec\Kamata\TakeCEngine\project\obj\' ) として評価されました。
プロジェクト "DirectXGame.vcxproj" 内のターゲット "_CheckForInvalidConfigurationAndPlatform" のビルドが終了しました。
ターゲット "_CheckForInvalidConfigurationAndPlatform" を省略しました。以前に正しくビルドされていました。
ファイル "C:\Program Files\Microsoft Visual Studio\2022\Community\MSBuild\Microsoft\VC\v170\Microsoft.Cpp.DesignTime.targets" 内にある、プロジェクト "C:\Users\bluec\Kamata\TakeCEngine\project\DirectXGame.vcxproj" からのターゲット "SetTelemetryEnvironmentVariables" (ターゲット "Build" は依存):
"SetEnv" タスクをアセンブリ "C:\Program Files\Microsoft Visual Studio\2022\Community\MSBuild\Microsoft\VC\v170\Microsoft.Build.CppTasks.Common.dll" から使用しています。
タスク "SetEnv"
  VSTEL_SolutionSessionID=
タスク "SetEnv" の実行が終了しました。
タスク "SetEnv"
  VSTEL_CurrentSolutionBuildID=
タスク "SetEnv" の実行が終了しました。
タスク "SetEnv"
  VSTEL_ProjectID={70326190-0d52-4b2e-9792-95f432a738b9}
タスク "SetEnv" の実行が終了しました。
タスク "SetEnv"
  VSTEL_SolutionPath=C:\Users\bluec\Kamata\TakeCEngine\project\DirectXGame.sln
タスク "SetEnv" の実行が終了しました。
タスク "SetEnv"
  VSTEL_MSBuildProjectFullPath=C:\Users\bluec\Kamata\TakeCEngine\project\DirectXGame.vcxproj
タスク "SetEnv" の実行が終了しました。
プロジェクト "DirectXGame.vcxproj" 内のターゲット "SetTelemetryEnvironmentVariables" のビルドが終了しました。
ファイル "C:\Program Files\Microsoft Visual Studio\2022\Community\MSBuild\Microsoft\VC\v170\Microsoft.BuildSteps.Targets" 内にある、プロジェクト "C:\Users\bluec\Kamata\TakeCEngine\project\DirectXGame.vcxproj" からのターゲット "_PrepareForBuild" (ターゲット "Build" は依存):
false 条件のため、タスク "CreateItem" を省略しました。('%(CustomBuild.IncludeFileToTool)'!='') は (''!='') として評価されました。
プロジェクト "DirectXGame.vcxproj" 内のターゲット "_PrepareForBuild" のビルドが終了しました。
ファイル "C:\Program Files\Microsoft Visual Studio\2022\Community\MSBuild\Microsoft\VC\v170\Microsoft.CppBuild.targets" 内にある、プロジェクト "C:\Users\bluec\Kamata\TakeCEngine\project\DirectXGame.vcxproj" からのターゲット "_PrepareForReferenceResolution" (ターゲット "ResolveReferences" は依存):
false 条件のため、タスク "VCMessage" を省略しました。('$(WarnAboutIndividualManagedFiles)' == 'true') は ('' == 'true') として評価されました。
false 条件のため、タスク "VCMessage" を省略しました。('$(UseDynamicDebugging)' == 'true' and '$(WholeProgramOptimization)' == 'true') は ('false' == 'true' and 'false' == 'true') として評価されました。
false 条件のため、タスク "Message" を省略しました。('$(_REFERENCE_DEBUG)'=='true') は (''=='true') として評価されました。
プロジェクト "DirectXGame.vcxproj" 内のターゲット "_PrepareForReferenceResolution" のビルドが終了しました。
false 条件により、ターゲット "ComputeCrtSDKReference" を省略しました。('@(ClCompile)'!='' and '$(WindowsAppContainer)'=='true' and '$(UseCrtSDKReference)' != 'false') は ('application\Entity\Animation\AnimationMapper.cpp;application\Entity\Behavior\ActionNode.cpp;application\Entity\Behavior\BehaviorTreeEditor.cpp;...'!='' and 'false'=='true' and '' != 'false') として評価されました。
ファイル "C:\Program Files\Microsoft Visual Studio\2022\Community\MSBuild\Current\Bin\Microsoft.Common.CurrentVersion.targets" 内にある、プロジェクト "C:\Users\bluec\Kamata\TakeCEngine\project\DirectXGame.vcxproj" からのターゲット "BeforeResolveReferences" (ターゲット "ResolveReferences" は依存):
プロジェクト "DirectXGame.vcxproj" 内のターゲット "BeforeResolveReferences" のビルドが終了しました。
ファイル "C:\Program Files\Microsoft Visual Studio\2022\Community\MSBuild\Current\Bin\Microsoft.Common.CurrentVersion.targets" 内にある、プロジェクト "C:\Users\bluec\Kamata\TakeCEngine\project\DirectXGame.vcxproj" からのターゲット "IgnoreJavaScriptOutputAssembly" (ターゲット "AssignProjectConfiguration" は依存):
プロジェクト "DirectXGame.vcxproj" 内のターゲット "IgnoreJavaScriptOutputAssembly" のビルドが終了しました。
ファイル "C:\Program Files\Microsoft Visual Studio\2022\Community\MSBuild\Current\Bin\Microsoft.Common.CurrentVersion.targets" 内にある、プロジェクト "C:\Users\bluec\Kamata\TakeCEngine\project\DirectXGame.vcxproj" からのターゲット "AssignProjectConfiguration" (ターゲット "ResolveReferences" は依存):
"AssignProjectConfiguration" タスクをアセンブリ "Microsoft.Build.Tasks.Core, Version=15.1.0.0, Culture=neutral, PublicKeyToken=b03f5f7f11d50a3a" から使用しています。
タスク "AssignProjectConfiguration"
  プロジェクト参照 "externals\DirectXTex\DirectXTex_Desktop_2022_Win10.vcxproj" に "Debug|x64" 構成を割り当てました。
  プロジェクト参照 "externals\imgui\imgui.vcxproj" に "Debug|x64" 構成を割り当てました。
タスク "AssignProjectConfiguration" の実行が終了しました。
プロジェクト "DirectXGame.vcxproj" 内のターゲット "AssignProjectConfiguration" のビルドが終了しました。
ターゲット "AssignProjectConfiguration" を省略しました。以前に正しくビルドされていました。
ファイル "C:\Program Files\Microsoft Visual Studio\2022\Community\MSBuild\Current\Bin\Microsoft.Common.CurrentVersion.targets" 内にある、プロジェクト "C:\Users\bluec\Kamata\TakeCEngine\project\DirectXGame.vcxproj" からのターゲット "_SplitProjectReferencesByFileExistence" (ターゲット "PrepareProjectReferences" は依存):
false 条件のため、タスク "ResolveNonMSBuildProjectOutput" を省略しました。('$(BuildingInsideVisualStudio)'=='true' and '@(ProjectReferenceWithConfiguration)'!='') は (''=='true' and 'externals\DirectXTex\DirectXTex_Desktop_2022_Win10.vcxproj;externals\imgui\imgui.vcxproj'!='') として評価されました。
プロジェクト "DirectXGame.vcxproj" 内のターゲット "_SplitProjectReferencesByFileExistence" のビルドが終了しました。
ファイル "C:\Program Files\Microsoft Visual Studio\2022\Community\MSBuild\Current\Bin\Microsoft.Common.CurrentVersion.targets" 内にある、プロジェクト "C:\Users\bluec\Kamata\TakeCEngine\project\DirectXGame.vcxproj" からのターゲット "_AddOutputPathToGlobalPropertiesToRemove" (ターゲット "_GetProjectReferenceTargetFrameworkProperties" は依存):
プロジェクト "DirectXGame.vcxproj" 内のターゲット "_AddOutputPathToGlobalPropertiesToRemove" のビルドが終了しました。
ファイル "C:\Program Files\Microsoft Visual Studio\2022\Community\MSBuild\Current\Bin\Microsoft.Common.CurrentVersion.targets" 内にある、プロジェクト "C:\Users\bluec\Kamata\TakeCEngine\project\DirectXGame.vcxproj" からのターゲット "_GetProjectReferenceTargetFrameworkProperties" (ターゲット "PrepareProjectReferences" は依存):
false 条件のため、タスク "MSBuild" を省略しました。('%(_MSBuildProjectReferenceExistent.SkipGetTargetFrameworkProperties)' != 'true' and '$(EnableDynamicPlatformResolution)' != 'true') は ('true' != 'true' and '' != 'true') として評価されました。
false 条件のため、タスク "MSBuild" を省略しました。('%(_MSBuildProjectReferenceExistent.SkipGetTargetFrameworkProperties)' != 'true' and '$(EnableDynamicPlatformResolution)' == 'true') は ('true' != 'true' and '' == 'true') として評価されました。
false 条件のため、タスク "GetReferenceNearestTargetFrameworkTask" を省略しました。('@(_ProjectReferenceTargetFrameworkPossibilities)' != '' and '$(ReferringTargetFrameworkForProjectReferences)' != ''
                                                        And '$(GetReferenceNearestTargetFrameworkTaskSupportsTargetPlatformParameter)' == 'true' and '%(_ProjectReferenceTargetFrameworkPossibilities.IsVcxOrNativeProj)' != 'true') は ('' != '' and '' != ''
                                                        And 'true' == 'true' and '' != 'true') として評価されました。
false 条件のため、タスク "GetReferenceNearestTargetFrameworkTask" を省略しました。('@(_ProjectReferenceTargetFrameworkPossibilities)' != '' and '$(ReferringTargetFrameworkForProjectReferences)' != ''
                                                        And '$(GetReferenceNearestTargetFrameworkTaskSupportsTargetPlatformParameter)' != 'true' and '%(_ProjectReferenceTargetFrameworkPossibilities.IsVcxOrNativeProj)' != 'true') は ('' != '' and '' != ''
                                                        And 'true' != 'true' and '' != 'true') として評価されました。
"SetRidAgnosticValueForProjects" タスクをアセンブリ "Microsoft.Build.Tasks.Core, Version=15.1.0.0, Culture=neutral, PublicKeyToken=b03f5f7f11d50a3a" から使用しています。
タスク "SetRidAgnosticValueForProjects"
タスク "SetRidAgnosticValueForProjects" の実行が終了しました。
プロジェクト "DirectXGame.vcxproj" 内のターゲット "_GetProjectReferenceTargetFrameworkProperties" のビルドが終了しました。
false 条件により、ターゲット "_GetProjectReferencePlatformProperties" を省略しました。('$(EnableDynamicPlatformResolution)' == 'true'
                     and '@(_MSBuildProjectReferenceExistent)' != '') は ('' == 'true'
                     and 'externals\DirectXTex\DirectXTex_Desktop_2022_Win10.vcxproj;externals\imgui\imgui.vcxproj' != '') として評価されました。
ファイル "C:\Program Files\Microsoft Visual Studio\2022\Community\MSBuild\Current\Bin\Microsoft.Common.CurrentVersion.targets" 内にある、プロジェクト "C:\Users\bluec\Kamata\TakeCEngine\project\DirectXGame.vcxproj" からのターゲット "PrepareProjectReferences" (ターゲット "ResolveProjectReferences" は依存):
プロジェクト "DirectXGame.vcxproj" 内のターゲット "PrepareProjectReferences" のビルドが終了しました。
ファイル "C:\Program Files\Microsoft Visual Studio\2022\Community\MSBuild\Microsoft\VC\v170\Microsoft.CppBuild.targets" 内にある、プロジェクト "C:\Users\bluec\Kamata\TakeCEngine\project\DirectXGame.vcxproj" からのターゲット "_RemoveNameMetadataFromProjectReferenceItems" (ターゲット "ResolveProjectReferences" は依存):
プロジェクト "DirectXGame.vcxproj" 内のターゲット "_RemoveNameMetadataFromProjectReferenceItems" のビルドが終了しました。
false 条件により、ターゲット "UpdateProjectReferenceBuildTargets" を省略しました。('@(_MSBuildProjectReferenceExistent)' != '' and '$(BuildingXReferences)' == 'true') は ('externals\DirectXTex\DirectXTex_Desktop_2022_Win10.vcxproj;externals\imgui\imgui.vcxproj' != '' and '' == 'true') として評価されました。
ファイル "C:\Program Files\Microsoft Visual Studio\2022\Community\MSBuild\Current\Bin\Microsoft.Common.CurrentVersion.targets" 内にある、プロジェクト "C:\Users\bluec\Kamata\TakeCEngine\project\DirectXGame.vcxproj" からのターゲット "ResolveProjectReferences" (ターゲット "ResolveReferences" は依存):
false 条件のため、タスク "MSBuild" を省略しました。('%(_MSBuildProjectReferenceExistent.BuildReference)' == 'true' and '@(ProjectReferenceWithConfiguration)' != '' and ('$(BuildingInsideVisualStudio)' == 'true' or '$(BuildProjectReferences)' != 'true') and '$(VisualStudioVersion)' != '10.0' and '@(_MSBuildProjectReferenceExistent)' != '') は ('true' == 'true' and 'externals\DirectXTex\DirectXTex_Desktop_2022_Win10.vcxproj;externals\imgui\imgui.vcxproj' != '' and ('' == 'true' or 'true' != 'true') and '17.0' != '10.0' and 'externals\DirectXTex\DirectXTex_Desktop_2022_Win10.vcxproj;externals\imgui\imgui.vcxproj' != '') として評価されました。
"MSBuild" タスクをアセンブリ "Microsoft.Build.Tasks.Core, Version=15.1.0.0, Culture=neutral, PublicKeyToken=b03f5f7f11d50a3a" から使用しています。
タスク "MSBuild"
  グローバル プロパティ:
    Configuration=Debug
    Platform=x64
  プロジェクト "externals\DirectXTex\DirectXTex_Desktop_2022_Win10.vcxproj" のプロパティの削除:
    TargetFramework
  プロジェクト "externals\imgui\imgui.vcxproj" のプロパティの削除:
    TargetFramework
プロパティの再代入: $(MSBuildExtensionsPath)="C:\Program Files\Microsoft Visual Studio\2022\Community\MSBuild" (以前の値: "C:\Program Files (x86)\MSBuild") 
プロパティの再代入: $(MSBuildExtensionsPath32)="C:\Program Files\Microsoft Visual Studio\2022\Community\MSBuild" (以前の値: "C:\Program Files (x86)\MSBuild") 
$(MSBuildExtensionsPath) で使用されている検索パスは C:\Program Files\Microsoft Visual Studio\2022\Community\MSBuild;$(MSBuildProgramFiles32)\MSBuild です
拡張パス C:\Program Files\Microsoft Visual Studio\2022\Community\MSBuild を使用して C:\Program Files\Microsoft Visual Studio\2022\Community\MSBuild\$(MSBuildToolsVersion)\Microsoft.Common.props をインポートしようとしています
C:\Program Files\Microsoft Visual Studio\2022\Community\MSBuild\Current\Microsoft.Common.props(60,5): message : プロパティの再代入: $(MSBuildProjectExtensionsPath)="C:\Users\bluec\Kamata\TakeCEngine\project\externals\DirectXTex\obj\" (以前の値: "obj\") C:\Program Files\Microsoft Visual Studio\2022\Community\MSBuild\Current\Microsoft.Common.props (60,5)
C:\Program Files\Microsoft Visual Studio\2022\Community\MSBuild\Current\Microsoft.Common.props(84,119): message : 環境から展開された 'C:\Users\bluec\AppData\Local\Microsoft\MSBuild' 値を持つプロパティ 'MSBuildUserExtensionsPath'。
$(MSBuildExtensionsPath) で使用されている検索パスは C:\Program Files\Microsoft Visual Studio\2022\Community\MSBuild;$(MSBuildProgramFiles32)\MSBuild です
拡張パス C:\Program Files\Microsoft Visual Studio\2022\Community\MSBuild を使用して C:\Program Files\Microsoft Visual Studio\2022\Community\MSBuild\$(MSBuildToolsVersion)\Imports\Microsoft.Common.props\ImportBefore\* をインポートしようとしています
"Configuration" プロパティはグローバル プロパティであり、変更できません。
$(MSBuildExtensionsPath) で使用されている検索パスは C:\Program Files\Microsoft Visual Studio\2022\Community\MSBuild;$(MSBuildProgramFiles32)\MSBuild です
$(MSBuildExtensionsPath) で使用されている検索パスは C:\Program Files\Microsoft Visual Studio\2022\Community\MSBuild;$(MSBuildProgramFiles32)\MSBuild です
"PlatformToolset" プロパティはグローバル プロパティであり、変更できません。
"Configuration" プロパティはグローバル プロパティであり、変更できません。
"PlatformToolset" プロパティはグローバル プロパティであり、変更できません。
"SolutionDir" プロパティはグローバル プロパティであり、変更できません。
C:\Program Files\Microsoft Visual Studio\2022\Community\MSBuild\Microsoft\VC\v170\Microsoft.Cpp.Default.props(218,5): message : 環境から展開された 'C:\Users\bluec\AppData\Local' 値を持つプロパティ 'LOCALAPPDATA'。
C:\Users\bluec\Kamata\TakeCEngine\project\externals\DirectXTex\DirectXTex_Desktop_2022_Win10.vcxproj(69,5): message : プロパティの再代入: $(ConfigurationType)="StaticLibrary" (以前の値: "Application") C:\Users\bluec\Kamata\TakeCEngine\project\externals\DirectXTex\DirectXTex_Desktop_2022_Win10.vcxproj (69,5)
C:\Users\bluec\Kamata\TakeCEngine\project\externals\DirectXTex\DirectXTex_Desktop_2022_Win10.vcxproj(70,5): message : プロパティの再代入: $(UseDebugLibraries)="true" (以前の値: "false") C:\Users\bluec\Kamata\TakeCEngine\project\externals\DirectXTex\DirectXTex_Desktop_2022_Win10.vcxproj (70,5)
C:\Users\bluec\Kamata\TakeCEngine\project\externals\DirectXTex\DirectXTex_Desktop_2022_Win10.vcxproj(71,5): message : プロパティの再代入: $(CharacterSet)="Unicode" (以前の値: "NotSet") C:\Users\bluec\Kamata\TakeCEngine\project\externals\DirectXTex\DirectXTex_Desktop_2022_Win10.vcxproj (71,5)
"PlatformToolset" プロパティはグローバル プロパティであり、変更できません。
C:\Program Files\Microsoft Visual Studio\2022\Community\MSBuild\Microsoft\VC\v170\Microsoft.Cpp.ToolsetLocation.props(80,32): message : 環境から展開された 'x86' 値を持つプロパティ 'PROCESSOR_ARCHITECTURE'。
C:\Program Files\Microsoft Visual Studio\2022\Community\MSBuild\Microsoft\VC\v170\Microsoft.Cpp.ToolsetLocation.props(80,32): message : 環境から展開された 'AMD64' 値を持つプロパティ 'PROCESSOR_ARCHITEW6432'。
C:\Program Files\Microsoft Visual Studio\2022\Community\MSBuild\Microsoft\VC\v170\Microsoft.Cpp.WindowsSDK.props(209,5): message : プロパティの再代入: $(WindowsSDK_ExecutablePath_x86)="C:\Program Files (x86)\Windows Kits\10\bin\10.0.26100.0\x86;;C:\Program Files (x86)\Microsoft SDKs\Windows\v10.0A\bin\NETFX 4.8.1 Tools" (以前の値: "C:\Program Files (x86)\Windows Kits\10\bin\10.0.26100.0\x86;") C:\Program Files\Microsoft Visual Studio\2022\Community\MSBuild\Microsoft\VC\v170\Microsoft.Cpp.WindowsSDK.props (209,5)
C:\Program Files\Microsoft Visual Studio\2022\Community\MSBuild\Microsoft\VC\v170\Microsoft.Cpp.WindowsSDK.props(210,5): message : プロパティの再代入: $(WindowsSDK_ExecutablePath_x64)="C:\Program Files (x86)\Windows Kits\10\bin\10.0.26100.0\x64;;C:\Program Files (x86)\Microsoft SDKs\Windows\v10.0A\bin\NETFX 4.8.1 Tools\x64" (以前の値: "C:\Program Files (x86)\Windows Kits\10\bin\10.0.26100.0\x64;") C:\Program Files\Microsoft Visual Studio\2022\Community\MSBuild\Microsoft\VC\v170\Microsoft.Cpp.WindowsSDK.props (210,5)
C:\Program Files\Microsoft Visual Studio\2022\Community\MSBuild\Microsoft\VC\v170\Microsoft.Cpp.Common.props(43,5): message : プロパティの再代入: $(TargetExt)=".lib" (以前の値: "") C:\Program Files\Microsoft Visual Studio\2022\Community\MSBuild\Microsoft\VC\v170\Microsoft.Cpp.Common.props (43,5)
C:\Program Files\Microsoft Visual Studio\2022\Community\MSBuild\Microsoft\VC\v170\Microsoft.Cpp.Common.props(88,5): message : プロパティの再代入: $(VC_ExecutablePath_Loc)="C:\Program Files\Microsoft Visual Studio\2022\Community\VC\Tools\MSVC\14.44.35207\bin\HostX64\x64\1033;C:\Program Files\Microsoft Visual Studio\2022\Community\VC\Tools\MSVC\14.44.35207\bin\HostX64\x86\1033;;;" (以前の値: "C:\Program Files\Microsoft Visual Studio\2022\Community\VC\Tools\MSVC\14.44.35207\bin\HostX64\x86\1033;;") C:\Program Files\Microsoft Visual Studio\2022\Community\MSBuild\Microsoft\VC\v170\Microsoft.Cpp.Common.props (88,5)
C:\Program Files\Microsoft Visual Studio\2022\Community\MSBuild\Microsoft\VC\v170\Microsoft.Cpp.Common.props(89,5): message : プロパティの再代入: $(VC_ExecutablePath_Loc)="C:\Program Files\Microsoft Visual Studio\2022\Community\VC\Tools\MSVC\14.44.35207\bin\HostX64\arm\1033;C:\Program Files\Microsoft Visual Studio\2022\Community\VC\Tools\MSVC\14.44.35207\bin\HostX64\x64\1033;C:\Program Files\Microsoft Visual Studio\2022\Community\VC\Tools\MSVC\14.44.35207\bin\HostX64\x86\1033;;;;" (以前の値: "C:\Program Files\Microsoft Visual Studio\2022\Community\VC\Tools\MSVC\14.44.35207\bin\HostX64\x64\1033;C:\Program Files\Microsoft Visual Studio\2022\Community\VC\Tools\MSVC\14.44.35207\bin\HostX64\x86\1033;;;") C:\Program Files\Microsoft Visual Studio\2022\Community\MSBuild\Microsoft\VC\v170\Microsoft.Cpp.Common.props (89,5)
C:\Program Files\Microsoft Visual Studio\2022\Community\MSBuild\Microsoft\VC\v170\Microsoft.Cpp.Common.props(90,5): message : プロパティの再代入: $(VC_ExecutablePath_Loc)="C:\Program Files\Microsoft Visual Studio\2022\Community\VC\Tools\MSVC\14.44.35207\bin\HostX64\arm64\1033;C:\Program Files\Microsoft Visual Studio\2022\Community\VC\Tools\MSVC\14.44.35207\bin\HostX64\arm\1033;C:\Program Files\Microsoft Visual Studio\2022\Community\VC\Tools\MSVC\14.44.35207\bin\HostX64\x64\1033;C:\Program Files\Microsoft Visual Studio\2022\Community\VC\Tools\MSVC\14.44.35207\bin\HostX64\x86\1033;;;;;" (以前の値: "C:\Program Files\Microsoft Visual Studio\2022\Community\VC\Tools\MSVC\14.44.35207\bin\HostX64\arm\1033;C:\Program Files\Microsoft Visual Studio\2022\Community\VC\Tools\MSVC\14.44.35207\bin\HostX64\x64\1033;C:\Program Files\Microsoft Visual Studio\2022\Community\VC\Tools\MSVC\14.44.35207\bin\HostX64\x86\1033;;;;") C:\Program Files\Microsoft Visual Studio\2022\Community\MSBuild\Microsoft\VC\v170\Microsoft.Cpp.Common.props (90,5)
C:\Program Files\Microsoft Visual Studio\2022\Community\MSBuild\Microsoft\VC\v170\Microsoft.Cpp.Common.props(91,5): message : プロパティの再代入: $(VC_ExecutablePath_Loc)="C:\Program Files\Microsoft Visual Studio\2022\Community\VC\Tools\MSVC\14.44.35207\bin\HostX86\x86\1033;C:\Program Files\Microsoft Visual Studio\2022\Community\VC\Tools\MSVC\14.44.35207\bin\HostX64\arm64\1033;C:\Program Files\Microsoft Visual Studio\2022\Community\VC\Tools\MSVC\14.44.35207\bin\HostX64\arm\1033;C:\Program Files\Microsoft Visual Studio\2022\Community\VC\Tools\MSVC\14.44.35207\bin\HostX64\x64\1033;C:\Program Files\Microsoft Visual Studio\2022\Community\VC\Tools\MSVC\14.44.35207\bin\HostX64\x86\1033;;;;;;" (以前の値: "C:\Program Files\Microsoft Visual Studio\2022\Community\VC\Tools\MSVC\14.44.35207\bin\HostX64\arm64\1033;C:\Program Files\Microsoft Visual Studio\2022\Community\VC\Tools\MSVC\14.44.35207\bin\HostX64\arm\1033;C:\Program Files\Microsoft Visual Studio\2022\Community\VC\Tools\MSVC\14.44.35207\bin\HostX64\x64\1033;C:\Program Files\Microsoft Visual Studio\2022\Community\VC\Tools\MSVC\14.44.35207\bin\HostX64\x86\1033;;;;;") C:\Program Files\Microsoft Visual Studio\2022\Community\MSBuild\Microsoft\VC\v170\Microsoft.Cpp.Common.props (91,5)
C:\Program Files\Microsoft Visual Studio\2022\Community\MSBuild\Microsoft\VC\v170\Microsoft.Cpp.Common.props(92,5): message : プロパティの再代入: $(VC_ExecutablePath_Loc)="C:\Program Files\Microsoft Visual Studio\2022\Community\VC\Tools\MSVC\14.44.35207\bin\HostX86\x64\1033;C:\Program Files\Microsoft Visual Studio\2022\Community\VC\Tools\MSVC\14.44.35207\bin\HostX86\x86\1033;C:\Program Files\Microsoft Visual Studio\2022\Community\VC\Tools\MSVC\14.44.35207\bin\HostX64\arm64\1033;C:\Program Files\Microsoft Visual Studio\2022\Community\VC\Tools\MSVC\14.44.35207\bin\HostX64\arm\1033;C:\Program Files\Microsoft Visual Studio\2022\Community\VC\Tools\MSVC\14.44.35207\bin\HostX64\x64\1033;C:\Program Files\Microsoft Visual Studio\2022\Community\VC\Tools\MSVC\14.44.35207\bin\HostX64\x86\1033;;;;;;;" (以前の値: "C:\Program Files\Microsoft Visual Studio\2022\Community\VC\Tools\MSVC\14.44.35207\bin\HostX86\x86\1033;C:\Program Files\Microsoft Visual Studio\2022\Community\VC\Tools\MSVC\14.44.35207\bin\HostX64\arm64\1033;C:\Program Files\Microsoft Visual Studio\2022\Community\VC\Tools\MSVC\14.44.35207\bin\HostX64\arm\1033;C:\Program Files\Microsoft Visual Studio\2022\Community\VC\Tools\MSVC\14.44.35207\bin\HostX64\x64\1033;C:\Program Files\Microsoft Visual Studio\2022\Community\VC\Tools\MSVC\14.44.35207\bin\HostX64\x86\1033;;;;;;") C:\Program Files\Microsoft Visual Studio\2022\Community\MSBuild\Microsoft\VC\v170\Microsoft.Cpp.Common.props (92,5)
C:\Program Files\Microsoft Visual Studio\2022\Community\MSBuild\Microsoft\VC\v170\Microsoft.Cpp.Common.props(93,5): message : プロパティの再代入: $(VC_ExecutablePath_Loc)="C:\Program Files\Microsoft Visual Studio\2022\Community\VC\Tools\MSVC\14.44.35207\bin\HostX86\arm64\1033;C:\Program Files\Microsoft Visual Studio\2022\Community\VC\Tools\MSVC\14.44.35207\bin\HostX86\x64\1033;C:\Program Files\Microsoft Visual Studio\2022\Community\VC\Tools\MSVC\14.44.35207\bin\HostX86\x86\1033;C:\Program Files\Microsoft Visual Studio\2022\Community\VC\Tools\MSVC\14.44.35207\bin\HostX64\arm64\1033;C:\Program Files\Microsoft Visual Studio\2022\Community\VC\Tools\MSVC\14.44.35207\bin\HostX64\arm\1033;C:\Program Files\Microsoft Visual Studio\2022\Community\VC\Tools\MSVC\14.44.35207\bin\HostX64\x64\1033;C:\Program Files\Microsoft Visual Studio\2022\Community\VC\Tools\MSVC\14.44.35207\bin\HostX64\x86\1033;;;;;;;;" (以前の値: "C:\Program Files\Microsoft Visual Studio\2022\Community\VC\Tools\MSVC\14.44.35207\bin\HostX86\x64\1033;C:\Program Files\Microsoft Visual Studio\2022\Community\VC\Tools\MSVC\14.44.35207\bin\HostX86\x86\1033;C:\Program Files\Microsoft Visual Studio\2022\Community\VC\Tools\MSVC\14.44.35207\bin\HostX64\arm64\1033;C:\Program Files\Microsoft Visual Studio\2022\Community\VC\Tools\MSVC\14.44.35207\bin\HostX64\arm\1033;C:\Program Files\Microsoft Visual Studio\2022\Community\VC\Tools\MSVC\14.44.35207\bin\HostX64\x64\1033;C:\Program Files\Microsoft Visual Studio\2022\Community\VC\Tools\MSVC\14.44.35207\bin\HostX64\x86\1033;;;;;;;") C:\Program Files\Microsoft Visual Studio\2022\Community\MSBuild\Microsoft\VC\v170\Microsoft.Cpp.Common.props (93,5)
C:\Program Files\Microsoft Visual Studio\2022\Community\MSBuild\Microsoft\VC\v170\Microsoft.Cpp.Common.props(94,5): message : プロパティの再代入: $(VC_ExecutablePath_Loc)="C:\Program Files\Microsoft Visual Studio\2022\Community\VC\Tools\MSVC\14.44.35207\bin\HostArm64\x86\1033;C:\Program Files\Microsoft Visual Studio\2022\Community\VC\Tools\MSVC\14.44.35207\bin\HostX86\arm64\1033;C:\Program Files\Microsoft Visual Studio\2022\Community\VC\Tools\MSVC\14.44.35207\bin\HostX86\x64\1033;C:\Program Files\Microsoft Visual Studio\2022\Community\VC\Tools\MSVC\14.44.35207\bin\HostX86\x86\1033;C:\Program Files\Microsoft Visual Studio\2022\Community\VC\Tools\MSVC\14.44.35207\bin\HostX64\arm64\1033;C:\Program Files\Microsoft Visual Studio\2022\Community\VC\Tools\MSVC\14.44.35207\bin\HostX64\arm\1033;C:\Program Files\Microsoft Visual Studio\2022\Community\VC\Tools\MSVC\14.44.35207\bin\HostX64\x64\1033;C:\Program Files\Microsoft Visual Studio\2022\Community\VC\Tools\MSVC\14.44.35207\bin\HostX64\x86\1033;;;;;;;;;" (以前の値: "C:\Program Files\Microsoft Visual Studio\2022\Community\VC\Tools\MSVC\14.44.35207\bin\HostX86\arm64\1033;C:\Program Files\Microsoft Visual Studio\2022\Community\VC\Tools\MSVC\14.44.35207\bin\HostX86\x64\1033;C:\Program Files\Microsoft Visual Studio\2022\Community\VC\Tools\MSVC\14.44.35207\bin\HostX86\x86\1033;C:\Program Files\Microsoft Visual Studio\2022\Community\VC\Tools\MSVC\14.44.35207\bin\HostX64\arm64\1033;C:\Program Files\Microsoft Visual Studio\2022\Community\VC\Tools\MSVC\14.44.35207\bin\HostX64\arm\1033;C:\Program Files\Microsoft Visual Studio\2022\Community\VC\Tools\MSVC\14.44.35207\bin\HostX64\x64\1033;C:\Program Files\Microsoft Visual Studio\2022\Community\VC\Tools\MSVC\14.44.35207\bin\HostX64\x86\1033;;;;;;;;") C:\Program Files\Microsoft Visual Studio\2022\Community\MSBuild\Microsoft\VC\v170\Microsoft.Cpp.Common.props (94,5)
C:\Program Files\Microsoft Visual Studio\2022\Community\MSBuild\Microsoft\VC\v170\Microsoft.Cpp.Common.props(95,5): message : プロパティの再代入: $(VC_ExecutablePath_Loc)="C:\Program Files\Microsoft Visual Studio\2022\Community\VC\Tools\MSVC\14.44.35207\bin\HostArm64\x64\1033;C:\Program Files\Microsoft Visual Studio\2022\Community\VC\Tools\MSVC\14.44.35207\bin\HostArm64\x86\1033;C:\Program Files\Microsoft Visual Studio\2022\Community\VC\Tools\MSVC\14.44.35207\bin\HostX86\arm64\1033;C:\Program Files\Microsoft Visual Studio\2022\Community\VC\Tools\MSVC\14.44.35207\bin\HostX86\x64\1033;C:\Program Files\Microsoft Visual Studio\2022\Community\VC\Tools\MSVC\14.44.35207\bin\HostX86\x86\1033;C:\Program Files\Microsoft Visual Studio\2022\Community\VC\Tools\MSVC\14.44.35207\bin\HostX64\arm64\1033;C:\Program Files\Microsoft Visual Studio\2022\Community\VC\Tools\MSVC\14.44.35207\bin\HostX64\arm\1033;C:\Program Files\Microsoft Visual Studio\2022\Community\VC\Tools\MSVC\14.44.35207\bin\HostX64\x64\1033;C:\Program Files\Microsoft Visual Studio\2022\Community\VC\Tools\MSVC\14.44.35207\bin\HostX64\x86\1033;;;;;;;;;;" (以前の値: "C:\Program Files\Microsoft Visual Studio\2022\Community\VC\Tools\MSVC\14.44.35207\bin\HostArm64\x86\1033;C:\Program Files\Microsoft Visual Studio\2022\Community\VC\Tools\MSVC\14.44.35207\bin\HostX86\arm64\1033;C:\Program Files\Microsoft Visual Studio\2022\Community\VC\Tools\MSVC\14.44.35207\bin\HostX86\x64\1033;C:\Program Files\Microsoft Visual Studio\2022\Community\VC\Tools\MSVC\14.44.35207\bin\HostX86\x86\1033;C:\Program Files\Microsoft Visual Studio\2022\Community\VC\Tools\MSVC\14.44.35207\bin\HostX64\arm64\1033;C:\Program Files\Microsoft Visual Studio\2022\Community\VC\Tools\MSVC\14.44.35207\bin\HostX64\arm\1033;C:\Program Files\Microsoft Visual Studio\2022\Community\VC\Tools\MSVC\14.44.35207\bin\HostX64\x64\1033;C:\Program Files\Microsoft Visual Studio\2022\Community\VC\Tools\MSVC\14.44.35207\bin\HostX64\x86\1033;;;;;;;;;") C:\Program Files\Microsoft Visual Studio\2022\Community\MSBuild\Microsoft\VC\v170\Microsoft.Cpp.Common.props (95,5)
C:\Program Files\Microsoft Visual Studio\2022\Community\MSBuild\Microsoft\VC\v170\Microsoft.Cpp.Common.props(96,5): message : プロパティの再代入: $(VC_ExecutablePath_Loc)="C:\Program Files\Microsoft Visual Studio\2022\Community\VC\Tools\MSVC\14.44.35207\bin\HostArm64\arm\1033;C:\Program Files\Microsoft Visual Studio\2022\Community\VC\Tools\MSVC\14.44.35207\bin\HostArm64\x64\1033;C:\Program Files\Microsoft Visual Studio\2022\Community\VC\Tools\MSVC\14.44.35207\bin\HostArm64\x86\1033;C:\Program Files\Microsoft Visual Studio\2022\Community\VC\Tools\MSVC\14.44.35207\bin\HostX86\arm64\1033;C:\Program Files\Microsoft Visual Studio\2022\Community\VC\Tools\MSVC\14.44.35207\bin\HostX86\x64\1033;C:\Program Files\Microsoft Visual Studio\2022\Community\VC\Tools\MSVC\14.44.35207\bin\HostX86\x86\1033;C:\Program Files\Microsoft Visual Studio\2022\Community\VC\Tools\MSVC\14.44.35207\bin\HostX64\arm64\1033;C:\Program Files\Microsoft Visual Studio\2022\Community\VC\Tools\MSVC\14.44.35207\bin\HostX64\arm\1033;C:\Program Files\Microsoft Visual Studio\2022\Community\VC\Tools\MSVC\14.44.35207\bin\HostX64\x64\1033;C:\Program Files\Microsoft Visual Studio\2022\Community\VC\Tools\MSVC\14.44.35207\bin\HostX64\x86\1033;;;;;;;;;;;" (以前の値: "C:\Program Files\Microsoft Visual Studio\2022\Community\VC\Tools\MSVC\14.44.35207\bin\HostArm64\x64\1033;C:\Program Files\Microsoft Visual Studio\2022\Community\VC\Tools\MSVC\14.44.35207\bin\HostArm64\x86\1033;C:\Program Files\Microsoft Visual Studio\2022\Community\VC\Tools\MSVC\14.44.35207\bin\HostX86\arm64\1033;C:\Program Files\Microsoft Visual Studio\2022\Community\VC\Tools\MSVC\14.44.35207\bin\HostX86\x64\1033;C:\Program Files\Microsoft Visual Studio\2022\Community\VC\Tools\MSVC\14.44.35207\bin\HostX86\x86\1033;C:\Program Files\Microsoft Visual Studio\2022\Community\VC\Tools\MSVC\14.44.35207\bin\HostX64\arm64\1033;C:\Program Files\Microsoft Visual Studio\2022\Community\VC\Tools\MSVC\14.44.35207\bin\HostX64\arm\1033;C:\Program Files\Microsoft Visual Studio\2022\Community\VC\Tools\MSVC\14.44.35207\bin\HostX64\x64\1033;C:\Program Files\Microsoft Visual Studio\2022\Community\VC\Tools\MSVC\14.44.35207\bin\HostX64\x86\1033;;;;;;;;;;") C:\Program Files\Microsoft Visual Studio\2022\Community\MSBuild\Microsoft\VC\v170\Microsoft.Cpp.Common.props (96,5)
C:\Program Files\Microsoft Visual Studio\2022\Community\MSBuild\Microsoft\VC\v170\Microsoft.Cpp.Common.props(97,5): message : プロパティの再代入: $(VC_ExecutablePath_Loc)="C:\Program Files\Microsoft Visual Studio\2022\Community\VC\Tools\MSVC\14.44.35207\bin\HostArm64\arm64\1033;C:\Program Files\Microsoft Visual Studio\2022\Community\VC\Tools\MSVC\14.44.35207\bin\HostArm64\arm\1033;C:\Program Files\Microsoft Visual Studio\2022\Community\VC\Tools\MSVC\14.44.35207\bin\HostArm64\x64\1033;C:\Program Files\Microsoft Visual Studio\2022\Community\VC\Tools\MSVC\14.44.35207\bin\HostArm64\x86\1033;C:\Program Files\Microsoft Visual Studio\2022\Community\VC\Tools\MSVC\14.44.35207\bin\HostX86\arm64\1033;C:\Program Files\Microsoft Visual Studio\2022\Community\VC\Tools\MSVC\14.44.35207\bin\HostX86\x64\1033;C:\Program Files\Microsoft Visual Studio\2022\Community\VC\Tools\MSVC\14.44.35207\bin\HostX86\x86\1033;C:\Program Files\Microsoft Visual Studio\2022\Community\VC\Tools\MSVC\14.44.35207\bin\HostX64\arm64\1033;C:\Program Files\Microsoft Visual Studio\2022\Community\VC\Tools\MSVC\14.44.35207\bin\HostX64\arm\1033;C:\Program Files\Microsoft Visual Studio\2022\Community\VC\Tools\MSVC\14.44.35207\bin\HostX64\x64\1033;C:\Program Files\Microsoft Visual Studio\2022\Community\VC\Tools\MSVC\14.44.35207\bin\HostX64\x86\1033;;;;;;;;;;;;" (以前の値: "C:\Program Files\Microsoft Visual Studio\2022\Community\VC\Tools\MSVC\14.44.35207\bin\HostArm64\arm\1033;C:\Program Files\Microsoft Visual Studio\2022\Community\VC\Tools\MSVC\14.44.35207\bin\HostArm64\x64\1033;C:\Program Files\Microsoft Visual Studio\2022\Community\VC\Tools\MSVC\14.44.35207\bin\HostArm64\x86\1033;C:\Program Files\Microsoft Visual Studio\2022\Community\VC\Tools\MSVC\14.44.35207\bin\HostX86\arm64\1033;C:\Program Files\Microsoft Visual Studio\2022\Community\VC\Tools\MSVC\14.44.35207\bin\HostX86\x64\1033;C:\Program Files\Microsoft Visual Studio\2022\Community\VC\Tools\MSVC\14.44.35207\bin\HostX86\x86\1033;C:\Program Files\Microsoft Visual Studio\2022\Community\VC\Tools\MSVC\14.44.35207\bin\HostX64\arm64\1033;C:\Program Files\Microsoft Visual Studio\2022\Community\VC\Tools\MSVC\14.44.35207\bin\HostX64\arm\1033;C:\Program Files\Microsoft Visual Studio\2022\Community\VC\Tools\MSVC\14.44.35207\bin\HostX64\x64\1033;C:\Program Files\Microsoft Visual Studio\2022\Community\VC\Tools\MSVC\14.44.35207\bin\HostX64\x86\1033;;;;;;;;;;;") C:\Program Files\Microsoft Visual Studio\2022\Community\MSBuild\Microsoft\VC\v170\Microsoft.Cpp.Common.props (97,5)
C:\Program Files\Microsoft Visual Studio\2022\Community\MSBuild\Microsoft\VC\v170\Microsoft.Cpp.Common.props(124,5): message : プロパティの再代入: $(MSBuild_ExecutablePath)="C:\Program Files\Microsoft Visual Studio\2022\Community\MSBuild\Current\Bin;C:\WINDOWS\Microsoft.NET\Framework64\v4.0.30319\;C:\WINDOWS\Microsoft.NET\Framework\v4.0.30319\;C:\Program Files\Microsoft Visual Studio\2022\Community\MSBuild\Current\Bin;C:\WINDOWS\Microsoft.NET\Framework\v4.0.30319\" (以前の値: "C:\Program Files\Microsoft Visual Studio\2022\Community\MSBuild\Current\Bin;C:\WINDOWS\Microsoft.NET\Framework\v4.0.30319\") C:\Program Files\Microsoft Visual Studio\2022\Community\MSBuild\Microsoft\VC\v170\Microsoft.Cpp.Common.props (124,5)
C:\Program Files\Microsoft Visual Studio\2022\Community\MSBuild\Microsoft\VC\v170\Microsoft.Cpp.Common.props(147,5): message : 環境から展開された 'DESKTOP-NU5TQST' 値を持つプロパティ 'COMPUTERNAME'。
C:\Program Files\Microsoft Visual Studio\2022\Community\MSBuild\Microsoft\VC\v170\Microsoft.Cpp.Common.props(153,5): message : プロパティの再代入: $(RemoteDebuggerDeployDebugCppRuntime)="true" (以前の値: "false") C:\Program Files\Microsoft Visual Studio\2022\Community\MSBuild\Microsoft\VC\v170\Microsoft.Cpp.Common.props (153,5)
C:\Program Files\Microsoft Visual Studio\2022\Community\MSBuild\Microsoft\VC\v170\Microsoft.Cpp.Common.props(214,5): message : プロパティの再代入: $(MultiProcMaxCount)="0" (以前の値: "") C:\Program Files\Microsoft Visual Studio\2022\Community\MSBuild\Microsoft\VC\v170\Microsoft.Cpp.Common.props (214,5)
C:\Program Files\Microsoft Visual Studio\2022\Community\MSBuild\Microsoft\VC\v170\Microsoft.CodeAnalysis.Extensions.props(21,5): message : プロパティの再代入: $(EspXtensions)="EnumIndex.dll;CppCoreCheck.dll;" (以前の値: "CppCoreCheck.dll;") C:\Program Files\Microsoft Visual Studio\2022\Community\MSBuild\Microsoft\VC\v170\Microsoft.CodeAnalysis.Extensions.props (21,5)
C:\Program Files\Microsoft Visual Studio\2022\Community\MSBuild\Microsoft\VC\v170\Microsoft.CodeAnalysis.Extensions.props(24,5): message : プロパティの再代入: $(EspXtensions)="HResultCheck.dll;EnumIndex.dll;CppCoreCheck.dll;" (以前の値: "EnumIndex.dll;CppCoreCheck.dll;") C:\Program Files\Microsoft Visual Studio\2022\Community\MSBuild\Microsoft\VC\v170\Microsoft.CodeAnalysis.Extensions.props (24,5)
C:\Program Files\Microsoft Visual Studio\2022\Community\MSBuild\Microsoft\VC\v170\Microsoft.CodeAnalysis.Extensions.props(27,5): message : プロパティの再代入: $(EspXtensions)="VariantClear.dll;HResultCheck.dll;EnumIndex.dll;CppCoreCheck.dll;" (以前の値: "HResultCheck.dll;EnumIndex.dll;CppCoreCheck.dll;") C:\Program Files\Microsoft Visual Studio\2022\Community\MSBuild\Microsoft\VC\v170\Microsoft.CodeAnalysis.Extensions.props (27,5)
C:\Program Files\Microsoft Visual Studio\2022\Community\MSBuild\Microsoft\VC\v170\Microsoft.CodeAnalysis.Extensions.props(31,5): message : プロパティの再代入: $(ConcurrencyCheckPath)="C:\Program Files\Microsoft Visual Studio\2022\Community\VC\Tools\MSVC\14.44.35207\bin\HostX64\x64\ConcurrencyCheck.dll" (以前の値: "C:\Program Files\Microsoft Visual Studio\2022\Community\VC\Tools\MSVC\14.44.35207\bin\HostX86\x86\ConcurrencyCheck.dll") C:\Program Files\Microsoft Visual Studio\2022\Community\MSBuild\Microsoft\VC\v170\Microsoft.CodeAnalysis.Extensions.props (31,5)
C:\Program Files\Microsoft Visual Studio\2022\Community\MSBuild\Microsoft\VC\v170\Microsoft.CodeAnalysis.Extensions.props(34,5): message : プロパティの再代入: $(EspXtensions)="ConcurrencyCheck.dll;VariantClear.dll;HResultCheck.dll;EnumIndex.dll;CppCoreCheck.dll;" (以前の値: "VariantClear.dll;HResultCheck.dll;EnumIndex.dll;CppCoreCheck.dll;") C:\Program Files\Microsoft Visual Studio\2022\Community\MSBuild\Microsoft\VC\v170\Microsoft.CodeAnalysis.Extensions.props (34,5)
C:\Program Files\Microsoft Visual Studio\2022\Community\MSBuild\Microsoft\VC\v170\Microsoft.Cpp.UnitTest.props(17,5): message : プロパティの再代入: $(VC_IncludePath)="C:\Program Files\Microsoft Visual Studio\2022\Community\VC\Tools\MSVC\14.44.35207\include;;C:\Program Files\Microsoft Visual Studio\2022\Community\VC\Tools\MSVC\14.44.35207\atlmfc\include;;C:\Program Files\Microsoft Visual Studio\2022\Community\VC\Auxiliary\VS\include;;C:\Program Files (x86)\Windows Kits\10\Include\10.0.26100.0\ucrt;;;C:\Program Files\Microsoft Visual Studio\2022\Community\VC\Auxiliary\VS\UnitTest\include" (以前の値: "C:\Program Files\Microsoft Visual Studio\2022\Community\VC\Tools\MSVC\14.44.35207\include;;C:\Program Files\Microsoft Visual Studio\2022\Community\VC\Tools\MSVC\14.44.35207\atlmfc\include;;C:\Program Files\Microsoft Visual Studio\2022\Community\VC\Auxiliary\VS\include;;C:\Program Files (x86)\Windows Kits\10\Include\10.0.26100.0\ucrt;;") C:\Program Files\Microsoft Visual Studio\2022\Community\MSBuild\Microsoft\VC\v170\Microsoft.Cpp.UnitTest.props (17,5)
C:\Program Files\Microsoft Visual Studio\2022\Community\MSBuild\Microsoft\VC\v170\Microsoft.Cpp.UnitTest.props(19,5): message : プロパティの再代入: $(VC_LibraryPath_x86)="C:\Program Files\Microsoft Visual Studio\2022\Community\VC\Tools\MSVC\14.44.35207\lib\x86;;C:\Program Files\Microsoft Visual Studio\2022\Community\VC\Tools\MSVC\14.44.35207\atlmfc\lib\x86;;C:\Program Files\Microsoft Visual Studio\2022\Community\VC\Auxiliary\VS\lib\x86;;C:\Program Files (x86)\Windows Kits\10\lib\10.0.26100.0\ucrt\x86;;;C:\Program Files\Microsoft Visual Studio\2022\Community\VC\Auxiliary\VS\UnitTest\lib" (以前の値: "C:\Program Files\Microsoft Visual Studio\2022\Community\VC\Tools\MSVC\14.44.35207\lib\x86;;C:\Program Files\Microsoft Visual Studio\2022\Community\VC\Tools\MSVC\14.44.35207\atlmfc\lib\x86;;C:\Program Files\Microsoft Visual Studio\2022\Community\VC\Auxiliary\VS\lib\x86;;C:\Program Files (x86)\Windows Kits\10\lib\10.0.26100.0\ucrt\x86;;") C:\Program Files\Microsoft Visual Studio\2022\Community\MSBuild\Microsoft\VC\v170\Microsoft.Cpp.UnitTest.props (19,5)
C:\Program Files\Microsoft Visual Studio\2022\Community\MSBuild\Microsoft\VC\v170\Microsoft.Cpp.UnitTest.props(20,5): message : プロパティの再代入: $(VC_LibraryPath_x64)="C:\Program Files\Microsoft Visual Studio\2022\Community\VC\Tools\MSVC\14.44.35207\lib\x64;;C:\Program Files\Microsoft Visual Studio\2022\Community\VC\Tools\MSVC\14.44.35207\atlmfc\lib\x64;;C:\Program Files\Microsoft Visual Studio\2022\Community\VC\Auxiliary\VS\lib\x64;;C:\Program Files (x86)\Windows Kits\10\lib\10.0.26100.0\ucrt\x64;;;C:\Program Files\Microsoft Visual Studio\2022\Community\VC\Auxiliary\VS\UnitTest\lib" (以前の値: "C:\Program Files\Microsoft Visual Studio\2022\Community\VC\Tools\MSVC\14.44.35207\lib\x64;;C:\Program Files\Microsoft Visual Studio\2022\Community\VC\Tools\MSVC\14.44.35207\atlmfc\lib\x64;;C:\Program Files\Microsoft Visual Studio\2022\Community\VC\Auxiliary\VS\lib\x64;;C:\Program Files (x86)\Windows Kits\10\lib\10.0.26100.0\ucrt\x64;;") C:\Program Files\Microsoft Visual Studio\2022\Community\MSBuild\Microsoft\VC\v170\Microsoft.Cpp.UnitTest.props (20,5)
C:\Program Files\Microsoft Visual Studio\2022\Community\MSBuild\Microsoft\VC\v170\Microsoft.Cpp.UnitTest.props(21,5): message : プロパティの再代入: $(VC_LibraryPath_ARM)="C:\Program Files\Microsoft Visual Studio\2022\Community\VC\Tools\MSVC\14.44.35207\lib\ARM;;C:\Program Files\Microsoft Visual Studio\2022\Community\VC\Tools\MSVC\14.44.35207\atlmfc\lib\ARM;;C:\Program Files\Microsoft Visual Studio\2022\Community\VC\Auxiliary\VS\lib\ARM;;C:\Program Files (x86)\Windows Kits\10\lib\10.0.26100.0\ucrt\arm;;;C:\Program Files\Microsoft Visual Studio\2022\Community\VC\Auxiliary\VS\UnitTest\lib" (以前の値: "C:\Program Files\Microsoft Visual Studio\2022\Community\VC\Tools\MSVC\14.44.35207\lib\ARM;;C:\Program Files\Microsoft Visual Studio\2022\Community\VC\Tools\MSVC\14.44.35207\atlmfc\lib\ARM;;C:\Program Files\Microsoft Visual Studio\2022\Community\VC\Auxiliary\VS\lib\ARM;;C:\Program Files (x86)\Windows Kits\10\lib\10.0.26100.0\ucrt\arm;;") C:\Program Files\Microsoft Visual Studio\2022\Community\MSBuild\Microsoft\VC\v170\Microsoft.Cpp.UnitTest.props (21,5)
C:\Program Files\Microsoft Visual Studio\2022\Community\MSBuild\Microsoft\VC\v170\Microsoft.Cpp.UnitTest.props(22,5): message : プロパティの再代入: $(VC_LibraryPath_ARM64)="C:\Program Files\Microsoft Visual Studio\2022\Community\VC\Tools\MSVC\14.44.35207\lib\ARM64;;C:\Program Files\Microsoft Visual Studio\2022\Community\VC\Tools\MSVC\14.44.35207\atlmfc\lib\ARM64;;;C:\Program Files (x86)\Windows Kits\10\lib\10.0.26100.0\ucrt\arm64;;;C:\Program Files\Microsoft Visual Studio\2022\Community\VC\Auxiliary\VS\UnitTest\lib" (以前の値: "C:\Program Files\Microsoft Visual Studio\2022\Community\VC\Tools\MSVC\14.44.35207\lib\ARM64;;C:\Program Files\Microsoft Visual Studio\2022\Community\VC\Tools\MSVC\14.44.35207\atlmfc\lib\ARM64;;;C:\Program Files (x86)\Windows Kits\10\lib\10.0.26100.0\ucrt\arm64;;") C:\Program Files\Microsoft Visual Studio\2022\Community\MSBuild\Microsoft\VC\v170\Microsoft.Cpp.UnitTest.props (22,5)
C:\Program Files\Microsoft Visual Studio\2022\Community\MSBuild\Microsoft\VC\v170\Microsoft.Cpp.unicodesupport.props(15,5): message : プロパティの再代入: $(_PropertySheetDisplayName)="Unicode Support" (以前の値: "Core Windows Libraries") C:\Program Files\Microsoft Visual Studio\2022\Community\MSBuild\Microsoft\VC\v170\Microsoft.Cpp.unicodesupport.props (15,5)
C:\Program Files\Microsoft Visual Studio\2022\Community\MSBuild\Microsoft\VC\v170\Microsoft.Cpp.MSVC.Toolset.Common.props(55,5): message : 環境から展開された 'C:\Program Files\PowerShell\7;C:\Windows\system32;C:\Windows;C:\Windows\System32\Wbem;C:\Windows\System32\WindowsPowerShell\v1.0\;C:\Windows\System32\OpenSSH\;C:\Program Files (x86)\NVIDIA Corporation\PhysX\Common;C:\WINDOWS\system32;C:\WINDOWS;C:\WINDOWS\System32\Wbem;C:\WINDOWS\System32\WindowsPowerShell\v1.0\;C:\WINDOWS\System32\OpenSSH\;C:\Program Files\dotnet\;C:\Program Files\Microsoft SQL Server\150\Tools\Binn\;C:\Program Files\Microsoft SQL Server\Client SDK\ODBC\170\Tools\Binn\;C:\Program Files (x86)\Windows Kits\10\Windows Performance Toolkit\;C:\Program Files\Git\cmd;C:\Program Files\NVIDIA Corporation\NVIDIA App\NvDLISR;C:\Program Files\PowerShell\7\;C:\Users\bluec\AppData\Local\Programs\Python\Launcher\;C:\Users\bluec\AppData\Local\Microsoft\WindowsApps;C:\Users\bluec\AppData\Local\Programs\Microsoft VS Code\bin;C:\Users\bluec\AppData\Local\GitHubDesktop\bin;C:\Users\bluec\AppData\Local\Programs\Antigravity\bin;C:\Users\bluec\.dotnet\tools;c:\Users\bluec\.antigravity\extensions\ms-python.debugpy-2025.14.1-win32-x64\bundled\scripts\noConfigScripts' 値を持つプロパティ 'Path'。
C:\Program Files\Microsoft Visual Studio\2022\Community\MSBuild\Microsoft\VC\v170\Microsoft.Cpp.MSVC.Toolset.Common.props(56,5): message : 環境から展開された 'C:\WINDOWS' 値を持つプロパティ 'SystemRoot'。
C:\Users\bluec\Kamata\TakeCEngine\project\externals\DirectXTex\DirectXTex_Desktop_2022_Win10.vcxproj(147,5): message : プロパティの再代入: $(OutDir)="C:\Users\bluec\Kamata\TakeCEngine\project\..\generated\outputs\Debug\" (以前の値: "C:\Users\bluec\Kamata\TakeCEngine\project\x64\Debug\") C:\Users\bluec\Kamata\TakeCEngine\project\externals\DirectXTex\DirectXTex_Desktop_2022_Win10.vcxproj (147,5)
C:\Users\bluec\Kamata\TakeCEngine\project\externals\DirectXTex\DirectXTex_Desktop_2022_Win10.vcxproj(148,5): message : プロパティの再代入: $(IntDir)="C:\Users\bluec\Kamata\TakeCEngine\project\..\generated\obj\DirectXTex\Debug\" (以前の値: "x64\Debug\") C:\Users\bluec\Kamata\TakeCEngine\project\externals\DirectXTex\DirectXTex_Desktop_2022_Win10.vcxproj (148,5)
"SolutionExt" プロパティはグローバル プロパティであり、変更できません。
C:\Program Files\Microsoft Visual Studio\2022\Community\MSBuild\Microsoft\VC\v170\Microsoft.CppCommon.targets(40,5): message : プロパティの再代入: $(ExtensionsToDeleteOnClean)="*.cdf;*.cache;*.obj;*.obj.enc;*.ilk;*.ipdb;*.iobj;*.resources;*.tlb;*.tli;*.tlh;*.tmp;*.rsp;*.pgc;*.pgd;*.meta;*.tlog;*.manifest;*.res;*.pch;*.exp;*.idb;*.rep;*.xdc;*.pdb;*_manifest.rc;*.bsc;*.sbr;*.xml;*.metagen;*.bi;C:\Users\bluec\Kamata\TakeCEngine\generated\outputs\Debug\DirectXTex.lib.manifest;C:\Users\bluec\Kamata\TakeCEngine\project\..\generated\outputs\Debug\DirectXTex.tlb;C:\Users\bluec\Kamata\TakeCEngine\project\..\generated\outputs\Debug\DirectXTex.pdb;C:\Users\bluec\Kamata\TakeCEngine\generated\outputs\Debug\DirectXTex.lib;C:\Users\bluec\Kamata\TakeCEngine\project\..\generated\outputs\Debug\DirectXTex.bsc;C:\Users\bluec\Kamata\TakeCEngine\project\..\generated\outputs\Debug\DirectXTex.ilk;C:\Users\bluec\Kamata\TakeCEngine\generated\outputs\Debug\DirectXTex.lib.intermediate.manifest;C:\Users\bluec\Kamata\TakeCEngine\project\..\generated\obj\DirectXTex\Debug\DirectXTex_Desktop_2022_Win10.vcxproj.FileListAbsolute.txt" (以前の値: "*.cdf;*.cache;*.obj;*.obj.enc;*.ilk;*.ipdb;*.iobj;*.resources;*.tlb;*.tli;*.tlh;*.tmp;*.rsp;*.pgc;*.pgd;*.meta;*.tlog;*.manifest;*.res;*.pch;*.exp;*.idb;*.rep;*.xdc;*.pdb;*_manifest.rc;*.bsc;*.sbr;*.xml;*.metagen;*.bi") C:\Program Files\Microsoft Visual Studio\2022\Community\MSBuild\Microsoft\VC\v170\Microsoft.CppCommon.targets (40,5)
C:\Program Files\Microsoft Visual Studio\2022\Community\MSBuild\Microsoft\VC\v170\Microsoft.BuildSteps.Targets(32,5): message : プロパティの再代入: $(DebugType)="none" (以前の値: "") C:\Program Files\Microsoft Visual Studio\2022\Community\MSBuild\Microsoft\VC\v170\Microsoft.BuildSteps.Targets (32,5)
$(MSBuildExtensionsPath) で使用されている検索パスは C:\Program Files\Microsoft Visual Studio\2022\Community\MSBuild;$(MSBuildProgramFiles32)\MSBuild です
$(MSBuildExtensionsPath) で使用されている検索パスは C:\Program Files\Microsoft Visual Studio\2022\Community\MSBuild;$(MSBuildProgramFiles32)\MSBuild です
拡張パス C:\Program Files\Microsoft Visual Studio\2022\Community\MSBuild を使用して C:\Program Files\Microsoft Visual Studio\2022\Community\MSBuild\$(MSBuildToolsVersion)\Microsoft.Common.targets\ImportBefore\* をインポートしようとしています
"Configuration" プロパティはグローバル プロパティであり、変更できません。
C:\Program Files\Microsoft Visual Studio\2022\Community\MSBuild\Current\Bin\Microsoft.Common.CurrentVersion.targets(185,5): message : プロパティの再代入: $(_DocumentationFileProduced)="false" (以前の値: "true") C:\Program Files\Microsoft Visual Studio\2022\Community\MSBuild\Current\Bin\Microsoft.Common.CurrentVersion.targets (185,5)
"SolutionName" プロパティはグローバル プロパティであり、変更できません。
"SolutionFileName" プロパティはグローバル プロパティであり、変更できません。
"SolutionPath" プロパティはグローバル プロパティであり、変更できません。
"SolutionDir" プロパティはグローバル プロパティであり、変更できません。
"SolutionExt" プロパティはグローバル プロパティであり、変更できません。
C:\Program Files\Microsoft Visual Studio\2022\Community\MSBuild\Current\Bin\Microsoft.Common.CurrentVersion.targets(392,5): message : プロパティの再代入: $(MSBuildCopyMarkerName)="DirectXT.77FC2866" (以前の値: "DirectXTex_Desktop_2022_Win10.vcxproj") C:\Program Files\Microsoft Visual Studio\2022\Community\MSBuild\Current\Bin\Microsoft.Common.CurrentVersion.targets (392,5)
C:\Program Files\Microsoft Visual Studio\2022\Community\MSBuild\Current\Bin\Microsoft.Common.CurrentVersion.targets(393,5): message : プロパティの再代入: $(MSBuildCopyMarkerName)="DirectXT.77FC2866.Up2Date" (以前の値: "DirectXT.77FC2866") C:\Program Files\Microsoft Visual Studio\2022\Community\MSBuild\Current\Bin\Microsoft.Common.CurrentVersion.targets (393,5)
C:\Program Files\Microsoft Visual Studio\2022\Community\MSBuild\Current\Bin\Microsoft.Common.CurrentVersion.targets(528,5): message : プロパティの再代入: $(ProcessorArchitecture)="amd64" (以前の値: "x64") C:\Program Files\Microsoft Visual Studio\2022\Community\MSBuild\Current\Bin\Microsoft.Common.CurrentVersion.targets (528,5)
C:\Program Files\Microsoft Visual Studio\2022\Community\MSBuild\Current\Bin\Microsoft.Common.CurrentVersion.targets(562,42): message : 環境から展開された 'C:\Program Files\MSBuild' 値を持つプロパティ 'MSBuildExtensionsPath64'。
C:\Program Files\Microsoft Visual Studio\2022\Community\MSBuild\Current\Bin\Microsoft.Common.CurrentVersion.targets(580,5): message : プロパティの再代入: $(DelaySign)="" (以前の値: "false") C:\Program Files\Microsoft Visual Studio\2022\Community\MSBuild\Current\Bin\Microsoft.Common.CurrentVersion.targets (580,5)
C:\Program Files\Microsoft Visual Studio\2022\Community\MSBuild\Current\Bin\Microsoft.Common.CurrentVersion.targets(649,5): message : プロパティの再代入: $(AssemblySearchPaths)="{CandidateAssemblyFiles};C:\Program Files\Microsoft Visual Studio\2022\Community\VC\Tools\MSVC\14.44.35207\atlmfc\lib\x64;;C:\Program Files\Microsoft Visual Studio\2022\Community\VC\Tools\MSVC\14.44.35207\lib\x64;" (以前の値: "{CandidateAssemblyFiles}") C:\Program Files\Microsoft Visual Studio\2022\Community\MSBuild\Current\Bin\Microsoft.Common.CurrentVersion.targets (649,5)
C:\Program Files\Microsoft Visual Studio\2022\Community\MSBuild\Current\Bin\Microsoft.Common.CurrentVersion.targets(650,5): message : プロパティの再代入: $(AssemblySearchPaths)="{CandidateAssemblyFiles};C:\Program Files\Microsoft Visual Studio\2022\Community\VC\Tools\MSVC\14.44.35207\atlmfc\lib\x64;;C:\Program Files\Microsoft Visual Studio\2022\Community\VC\Tools\MSVC\14.44.35207\lib\x64;;{HintPathFromItem}" (以前の値: "{CandidateAssemblyFiles};C:\Program Files\Microsoft Visual Studio\2022\Community\VC\Tools\MSVC\14.44.35207\atlmfc\lib\x64;;C:\Program Files\Microsoft Visual Studio\2022\Community\VC\Tools\MSVC\14.44.35207\lib\x64;") C:\Program Files\Microsoft Visual Studio\2022\Community\MSBuild\Current\Bin\Microsoft.Common.CurrentVersion.targets (650,5)
C:\Program Files\Microsoft Visual Studio\2022\Community\MSBuild\Current\Bin\Microsoft.Common.CurrentVersion.targets(651,5): message : プロパティの再代入: $(AssemblySearchPaths)="{CandidateAssemblyFiles};C:\Program Files\Microsoft Visual Studio\2022\Community\VC\Tools\MSVC\14.44.35207\atlmfc\lib\x64;;C:\Program Files\Microsoft Visual Studio\2022\Community\VC\Tools\MSVC\14.44.35207\lib\x64;;{HintPathFromItem};{TargetFrameworkDirectory}" (以前の値: "{CandidateAssemblyFiles};C:\Program Files\Microsoft Visual Studio\2022\Community\VC\Tools\MSVC\14.44.35207\atlmfc\lib\x64;;C:\Program Files\Microsoft Visual Studio\2022\Community\VC\Tools\MSVC\14.44.35207\lib\x64;;{HintPathFromItem}") C:\Program Files\Microsoft Visual Studio\2022\Community\MSBuild\Current\Bin\Microsoft.Common.CurrentVersion.targets (651,5)
C:\Program Files\Microsoft Visual Studio\2022\Community\MSBuild\Current\Bin\Microsoft.Common.CurrentVersion.targets(652,5): message : プロパティの再代入: $(AssemblySearchPaths)="{CandidateAssemblyFiles};C:\Program Files\Microsoft Visual Studio\2022\Community\VC\Tools\MSVC\14.44.35207\atlmfc\lib\x64;;C:\Program Files\Microsoft Visual Studio\2022\Community\VC\Tools\MSVC\14.44.35207\lib\x64;;{HintPathFromItem};{TargetFrameworkDirectory};{AssemblyFoldersFromConfig:C:\Program Files\Microsoft Visual Studio\2022\Community\MSBuild\Current\Bin\AssemblyFolders.config,};" (以前の値: "{CandidateAssemblyFiles};C:\Program Files\Microsoft Visual Studio\2022\Community\VC\Tools\MSVC\14.44.35207\atlmfc\lib\x64;;C:\Program Files\Microsoft Visual Studio\2022\Community\VC\Tools\MSVC\14.44.35207\lib\x64;;{HintPathFromItem};{TargetFrameworkDirectory}") C:\Program Files\Microsoft Visual Studio\2022\Community\MSBuild\Current\Bin\Microsoft.Common.CurrentVersion.targets (652,5)
C:\Program Files\Microsoft Visual Studio\2022\Community\MSBuild\Current\Bin\Microsoft.Common.CurrentVersion.targets(653,5): message : プロパティの再代入: $(AssemblySearchPaths)="{CandidateAssemblyFiles};C:\Program Files\Microsoft Visual Studio\2022\Community\VC\Tools\MSVC\14.44.35207\atlmfc\lib\x64;;C:\Program Files\Microsoft Visual Studio\2022\Community\VC\Tools\MSVC\14.44.35207\lib\x64;;{HintPathFromItem};{TargetFrameworkDirectory};{AssemblyFoldersFromConfig:C:\Program Files\Microsoft Visual Studio\2022\Community\MSBuild\Current\Bin\AssemblyFolders.config,};;{Registry:Software\Microsoft\,,AssemblyFoldersEx}" (以前の値: "{CandidateAssemblyFiles};C:\Program Files\Microsoft Visual Studio\2022\Community\VC\Tools\MSVC\14.44.35207\atlmfc\lib\x64;;C:\Program Files\Microsoft Visual Studio\2022\Community\VC\Tools\MSVC\14.44.35207\lib\x64;;{HintPathFromItem};{TargetFrameworkDirectory};{AssemblyFoldersFromConfig:C:\Program Files\Microsoft Visual Studio\2022\Community\MSBuild\Current\Bin\AssemblyFolders.config,};") C:\Program Files\Microsoft Visual Studio\2022\Community\MSBuild\Current\Bin\Microsoft.Common.CurrentVersion.targets (653,5)
C:\Program Files\Microsoft Visual Studio\2022\Community\MSBuild\Current\Bin\Microsoft.Common.CurrentVersion.targets(654,5): message : プロパティの再代入: $(AssemblySearchPaths)="{CandidateAssemblyFiles};C:\Program Files\Microsoft Visual Studio\2022\Community\VC\Tools\MSVC\14.44.35207\atlmfc\lib\x64;;C:\Program Files\Microsoft Visual Studio\2022\Community\VC\Tools\MSVC\14.44.35207\lib\x64;;{HintPathFromItem};{TargetFrameworkDirectory};{AssemblyFoldersFromConfig:C:\Program Files\Microsoft Visual Studio\2022\Community\MSBuild\Current\Bin\AssemblyFolders.config,};;{Registry:Software\Microsoft\,,AssemblyFoldersEx};{AssemblyFolders}" (以前の値: "{CandidateAssemblyFiles};C:\Program Files\Microsoft Visual Studio\2022\Community\VC\Tools\MSVC\14.44.35207\atlmfc\lib\x64;;C:\Program Files\Microsoft Visual Studio\2022\Community\VC\Tools\MSVC\14.44.35207\lib\x64;;{HintPathFromItem};{TargetFrameworkDirectory};{AssemblyFoldersFromConfig:C:\Program Files\Microsoft Visual Studio\2022\Community\MSBuild\Current\Bin\AssemblyFolders.config,};;{Registry:Software\Microsoft\,,AssemblyFoldersEx}") C:\Program Files\Microsoft Visual Studio\2022\Community\MSBuild\Current\Bin\Microsoft.Common.CurrentVersion.targets (654,5)
C:\Program Files\Microsoft Visual Studio\2022\Community\MSBuild\Current\Bin\Microsoft.Common.CurrentVersion.targets(655,5): message : プロパティの再代入: $(AssemblySearchPaths)="{CandidateAssemblyFiles};C:\Program Files\Microsoft Visual Studio\2022\Community\VC\Tools\MSVC\14.44.35207\atlmfc\lib\x64;;C:\Program Files\Microsoft Visual Studio\2022\Community\VC\Tools\MSVC\14.44.35207\lib\x64;;{HintPathFromItem};{TargetFrameworkDirectory};{AssemblyFoldersFromConfig:C:\Program Files\Microsoft Visual Studio\2022\Community\MSBuild\Current\Bin\AssemblyFolders.config,};;{Registry:Software\Microsoft\,,AssemblyFoldersEx};{AssemblyFolders};{GAC}" (以前の値: "{CandidateAssemblyFiles};C:\Program Files\Microsoft Visual Studio\2022\Community\VC\Tools\MSVC\14.44.35207\atlmfc\lib\x64;;C:\Program Files\Microsoft Visual Studio\2022\Community\VC\Tools\MSVC\14.44.35207\lib\x64;;{HintPathFromItem};{TargetFrameworkDirectory};{AssemblyFoldersFromConfig:C:\Program Files\Microsoft Visual Studio\2022\Community\MSBuild\Current\Bin\AssemblyFolders.config,};;{Registry:Software\Microsoft\,,AssemblyFoldersEx};{AssemblyFolders}") C:\Program Files\Microsoft Visual Studio\2022\Community\MSBuild\Current\Bin\Microsoft.Common.CurrentVersion.targets (655,5)
C:\Program Files\Microsoft Visual Studio\2022\Community\MSBuild\Current\Bin\Microsoft.Common.CurrentVersion.targets(656,5): message : プロパティの再代入: $(AssemblySearchPaths)="{CandidateAssemblyFiles};C:\Program Files\Microsoft Visual Studio\2022\Community\VC\Tools\MSVC\14.44.35207\atlmfc\lib\x64;;C:\Program Files\Microsoft Visual Studio\2022\Community\VC\Tools\MSVC\14.44.35207\lib\x64;;{HintPathFromItem};{TargetFrameworkDirectory};{AssemblyFoldersFromConfig:C:\Program Files\Microsoft Visual Studio\2022\Community\MSBuild\Current\Bin\AssemblyFolders.config,};;{Registry:Software\Microsoft\,,AssemblyFoldersEx};{AssemblyFolders};{GAC};{RawFileName}" (以前の値: "{CandidateAssemblyFiles};C:\Program Files\Microsoft Visual Studio\2022\Community\VC\Tools\MSVC\14.44.35207\atlmfc\lib\x64;;C:\Program Files\Microsoft Visual Studio\2022\Community\VC\Tools\MSVC\14.44.35207\lib\x64;;{HintPathFromItem};{TargetFrameworkDirectory};{AssemblyFoldersFromConfig:C:\Program Files\Microsoft Visual Studio\2022\Community\MSBuild\Current\Bin\AssemblyFolders.config,};;{Registry:Software\Microsoft\,,AssemblyFoldersEx};{AssemblyFolders};{GAC}") C:\Program Files\Microsoft Visual Studio\2022\Community\MSBuild\Current\Bin\Microsoft.Common.CurrentVersion.targets (656,5)
C:\Program Files\Microsoft Visual Studio\2022\Community\MSBuild\Current\Bin\Microsoft.Common.CurrentVersion.targets(657,5): message : プロパティの再代入: $(AssemblySearchPaths)="{CandidateAssemblyFiles};C:\Program Files\Microsoft Visual Studio\2022\Community\VC\Tools\MSVC\14.44.35207\atlmfc\lib\x64;;C:\Program Files\Microsoft Visual Studio\2022\Community\VC\Tools\MSVC\14.44.35207\lib\x64;;{HintPathFromItem};{TargetFrameworkDirectory};{AssemblyFoldersFromConfig:C:\Program Files\Microsoft Visual Studio\2022\Community\MSBuild\Current\Bin\AssemblyFolders.config,};;{Registry:Software\Microsoft\,,AssemblyFoldersEx};{AssemblyFolders};{GAC};{RawFileName};C:\Users\bluec\Kamata\TakeCEngine\project\..\generated\outputs\Debug\" (以前の値: "{CandidateAssemblyFiles};C:\Program Files\Microsoft Visual Studio\2022\Community\VC\Tools\MSVC\14.44.35207\atlmfc\lib\x64;;C:\Program Files\Microsoft Visual Studio\2022\Community\VC\Tools\MSVC\14.44.35207\lib\x64;;{HintPathFromItem};{TargetFrameworkDirectory};{AssemblyFoldersFromConfig:C:\Program Files\Microsoft Visual Studio\2022\Community\MSBuild\Current\Bin\AssemblyFolders.config,};;{Registry:Software\Microsoft\,,AssemblyFoldersEx};{AssemblyFolders};{GAC};{RawFileName}") C:\Program Files\Microsoft Visual Studio\2022\Community\MSBuild\Current\Bin\Microsoft.Common.CurrentVersion.targets (657,5)
C:\Program Files\Microsoft Visual Studio\2022\Community\MSBuild\Current\Bin\Microsoft.Common.CurrentVersion.targets(3947,5): message : プロパティの再代入: $(_SGenGenerateSerializationAssembliesConfig)="Auto" (以前の値: "") C:\Program Files\Microsoft Visual Studio\2022\Community\MSBuild\Current\Bin\Microsoft.Common.CurrentVersion.targets (3947,5)
C:\Program Files\Microsoft Visual Studio\2022\Community\MSBuild\Current\Bin\Microsoft.Common.CurrentVersion.targets(3948,5): message : プロパティの再代入: $(_SGenGenerateSerializationAssembliesConfig)="Off" (以前の値: "Auto") C:\Program Files\Microsoft Visual Studio\2022\Community\MSBuild\Current\Bin\Microsoft.Common.CurrentVersion.targets (3948,5)
C:\Program Files\Microsoft Visual Studio\2022\Community\MSBuild\Current\Bin\Microsoft.Common.CurrentVersion.targets(5159,5): message : プロパティの再代入: $(_TargetsThatPrepareProjectReferences)="
C:\Program Files\Microsoft Visual Studio\2022\Community\MSBuild\Current\Bin\Microsoft.Common.CurrentVersion.targets(5159,5): message :       AssignProjectConfiguration;
C:\Program Files\Microsoft Visual Studio\2022\Community\MSBuild\Current\Bin\Microsoft.Common.CurrentVersion.targets(5159,5): message :       _SplitProjectReferencesByFileExistence
C:\Program Files\Microsoft Visual Studio\2022\Community\MSBuild\Current\Bin\Microsoft.Common.CurrentVersion.targets(5159,5): message :     " (以前の値: "_SplitProjectReferencesByFileExistence") C:\Program Files\Microsoft Visual Studio\2022\Community\MSBuild\Current\Bin\Microsoft.Common.CurrentVersion.targets (5159,5)
C:\Program Files\Microsoft Visual Studio\2022\Community\MSBuild\Microsoft\VisualStudio\v17.0\CodeAnalysis\Microsoft.CodeAnalysis.targets(125,5): message : プロパティの再代入: $(_CodeAnalysisTreatWarningsAsErrors)="false" (以前の値: "") C:\Program Files\Microsoft Visual Studio\2022\Community\MSBuild\Microsoft\VisualStudio\v17.0\CodeAnalysis\Microsoft.CodeAnalysis.targets (125,5)
C:\Program Files\Microsoft Visual Studio\2022\Community\MSBuild\Microsoft\VisualStudio\v17.0\CodeAnalysis\Microsoft.CodeAnalysis.targets(235,5): message : プロパティの再代入: $(CAExcludePath)="C:\Program Files (x86)\Windows Kits\10\Include\10.0.26100.0\ucrt;;C:\Program Files (x86)\Windows Kits\10\Include\10.0.26100.0\um;C:\Program Files (x86)\Windows Kits\10\Include\10.0.26100.0\shared;C:\Program Files (x86)\Windows Kits\10\Include\10.0.26100.0\winrt;C:\Program Files (x86)\Windows Kits\10\Include\10.0.26100.0\cppwinrt;C:\Program Files (x86)\Windows Kits\NETFXSDK\4.8.1\Include\um;" (以前の値: "C:\Program Files (x86)\Windows Kits\10\Include\10.0.26100.0\um;C:\Program Files (x86)\Windows Kits\10\Include\10.0.26100.0\shared;C:\Program Files (x86)\Windows Kits\10\Include\10.0.26100.0\winrt;C:\Program Files (x86)\Windows Kits\10\Include\10.0.26100.0\cppwinrt;C:\Program Files (x86)\Windows Kits\NETFXSDK\4.8.1\Include\um;") C:\Program Files\Microsoft Visual Studio\2022\Community\MSBuild\Microsoft\VisualStudio\v17.0\CodeAnalysis\Microsoft.CodeAnalysis.targets (235,5)
C:\Program Files\Microsoft Visual Studio\2022\Community\MSBuild\Microsoft\VisualStudio\v17.0\CodeAnalysis\Microsoft.CodeAnalysis.targets(236,5): message : プロパティの再代入: $(CAExcludePath)="C:\Program Files\Microsoft Visual Studio\2022\Community\VC\Tools\MSVC\14.44.35207\include;C:\Program Files (x86)\Windows Kits\10\Include\10.0.26100.0\ucrt;;C:\Program Files (x86)\Windows Kits\10\Include\10.0.26100.0\um;C:\Program Files (x86)\Windows Kits\10\Include\10.0.26100.0\shared;C:\Program Files (x86)\Windows Kits\10\Include\10.0.26100.0\winrt;C:\Program Files (x86)\Windows Kits\10\Include\10.0.26100.0\cppwinrt;C:\Program Files (x86)\Windows Kits\NETFXSDK\4.8.1\Include\um;" (以前の値: "C:\Program Files (x86)\Windows Kits\10\Include\10.0.26100.0\ucrt;;C:\Program Files (x86)\Windows Kits\10\Include\10.0.26100.0\um;C:\Program Files (x86)\Windows Kits\10\Include\10.0.26100.0\shared;C:\Program Files (x86)\Windows Kits\10\Include\10.0.26100.0\winrt;C:\Program Files (x86)\Windows Kits\10\Include\10.0.26100.0\cppwinrt;C:\Program Files (x86)\Windows Kits\NETFXSDK\4.8.1\Include\um;") C:\Program Files\Microsoft Visual Studio\2022\Community\MSBuild\Microsoft\VisualStudio\v17.0\CodeAnalysis\Microsoft.CodeAnalysis.targets (236,5)
C:\Program Files\Microsoft Visual Studio\2022\Community\MSBuild\Microsoft\VisualStudio\v17.0\CodeAnalysis\Microsoft.CodeAnalysis.targets(237,5): message : プロパティの再代入: $(CAExcludePath)="C:\Program Files\Microsoft Visual Studio\2022\Community\VC\Tools\MSVC\14.44.35207\atlmfc\include;C:\Program Files\Microsoft Visual Studio\2022\Community\VC\Tools\MSVC\14.44.35207\include;C:\Program Files (x86)\Windows Kits\10\Include\10.0.26100.0\ucrt;;C:\Program Files (x86)\Windows Kits\10\Include\10.0.26100.0\um;C:\Program Files (x86)\Windows Kits\10\Include\10.0.26100.0\shared;C:\Program Files (x86)\Windows Kits\10\Include\10.0.26100.0\winrt;C:\Program Files (x86)\Windows Kits\10\Include\10.0.26100.0\cppwinrt;C:\Program Files (x86)\Windows Kits\NETFXSDK\4.8.1\Include\um;" (以前の値: "C:\Program Files\Microsoft Visual Studio\2022\Community\VC\Tools\MSVC\14.44.35207\include;C:\Program Files (x86)\Windows Kits\10\Include\10.0.26100.0\ucrt;;C:\Program Files (x86)\Windows Kits\10\Include\10.0.26100.0\um;C:\Program Files (x86)\Windows Kits\10\Include\10.0.26100.0\shared;C:\Program Files (x86)\Windows Kits\10\Include\10.0.26100.0\winrt;C:\Program Files (x86)\Windows Kits\10\Include\10.0.26100.0\cppwinrt;C:\Program Files (x86)\Windows Kits\NETFXSDK\4.8.1\Include\um;") C:\Program Files\Microsoft Visual Studio\2022\Community\MSBuild\Microsoft\VisualStudio\v17.0\CodeAnalysis\Microsoft.CodeAnalysis.targets (237,5)
C:\Program Files\Microsoft Visual Studio\2022\Community\MSBuild\Microsoft\VisualStudio\v17.0\CodeAnalysis\Microsoft.CodeAnalysis.targets(240,5): message : プロパティの再代入: $(PrepareForBuildDependsOn)=";GetFrameworkPaths;GetReferenceAssemblyPaths;AssignLinkMetadata;SetCABuildNativeEnvironmentVariables" (以前の値: ";GetFrameworkPaths;GetReferenceAssemblyPaths;AssignLinkMetadata") C:\Program Files\Microsoft Visual Studio\2022\Community\MSBuild\Microsoft\VisualStudio\v17.0\CodeAnalysis\Microsoft.CodeAnalysis.targets (240,5)
C:\WINDOWS\Microsoft.NET\Framework\v4.0.30319\Microsoft.Xaml.targets(35,5): message : プロパティの再代入: $(PrepareResourcesDependsOn)="
C:\WINDOWS\Microsoft.NET\Framework\v4.0.30319\Microsoft.Xaml.targets(35,5): message :       XamlMarkupCompilePass1;
C:\WINDOWS\Microsoft.NET\Framework\v4.0.30319\Microsoft.Xaml.targets(35,5): message :       XamlMarkupCompilePass2;
C:\WINDOWS\Microsoft.NET\Framework\v4.0.30319\Microsoft.Xaml.targets(35,5): message :       
C:\WINDOWS\Microsoft.NET\Framework\v4.0.30319\Microsoft.Xaml.targets(35,5): message :       ;
C:\WINDOWS\Microsoft.NET\Framework\v4.0.30319\Microsoft.Xaml.targets(35,5): message :       PrepareResourceNames;
C:\WINDOWS\Microsoft.NET\Framework\v4.0.30319\Microsoft.Xaml.targets(35,5): message :       ResGen;
C:\WINDOWS\Microsoft.NET\Framework\v4.0.30319\Microsoft.Xaml.targets(35,5): message :       CompileLicxFiles
C:\WINDOWS\Microsoft.NET\Framework\v4.0.30319\Microsoft.Xaml.targets(35,5): message :      
C:\WINDOWS\Microsoft.NET\Framework\v4.0.30319\Microsoft.Xaml.targets(35,5): message :     " (以前の値: "
C:\WINDOWS\Microsoft.NET\Framework\v4.0.30319\Microsoft.Xaml.targets(35,5): message :       ;
C:\WINDOWS\Microsoft.NET\Framework\v4.0.30319\Microsoft.Xaml.targets(35,5): message :       PrepareResourceNames;
C:\WINDOWS\Microsoft.NET\Framework\v4.0.30319\Microsoft.Xaml.targets(35,5): message :       ResGen;
C:\WINDOWS\Microsoft.NET\Framework\v4.0.30319\Microsoft.Xaml.targets(35,5): message :       CompileLicxFiles
C:\WINDOWS\Microsoft.NET\Framework\v4.0.30319\Microsoft.Xaml.targets(35,5): message :     ") C:\WINDOWS\Microsoft.NET\Framework\v4.0.30319\Microsoft.Xaml.targets (35,5)
C:\Program Files\Microsoft Visual Studio\2022\Community\MSBuild\Microsoft\VisualStudio\v17.0\TeamTest\Microsoft.TeamTest.targets(4,5): message : プロパティの再代入: $(ResolveReferencesDependsOn)="
C:\Program Files\Microsoft Visual Studio\2022\Community\MSBuild\Microsoft\VisualStudio\v17.0\TeamTest\Microsoft.TeamTest.targets(4,5): message :       
C:\Program Files\Microsoft Visual Studio\2022\Community\MSBuild\Microsoft\VisualStudio\v17.0\TeamTest\Microsoft.TeamTest.targets(4,5): message :       BeforeResolveReferences;
C:\Program Files\Microsoft Visual Studio\2022\Community\MSBuild\Microsoft\VisualStudio\v17.0\TeamTest\Microsoft.TeamTest.targets(4,5): message :       AssignProjectConfiguration;
C:\Program Files\Microsoft Visual Studio\2022\Community\MSBuild\Microsoft\VisualStudio\v17.0\TeamTest\Microsoft.TeamTest.targets(4,5): message :       ResolveProjectReferences;
C:\Program Files\Microsoft Visual Studio\2022\Community\MSBuild\Microsoft\VisualStudio\v17.0\TeamTest\Microsoft.TeamTest.targets(4,5): message :       FindInvalidProjectReferences;
C:\Program Files\Microsoft Visual Studio\2022\Community\MSBuild\Microsoft\VisualStudio\v17.0\TeamTest\Microsoft.TeamTest.targets(4,5): message :       ResolveNativeReferences;
C:\Program Files\Microsoft Visual Studio\2022\Community\MSBuild\Microsoft\VisualStudio\v17.0\TeamTest\Microsoft.TeamTest.targets(4,5): message :       ResolveAssemblyReferences;
C:\Program Files\Microsoft Visual Studio\2022\Community\MSBuild\Microsoft\VisualStudio\v17.0\TeamTest\Microsoft.TeamTest.targets(4,5): message :       GenerateBindingRedirects;
C:\Program Files\Microsoft Visual Studio\2022\Community\MSBuild\Microsoft\VisualStudio\v17.0\TeamTest\Microsoft.TeamTest.targets(4,5): message :       GenerateBindingRedirectsUpdateAppConfig;
C:\Program Files\Microsoft Visual Studio\2022\Community\MSBuild\Microsoft\VisualStudio\v17.0\TeamTest\Microsoft.TeamTest.targets(4,5): message :       ResolveComReferences;
C:\Program Files\Microsoft Visual Studio\2022\Community\MSBuild\Microsoft\VisualStudio\v17.0\TeamTest\Microsoft.TeamTest.targets(4,5): message :       AfterResolveReferences
C:\Program Files\Microsoft Visual Studio\2022\Community\MSBuild\Microsoft\VisualStudio\v17.0\TeamTest\Microsoft.TeamTest.targets(4,5): message :     ;
C:\Program Files\Microsoft Visual Studio\2022\Community\MSBuild\Microsoft\VisualStudio\v17.0\TeamTest\Microsoft.TeamTest.targets(4,5): message :       ResolveTestReferences
C:\Program Files\Microsoft Visual Studio\2022\Community\MSBuild\Microsoft\VisualStudio\v17.0\TeamTest\Microsoft.TeamTest.targets(4,5): message :     " (以前の値: "
C:\Program Files\Microsoft Visual Studio\2022\Community\MSBuild\Microsoft\VisualStudio\v17.0\TeamTest\Microsoft.TeamTest.targets(4,5): message :       BeforeResolveReferences;
C:\Program Files\Microsoft Visual Studio\2022\Community\MSBuild\Microsoft\VisualStudio\v17.0\TeamTest\Microsoft.TeamTest.targets(4,5): message :       AssignProjectConfiguration;
C:\Program Files\Microsoft Visual Studio\2022\Community\MSBuild\Microsoft\VisualStudio\v17.0\TeamTest\Microsoft.TeamTest.targets(4,5): message :       ResolveProjectReferences;
C:\Program Files\Microsoft Visual Studio\2022\Community\MSBuild\Microsoft\VisualStudio\v17.0\TeamTest\Microsoft.TeamTest.targets(4,5): message :       FindInvalidProjectReferences;
C:\Program Files\Microsoft Visual Studio\2022\Community\MSBuild\Microsoft\VisualStudio\v17.0\TeamTest\Microsoft.TeamTest.targets(4,5): message :       ResolveNativeReferences;
C:\Program Files\Microsoft Visual Studio\2022\Community\MSBuild\Microsoft\VisualStudio\v17.0\TeamTest\Microsoft.TeamTest.targets(4,5): message :       ResolveAssemblyReferences;
C:\Program Files\Microsoft Visual Studio\2022\Community\MSBuild\Microsoft\VisualStudio\v17.0\TeamTest\Microsoft.TeamTest.targets(4,5): message :       GenerateBindingRedirects;
C:\Program Files\Microsoft Visual Studio\2022\Community\MSBuild\Microsoft\VisualStudio\v17.0\TeamTest\Microsoft.TeamTest.targets(4,5): message :       GenerateBindingRedirectsUpdateAppConfig;
C:\Program Files\Microsoft Visual Studio\2022\Community\MSBuild\Microsoft\VisualStudio\v17.0\TeamTest\Microsoft.TeamTest.targets(4,5): message :       ResolveComReferences;
C:\Program Files\Microsoft Visual Studio\2022\Community\MSBuild\Microsoft\VisualStudio\v17.0\TeamTest\Microsoft.TeamTest.targets(4,5): message :       AfterResolveReferences
C:\Program Files\Microsoft Visual Studio\2022\Community\MSBuild\Microsoft\VisualStudio\v17.0\TeamTest\Microsoft.TeamTest.targets(4,5): message :     ") C:\Program Files\Microsoft Visual Studio\2022\Community\MSBuild\Microsoft\VisualStudio\v17.0\TeamTest\Microsoft.TeamTest.targets (4,5)
$(MSBuildExtensionsPath) で使用されている検索パスは C:\Program Files\Microsoft Visual Studio\2022\Community\MSBuild;$(MSBuildProgramFiles32)\MSBuild です
拡張パス C:\Program Files\Microsoft Visual Studio\2022\Community\MSBuild を使用して C:\Program Files\Microsoft Visual Studio\2022\Community\MSBuild\$(MSBuildToolsVersion)\Microsoft.Common.targets\ImportAfter\* をインポートしようとしています
$(MSBuildExtensionsPath) で使用されている検索パスは C:\Program Files\Microsoft Visual Studio\2022\Community\MSBuild;$(MSBuildProgramFiles32)\MSBuild です
拡張パス C:\Program Files\Microsoft Visual Studio\2022\Community\MSBuild を使用して C:\Program Files\Microsoft Visual Studio\2022\Community\MSBuild\Sdks\Microsoft.Docker.Sdk\build\Microsoft.Docker.targets をインポートしようとしています
C:\Program Files\Microsoft Visual Studio\2022\Community\MSBuild\Microsoft\NuGet\17.0\Microsoft.NuGet.targets(74,5): message : プロパティの再代入: $(ProjectLockFile)="obj\project.assets.json" (以前の値: "C:\Users\bluec\Kamata\TakeCEngine\project\externals\DirectXTex\obj\project.assets.json") C:\Program Files\Microsoft Visual Studio\2022\Community\MSBuild\Microsoft\NuGet\17.0\Microsoft.NuGet.targets (74,5)
C:\Program Files\Microsoft Visual Studio\2022\Community\MSBuild\Microsoft\NuGet\17.0\Microsoft.NuGet.targets(185,5): message : プロパティの再代入: $(ResolveAssemblyReferencesDependsOn)="
C:\Program Files\Microsoft Visual Studio\2022\Community\MSBuild\Microsoft\NuGet\17.0\Microsoft.NuGet.targets(185,5): message :       ResolveProjectReferences;
C:\Program Files\Microsoft Visual Studio\2022\Community\MSBuild\Microsoft\NuGet\17.0\Microsoft.NuGet.targets(185,5): message :       FindInvalidProjectReferences;
C:\Program Files\Microsoft Visual Studio\2022\Community\MSBuild\Microsoft\NuGet\17.0\Microsoft.NuGet.targets(185,5): message :       GetFrameworkPaths;
C:\Program Files\Microsoft Visual Studio\2022\Community\MSBuild\Microsoft\NuGet\17.0\Microsoft.NuGet.targets(185,5): message :       GetReferenceAssemblyPaths;
C:\Program Files\Microsoft Visual Studio\2022\Community\MSBuild\Microsoft\NuGet\17.0\Microsoft.NuGet.targets(185,5): message :       PrepareForBuild;
C:\Program Files\Microsoft Visual Studio\2022\Community\MSBuild\Microsoft\NuGet\17.0\Microsoft.NuGet.targets(185,5): message :       ResolveSDKReferences;
C:\Program Files\Microsoft Visual Studio\2022\Community\MSBuild\Microsoft\NuGet\17.0\Microsoft.NuGet.targets(185,5): message :       ExpandSDKReferences;
C:\Program Files\Microsoft Visual Studio\2022\Community\MSBuild\Microsoft\NuGet\17.0\Microsoft.NuGet.targets(185,5): message :     ;ResolveNuGetPackageAssets" (以前の値: "
C:\Program Files\Microsoft Visual Studio\2022\Community\MSBuild\Microsoft\NuGet\17.0\Microsoft.NuGet.targets(185,5): message :       ResolveProjectReferences;
C:\Program Files\Microsoft Visual Studio\2022\Community\MSBuild\Microsoft\NuGet\17.0\Microsoft.NuGet.targets(185,5): message :       FindInvalidProjectReferences;
C:\Program Files\Microsoft Visual Studio\2022\Community\MSBuild\Microsoft\NuGet\17.0\Microsoft.NuGet.targets(185,5): message :       GetFrameworkPaths;
C:\Program Files\Microsoft Visual Studio\2022\Community\MSBuild\Microsoft\NuGet\17.0\Microsoft.NuGet.targets(185,5): message :       GetReferenceAssemblyPaths;
C:\Program Files\Microsoft Visual Studio\2022\Community\MSBuild\Microsoft\NuGet\17.0\Microsoft.NuGet.targets(185,5): message :       PrepareForBuild;
C:\Program Files\Microsoft Visual Studio\2022\Community\MSBuild\Microsoft\NuGet\17.0\Microsoft.NuGet.targets(185,5): message :       ResolveSDKReferences;
C:\Program Files\Microsoft Visual Studio\2022\Community\MSBuild\Microsoft\NuGet\17.0\Microsoft.NuGet.targets(185,5): message :       ExpandSDKReferences;
C:\Program Files\Microsoft Visual Studio\2022\Community\MSBuild\Microsoft\NuGet\17.0\Microsoft.NuGet.targets(185,5): message :     ") C:\Program Files\Microsoft Visual Studio\2022\Community\MSBuild\Microsoft\NuGet\17.0\Microsoft.NuGet.targets (185,5)
C:\Program Files\Microsoft Visual Studio\2022\Community\MSBuild\Microsoft\NuGet\17.0\Microsoft.NuGet.targets(186,5): message : プロパティの再代入: $(PrepareResourcesDependsOn)="ResolveNuGetPackageAssets;
C:\Program Files\Microsoft Visual Studio\2022\Community\MSBuild\Microsoft\NuGet\17.0\Microsoft.NuGet.targets(186,5): message :       XamlMarkupCompilePass1;
C:\Program Files\Microsoft Visual Studio\2022\Community\MSBuild\Microsoft\NuGet\17.0\Microsoft.NuGet.targets(186,5): message :       XamlMarkupCompilePass2;
C:\Program Files\Microsoft Visual Studio\2022\Community\MSBuild\Microsoft\NuGet\17.0\Microsoft.NuGet.targets(186,5): message :       
C:\Program Files\Microsoft Visual Studio\2022\Community\MSBuild\Microsoft\NuGet\17.0\Microsoft.NuGet.targets(186,5): message :       ;
C:\Program Files\Microsoft Visual Studio\2022\Community\MSBuild\Microsoft\NuGet\17.0\Microsoft.NuGet.targets(186,5): message :       PrepareResourceNames;
C:\Program Files\Microsoft Visual Studio\2022\Community\MSBuild\Microsoft\NuGet\17.0\Microsoft.NuGet.targets(186,5): message :       ResGen;
C:\Program Files\Microsoft Visual Studio\2022\Community\MSBuild\Microsoft\NuGet\17.0\Microsoft.NuGet.targets(186,5): message :       CompileLicxFiles
C:\Program Files\Microsoft Visual Studio\2022\Community\MSBuild\Microsoft\NuGet\17.0\Microsoft.NuGet.targets(186,5): message :      
C:\Program Files\Microsoft Visual Studio\2022\Community\MSBuild\Microsoft\NuGet\17.0\Microsoft.NuGet.targets(186,5): message :     " (以前の値: "
C:\Program Files\Microsoft Visual Studio\2022\Community\MSBuild\Microsoft\NuGet\17.0\Microsoft.NuGet.targets(186,5): message :       XamlMarkupCompilePass1;
C:\Program Files\Microsoft Visual Studio\2022\Community\MSBuild\Microsoft\NuGet\17.0\Microsoft.NuGet.targets(186,5): message :       XamlMarkupCompilePass2;
C:\Program Files\Microsoft Visual Studio\2022\Community\MSBuild\Microsoft\NuGet\17.0\Microsoft.NuGet.targets(186,5): message :       
C:\Program Files\Microsoft Visual Studio\2022\Community\MSBuild\Microsoft\NuGet\17.0\Microsoft.NuGet.targets(186,5): message :       ;
C:\Program Files\Microsoft Visual Studio\2022\Community\MSBuild\Microsoft\NuGet\17.0\Microsoft.NuGet.targets(186,5): message :       PrepareResourceNames;
C:\Program Files\Microsoft Visual Studio\2022\Community\MSBuild\Microsoft\NuGet\17.0\Microsoft.NuGet.targets(186,5): message :       ResGen;
C:\Program Files\Microsoft Visual Studio\2022\Community\MSBuild\Microsoft\NuGet\17.0\Microsoft.NuGet.targets(186,5): message :       CompileLicxFiles
C:\Program Files\Microsoft Visual Studio\2022\Community\MSBuild\Microsoft\NuGet\17.0\Microsoft.NuGet.targets(186,5): message :      
C:\Program Files\Microsoft Visual Studio\2022\Community\MSBuild\Microsoft\NuGet\17.0\Microsoft.NuGet.targets(186,5): message :     ") C:\Program Files\Microsoft Visual Studio\2022\Community\MSBuild\Microsoft\NuGet\17.0\Microsoft.NuGet.targets (186,5)
$(MSBuildExtensionsPath) で使用されている検索パスは C:\Program Files\Microsoft Visual Studio\2022\Community\MSBuild;$(MSBuildProgramFiles32)\MSBuild です
$(MSBuildExtensionsPath) で使用されている検索パスは C:\Program Files\Microsoft Visual Studio\2022\Community\MSBuild;$(MSBuildProgramFiles32)\MSBuild です
拡張パス C:\Program Files\Microsoft Visual Studio\2022\Community\MSBuild を使用して C:\Program Files\Microsoft Visual Studio\2022\Community\MSBuild\Microsoft\VisualStudio\WebTools.Aspire\Microsoft.WebTools.Aspire.targets をインポートしようとしています
C:\Program Files\Microsoft Visual Studio\2022\Community\MSBuild\Microsoft\VisualStudio\WebTools.Aspire\Microsoft.WebTools.Aspire.targets(25,5): message : プロパティの再代入: $(JsonSchemaCombinedFilePath)="C:\Users\bluec\Kamata\TakeCEngine\generated\obj\DirectXTex\Debug\CombinedComponentSchema.json" (以前の値: "C:\Users\bluec\Kamata\TakeCEngine\project\..\generated\obj\DirectXTex\Debug\\CombinedComponentSchema.json") C:\Program Files\Microsoft Visual Studio\2022\Community\MSBuild\Microsoft\VisualStudio\WebTools.Aspire\Microsoft.WebTools.Aspire.targets (25,5)
C:\Program Files\Microsoft Visual Studio\2022\Community\MSBuild\Microsoft\VisualStudio\WebTools.Aspire\Microsoft.WebTools.Aspire.targets(27,5): message : プロパティの再代入: $(AppSettingsJsonSchemaCombinedFilePath)="C:\Users\bluec\Kamata\TakeCEngine\generated\obj\DirectXTex\Debug\AppSettingsSchema.json" (以前の値: "C:\Users\bluec\Kamata\TakeCEngine\project\..\generated\obj\DirectXTex\Debug\\AppSettingsSchema.json") C:\Program Files\Microsoft Visual Studio\2022\Community\MSBuild\Microsoft\VisualStudio\WebTools.Aspire\Microsoft.WebTools.Aspire.targets (27,5)
C:\Program Files\Microsoft Visual Studio\2022\Community\MSBuild\Microsoft\VC\v170\Microsoft.BuildSteps.Targets(39,5): message : プロパティの再代入: $(DebugType)="" (以前の値: "none") C:\Program Files\Microsoft Visual Studio\2022\Community\MSBuild\Microsoft\VC\v170\Microsoft.BuildSteps.Targets (39,5)
C:\Program Files\Microsoft Visual Studio\2022\Community\MSBuild\Microsoft\VC\v170\Microsoft.BuildSteps.Targets(122,5): message : プロパティの再代入: $(BuildDependsOn)="
C:\Program Files\Microsoft Visual Studio\2022\Community\MSBuild\Microsoft\VC\v170\Microsoft.BuildSteps.Targets(122,5): message :       _PrepareForBuild;
C:\Program Files\Microsoft Visual Studio\2022\Community\MSBuild\Microsoft\VC\v170\Microsoft.BuildSteps.Targets(122,5): message :       
C:\Program Files\Microsoft Visual Studio\2022\Community\MSBuild\Microsoft\VC\v170\Microsoft.BuildSteps.Targets(122,5): message :       ResolveReferences;
C:\Program Files\Microsoft Visual Studio\2022\Community\MSBuild\Microsoft\VC\v170\Microsoft.BuildSteps.Targets(122,5): message :       PrepareForBuild;
C:\Program Files\Microsoft Visual Studio\2022\Community\MSBuild\Microsoft\VC\v170\Microsoft.BuildSteps.Targets(122,5): message :       InitializeBuildStatus;
C:\Program Files\Microsoft Visual Studio\2022\Community\MSBuild\Microsoft\VC\v170\Microsoft.BuildSteps.Targets(122,5): message :       BuildGenerateSources;
C:\Program Files\Microsoft Visual Studio\2022\Community\MSBuild\Microsoft\VC\v170\Microsoft.BuildSteps.Targets(122,5): message :       BuildCompile;
C:\Program Files\Microsoft Visual Studio\2022\Community\MSBuild\Microsoft\VC\v170\Microsoft.BuildSteps.Targets(122,5): message :       BuildLink;
C:\Program Files\Microsoft Visual Studio\2022\Community\MSBuild\Microsoft\VC\v170\Microsoft.BuildSteps.Targets(122,5): message :     ;
C:\Program Files\Microsoft Visual Studio\2022\Community\MSBuild\Microsoft\VC\v170\Microsoft.BuildSteps.Targets(122,5): message :       AfterBuild;
C:\Program Files\Microsoft Visual Studio\2022\Community\MSBuild\Microsoft\VC\v170\Microsoft.BuildSteps.Targets(122,5): message :       IncrementalClean;
C:\Program Files\Microsoft Visual Studio\2022\Community\MSBuild\Microsoft\VC\v170\Microsoft.BuildSteps.Targets(122,5): message :       TlogCleanup;
C:\Program Files\Microsoft Visual Studio\2022\Community\MSBuild\Microsoft\VC\v170\Microsoft.BuildSteps.Targets(122,5): message :       FinalizeBuildStatus;
C:\Program Files\Microsoft Visual Studio\2022\Community\MSBuild\Microsoft\VC\v170\Microsoft.BuildSteps.Targets(122,5): message :     " (以前の値: "
C:\Program Files\Microsoft Visual Studio\2022\Community\MSBuild\Microsoft\VC\v170\Microsoft.BuildSteps.Targets(122,5): message :       BeforeBuild;
C:\Program Files\Microsoft Visual Studio\2022\Community\MSBuild\Microsoft\VC\v170\Microsoft.BuildSteps.Targets(122,5): message :       CoreBuild;
C:\Program Files\Microsoft Visual Studio\2022\Community\MSBuild\Microsoft\VC\v170\Microsoft.BuildSteps.Targets(122,5): message :       AfterBuild
C:\Program Files\Microsoft Visual Studio\2022\Community\MSBuild\Microsoft\VC\v170\Microsoft.BuildSteps.Targets(122,5): message :     ") C:\Program Files\Microsoft Visual Studio\2022\Community\MSBuild\Microsoft\VC\v170\Microsoft.BuildSteps.Targets (122,5)
C:\Program Files\Microsoft Visual Studio\2022\Community\MSBuild\Microsoft\VC\v170\Microsoft.BuildSteps.Targets(131,5): message : プロパティの再代入: $(RebuildDependsOn)="
C:\Program Files\Microsoft Visual Studio\2022\Community\MSBuild\Microsoft\VC\v170\Microsoft.BuildSteps.Targets(131,5): message :       _PrepareForRebuild;
C:\Program Files\Microsoft Visual Studio\2022\Community\MSBuild\Microsoft\VC\v170\Microsoft.BuildSteps.Targets(131,5): message :       
C:\Program Files\Microsoft Visual Studio\2022\Community\MSBuild\Microsoft\VC\v170\Microsoft.BuildSteps.Targets(131,5): message :       BeforeRebuild;
C:\Program Files\Microsoft Visual Studio\2022\Community\MSBuild\Microsoft\VC\v170\Microsoft.BuildSteps.Targets(131,5): message :       Clean;
C:\Program Files\Microsoft Visual Studio\2022\Community\MSBuild\Microsoft\VC\v170\Microsoft.BuildSteps.Targets(131,5): message :       Build;
C:\Program Files\Microsoft Visual Studio\2022\Community\MSBuild\Microsoft\VC\v170\Microsoft.BuildSteps.Targets(131,5): message :       AfterRebuild;
C:\Program Files\Microsoft Visual Studio\2022\Community\MSBuild\Microsoft\VC\v170\Microsoft.BuildSteps.Targets(131,5): message :     ;
C:\Program Files\Microsoft Visual Studio\2022\Community\MSBuild\Microsoft\VC\v170\Microsoft.BuildSteps.Targets(131,5): message :     " (以前の値: "
C:\Program Files\Microsoft Visual Studio\2022\Community\MSBuild\Microsoft\VC\v170\Microsoft.BuildSteps.Targets(131,5): message :       BeforeRebuild;
C:\Program Files\Microsoft Visual Studio\2022\Community\MSBuild\Microsoft\VC\v170\Microsoft.BuildSteps.Targets(131,5): message :       Clean;
C:\Program Files\Microsoft Visual Studio\2022\Community\MSBuild\Microsoft\VC\v170\Microsoft.BuildSteps.Targets(131,5): message :       Build;
C:\Program Files\Microsoft Visual Studio\2022\Community\MSBuild\Microsoft\VC\v170\Microsoft.BuildSteps.Targets(131,5): message :       AfterRebuild;
C:\Program Files\Microsoft Visual Studio\2022\Community\MSBuild\Microsoft\VC\v170\Microsoft.BuildSteps.Targets(131,5): message :     ") C:\Program Files\Microsoft Visual Studio\2022\Community\MSBuild\Microsoft\VC\v170\Microsoft.BuildSteps.Targets (131,5)
C:\Program Files\Microsoft Visual Studio\2022\Community\MSBuild\Microsoft\VC\v170\Microsoft.BuildSteps.Targets(136,5): message : プロパティの再代入: $(CleanDependsOn)="
C:\Program Files\Microsoft Visual Studio\2022\Community\MSBuild\Microsoft\VC\v170\Microsoft.BuildSteps.Targets(136,5): message :       _PrepareForClean;
C:\Program Files\Microsoft Visual Studio\2022\Community\MSBuild\Microsoft\VC\v170\Microsoft.BuildSteps.Targets(136,5): message :       
C:\Program Files\Microsoft Visual Studio\2022\Community\MSBuild\Microsoft\VC\v170\Microsoft.BuildSteps.Targets(136,5): message :       BeforeClean;
C:\Program Files\Microsoft Visual Studio\2022\Community\MSBuild\Microsoft\VC\v170\Microsoft.BuildSteps.Targets(136,5): message :       UnmanagedUnregistration;
C:\Program Files\Microsoft Visual Studio\2022\Community\MSBuild\Microsoft\VC\v170\Microsoft.BuildSteps.Targets(136,5): message :       CoreClean;
C:\Program Files\Microsoft Visual Studio\2022\Community\MSBuild\Microsoft\VC\v170\Microsoft.BuildSteps.Targets(136,5): message :       CleanReferencedProjects;
C:\Program Files\Microsoft Visual Studio\2022\Community\MSBuild\Microsoft\VC\v170\Microsoft.BuildSteps.Targets(136,5): message :       CleanPublishFolder;
C:\Program Files\Microsoft Visual Studio\2022\Community\MSBuild\Microsoft\VC\v170\Microsoft.BuildSteps.Targets(136,5): message :       AfterClean
C:\Program Files\Microsoft Visual Studio\2022\Community\MSBuild\Microsoft\VC\v170\Microsoft.BuildSteps.Targets(136,5): message :     ;
C:\Program Files\Microsoft Visual Studio\2022\Community\MSBuild\Microsoft\VC\v170\Microsoft.BuildSteps.Targets(136,5): message :     " (以前の値: "
C:\Program Files\Microsoft Visual Studio\2022\Community\MSBuild\Microsoft\VC\v170\Microsoft.BuildSteps.Targets(136,5): message :       BeforeClean;
C:\Program Files\Microsoft Visual Studio\2022\Community\MSBuild\Microsoft\VC\v170\Microsoft.BuildSteps.Targets(136,5): message :       UnmanagedUnregistration;
C:\Program Files\Microsoft Visual Studio\2022\Community\MSBuild\Microsoft\VC\v170\Microsoft.BuildSteps.Targets(136,5): message :       CoreClean;
C:\Program Files\Microsoft Visual Studio\2022\Community\MSBuild\Microsoft\VC\v170\Microsoft.BuildSteps.Targets(136,5): message :       CleanReferencedProjects;
C:\Program Files\Microsoft Visual Studio\2022\Community\MSBuild\Microsoft\VC\v170\Microsoft.BuildSteps.Targets(136,5): message :       CleanPublishFolder;
C:\Program Files\Microsoft Visual Studio\2022\Community\MSBuild\Microsoft\VC\v170\Microsoft.BuildSteps.Targets(136,5): message :       AfterClean
C:\Program Files\Microsoft Visual Studio\2022\Community\MSBuild\Microsoft\VC\v170\Microsoft.BuildSteps.Targets(136,5): message :     ") C:\Program Files\Microsoft Visual Studio\2022\Community\MSBuild\Microsoft\VC\v170\Microsoft.BuildSteps.Targets (136,5)
C:\Program Files\Microsoft Visual Studio\2022\Community\MSBuild\Microsoft\VC\v170\Microsoft.CppBuild.targets(60,5): message : プロパティの再代入: $(BeforeBuildGenerateSourcesTargets)="
C:\Program Files\Microsoft Visual Studio\2022\Community\MSBuild\Microsoft\VC\v170\Microsoft.CppBuild.targets(60,5): message :       
C:\Program Files\Microsoft Visual Studio\2022\Community\MSBuild\Microsoft\VC\v170\Microsoft.CppBuild.targets(60,5): message :       ;
C:\Program Files\Microsoft Visual Studio\2022\Community\MSBuild\Microsoft\VC\v170\Microsoft.CppBuild.targets(60,5): message :       BeforeBuildGenerateSources;
C:\Program Files\Microsoft Visual Studio\2022\Community\MSBuild\Microsoft\VC\v170\Microsoft.CppBuild.targets(60,5): message :     ;
C:\Program Files\Microsoft Visual Studio\2022\Community\MSBuild\Microsoft\VC\v170\Microsoft.CppBuild.targets(60,5): message :     " (以前の値: "
C:\Program Files\Microsoft Visual Studio\2022\Community\MSBuild\Microsoft\VC\v170\Microsoft.CppBuild.targets(60,5): message :       ;
C:\Program Files\Microsoft Visual Studio\2022\Community\MSBuild\Microsoft\VC\v170\Microsoft.CppBuild.targets(60,5): message :       BeforeBuildGenerateSources;
C:\Program Files\Microsoft Visual Studio\2022\Community\MSBuild\Microsoft\VC\v170\Microsoft.CppBuild.targets(60,5): message :     ") C:\Program Files\Microsoft Visual Studio\2022\Community\MSBuild\Microsoft\VC\v170\Microsoft.CppBuild.targets (60,5)
C:\Program Files\Microsoft Visual Studio\2022\Community\MSBuild\Microsoft\VC\v170\Microsoft.CppBuild.targets(71,5): message : プロパティの再代入: $(AfterBuildGenerateSourcesTargets)="
C:\Program Files\Microsoft Visual Studio\2022\Community\MSBuild\Microsoft\VC\v170\Microsoft.CppBuild.targets(71,5): message :       
C:\Program Files\Microsoft Visual Studio\2022\Community\MSBuild\Microsoft\VC\v170\Microsoft.CppBuild.targets(71,5): message :       ;
C:\Program Files\Microsoft Visual Studio\2022\Community\MSBuild\Microsoft\VC\v170\Microsoft.CppBuild.targets(71,5): message :       AfterBuildGenerateSources;
C:\Program Files\Microsoft Visual Studio\2022\Community\MSBuild\Microsoft\VC\v170\Microsoft.CppBuild.targets(71,5): message :     ;
C:\Program Files\Microsoft Visual Studio\2022\Community\MSBuild\Microsoft\VC\v170\Microsoft.CppBuild.targets(71,5): message :       AfterBuildGenerateSourcesEvent;
C:\Program Files\Microsoft Visual Studio\2022\Community\MSBuild\Microsoft\VC\v170\Microsoft.CppBuild.targets(71,5): message :     " (以前の値: "
C:\Program Files\Microsoft Visual Studio\2022\Community\MSBuild\Microsoft\VC\v170\Microsoft.CppBuild.targets(71,5): message :       ;
C:\Program Files\Microsoft Visual Studio\2022\Community\MSBuild\Microsoft\VC\v170\Microsoft.CppBuild.targets(71,5): message :       AfterBuildGenerateSources;
C:\Program Files\Microsoft Visual Studio\2022\Community\MSBuild\Microsoft\VC\v170\Microsoft.CppBuild.targets(71,5): message :     ") C:\Program Files\Microsoft Visual Studio\2022\Community\MSBuild\Microsoft\VC\v170\Microsoft.CppBuild.targets (71,5)
C:\Program Files\Microsoft Visual Studio\2022\Community\MSBuild\Microsoft\VC\v170\Microsoft.CppBuild.targets(140,5): message : プロパティの再代入: $(BuildGenerateSourcesAction)="_BuildGenerateSourcesAction" (以前の値: "Build") C:\Program Files\Microsoft Visual Studio\2022\Community\MSBuild\Microsoft\VC\v170\Microsoft.CppBuild.targets (140,5)
C:\Program Files\Microsoft Visual Studio\2022\Community\MSBuild\Microsoft\VC\v170\Microsoft.CppBuild.targets(141,5): message : プロパティの再代入: $(BuildCompileAction)="_BuildCompileAction" (以前の値: "Build") C:\Program Files\Microsoft Visual Studio\2022\Community\MSBuild\Microsoft\VC\v170\Microsoft.CppBuild.targets (141,5)
C:\Program Files\Microsoft Visual Studio\2022\Community\MSBuild\Microsoft\VC\v170\Microsoft.CppBuild.targets(142,5): message : プロパティの再代入: $(BuildLinkAction)="_BuildLinkAction" (以前の値: "Build") C:\Program Files\Microsoft Visual Studio\2022\Community\MSBuild\Microsoft\VC\v170\Microsoft.CppBuild.targets (142,5)
C:\Program Files\Microsoft Visual Studio\2022\Community\MSBuild\Microsoft\VC\v170\Microsoft.CppBuild.targets(249,5): message : プロパティの再代入: $(DetermineProjectTypeTargets)="_PrepareForReferenceResolution;
C:\Program Files\Microsoft Visual Studio\2022\Community\MSBuild\Microsoft\VC\v170\Microsoft.CppBuild.targets(249,5): message :       ;
C:\Program Files\Microsoft Visual Studio\2022\Community\MSBuild\Microsoft\VC\v170\Microsoft.CppBuild.targets(249,5): message :       AddExternalIncludDirectoriesToPaths
C:\Program Files\Microsoft Visual Studio\2022\Community\MSBuild\Microsoft\VC\v170\Microsoft.CppBuild.targets(249,5): message :     " (以前の値: "
C:\Program Files\Microsoft Visual Studio\2022\Community\MSBuild\Microsoft\VC\v170\Microsoft.CppBuild.targets(249,5): message :       ;
C:\Program Files\Microsoft Visual Studio\2022\Community\MSBuild\Microsoft\VC\v170\Microsoft.CppBuild.targets(249,5): message :       AddExternalIncludDirectoriesToPaths
C:\Program Files\Microsoft Visual Studio\2022\Community\MSBuild\Microsoft\VC\v170\Microsoft.CppBuild.targets(249,5): message :     ") C:\Program Files\Microsoft Visual Studio\2022\Community\MSBuild\Microsoft\VC\v170\Microsoft.CppBuild.targets (249,5)
C:\Program Files\Microsoft Visual Studio\2022\Community\MSBuild\Microsoft\VC\v170\Microsoft.CppBuild.targets(314,5): message : プロパティの再代入: $(ResolveReferencesDependsOn)="_PrepareForReferenceResolution;ComputeCrtSDKReference;
C:\Program Files\Microsoft Visual Studio\2022\Community\MSBuild\Microsoft\VC\v170\Microsoft.CppBuild.targets(314,5): message :       
C:\Program Files\Microsoft Visual Studio\2022\Community\MSBuild\Microsoft\VC\v170\Microsoft.CppBuild.targets(314,5): message :       BeforeResolveReferences;
C:\Program Files\Microsoft Visual Studio\2022\Community\MSBuild\Microsoft\VC\v170\Microsoft.CppBuild.targets(314,5): message :       AssignProjectConfiguration;
C:\Program Files\Microsoft Visual Studio\2022\Community\MSBuild\Microsoft\VC\v170\Microsoft.CppBuild.targets(314,5): message :       ResolveProjectReferences;
C:\Program Files\Microsoft Visual Studio\2022\Community\MSBuild\Microsoft\VC\v170\Microsoft.CppBuild.targets(314,5): message :       FindInvalidProjectReferences;
C:\Program Files\Microsoft Visual Studio\2022\Community\MSBuild\Microsoft\VC\v170\Microsoft.CppBuild.targets(314,5): message :       ResolveNativeReferences;
C:\Program Files\Microsoft Visual Studio\2022\Community\MSBuild\Microsoft\VC\v170\Microsoft.CppBuild.targets(314,5): message :       ResolveAssemblyReferences;
C:\Program Files\Microsoft Visual Studio\2022\Community\MSBuild\Microsoft\VC\v170\Microsoft.CppBuild.targets(314,5): message :       GenerateBindingRedirects;
C:\Program Files\Microsoft Visual Studio\2022\Community\MSBuild\Microsoft\VC\v170\Microsoft.CppBuild.targets(314,5): message :       GenerateBindingRedirectsUpdateAppConfig;
C:\Program Files\Microsoft Visual Studio\2022\Community\MSBuild\Microsoft\VC\v170\Microsoft.CppBuild.targets(314,5): message :       ResolveComReferences;
C:\Program Files\Microsoft Visual Studio\2022\Community\MSBuild\Microsoft\VC\v170\Microsoft.CppBuild.targets(314,5): message :       AfterResolveReferences
C:\Program Files\Microsoft Visual Studio\2022\Community\MSBuild\Microsoft\VC\v170\Microsoft.CppBuild.targets(314,5): message :     ;
C:\Program Files\Microsoft Visual Studio\2022\Community\MSBuild\Microsoft\VC\v170\Microsoft.CppBuild.targets(314,5): message :       ResolveTestReferences
C:\Program Files\Microsoft Visual Studio\2022\Community\MSBuild\Microsoft\VC\v170\Microsoft.CppBuild.targets(314,5): message :     " (以前の値: "
C:\Program Files\Microsoft Visual Studio\2022\Community\MSBuild\Microsoft\VC\v170\Microsoft.CppBuild.targets(314,5): message :       
C:\Program Files\Microsoft Visual Studio\2022\Community\MSBuild\Microsoft\VC\v170\Microsoft.CppBuild.targets(314,5): message :       BeforeResolveReferences;
C:\Program Files\Microsoft Visual Studio\2022\Community\MSBuild\Microsoft\VC\v170\Microsoft.CppBuild.targets(314,5): message :       AssignProjectConfiguration;
C:\Program Files\Microsoft Visual Studio\2022\Community\MSBuild\Microsoft\VC\v170\Microsoft.CppBuild.targets(314,5): message :       ResolveProjectReferences;
C:\Program Files\Microsoft Visual Studio\2022\Community\MSBuild\Microsoft\VC\v170\Microsoft.CppBuild.targets(314,5): message :       FindInvalidProjectReferences;
C:\Program Files\Microsoft Visual Studio\2022\Community\MSBuild\Microsoft\VC\v170\Microsoft.CppBuild.targets(314,5): message :       ResolveNativeReferences;
C:\Program Files\Microsoft Visual Studio\2022\Community\MSBuild\Microsoft\VC\v170\Microsoft.CppBuild.targets(314,5): message :       ResolveAssemblyReferences;
C:\Program Files\Microsoft Visual Studio\2022\Community\MSBuild\Microsoft\VC\v170\Microsoft.CppBuild.targets(314,5): message :       GenerateBindingRedirects;
C:\Program Files\Microsoft Visual Studio\2022\Community\MSBuild\Microsoft\VC\v170\Microsoft.CppBuild.targets(314,5): message :       GenerateBindingRedirectsUpdateAppConfig;
C:\Program Files\Microsoft Visual Studio\2022\Community\MSBuild\Microsoft\VC\v170\Microsoft.CppBuild.targets(314,5): message :       ResolveComReferences;
C:\Program Files\Microsoft Visual Studio\2022\Community\MSBuild\Microsoft\VC\v170\Microsoft.CppBuild.targets(314,5): message :       AfterResolveReferences
C:\Program Files\Microsoft Visual Studio\2022\Community\MSBuild\Microsoft\VC\v170\Microsoft.CppBuild.targets(314,5): message :     ;
C:\Program Files\Microsoft Visual Studio\2022\Community\MSBuild\Microsoft\VC\v170\Microsoft.CppBuild.targets(314,5): message :       ResolveTestReferences
C:\Program Files\Microsoft Visual Studio\2022\Community\MSBuild\Microsoft\VC\v170\Microsoft.CppBuild.targets(314,5): message :     ") C:\Program Files\Microsoft Visual Studio\2022\Community\MSBuild\Microsoft\VC\v170\Microsoft.CppBuild.targets (314,5)
C:\Program Files\Microsoft Visual Studio\2022\Community\MSBuild\Microsoft\VC\v170\Microsoft.CppBuild.targets(315,5): message : プロパティの再代入: $(ResolveAssemblyReferencesDependsOn)="_PrepareForReferenceResolution;
C:\Program Files\Microsoft Visual Studio\2022\Community\MSBuild\Microsoft\VC\v170\Microsoft.CppBuild.targets(315,5): message :       ResolveProjectReferences;
C:\Program Files\Microsoft Visual Studio\2022\Community\MSBuild\Microsoft\VC\v170\Microsoft.CppBuild.targets(315,5): message :       FindInvalidProjectReferences;
C:\Program Files\Microsoft Visual Studio\2022\Community\MSBuild\Microsoft\VC\v170\Microsoft.CppBuild.targets(315,5): message :       GetFrameworkPaths;
C:\Program Files\Microsoft Visual Studio\2022\Community\MSBuild\Microsoft\VC\v170\Microsoft.CppBuild.targets(315,5): message :       GetReferenceAssemblyPaths;
C:\Program Files\Microsoft Visual Studio\2022\Community\MSBuild\Microsoft\VC\v170\Microsoft.CppBuild.targets(315,5): message :       PrepareForBuild;
C:\Program Files\Microsoft Visual Studio\2022\Community\MSBuild\Microsoft\VC\v170\Microsoft.CppBuild.targets(315,5): message :       ResolveSDKReferences;
C:\Program Files\Microsoft Visual Studio\2022\Community\MSBuild\Microsoft\VC\v170\Microsoft.CppBuild.targets(315,5): message :       ExpandSDKReferences;
C:\Program Files\Microsoft Visual Studio\2022\Community\MSBuild\Microsoft\VC\v170\Microsoft.CppBuild.targets(315,5): message :     ;ResolveNuGetPackageAssets" (以前の値: "
C:\Program Files\Microsoft Visual Studio\2022\Community\MSBuild\Microsoft\VC\v170\Microsoft.CppBuild.targets(315,5): message :       ResolveProjectReferences;
C:\Program Files\Microsoft Visual Studio\2022\Community\MSBuild\Microsoft\VC\v170\Microsoft.CppBuild.targets(315,5): message :       FindInvalidProjectReferences;
C:\Program Files\Microsoft Visual Studio\2022\Community\MSBuild\Microsoft\VC\v170\Microsoft.CppBuild.targets(315,5): message :       GetFrameworkPaths;
C:\Program Files\Microsoft Visual Studio\2022\Community\MSBuild\Microsoft\VC\v170\Microsoft.CppBuild.targets(315,5): message :       GetReferenceAssemblyPaths;
C:\Program Files\Microsoft Visual Studio\2022\Community\MSBuild\Microsoft\VC\v170\Microsoft.CppBuild.targets(315,5): message :       PrepareForBuild;
C:\Program Files\Microsoft Visual Studio\2022\Community\MSBuild\Microsoft\VC\v170\Microsoft.CppBuild.targets(315,5): message :       ResolveSDKReferences;
C:\Program Files\Microsoft Visual Studio\2022\Community\MSBuild\Microsoft\VC\v170\Microsoft.CppBuild.targets(315,5): message :       ExpandSDKReferences;
C:\Program Files\Microsoft Visual Studio\2022\Community\MSBuild\Microsoft\VC\v170\Microsoft.CppBuild.targets(315,5): message :     ;ResolveNuGetPackageAssets") C:\Program Files\Microsoft Visual Studio\2022\Community\MSBuild\Microsoft\VC\v170\Microsoft.CppBuild.targets (315,5)
C:\Program Files\Microsoft Visual Studio\2022\Community\MSBuild\Microsoft\VC\v170\Microsoft.CppBuild.targets(316,5): message : プロパティの再代入: $(ResolveSDKReferencesDependsOn)="_PrepareForReferenceResolution;ComputeCrtSDKReference;
C:\Program Files\Microsoft Visual Studio\2022\Community\MSBuild\Microsoft\VC\v170\Microsoft.CppBuild.targets(316,5): message :       GetInstalledSDKLocations
C:\Program Files\Microsoft Visual Studio\2022\Community\MSBuild\Microsoft\VC\v170\Microsoft.CppBuild.targets(316,5): message :     " (以前の値: "
C:\Program Files\Microsoft Visual Studio\2022\Community\MSBuild\Microsoft\VC\v170\Microsoft.CppBuild.targets(316,5): message :       GetInstalledSDKLocations
C:\Program Files\Microsoft Visual Studio\2022\Community\MSBuild\Microsoft\VC\v170\Microsoft.CppBuild.targets(316,5): message :     ") C:\Program Files\Microsoft Visual Studio\2022\Community\MSBuild\Microsoft\VC\v170\Microsoft.CppBuild.targets (316,5)
C:\Program Files\Microsoft Visual Studio\2022\Community\MSBuild\Microsoft\VC\v170\Microsoft.CppBuild.targets(646,5): message : プロパティの再代入: $(ComputeCompileInputsTargets)="
C:\Program Files\Microsoft Visual Studio\2022\Community\MSBuild\Microsoft\VC\v170\Microsoft.CppBuild.targets(646,5): message :       
C:\Program Files\Microsoft Visual Studio\2022\Community\MSBuild\Microsoft\VC\v170\Microsoft.CppBuild.targets(646,5): message :       ;
C:\Program Files\Microsoft Visual Studio\2022\Community\MSBuild\Microsoft\VC\v170\Microsoft.CppBuild.targets(646,5): message :       GenerateTargetFrameworkMonikerAttribute;
C:\Program Files\Microsoft Visual Studio\2022\Community\MSBuild\Microsoft\VC\v170\Microsoft.CppBuild.targets(646,5): message :     ;
C:\Program Files\Microsoft Visual Studio\2022\Community\MSBuild\Microsoft\VC\v170\Microsoft.CppBuild.targets(646,5): message :       ComputeMIDLGeneratedCompileInputs;
C:\Program Files\Microsoft Visual Studio\2022\Community\MSBuild\Microsoft\VC\v170\Microsoft.CppBuild.targets(646,5): message :     " (以前の値: "
C:\Program Files\Microsoft Visual Studio\2022\Community\MSBuild\Microsoft\VC\v170\Microsoft.CppBuild.targets(646,5): message :       ;
C:\Program Files\Microsoft Visual Studio\2022\Community\MSBuild\Microsoft\VC\v170\Microsoft.CppBuild.targets(646,5): message :       GenerateTargetFrameworkMonikerAttribute;
C:\Program Files\Microsoft Visual Studio\2022\Community\MSBuild\Microsoft\VC\v170\Microsoft.CppBuild.targets(646,5): message :     ") C:\Program Files\Microsoft Visual Studio\2022\Community\MSBuild\Microsoft\VC\v170\Microsoft.CppBuild.targets (646,5)
C:\Program Files\Microsoft Visual Studio\2022\Community\MSBuild\Microsoft\VC\v170\Microsoft.CppBuild.targets(962,5): message : プロパティの再代入: $(ComputeLinkInputsTargets)="
C:\Program Files\Microsoft Visual Studio\2022\Community\MSBuild\Microsoft\VC\v170\Microsoft.CppBuild.targets(962,5): message :       
C:\Program Files\Microsoft Visual Studio\2022\Community\MSBuild\Microsoft\VC\v170\Microsoft.CppBuild.targets(962,5): message :       ;
C:\Program Files\Microsoft Visual Studio\2022\Community\MSBuild\Microsoft\VC\v170\Microsoft.CppBuild.targets(962,5): message :       ComputeRCGeneratedLinkInputs;
C:\Program Files\Microsoft Visual Studio\2022\Community\MSBuild\Microsoft\VC\v170\Microsoft.CppBuild.targets(962,5): message :     ;
C:\Program Files\Microsoft Visual Studio\2022\Community\MSBuild\Microsoft\VC\v170\Microsoft.CppBuild.targets(962,5): message :       ComputeManifestGeneratedLinkerInputs;
C:\Program Files\Microsoft Visual Studio\2022\Community\MSBuild\Microsoft\VC\v170\Microsoft.CppBuild.targets(962,5): message :     " (以前の値: "
C:\Program Files\Microsoft Visual Studio\2022\Community\MSBuild\Microsoft\VC\v170\Microsoft.CppBuild.targets(962,5): message :       ;
C:\Program Files\Microsoft Visual Studio\2022\Community\MSBuild\Microsoft\VC\v170\Microsoft.CppBuild.targets(962,5): message :       ComputeRCGeneratedLinkInputs;
C:\Program Files\Microsoft Visual Studio\2022\Community\MSBuild\Microsoft\VC\v170\Microsoft.CppBuild.targets(962,5): message :     ") C:\Program Files\Microsoft Visual Studio\2022\Community\MSBuild\Microsoft\VC\v170\Microsoft.CppBuild.targets (962,5)
C:\Program Files\Microsoft Visual Studio\2022\Community\MSBuild\Microsoft\VC\v170\Microsoft.CppBuild.targets(1159,5): message : プロパティの再代入: $(ComputeCompileInputsTargets)="
C:\Program Files\Microsoft Visual Studio\2022\Community\MSBuild\Microsoft\VC\v170\Microsoft.CppBuild.targets(1159,5): message :       
C:\Program Files\Microsoft Visual Studio\2022\Community\MSBuild\Microsoft\VC\v170\Microsoft.CppBuild.targets(1159,5): message :       
C:\Program Files\Microsoft Visual Studio\2022\Community\MSBuild\Microsoft\VC\v170\Microsoft.CppBuild.targets(1159,5): message :       ;
C:\Program Files\Microsoft Visual Studio\2022\Community\MSBuild\Microsoft\VC\v170\Microsoft.CppBuild.targets(1159,5): message :       GenerateTargetFrameworkMonikerAttribute;
C:\Program Files\Microsoft Visual Studio\2022\Community\MSBuild\Microsoft\VC\v170\Microsoft.CppBuild.targets(1159,5): message :     ;
C:\Program Files\Microsoft Visual Studio\2022\Community\MSBuild\Microsoft\VC\v170\Microsoft.CppBuild.targets(1159,5): message :       ComputeMIDLGeneratedCompileInputs;
C:\Program Files\Microsoft Visual Studio\2022\Community\MSBuild\Microsoft\VC\v170\Microsoft.CppBuild.targets(1159,5): message :     ;
C:\Program Files\Microsoft Visual Studio\2022\Community\MSBuild\Microsoft\VC\v170\Microsoft.CppBuild.targets(1159,5): message :       ComputeCLInputPDBName;
C:\Program Files\Microsoft Visual Studio\2022\Community\MSBuild\Microsoft\VC\v170\Microsoft.CppBuild.targets(1159,5): message :       ComputeReferenceCLInput;
C:\Program Files\Microsoft Visual Studio\2022\Community\MSBuild\Microsoft\VC\v170\Microsoft.CppBuild.targets(1159,5): message :       WarnCompileDuplicatedFilename
C:\Program Files\Microsoft Visual Studio\2022\Community\MSBuild\Microsoft\VC\v170\Microsoft.CppBuild.targets(1159,5): message :     " (以前の値: "
C:\Program Files\Microsoft Visual Studio\2022\Community\MSBuild\Microsoft\VC\v170\Microsoft.CppBuild.targets(1159,5): message :       
C:\Program Files\Microsoft Visual Studio\2022\Community\MSBuild\Microsoft\VC\v170\Microsoft.CppBuild.targets(1159,5): message :       ;
C:\Program Files\Microsoft Visual Studio\2022\Community\MSBuild\Microsoft\VC\v170\Microsoft.CppBuild.targets(1159,5): message :       GenerateTargetFrameworkMonikerAttribute;
C:\Program Files\Microsoft Visual Studio\2022\Community\MSBuild\Microsoft\VC\v170\Microsoft.CppBuild.targets(1159,5): message :     ;
C:\Program Files\Microsoft Visual Studio\2022\Community\MSBuild\Microsoft\VC\v170\Microsoft.CppBuild.targets(1159,5): message :       ComputeMIDLGeneratedCompileInputs;
C:\Program Files\Microsoft Visual Studio\2022\Community\MSBuild\Microsoft\VC\v170\Microsoft.CppBuild.targets(1159,5): message :     ") C:\Program Files\Microsoft Visual Studio\2022\Community\MSBuild\Microsoft\VC\v170\Microsoft.CppBuild.targets (1159,5)
C:\Program Files\Microsoft Visual Studio\2022\Community\MSBuild\Microsoft\VC\v170\Microsoft.CppBuild.targets(1211,5): message : プロパティの再代入: $(ComputeLinkInputsTargets)="
C:\Program Files\Microsoft Visual Studio\2022\Community\MSBuild\Microsoft\VC\v170\Microsoft.CppBuild.targets(1211,5): message :       
C:\Program Files\Microsoft Visual Studio\2022\Community\MSBuild\Microsoft\VC\v170\Microsoft.CppBuild.targets(1211,5): message :       
C:\Program Files\Microsoft Visual Studio\2022\Community\MSBuild\Microsoft\VC\v170\Microsoft.CppBuild.targets(1211,5): message :       ;
C:\Program Files\Microsoft Visual Studio\2022\Community\MSBuild\Microsoft\VC\v170\Microsoft.CppBuild.targets(1211,5): message :       ComputeRCGeneratedLinkInputs;
C:\Program Files\Microsoft Visual Studio\2022\Community\MSBuild\Microsoft\VC\v170\Microsoft.CppBuild.targets(1211,5): message :     ;
C:\Program Files\Microsoft Visual Studio\2022\Community\MSBuild\Microsoft\VC\v170\Microsoft.CppBuild.targets(1211,5): message :       ComputeManifestGeneratedLinkerInputs;
C:\Program Files\Microsoft Visual Studio\2022\Community\MSBuild\Microsoft\VC\v170\Microsoft.CppBuild.targets(1211,5): message :     ;
C:\Program Files\Microsoft Visual Studio\2022\Community\MSBuild\Microsoft\VC\v170\Microsoft.CppBuild.targets(1211,5): message :       ComputeCustomBuildOutput;
C:\Program Files\Microsoft Visual Studio\2022\Community\MSBuild\Microsoft\VC\v170\Microsoft.CppBuild.targets(1211,5): message :     " (以前の値: "
C:\Program Files\Microsoft Visual Studio\2022\Community\MSBuild\Microsoft\VC\v170\Microsoft.CppBuild.targets(1211,5): message :       
C:\Program Files\Microsoft Visual Studio\2022\Community\MSBuild\Microsoft\VC\v170\Microsoft.CppBuild.targets(1211,5): message :       ;
C:\Program Files\Microsoft Visual Studio\2022\Community\MSBuild\Microsoft\VC\v170\Microsoft.CppBuild.targets(1211,5): message :       ComputeRCGeneratedLinkInputs;
C:\Program Files\Microsoft Visual Studio\2022\Community\MSBuild\Microsoft\VC\v170\Microsoft.CppBuild.targets(1211,5): message :     ;
C:\Program Files\Microsoft Visual Studio\2022\Community\MSBuild\Microsoft\VC\v170\Microsoft.CppBuild.targets(1211,5): message :       ComputeManifestGeneratedLinkerInputs;
C:\Program Files\Microsoft Visual Studio\2022\Community\MSBuild\Microsoft\VC\v170\Microsoft.CppBuild.targets(1211,5): message :     ") C:\Program Files\Microsoft Visual Studio\2022\Community\MSBuild\Microsoft\VC\v170\Microsoft.CppBuild.targets (1211,5)
C:\Program Files\Microsoft Visual Studio\2022\Community\MSBuild\Microsoft\VC\v170\Microsoft.CppBuild.targets(1218,5): message : プロパティの再代入: $(ComputeLibInputsTargets)="
C:\Program Files\Microsoft Visual Studio\2022\Community\MSBuild\Microsoft\VC\v170\Microsoft.CppBuild.targets(1218,5): message :       
C:\Program Files\Microsoft Visual Studio\2022\Community\MSBuild\Microsoft\VC\v170\Microsoft.CppBuild.targets(1218,5): message :       ;
C:\Program Files\Microsoft Visual Studio\2022\Community\MSBuild\Microsoft\VC\v170\Microsoft.CppBuild.targets(1218,5): message :       ComputeRCGeneratedLibInputs;
C:\Program Files\Microsoft Visual Studio\2022\Community\MSBuild\Microsoft\VC\v170\Microsoft.CppBuild.targets(1218,5): message :     ;
C:\Program Files\Microsoft Visual Studio\2022\Community\MSBuild\Microsoft\VC\v170\Microsoft.CppBuild.targets(1218,5): message :       ComputeCustomBuildOutput;
C:\Program Files\Microsoft Visual Studio\2022\Community\MSBuild\Microsoft\VC\v170\Microsoft.CppBuild.targets(1218,5): message :     " (以前の値: "
C:\Program Files\Microsoft Visual Studio\2022\Community\MSBuild\Microsoft\VC\v170\Microsoft.CppBuild.targets(1218,5): message :       ;
C:\Program Files\Microsoft Visual Studio\2022\Community\MSBuild\Microsoft\VC\v170\Microsoft.CppBuild.targets(1218,5): message :       ComputeRCGeneratedLibInputs;
C:\Program Files\Microsoft Visual Studio\2022\Community\MSBuild\Microsoft\VC\v170\Microsoft.CppBuild.targets(1218,5): message :     ") C:\Program Files\Microsoft Visual Studio\2022\Community\MSBuild\Microsoft\VC\v170\Microsoft.CppBuild.targets (1218,5)
C:\Program Files\Microsoft Visual Studio\2022\Community\MSBuild\Microsoft\VC\v170\Microsoft.CppBuild.targets(1225,5): message : プロパティの再代入: $(ComputeImpLibInputsTargets)="
C:\Program Files\Microsoft Visual Studio\2022\Community\MSBuild\Microsoft\VC\v170\Microsoft.CppBuild.targets(1225,5): message :       
C:\Program Files\Microsoft Visual Studio\2022\Community\MSBuild\Microsoft\VC\v170\Microsoft.CppBuild.targets(1225,5): message :       
C:\Program Files\Microsoft Visual Studio\2022\Community\MSBuild\Microsoft\VC\v170\Microsoft.CppBuild.targets(1225,5): message :       ;
C:\Program Files\Microsoft Visual Studio\2022\Community\MSBuild\Microsoft\VC\v170\Microsoft.CppBuild.targets(1225,5): message :       ComputeRCGeneratedLibInputs;
C:\Program Files\Microsoft Visual Studio\2022\Community\MSBuild\Microsoft\VC\v170\Microsoft.CppBuild.targets(1225,5): message :     ;
C:\Program Files\Microsoft Visual Studio\2022\Community\MSBuild\Microsoft\VC\v170\Microsoft.CppBuild.targets(1225,5): message :       ComputeRCGeneratedImpLibInputs;
C:\Program Files\Microsoft Visual Studio\2022\Community\MSBuild\Microsoft\VC\v170\Microsoft.CppBuild.targets(1225,5): message :     ;
C:\Program Files\Microsoft Visual Studio\2022\Community\MSBuild\Microsoft\VC\v170\Microsoft.CppBuild.targets(1225,5): message :       ComputeCustomBuildOutput;
C:\Program Files\Microsoft Visual Studio\2022\Community\MSBuild\Microsoft\VC\v170\Microsoft.CppBuild.targets(1225,5): message :     " (以前の値: "
C:\Program Files\Microsoft Visual Studio\2022\Community\MSBuild\Microsoft\VC\v170\Microsoft.CppBuild.targets(1225,5): message :       
C:\Program Files\Microsoft Visual Studio\2022\Community\MSBuild\Microsoft\VC\v170\Microsoft.CppBuild.targets(1225,5): message :       ;
C:\Program Files\Microsoft Visual Studio\2022\Community\MSBuild\Microsoft\VC\v170\Microsoft.CppBuild.targets(1225,5): message :       ComputeRCGeneratedLibInputs;
C:\Program Files\Microsoft Visual Studio\2022\Community\MSBuild\Microsoft\VC\v170\Microsoft.CppBuild.targets(1225,5): message :     ;
C:\Program Files\Microsoft Visual Studio\2022\Community\MSBuild\Microsoft\VC\v170\Microsoft.CppBuild.targets(1225,5): message :       ComputeRCGeneratedImpLibInputs;
C:\Program Files\Microsoft Visual Studio\2022\Community\MSBuild\Microsoft\VC\v170\Microsoft.CppBuild.targets(1225,5): message :     ") C:\Program Files\Microsoft Visual Studio\2022\Community\MSBuild\Microsoft\VC\v170\Microsoft.CppBuild.targets (1225,5)
C:\Program Files\Microsoft Visual Studio\2022\Community\MSBuild\Microsoft\VC\v170\Microsoft.CppBuild.targets(1286,5): message : プロパティの再代入: $(ComputeLinkInputsTargets)="
C:\Program Files\Microsoft Visual Studio\2022\Community\MSBuild\Microsoft\VC\v170\Microsoft.CppBuild.targets(1286,5): message :       
C:\Program Files\Microsoft Visual Studio\2022\Community\MSBuild\Microsoft\VC\v170\Microsoft.CppBuild.targets(1286,5): message :       
C:\Program Files\Microsoft Visual Studio\2022\Community\MSBuild\Microsoft\VC\v170\Microsoft.CppBuild.targets(1286,5): message :       
C:\Program Files\Microsoft Visual Studio\2022\Community\MSBuild\Microsoft\VC\v170\Microsoft.CppBuild.targets(1286,5): message :       ;
C:\Program Files\Microsoft Visual Studio\2022\Community\MSBuild\Microsoft\VC\v170\Microsoft.CppBuild.targets(1286,5): message :       ComputeRCGeneratedLinkInputs;
C:\Program Files\Microsoft Visual Studio\2022\Community\MSBuild\Microsoft\VC\v170\Microsoft.CppBuild.targets(1286,5): message :     ;
C:\Program Files\Microsoft Visual Studio\2022\Community\MSBuild\Microsoft\VC\v170\Microsoft.CppBuild.targets(1286,5): message :       ComputeManifestGeneratedLinkerInputs;
C:\Program Files\Microsoft Visual Studio\2022\Community\MSBuild\Microsoft\VC\v170\Microsoft.CppBuild.targets(1286,5): message :     ;
C:\Program Files\Microsoft Visual Studio\2022\Community\MSBuild\Microsoft\VC\v170\Microsoft.CppBuild.targets(1286,5): message :       ComputeCustomBuildOutput;
C:\Program Files\Microsoft Visual Studio\2022\Community\MSBuild\Microsoft\VC\v170\Microsoft.CppBuild.targets(1286,5): message :     ;
C:\Program Files\Microsoft Visual Studio\2022\Community\MSBuild\Microsoft\VC\v170\Microsoft.CppBuild.targets(1286,5): message :       ComputeCLGeneratedLinkInputs;
C:\Program Files\Microsoft Visual Studio\2022\Community\MSBuild\Microsoft\VC\v170\Microsoft.CppBuild.targets(1286,5): message :     " (以前の値: "
C:\Program Files\Microsoft Visual Studio\2022\Community\MSBuild\Microsoft\VC\v170\Microsoft.CppBuild.targets(1286,5): message :       
C:\Program Files\Microsoft Visual Studio\2022\Community\MSBuild\Microsoft\VC\v170\Microsoft.CppBuild.targets(1286,5): message :       
C:\Program Files\Microsoft Visual Studio\2022\Community\MSBuild\Microsoft\VC\v170\Microsoft.CppBuild.targets(1286,5): message :       ;
C:\Program Files\Microsoft Visual Studio\2022\Community\MSBuild\Microsoft\VC\v170\Microsoft.CppBuild.targets(1286,5): message :       ComputeRCGeneratedLinkInputs;
C:\Program Files\Microsoft Visual Studio\2022\Community\MSBuild\Microsoft\VC\v170\Microsoft.CppBuild.targets(1286,5): message :     ;
C:\Program Files\Microsoft Visual Studio\2022\Community\MSBuild\Microsoft\VC\v170\Microsoft.CppBuild.targets(1286,5): message :       ComputeManifestGeneratedLinkerInputs;
C:\Program Files\Microsoft Visual Studio\2022\Community\MSBuild\Microsoft\VC\v170\Microsoft.CppBuild.targets(1286,5): message :     ;
C:\Program Files\Microsoft Visual Studio\2022\Community\MSBuild\Microsoft\VC\v170\Microsoft.CppBuild.targets(1286,5): message :       ComputeCustomBuildOutput;
C:\Program Files\Microsoft Visual Studio\2022\Community\MSBuild\Microsoft\VC\v170\Microsoft.CppBuild.targets(1286,5): message :     ") C:\Program Files\Microsoft Visual Studio\2022\Community\MSBuild\Microsoft\VC\v170\Microsoft.CppBuild.targets (1286,5)
C:\Program Files\Microsoft Visual Studio\2022\Community\MSBuild\Microsoft\VC\v170\Microsoft.CppBuild.targets(1301,5): message : プロパティの再代入: $(ComputeLibInputsTargets)="
C:\Program Files\Microsoft Visual Studio\2022\Community\MSBuild\Microsoft\VC\v170\Microsoft.CppBuild.targets(1301,5): message :       
C:\Program Files\Microsoft Visual Studio\2022\Community\MSBuild\Microsoft\VC\v170\Microsoft.CppBuild.targets(1301,5): message :       
C:\Program Files\Microsoft Visual Studio\2022\Community\MSBuild\Microsoft\VC\v170\Microsoft.CppBuild.targets(1301,5): message :       ;
C:\Program Files\Microsoft Visual Studio\2022\Community\MSBuild\Microsoft\VC\v170\Microsoft.CppBuild.targets(1301,5): message :       ComputeRCGeneratedLibInputs;
C:\Program Files\Microsoft Visual Studio\2022\Community\MSBuild\Microsoft\VC\v170\Microsoft.CppBuild.targets(1301,5): message :     ;
C:\Program Files\Microsoft Visual Studio\2022\Community\MSBuild\Microsoft\VC\v170\Microsoft.CppBuild.targets(1301,5): message :       ComputeCustomBuildOutput;
C:\Program Files\Microsoft Visual Studio\2022\Community\MSBuild\Microsoft\VC\v170\Microsoft.CppBuild.targets(1301,5): message :     ;
C:\Program Files\Microsoft Visual Studio\2022\Community\MSBuild\Microsoft\VC\v170\Microsoft.CppBuild.targets(1301,5): message :       ComputeCLGeneratedLibInputs;
C:\Program Files\Microsoft Visual Studio\2022\Community\MSBuild\Microsoft\VC\v170\Microsoft.CppBuild.targets(1301,5): message :     " (以前の値: "
C:\Program Files\Microsoft Visual Studio\2022\Community\MSBuild\Microsoft\VC\v170\Microsoft.CppBuild.targets(1301,5): message :       
C:\Program Files\Microsoft Visual Studio\2022\Community\MSBuild\Microsoft\VC\v170\Microsoft.CppBuild.targets(1301,5): message :       ;
C:\Program Files\Microsoft Visual Studio\2022\Community\MSBuild\Microsoft\VC\v170\Microsoft.CppBuild.targets(1301,5): message :       ComputeRCGeneratedLibInputs;
C:\Program Files\Microsoft Visual Studio\2022\Community\MSBuild\Microsoft\VC\v170\Microsoft.CppBuild.targets(1301,5): message :     ;
C:\Program Files\Microsoft Visual Studio\2022\Community\MSBuild\Microsoft\VC\v170\Microsoft.CppBuild.targets(1301,5): message :       ComputeCustomBuildOutput;
C:\Program Files\Microsoft Visual Studio\2022\Community\MSBuild\Microsoft\VC\v170\Microsoft.CppBuild.targets(1301,5): message :     ") C:\Program Files\Microsoft Visual Studio\2022\Community\MSBuild\Microsoft\VC\v170\Microsoft.CppBuild.targets (1301,5)
C:\Program Files\Microsoft Visual Studio\2022\Community\MSBuild\Microsoft\VC\v170\Microsoft.CppBuild.targets(1316,5): message : プロパティの再代入: $(ComputeImpLibInputsTargets)="
C:\Program Files\Microsoft Visual Studio\2022\Community\MSBuild\Microsoft\VC\v170\Microsoft.CppBuild.targets(1316,5): message :       
C:\Program Files\Microsoft Visual Studio\2022\Community\MSBuild\Microsoft\VC\v170\Microsoft.CppBuild.targets(1316,5): message :       
C:\Program Files\Microsoft Visual Studio\2022\Community\MSBuild\Microsoft\VC\v170\Microsoft.CppBuild.targets(1316,5): message :       
C:\Program Files\Microsoft Visual Studio\2022\Community\MSBuild\Microsoft\VC\v170\Microsoft.CppBuild.targets(1316,5): message :       ;
C:\Program Files\Microsoft Visual Studio\2022\Community\MSBuild\Microsoft\VC\v170\Microsoft.CppBuild.targets(1316,5): message :       ComputeRCGeneratedLibInputs;
C:\Program Files\Microsoft Visual Studio\2022\Community\MSBuild\Microsoft\VC\v170\Microsoft.CppBuild.targets(1316,5): message :     ;
C:\Program Files\Microsoft Visual Studio\2022\Community\MSBuild\Microsoft\VC\v170\Microsoft.CppBuild.targets(1316,5): message :       ComputeRCGeneratedImpLibInputs;
C:\Program Files\Microsoft Visual Studio\2022\Community\MSBuild\Microsoft\VC\v170\Microsoft.CppBuild.targets(1316,5): message :     ;
C:\Program Files\Microsoft Visual Studio\2022\Community\MSBuild\Microsoft\VC\v170\Microsoft.CppBuild.targets(1316,5): message :       ComputeCustomBuildOutput;
C:\Program Files\Microsoft Visual Studio\2022\Community\MSBuild\Microsoft\VC\v170\Microsoft.CppBuild.targets(1316,5): message :     ;
C:\Program Files\Microsoft Visual Studio\2022\Community\MSBuild\Microsoft\VC\v170\Microsoft.CppBuild.targets(1316,5): message :       ComputeCLGeneratedImpLibInputs;
C:\Program Files\Microsoft Visual Studio\2022\Community\MSBuild\Microsoft\VC\v170\Microsoft.CppBuild.targets(1316,5): message :     " (以前の値: "
C:\Program Files\Microsoft Visual Studio\2022\Community\MSBuild\Microsoft\VC\v170\Microsoft.CppBuild.targets(1316,5): message :       
C:\Program Files\Microsoft Visual Studio\2022\Community\MSBuild\Microsoft\VC\v170\Microsoft.CppBuild.targets(1316,5): message :       
C:\Program Files\Microsoft Visual Studio\2022\Community\MSBuild\Microsoft\VC\v170\Microsoft.CppBuild.targets(1316,5): message :       ;
C:\Program Files\Microsoft Visual Studio\2022\Community\MSBuild\Microsoft\VC\v170\Microsoft.CppBuild.targets(1316,5): message :       ComputeRCGeneratedLibInputs;
C:\Program Files\Microsoft Visual Studio\2022\Community\MSBuild\Microsoft\VC\v170\Microsoft.CppBuild.targets(1316,5): message :     ;
C:\Program Files\Microsoft Visual Studio\2022\Community\MSBuild\Microsoft\VC\v170\Microsoft.CppBuild.targets(1316,5): message :       ComputeRCGeneratedImpLibInputs;
C:\Program Files\Microsoft Visual Studio\2022\Community\MSBuild\Microsoft\VC\v170\Microsoft.CppBuild.targets(1316,5): message :     ;
C:\Program Files\Microsoft Visual Studio\2022\Community\MSBuild\Microsoft\VC\v170\Microsoft.CppBuild.targets(1316,5): message :       ComputeCustomBuildOutput;
C:\Program Files\Microsoft Visual Studio\2022\Community\MSBuild\Microsoft\VC\v170\Microsoft.CppBuild.targets(1316,5): message :     ") C:\Program Files\Microsoft Visual Studio\2022\Community\MSBuild\Microsoft\VC\v170\Microsoft.CppBuild.targets (1316,5)
C:\Program Files\Microsoft Visual Studio\2022\Community\MSBuild\Microsoft\VC\v170\Microsoft.CppBuild.targets(1347,5): message : プロパティの再代入: $(ComputeLinkInputsTargets)="
C:\Program Files\Microsoft Visual Studio\2022\Community\MSBuild\Microsoft\VC\v170\Microsoft.CppBuild.targets(1347,5): message :       
C:\Program Files\Microsoft Visual Studio\2022\Community\MSBuild\Microsoft\VC\v170\Microsoft.CppBuild.targets(1347,5): message :       
C:\Program Files\Microsoft Visual Studio\2022\Community\MSBuild\Microsoft\VC\v170\Microsoft.CppBuild.targets(1347,5): message :       
C:\Program Files\Microsoft Visual Studio\2022\Community\MSBuild\Microsoft\VC\v170\Microsoft.CppBuild.targets(1347,5): message :       
C:\Program Files\Microsoft Visual Studio\2022\Community\MSBuild\Microsoft\VC\v170\Microsoft.CppBuild.targets(1347,5): message :       ;
C:\Program Files\Microsoft Visual Studio\2022\Community\MSBuild\Microsoft\VC\v170\Microsoft.CppBuild.targets(1347,5): message :       ComputeRCGeneratedLinkInputs;
C:\Program Files\Microsoft Visual Studio\2022\Community\MSBuild\Microsoft\VC\v170\Microsoft.CppBuild.targets(1347,5): message :     ;
C:\Program Files\Microsoft Visual Studio\2022\Community\MSBuild\Microsoft\VC\v170\Microsoft.CppBuild.targets(1347,5): message :       ComputeManifestGeneratedLinkerInputs;
C:\Program Files\Microsoft Visual Studio\2022\Community\MSBuild\Microsoft\VC\v170\Microsoft.CppBuild.targets(1347,5): message :     ;
C:\Program Files\Microsoft Visual Studio\2022\Community\MSBuild\Microsoft\VC\v170\Microsoft.CppBuild.targets(1347,5): message :       ComputeCustomBuildOutput;
C:\Program Files\Microsoft Visual Studio\2022\Community\MSBuild\Microsoft\VC\v170\Microsoft.CppBuild.targets(1347,5): message :     ;
C:\Program Files\Microsoft Visual Studio\2022\Community\MSBuild\Microsoft\VC\v170\Microsoft.CppBuild.targets(1347,5): message :       ComputeCLGeneratedLinkInputs;
C:\Program Files\Microsoft Visual Studio\2022\Community\MSBuild\Microsoft\VC\v170\Microsoft.CppBuild.targets(1347,5): message :     ;
C:\Program Files\Microsoft Visual Studio\2022\Community\MSBuild\Microsoft\VC\v170\Microsoft.CppBuild.targets(1347,5): message :       ComputeLinkInputsFromProject;
C:\Program Files\Microsoft Visual Studio\2022\Community\MSBuild\Microsoft\VC\v170\Microsoft.CppBuild.targets(1347,5): message :     " (以前の値: "
C:\Program Files\Microsoft Visual Studio\2022\Community\MSBuild\Microsoft\VC\v170\Microsoft.CppBuild.targets(1347,5): message :       
C:\Program Files\Microsoft Visual Studio\2022\Community\MSBuild\Microsoft\VC\v170\Microsoft.CppBuild.targets(1347,5): message :       
C:\Program Files\Microsoft Visual Studio\2022\Community\MSBuild\Microsoft\VC\v170\Microsoft.CppBuild.targets(1347,5): message :       
C:\Program Files\Microsoft Visual Studio\2022\Community\MSBuild\Microsoft\VC\v170\Microsoft.CppBuild.targets(1347,5): message :       ;
C:\Program Files\Microsoft Visual Studio\2022\Community\MSBuild\Microsoft\VC\v170\Microsoft.CppBuild.targets(1347,5): message :       ComputeRCGeneratedLinkInputs;
C:\Program Files\Microsoft Visual Studio\2022\Community\MSBuild\Microsoft\VC\v170\Microsoft.CppBuild.targets(1347,5): message :     ;
C:\Program Files\Microsoft Visual Studio\2022\Community\MSBuild\Microsoft\VC\v170\Microsoft.CppBuild.targets(1347,5): message :       ComputeManifestGeneratedLinkerInputs;
C:\Program Files\Microsoft Visual Studio\2022\Community\MSBuild\Microsoft\VC\v170\Microsoft.CppBuild.targets(1347,5): message :     ;
C:\Program Files\Microsoft Visual Studio\2022\Community\MSBuild\Microsoft\VC\v170\Microsoft.CppBuild.targets(1347,5): message :       ComputeCustomBuildOutput;
C:\Program Files\Microsoft Visual Studio\2022\Community\MSBuild\Microsoft\VC\v170\Microsoft.CppBuild.targets(1347,5): message :     ;
C:\Program Files\Microsoft Visual Studio\2022\Community\MSBuild\Microsoft\VC\v170\Microsoft.CppBuild.targets(1347,5): message :       ComputeCLGeneratedLinkInputs;
C:\Program Files\Microsoft Visual Studio\2022\Community\MSBuild\Microsoft\VC\v170\Microsoft.CppBuild.targets(1347,5): message :     ") C:\Program Files\Microsoft Visual Studio\2022\Community\MSBuild\Microsoft\VC\v170\Microsoft.CppBuild.targets (1347,5)
C:\Program Files\Microsoft Visual Studio\2022\Community\MSBuild\Microsoft\VC\v170\Microsoft.CppBuild.targets(1365,5): message : プロパティの再代入: $(ComputeLibInputsTargets)="
C:\Program Files\Microsoft Visual Studio\2022\Community\MSBuild\Microsoft\VC\v170\Microsoft.CppBuild.targets(1365,5): message :       
C:\Program Files\Microsoft Visual Studio\2022\Community\MSBuild\Microsoft\VC\v170\Microsoft.CppBuild.targets(1365,5): message :       
C:\Program Files\Microsoft Visual Studio\2022\Community\MSBuild\Microsoft\VC\v170\Microsoft.CppBuild.targets(1365,5): message :       
C:\Program Files\Microsoft Visual Studio\2022\Community\MSBuild\Microsoft\VC\v170\Microsoft.CppBuild.targets(1365,5): message :       ;
C:\Program Files\Microsoft Visual Studio\2022\Community\MSBuild\Microsoft\VC\v170\Microsoft.CppBuild.targets(1365,5): message :       ComputeRCGeneratedLibInputs;
C:\Program Files\Microsoft Visual Studio\2022\Community\MSBuild\Microsoft\VC\v170\Microsoft.CppBuild.targets(1365,5): message :     ;
C:\Program Files\Microsoft Visual Studio\2022\Community\MSBuild\Microsoft\VC\v170\Microsoft.CppBuild.targets(1365,5): message :       ComputeCustomBuildOutput;
C:\Program Files\Microsoft Visual Studio\2022\Community\MSBuild\Microsoft\VC\v170\Microsoft.CppBuild.targets(1365,5): message :     ;
C:\Program Files\Microsoft Visual Studio\2022\Community\MSBuild\Microsoft\VC\v170\Microsoft.CppBuild.targets(1365,5): message :       ComputeCLGeneratedLibInputs;
C:\Program Files\Microsoft Visual Studio\2022\Community\MSBuild\Microsoft\VC\v170\Microsoft.CppBuild.targets(1365,5): message :     ;
C:\Program Files\Microsoft Visual Studio\2022\Community\MSBuild\Microsoft\VC\v170\Microsoft.CppBuild.targets(1365,5): message :       ComputeLibInputsFromProject;
C:\Program Files\Microsoft Visual Studio\2022\Community\MSBuild\Microsoft\VC\v170\Microsoft.CppBuild.targets(1365,5): message :     " (以前の値: "
C:\Program Files\Microsoft Visual Studio\2022\Community\MSBuild\Microsoft\VC\v170\Microsoft.CppBuild.targets(1365,5): message :       
C:\Program Files\Microsoft Visual Studio\2022\Community\MSBuild\Microsoft\VC\v170\Microsoft.CppBuild.targets(1365,5): message :       
C:\Program Files\Microsoft Visual Studio\2022\Community\MSBuild\Microsoft\VC\v170\Microsoft.CppBuild.targets(1365,5): message :       ;
C:\Program Files\Microsoft Visual Studio\2022\Community\MSBuild\Microsoft\VC\v170\Microsoft.CppBuild.targets(1365,5): message :       ComputeRCGeneratedLibInputs;
C:\Program Files\Microsoft Visual Studio\2022\Community\MSBuild\Microsoft\VC\v170\Microsoft.CppBuild.targets(1365,5): message :     ;
C:\Program Files\Microsoft Visual Studio\2022\Community\MSBuild\Microsoft\VC\v170\Microsoft.CppBuild.targets(1365,5): message :       ComputeCustomBuildOutput;
C:\Program Files\Microsoft Visual Studio\2022\Community\MSBuild\Microsoft\VC\v170\Microsoft.CppBuild.targets(1365,5): message :     ;
C:\Program Files\Microsoft Visual Studio\2022\Community\MSBuild\Microsoft\VC\v170\Microsoft.CppBuild.targets(1365,5): message :       ComputeCLGeneratedLibInputs;
C:\Program Files\Microsoft Visual Studio\2022\Community\MSBuild\Microsoft\VC\v170\Microsoft.CppBuild.targets(1365,5): message :     ") C:\Program Files\Microsoft Visual Studio\2022\Community\MSBuild\Microsoft\VC\v170\Microsoft.CppBuild.targets (1365,5)
C:\Program Files\Microsoft Visual Studio\2022\Community\MSBuild\Microsoft\VC\v170\Microsoft.CppBuild.targets(1383,5): message : プロパティの再代入: $(ComputeImpLibInputsTargets)="
C:\Program Files\Microsoft Visual Studio\2022\Community\MSBuild\Microsoft\VC\v170\Microsoft.CppBuild.targets(1383,5): message :       
C:\Program Files\Microsoft Visual Studio\2022\Community\MSBuild\Microsoft\VC\v170\Microsoft.CppBuild.targets(1383,5): message :       
C:\Program Files\Microsoft Visual Studio\2022\Community\MSBuild\Microsoft\VC\v170\Microsoft.CppBuild.targets(1383,5): message :       
C:\Program Files\Microsoft Visual Studio\2022\Community\MSBuild\Microsoft\VC\v170\Microsoft.CppBuild.targets(1383,5): message :       
C:\Program Files\Microsoft Visual Studio\2022\Community\MSBuild\Microsoft\VC\v170\Microsoft.CppBuild.targets(1383,5): message :       ;
C:\Program Files\Microsoft Visual Studio\2022\Community\MSBuild\Microsoft\VC\v170\Microsoft.CppBuild.targets(1383,5): message :       ComputeRCGeneratedLibInputs;
C:\Program Files\Microsoft Visual Studio\2022\Community\MSBuild\Microsoft\VC\v170\Microsoft.CppBuild.targets(1383,5): message :     ;
C:\Program Files\Microsoft Visual Studio\2022\Community\MSBuild\Microsoft\VC\v170\Microsoft.CppBuild.targets(1383,5): message :       ComputeRCGeneratedImpLibInputs;
C:\Program Files\Microsoft Visual Studio\2022\Community\MSBuild\Microsoft\VC\v170\Microsoft.CppBuild.targets(1383,5): message :     ;
C:\Program Files\Microsoft Visual Studio\2022\Community\MSBuild\Microsoft\VC\v170\Microsoft.CppBuild.targets(1383,5): message :       ComputeCustomBuildOutput;
C:\Program Files\Microsoft Visual Studio\2022\Community\MSBuild\Microsoft\VC\v170\Microsoft.CppBuild.targets(1383,5): message :     ;
C:\Program Files\Microsoft Visual Studio\2022\Community\MSBuild\Microsoft\VC\v170\Microsoft.CppBuild.targets(1383,5): message :       ComputeCLGeneratedImpLibInputs;
C:\Program Files\Microsoft Visual Studio\2022\Community\MSBuild\Microsoft\VC\v170\Microsoft.CppBuild.targets(1383,5): message :     ;
C:\Program Files\Microsoft Visual Studio\2022\Community\MSBuild\Microsoft\VC\v170\Microsoft.CppBuild.targets(1383,5): message :       ComputeImpLibInputsFromProject;
C:\Program Files\Microsoft Visual Studio\2022\Community\MSBuild\Microsoft\VC\v170\Microsoft.CppBuild.targets(1383,5): message :     " (以前の値: "
C:\Program Files\Microsoft Visual Studio\2022\Community\MSBuild\Microsoft\VC\v170\Microsoft.CppBuild.targets(1383,5): message :       
C:\Program Files\Microsoft Visual Studio\2022\Community\MSBuild\Microsoft\VC\v170\Microsoft.CppBuild.targets(1383,5): message :       
C:\Program Files\Microsoft Visual Studio\2022\Community\MSBuild\Microsoft\VC\v170\Microsoft.CppBuild.targets(1383,5): message :       
C:\Program Files\Microsoft Visual Studio\2022\Community\MSBuild\Microsoft\VC\v170\Microsoft.CppBuild.targets(1383,5): message :       ;
C:\Program Files\Microsoft Visual Studio\2022\Community\MSBuild\Microsoft\VC\v170\Microsoft.CppBuild.targets(1383,5): message :       ComputeRCGeneratedLibInputs;
C:\Program Files\Microsoft Visual Studio\2022\Community\MSBuild\Microsoft\VC\v170\Microsoft.CppBuild.targets(1383,5): message :     ;
C:\Program Files\Microsoft Visual Studio\2022\Community\MSBuild\Microsoft\VC\v170\Microsoft.CppBuild.targets(1383,5): message :       ComputeRCGeneratedImpLibInputs;
C:\Program Files\Microsoft Visual Studio\2022\Community\MSBuild\Microsoft\VC\v170\Microsoft.CppBuild.targets(1383,5): message :     ;
C:\Program Files\Microsoft Visual Studio\2022\Community\MSBuild\Microsoft\VC\v170\Microsoft.CppBuild.targets(1383,5): message :       ComputeCustomBuildOutput;
C:\Program Files\Microsoft Visual Studio\2022\Community\MSBuild\Microsoft\VC\v170\Microsoft.CppBuild.targets(1383,5): message :     ;
C:\Program Files\Microsoft Visual Studio\2022\Community\MSBuild\Microsoft\VC\v170\Microsoft.CppBuild.targets(1383,5): message :       ComputeCLGeneratedImpLibInputs;
C:\Program Files\Microsoft Visual Studio\2022\Community\MSBuild\Microsoft\VC\v170\Microsoft.CppBuild.targets(1383,5): message :     ") C:\Program Files\Microsoft Visual Studio\2022\Community\MSBuild\Microsoft\VC\v170\Microsoft.CppBuild.targets (1383,5)
C:\Program Files\Microsoft Visual Studio\2022\Community\MSBuild\Microsoft\VC\v170\Microsoft.CppBuild.targets(1507,5): message : プロパティの再代入: $(ComputeLinkInputsTargets)="
C:\Program Files\Microsoft Visual Studio\2022\Community\MSBuild\Microsoft\VC\v170\Microsoft.CppBuild.targets(1507,5): message :       
C:\Program Files\Microsoft Visual Studio\2022\Community\MSBuild\Microsoft\VC\v170\Microsoft.CppBuild.targets(1507,5): message :       
C:\Program Files\Microsoft Visual Studio\2022\Community\MSBuild\Microsoft\VC\v170\Microsoft.CppBuild.targets(1507,5): message :       
C:\Program Files\Microsoft Visual Studio\2022\Community\MSBuild\Microsoft\VC\v170\Microsoft.CppBuild.targets(1507,5): message :       
C:\Program Files\Microsoft Visual Studio\2022\Community\MSBuild\Microsoft\VC\v170\Microsoft.CppBuild.targets(1507,5): message :       
C:\Program Files\Microsoft Visual Studio\2022\Community\MSBuild\Microsoft\VC\v170\Microsoft.CppBuild.targets(1507,5): message :       ;
C:\Program Files\Microsoft Visual Studio\2022\Community\MSBuild\Microsoft\VC\v170\Microsoft.CppBuild.targets(1507,5): message :       ComputeRCGeneratedLinkInputs;
C:\Program Files\Microsoft Visual Studio\2022\Community\MSBuild\Microsoft\VC\v170\Microsoft.CppBuild.targets(1507,5): message :     ;
C:\Program Files\Microsoft Visual Studio\2022\Community\MSBuild\Microsoft\VC\v170\Microsoft.CppBuild.targets(1507,5): message :       ComputeManifestGeneratedLinkerInputs;
C:\Program Files\Microsoft Visual Studio\2022\Community\MSBuild\Microsoft\VC\v170\Microsoft.CppBuild.targets(1507,5): message :     ;
C:\Program Files\Microsoft Visual Studio\2022\Community\MSBuild\Microsoft\VC\v170\Microsoft.CppBuild.targets(1507,5): message :       ComputeCustomBuildOutput;
C:\Program Files\Microsoft Visual Studio\2022\Community\MSBuild\Microsoft\VC\v170\Microsoft.CppBuild.targets(1507,5): message :     ;
C:\Program Files\Microsoft Visual Studio\2022\Community\MSBuild\Microsoft\VC\v170\Microsoft.CppBuild.targets(1507,5): message :       ComputeCLGeneratedLinkInputs;
C:\Program Files\Microsoft Visual Studio\2022\Community\MSBuild\Microsoft\VC\v170\Microsoft.CppBuild.targets(1507,5): message :     ;
C:\Program Files\Microsoft Visual Studio\2022\Community\MSBuild\Microsoft\VC\v170\Microsoft.CppBuild.targets(1507,5): message :       ComputeLinkInputsFromProject;
C:\Program Files\Microsoft Visual Studio\2022\Community\MSBuild\Microsoft\VC\v170\Microsoft.CppBuild.targets(1507,5): message :     ;
C:\Program Files\Microsoft Visual Studio\2022\Community\MSBuild\Microsoft\VC\v170\Microsoft.CppBuild.targets(1507,5): message :       ComputeReferenceLinkInputs;
C:\Program Files\Microsoft Visual Studio\2022\Community\MSBuild\Microsoft\VC\v170\Microsoft.CppBuild.targets(1507,5): message :     " (以前の値: "
C:\Program Files\Microsoft Visual Studio\2022\Community\MSBuild\Microsoft\VC\v170\Microsoft.CppBuild.targets(1507,5): message :       
C:\Program Files\Microsoft Visual Studio\2022\Community\MSBuild\Microsoft\VC\v170\Microsoft.CppBuild.targets(1507,5): message :       
C:\Program Files\Microsoft Visual Studio\2022\Community\MSBuild\Microsoft\VC\v170\Microsoft.CppBuild.targets(1507,5): message :       
C:\Program Files\Microsoft Visual Studio\2022\Community\MSBuild\Microsoft\VC\v170\Microsoft.CppBuild.targets(1507,5): message :       
C:\Program Files\Microsoft Visual Studio\2022\Community\MSBuild\Microsoft\VC\v170\Microsoft.CppBuild.targets(1507,5): message :       ;
C:\Program Files\Microsoft Visual Studio\2022\Community\MSBuild\Microsoft\VC\v170\Microsoft.CppBuild.targets(1507,5): message :       ComputeRCGeneratedLinkInputs;
C:\Program Files\Microsoft Visual Studio\2022\Community\MSBuild\Microsoft\VC\v170\Microsoft.CppBuild.targets(1507,5): message :     ;
C:\Program Files\Microsoft Visual Studio\2022\Community\MSBuild\Microsoft\VC\v170\Microsoft.CppBuild.targets(1507,5): message :       ComputeManifestGeneratedLinkerInputs;
C:\Program Files\Microsoft Visual Studio\2022\Community\MSBuild\Microsoft\VC\v170\Microsoft.CppBuild.targets(1507,5): message :     ;
C:\Program Files\Microsoft Visual Studio\2022\Community\MSBuild\Microsoft\VC\v170\Microsoft.CppBuild.targets(1507,5): message :       ComputeCustomBuildOutput;
C:\Program Files\Microsoft Visual Studio\2022\Community\MSBuild\Microsoft\VC\v170\Microsoft.CppBuild.targets(1507,5): message :     ;
C:\Program Files\Microsoft Visual Studio\2022\Community\MSBuild\Microsoft\VC\v170\Microsoft.CppBuild.targets(1507,5): message :       ComputeCLGeneratedLinkInputs;
C:\Program Files\Microsoft Visual Studio\2022\Community\MSBuild\Microsoft\VC\v170\Microsoft.CppBuild.targets(1507,5): message :     ;
C:\Program Files\Microsoft Visual Studio\2022\Community\MSBuild\Microsoft\VC\v170\Microsoft.CppBuild.targets(1507,5): message :       ComputeLinkInputsFromProject;
C:\Program Files\Microsoft Visual Studio\2022\Community\MSBuild\Microsoft\VC\v170\Microsoft.CppBuild.targets(1507,5): message :     ") C:\Program Files\Microsoft Visual Studio\2022\Community\MSBuild\Microsoft\VC\v170\Microsoft.CppBuild.targets (1507,5)
C:\Program Files\Microsoft Visual Studio\2022\Community\MSBuild\Microsoft\VC\v170\Microsoft.CppBuild.targets(1545,5): message : プロパティの再代入: $(ComputeLibInputsTargets)="
C:\Program Files\Microsoft Visual Studio\2022\Community\MSBuild\Microsoft\VC\v170\Microsoft.CppBuild.targets(1545,5): message :       
C:\Program Files\Microsoft Visual Studio\2022\Community\MSBuild\Microsoft\VC\v170\Microsoft.CppBuild.targets(1545,5): message :       
C:\Program Files\Microsoft Visual Studio\2022\Community\MSBuild\Microsoft\VC\v170\Microsoft.CppBuild.targets(1545,5): message :       
C:\Program Files\Microsoft Visual Studio\2022\Community\MSBuild\Microsoft\VC\v170\Microsoft.CppBuild.targets(1545,5): message :       
C:\Program Files\Microsoft Visual Studio\2022\Community\MSBuild\Microsoft\VC\v170\Microsoft.CppBuild.targets(1545,5): message :       ;
C:\Program Files\Microsoft Visual Studio\2022\Community\MSBuild\Microsoft\VC\v170\Microsoft.CppBuild.targets(1545,5): message :       ComputeRCGeneratedLibInputs;
C:\Program Files\Microsoft Visual Studio\2022\Community\MSBuild\Microsoft\VC\v170\Microsoft.CppBuild.targets(1545,5): message :     ;
C:\Program Files\Microsoft Visual Studio\2022\Community\MSBuild\Microsoft\VC\v170\Microsoft.CppBuild.targets(1545,5): message :       ComputeCustomBuildOutput;
C:\Program Files\Microsoft Visual Studio\2022\Community\MSBuild\Microsoft\VC\v170\Microsoft.CppBuild.targets(1545,5): message :     ;
C:\Program Files\Microsoft Visual Studio\2022\Community\MSBuild\Microsoft\VC\v170\Microsoft.CppBuild.targets(1545,5): message :       ComputeCLGeneratedLibInputs;
C:\Program Files\Microsoft Visual Studio\2022\Community\MSBuild\Microsoft\VC\v170\Microsoft.CppBuild.targets(1545,5): message :     ;
C:\Program Files\Microsoft Visual Studio\2022\Community\MSBuild\Microsoft\VC\v170\Microsoft.CppBuild.targets(1545,5): message :       ComputeLibInputsFromProject;
C:\Program Files\Microsoft Visual Studio\2022\Community\MSBuild\Microsoft\VC\v170\Microsoft.CppBuild.targets(1545,5): message :     ;
C:\Program Files\Microsoft Visual Studio\2022\Community\MSBuild\Microsoft\VC\v170\Microsoft.CppBuild.targets(1545,5): message :       ComputeReferenceLibInputs;
C:\Program Files\Microsoft Visual Studio\2022\Community\MSBuild\Microsoft\VC\v170\Microsoft.CppBuild.targets(1545,5): message :     " (以前の値: "
C:\Program Files\Microsoft Visual Studio\2022\Community\MSBuild\Microsoft\VC\v170\Microsoft.CppBuild.targets(1545,5): message :       
C:\Program Files\Microsoft Visual Studio\2022\Community\MSBuild\Microsoft\VC\v170\Microsoft.CppBuild.targets(1545,5): message :       
C:\Program Files\Microsoft Visual Studio\2022\Community\MSBuild\Microsoft\VC\v170\Microsoft.CppBuild.targets(1545,5): message :       
C:\Program Files\Microsoft Visual Studio\2022\Community\MSBuild\Microsoft\VC\v170\Microsoft.CppBuild.targets(1545,5): message :       ;
C:\Program Files\Microsoft Visual Studio\2022\Community\MSBuild\Microsoft\VC\v170\Microsoft.CppBuild.targets(1545,5): message :       ComputeRCGeneratedLibInputs;
C:\Program Files\Microsoft Visual Studio\2022\Community\MSBuild\Microsoft\VC\v170\Microsoft.CppBuild.targets(1545,5): message :     ;
C:\Program Files\Microsoft Visual Studio\2022\Community\MSBuild\Microsoft\VC\v170\Microsoft.CppBuild.targets(1545,5): message :       ComputeCustomBuildOutput;
C:\Program Files\Microsoft Visual Studio\2022\Community\MSBuild\Microsoft\VC\v170\Microsoft.CppBuild.targets(1545,5): message :     ;
C:\Program Files\Microsoft Visual Studio\2022\Community\MSBuild\Microsoft\VC\v170\Microsoft.CppBuild.targets(1545,5): message :       ComputeCLGeneratedLibInputs;
C:\Program Files\Microsoft Visual Studio\2022\Community\MSBuild\Microsoft\VC\v170\Microsoft.CppBuild.targets(1545,5): message :     ;
C:\Program Files\Microsoft Visual Studio\2022\Community\MSBuild\Microsoft\VC\v170\Microsoft.CppBuild.targets(1545,5): message :       ComputeLibInputsFromProject;
C:\Program Files\Microsoft Visual Studio\2022\Community\MSBuild\Microsoft\VC\v170\Microsoft.CppBuild.targets(1545,5): message :     ") C:\Program Files\Microsoft Visual Studio\2022\Community\MSBuild\Microsoft\VC\v170\Microsoft.CppBuild.targets (1545,5)
C:\Program Files\Microsoft Visual Studio\2022\Community\MSBuild\Microsoft\VC\v170\Microsoft.CppBuild.targets(1602,5): message : プロパティの再代入: $(ComputeLibInputsTargets)="
C:\Program Files\Microsoft Visual Studio\2022\Community\MSBuild\Microsoft\VC\v170\Microsoft.CppBuild.targets(1602,5): message :       ComputeLibAdditionalOptions;
C:\Program Files\Microsoft Visual Studio\2022\Community\MSBuild\Microsoft\VC\v170\Microsoft.CppBuild.targets(1602,5): message :       
C:\Program Files\Microsoft Visual Studio\2022\Community\MSBuild\Microsoft\VC\v170\Microsoft.CppBuild.targets(1602,5): message :       
C:\Program Files\Microsoft Visual Studio\2022\Community\MSBuild\Microsoft\VC\v170\Microsoft.CppBuild.targets(1602,5): message :       
C:\Program Files\Microsoft Visual Studio\2022\Community\MSBuild\Microsoft\VC\v170\Microsoft.CppBuild.targets(1602,5): message :       
C:\Program Files\Microsoft Visual Studio\2022\Community\MSBuild\Microsoft\VC\v170\Microsoft.CppBuild.targets(1602,5): message :       
C:\Program Files\Microsoft Visual Studio\2022\Community\MSBuild\Microsoft\VC\v170\Microsoft.CppBuild.targets(1602,5): message :       ;
C:\Program Files\Microsoft Visual Studio\2022\Community\MSBuild\Microsoft\VC\v170\Microsoft.CppBuild.targets(1602,5): message :       ComputeRCGeneratedLibInputs;
C:\Program Files\Microsoft Visual Studio\2022\Community\MSBuild\Microsoft\VC\v170\Microsoft.CppBuild.targets(1602,5): message :     ;
C:\Program Files\Microsoft Visual Studio\2022\Community\MSBuild\Microsoft\VC\v170\Microsoft.CppBuild.targets(1602,5): message :       ComputeCustomBuildOutput;
C:\Program Files\Microsoft Visual Studio\2022\Community\MSBuild\Microsoft\VC\v170\Microsoft.CppBuild.targets(1602,5): message :     ;
C:\Program Files\Microsoft Visual Studio\2022\Community\MSBuild\Microsoft\VC\v170\Microsoft.CppBuild.targets(1602,5): message :       ComputeCLGeneratedLibInputs;
C:\Program Files\Microsoft Visual Studio\2022\Community\MSBuild\Microsoft\VC\v170\Microsoft.CppBuild.targets(1602,5): message :     ;
C:\Program Files\Microsoft Visual Studio\2022\Community\MSBuild\Microsoft\VC\v170\Microsoft.CppBuild.targets(1602,5): message :       ComputeLibInputsFromProject;
C:\Program Files\Microsoft Visual Studio\2022\Community\MSBuild\Microsoft\VC\v170\Microsoft.CppBuild.targets(1602,5): message :     ;
C:\Program Files\Microsoft Visual Studio\2022\Community\MSBuild\Microsoft\VC\v170\Microsoft.CppBuild.targets(1602,5): message :       ComputeReferenceLibInputs;
C:\Program Files\Microsoft Visual Studio\2022\Community\MSBuild\Microsoft\VC\v170\Microsoft.CppBuild.targets(1602,5): message :     
C:\Program Files\Microsoft Visual Studio\2022\Community\MSBuild\Microsoft\VC\v170\Microsoft.CppBuild.targets(1602,5): message :     " (以前の値: "
C:\Program Files\Microsoft Visual Studio\2022\Community\MSBuild\Microsoft\VC\v170\Microsoft.CppBuild.targets(1602,5): message :       
C:\Program Files\Microsoft Visual Studio\2022\Community\MSBuild\Microsoft\VC\v170\Microsoft.CppBuild.targets(1602,5): message :       
C:\Program Files\Microsoft Visual Studio\2022\Community\MSBuild\Microsoft\VC\v170\Microsoft.CppBuild.targets(1602,5): message :       
C:\Program Files\Microsoft Visual Studio\2022\Community\MSBuild\Microsoft\VC\v170\Microsoft.CppBuild.targets(1602,5): message :       
C:\Program Files\Microsoft Visual Studio\2022\Community\MSBuild\Microsoft\VC\v170\Microsoft.CppBuild.targets(1602,5): message :       ;
C:\Program Files\Microsoft Visual Studio\2022\Community\MSBuild\Microsoft\VC\v170\Microsoft.CppBuild.targets(1602,5): message :       ComputeRCGeneratedLibInputs;
C:\Program Files\Microsoft Visual Studio\2022\Community\MSBuild\Microsoft\VC\v170\Microsoft.CppBuild.targets(1602,5): message :     ;
C:\Program Files\Microsoft Visual Studio\2022\Community\MSBuild\Microsoft\VC\v170\Microsoft.CppBuild.targets(1602,5): message :       ComputeCustomBuildOutput;
C:\Program Files\Microsoft Visual Studio\2022\Community\MSBuild\Microsoft\VC\v170\Microsoft.CppBuild.targets(1602,5): message :     ;
C:\Program Files\Microsoft Visual Studio\2022\Community\MSBuild\Microsoft\VC\v170\Microsoft.CppBuild.targets(1602,5): message :       ComputeCLGeneratedLibInputs;
C:\Program Files\Microsoft Visual Studio\2022\Community\MSBuild\Microsoft\VC\v170\Microsoft.CppBuild.targets(1602,5): message :     ;
C:\Program Files\Microsoft Visual Studio\2022\Community\MSBuild\Microsoft\VC\v170\Microsoft.CppBuild.targets(1602,5): message :       ComputeLibInputsFromProject;
C:\Program Files\Microsoft Visual Studio\2022\Community\MSBuild\Microsoft\VC\v170\Microsoft.CppBuild.targets(1602,5): message :     ;
C:\Program Files\Microsoft Visual Studio\2022\Community\MSBuild\Microsoft\VC\v170\Microsoft.CppBuild.targets(1602,5): message :       ComputeReferenceLibInputs;
C:\Program Files\Microsoft Visual Studio\2022\Community\MSBuild\Microsoft\VC\v170\Microsoft.CppBuild.targets(1602,5): message :     ") C:\Program Files\Microsoft Visual Studio\2022\Community\MSBuild\Microsoft\VC\v170\Microsoft.CppBuild.targets (1602,5)
C:\Program Files\Microsoft Visual Studio\2022\Community\MSBuild\Microsoft\VC\v170\Microsoft.CppBuild.targets(1790,5): message : プロパティの再代入: $(GetProjectInfoForReferenceDependsOn)="
C:\Program Files\Microsoft Visual Studio\2022\Community\MSBuild\Microsoft\VC\v170\Microsoft.CppBuild.targets(1790,5): message :       
C:\Program Files\Microsoft Visual Studio\2022\Community\MSBuild\Microsoft\VC\v170\Microsoft.CppBuild.targets(1790,5): message :       ;
C:\Program Files\Microsoft Visual Studio\2022\Community\MSBuild\Microsoft\VC\v170\Microsoft.CppBuild.targets(1790,5): message :       AddPublicIncludeDirectoriesToProjectsInfoForReference;
C:\Program Files\Microsoft Visual Studio\2022\Community\MSBuild\Microsoft\VC\v170\Microsoft.CppBuild.targets(1790,5): message :     ;
C:\Program Files\Microsoft Visual Studio\2022\Community\MSBuild\Microsoft\VC\v170\Microsoft.CppBuild.targets(1790,5): message :       AddPublicBMIsToProjectsInfoForReference;
C:\Program Files\Microsoft Visual Studio\2022\Community\MSBuild\Microsoft\VC\v170\Microsoft.CppBuild.targets(1790,5): message :       AddDeployRecipeFileToProjectsInfoForReference;
C:\Program Files\Microsoft Visual Studio\2022\Community\MSBuild\Microsoft\VC\v170\Microsoft.CppBuild.targets(1790,5): message :       AddLibrariesToProjectsInfoForReference;
C:\Program Files\Microsoft Visual Studio\2022\Community\MSBuild\Microsoft\VC\v170\Microsoft.CppBuild.targets(1790,5): message :     " (以前の値: "
C:\Program Files\Microsoft Visual Studio\2022\Community\MSBuild\Microsoft\VC\v170\Microsoft.CppBuild.targets(1790,5): message :       ;
C:\Program Files\Microsoft Visual Studio\2022\Community\MSBuild\Microsoft\VC\v170\Microsoft.CppBuild.targets(1790,5): message :       AddPublicIncludeDirectoriesToProjectsInfoForReference;
C:\Program Files\Microsoft Visual Studio\2022\Community\MSBuild\Microsoft\VC\v170\Microsoft.CppBuild.targets(1790,5): message :     ") C:\Program Files\Microsoft Visual Studio\2022\Community\MSBuild\Microsoft\VC\v170\Microsoft.CppBuild.targets (1790,5)
C:\Program Files\Microsoft Visual Studio\2022\Community\MSBuild\Microsoft\VC\v170\Microsoft.CppBuild.targets(2215,5): message : プロパティの再代入: $(DocumentationProjectOutputGroupDependsOn)="ResolvedXDCMake;ComputeCLCompileGeneratedXDCFiles" (以前の値: "") C:\Program Files\Microsoft Visual Studio\2022\Community\MSBuild\Microsoft\VC\v170\Microsoft.CppBuild.targets (2215,5)
C:\Program Files\Microsoft Visual Studio\2022\Community\MSBuild\Microsoft\VC\v170\Microsoft.CppBuild.targets(2281,5): message : プロパティの再代入: $(ContentFilesProjectOutputGroupDependsOn)="PrepareForBuild;AssignTargetPaths;PrepareForBuild;AssignTargetPaths;MakeDirsForFxc" (以前の値: "PrepareForBuild;AssignTargetPaths") C:\Program Files\Microsoft Visual Studio\2022\Community\MSBuild\Microsoft\VC\v170\Microsoft.CppBuild.targets (2281,5)
C:\Program Files\Microsoft Visual Studio\2022\Community\MSBuild\Microsoft\VC\v170\Microsoft.CppCommon.targets(315,5): message : プロパティの再代入: $(ComputeCompileInputsTargets)="
C:\Program Files\Microsoft Visual Studio\2022\Community\MSBuild\Microsoft\VC\v170\Microsoft.CppCommon.targets(315,5): message :       
C:\Program Files\Microsoft Visual Studio\2022\Community\MSBuild\Microsoft\VC\v170\Microsoft.CppCommon.targets(315,5): message :       
C:\Program Files\Microsoft Visual Studio\2022\Community\MSBuild\Microsoft\VC\v170\Microsoft.CppCommon.targets(315,5): message :       
C:\Program Files\Microsoft Visual Studio\2022\Community\MSBuild\Microsoft\VC\v170\Microsoft.CppCommon.targets(315,5): message :       ;
C:\Program Files\Microsoft Visual Studio\2022\Community\MSBuild\Microsoft\VC\v170\Microsoft.CppCommon.targets(315,5): message :       GenerateTargetFrameworkMonikerAttribute;
C:\Program Files\Microsoft Visual Studio\2022\Community\MSBuild\Microsoft\VC\v170\Microsoft.CppCommon.targets(315,5): message :     ;
C:\Program Files\Microsoft Visual Studio\2022\Community\MSBuild\Microsoft\VC\v170\Microsoft.CppCommon.targets(315,5): message :       ComputeMIDLGeneratedCompileInputs;
C:\Program Files\Microsoft Visual Studio\2022\Community\MSBuild\Microsoft\VC\v170\Microsoft.CppCommon.targets(315,5): message :     ;
C:\Program Files\Microsoft Visual Studio\2022\Community\MSBuild\Microsoft\VC\v170\Microsoft.CppCommon.targets(315,5): message :       ComputeCLInputPDBName;
C:\Program Files\Microsoft Visual Studio\2022\Community\MSBuild\Microsoft\VC\v170\Microsoft.CppCommon.targets(315,5): message :       ComputeReferenceCLInput;
C:\Program Files\Microsoft Visual Studio\2022\Community\MSBuild\Microsoft\VC\v170\Microsoft.CppCommon.targets(315,5): message :       WarnCompileDuplicatedFilename
C:\Program Files\Microsoft Visual Studio\2022\Community\MSBuild\Microsoft\VC\v170\Microsoft.CppCommon.targets(315,5): message :     ;
C:\Program Files\Microsoft Visual Studio\2022\Community\MSBuild\Microsoft\VC\v170\Microsoft.CppCommon.targets(315,5): message :       ;
C:\Program Files\Microsoft Visual Studio\2022\Community\MSBuild\Microsoft\VC\v170\Microsoft.CppCommon.targets(315,5): message :       ComputeStdModulesCompileInputs;
C:\Program Files\Microsoft Visual Studio\2022\Community\MSBuild\Microsoft\VC\v170\Microsoft.CppCommon.targets(315,5): message :       FixupCLCompileOptions;
C:\Program Files\Microsoft Visual Studio\2022\Community\MSBuild\Microsoft\VC\v170\Microsoft.CppCommon.targets(315,5): message :       SetModuleDependencies;
C:\Program Files\Microsoft Visual Studio\2022\Community\MSBuild\Microsoft\VC\v170\Microsoft.CppCommon.targets(315,5): message :     " (以前の値: "
C:\Program Files\Microsoft Visual Studio\2022\Community\MSBuild\Microsoft\VC\v170\Microsoft.CppCommon.targets(315,5): message :       
C:\Program Files\Microsoft Visual Studio\2022\Community\MSBuild\Microsoft\VC\v170\Microsoft.CppCommon.targets(315,5): message :       
C:\Program Files\Microsoft Visual Studio\2022\Community\MSBuild\Microsoft\VC\v170\Microsoft.CppCommon.targets(315,5): message :       ;
C:\Program Files\Microsoft Visual Studio\2022\Community\MSBuild\Microsoft\VC\v170\Microsoft.CppCommon.targets(315,5): message :       GenerateTargetFrameworkMonikerAttribute;
C:\Program Files\Microsoft Visual Studio\2022\Community\MSBuild\Microsoft\VC\v170\Microsoft.CppCommon.targets(315,5): message :     ;
C:\Program Files\Microsoft Visual Studio\2022\Community\MSBuild\Microsoft\VC\v170\Microsoft.CppCommon.targets(315,5): message :       ComputeMIDLGeneratedCompileInputs;
C:\Program Files\Microsoft Visual Studio\2022\Community\MSBuild\Microsoft\VC\v170\Microsoft.CppCommon.targets(315,5): message :     ;
C:\Program Files\Microsoft Visual Studio\2022\Community\MSBuild\Microsoft\VC\v170\Microsoft.CppCommon.targets(315,5): message :       ComputeCLInputPDBName;
C:\Program Files\Microsoft Visual Studio\2022\Community\MSBuild\Microsoft\VC\v170\Microsoft.CppCommon.targets(315,5): message :       ComputeReferenceCLInput;
C:\Program Files\Microsoft Visual Studio\2022\Community\MSBuild\Microsoft\VC\v170\Microsoft.CppCommon.targets(315,5): message :       WarnCompileDuplicatedFilename
C:\Program Files\Microsoft Visual Studio\2022\Community\MSBuild\Microsoft\VC\v170\Microsoft.CppCommon.targets(315,5): message :     ") C:\Program Files\Microsoft Visual Studio\2022\Community\MSBuild\Microsoft\VC\v170\Microsoft.CppCommon.targets (315,5)
C:\Program Files\Microsoft Visual Studio\2022\Community\MSBuild\Microsoft\VC\v170\Microsoft.CppCommon.targets(2127,5): message : プロパティの再代入: $(BuildingProject)="true" (以前の値: "false") C:\Program Files\Microsoft Visual Studio\2022\Community\MSBuild\Microsoft\VC\v170\Microsoft.CppCommon.targets (2127,5)
C:\Program Files\Microsoft Visual Studio\2022\Community\MSBuild\Microsoft\VC\v170\Microsoft.CppCommon.targets(2673,5): message : プロパティの再代入: $(ContentFilesProjectOutputGroupDependsOn)="PrepareForBuild;AssignTargetPaths;PrepareForBuild;AssignTargetPaths;MakeDirsForFxc;_CreateCopyFileItems;" (以前の値: "PrepareForBuild;AssignTargetPaths;PrepareForBuild;AssignTargetPaths;MakeDirsForFxc") C:\Program Files\Microsoft Visual Studio\2022\Community\MSBuild\Microsoft\VC\v170\Microsoft.CppCommon.targets (2673,5)
C:\Program Files\Microsoft Visual Studio\2022\Community\MSBuild\Microsoft\VC\v170\Microsoft.Cpp.WindowsSDK.targets(16,5): message : プロパティの再代入: $(PrepareForBuildDependsOn)="_CheckWindowsSDKInstalled;;GetFrameworkPaths;GetReferenceAssemblyPaths;AssignLinkMetadata;SetCABuildNativeEnvironmentVariables" (以前の値: ";GetFrameworkPaths;GetReferenceAssemblyPaths;AssignLinkMetadata;SetCABuildNativeEnvironmentVariables") C:\Program Files\Microsoft Visual Studio\2022\Community\MSBuild\Microsoft\VC\v170\Microsoft.Cpp.WindowsSDK.targets (16,5)
C:\Program Files\Microsoft Visual Studio\2022\Community\MSBuild\Microsoft\VC\v170\Microsoft.CppClean.targets(22,5): message : プロパティの再代入: $(CleanDependsOn)="
C:\Program Files\Microsoft Visual Studio\2022\Community\MSBuild\Microsoft\VC\v170\Microsoft.CppClean.targets(22,5): message :       
C:\Program Files\Microsoft Visual Studio\2022\Community\MSBuild\Microsoft\VC\v170\Microsoft.CppClean.targets(22,5): message :       _PrepareForClean;
C:\Program Files\Microsoft Visual Studio\2022\Community\MSBuild\Microsoft\VC\v170\Microsoft.CppClean.targets(22,5): message :       
C:\Program Files\Microsoft Visual Studio\2022\Community\MSBuild\Microsoft\VC\v170\Microsoft.CppClean.targets(22,5): message :       BeforeClean;
C:\Program Files\Microsoft Visual Studio\2022\Community\MSBuild\Microsoft\VC\v170\Microsoft.CppClean.targets(22,5): message :       UnmanagedUnregistration;
C:\Program Files\Microsoft Visual Studio\2022\Community\MSBuild\Microsoft\VC\v170\Microsoft.CppClean.targets(22,5): message :       CoreClean;
C:\Program Files\Microsoft Visual Studio\2022\Community\MSBuild\Microsoft\VC\v170\Microsoft.CppClean.targets(22,5): message :       CleanReferencedProjects;
C:\Program Files\Microsoft Visual Studio\2022\Community\MSBuild\Microsoft\VC\v170\Microsoft.CppClean.targets(22,5): message :       CleanPublishFolder;
C:\Program Files\Microsoft Visual Studio\2022\Community\MSBuild\Microsoft\VC\v170\Microsoft.CppClean.targets(22,5): message :       AfterClean
C:\Program Files\Microsoft Visual Studio\2022\Community\MSBuild\Microsoft\VC\v170\Microsoft.CppClean.targets(22,5): message :     ;
C:\Program Files\Microsoft Visual Studio\2022\Community\MSBuild\Microsoft\VC\v170\Microsoft.CppClean.targets(22,5): message :     ;
C:\Program Files\Microsoft Visual Studio\2022\Community\MSBuild\Microsoft\VC\v170\Microsoft.CppClean.targets(22,5): message :       CppClean
C:\Program Files\Microsoft Visual Studio\2022\Community\MSBuild\Microsoft\VC\v170\Microsoft.CppClean.targets(22,5): message :     " (以前の値: "
C:\Program Files\Microsoft Visual Studio\2022\Community\MSBuild\Microsoft\VC\v170\Microsoft.CppClean.targets(22,5): message :       _PrepareForClean;
C:\Program Files\Microsoft Visual Studio\2022\Community\MSBuild\Microsoft\VC\v170\Microsoft.CppClean.targets(22,5): message :       
C:\Program Files\Microsoft Visual Studio\2022\Community\MSBuild\Microsoft\VC\v170\Microsoft.CppClean.targets(22,5): message :       BeforeClean;
C:\Program Files\Microsoft Visual Studio\2022\Community\MSBuild\Microsoft\VC\v170\Microsoft.CppClean.targets(22,5): message :       UnmanagedUnregistration;
C:\Program Files\Microsoft Visual Studio\2022\Community\MSBuild\Microsoft\VC\v170\Microsoft.CppClean.targets(22,5): message :       CoreClean;
C:\Program Files\Microsoft Visual Studio\2022\Community\MSBuild\Microsoft\VC\v170\Microsoft.CppClean.targets(22,5): message :       CleanReferencedProjects;
C:\Program Files\Microsoft Visual Studio\2022\Community\MSBuild\Microsoft\VC\v170\Microsoft.CppClean.targets(22,5): message :       CleanPublishFolder;
C:\Program Files\Microsoft Visual Studio\2022\Community\MSBuild\Microsoft\VC\v170\Microsoft.CppClean.targets(22,5): message :       AfterClean
C:\Program Files\Microsoft Visual Studio\2022\Community\MSBuild\Microsoft\VC\v170\Microsoft.CppClean.targets(22,5): message :     ;
C:\Program Files\Microsoft Visual Studio\2022\Community\MSBuild\Microsoft\VC\v170\Microsoft.CppClean.targets(22,5): message :     ") C:\Program Files\Microsoft Visual Studio\2022\Community\MSBuild\Microsoft\VC\v170\Microsoft.CppClean.targets (22,5)
C:\Program Files\Microsoft Visual Studio\2022\Community\MSBuild\Microsoft\VC\v170\Microsoft.CppClean.targets(92,5): message : プロパティの再代入: $(CppCleanDependsOn)="
C:\Program Files\Microsoft Visual Studio\2022\Community\MSBuild\Microsoft\VC\v170\Microsoft.CppClean.targets(92,5): message :       BeforeCppClean;
C:\Program Files\Microsoft Visual Studio\2022\Community\MSBuild\Microsoft\VC\v170\Microsoft.CppClean.targets(92,5): message :       ;
C:\Program Files\Microsoft Visual Studio\2022\Community\MSBuild\Microsoft\VC\v170\Microsoft.CppClean.targets(92,5): message :       CoreCppClean;
C:\Program Files\Microsoft Visual Studio\2022\Community\MSBuild\Microsoft\VC\v170\Microsoft.CppClean.targets(92,5): message :       AfterCppClean;
C:\Program Files\Microsoft Visual Studio\2022\Community\MSBuild\Microsoft\VC\v170\Microsoft.CppClean.targets(92,5): message :     ;PGInstrumentedClean" (以前の値: "
C:\Program Files\Microsoft Visual Studio\2022\Community\MSBuild\Microsoft\VC\v170\Microsoft.CppClean.targets(92,5): message :       BeforeCppClean;
C:\Program Files\Microsoft Visual Studio\2022\Community\MSBuild\Microsoft\VC\v170\Microsoft.CppClean.targets(92,5): message :       ;
C:\Program Files\Microsoft Visual Studio\2022\Community\MSBuild\Microsoft\VC\v170\Microsoft.CppClean.targets(92,5): message :       CoreCppClean;
C:\Program Files\Microsoft Visual Studio\2022\Community\MSBuild\Microsoft\VC\v170\Microsoft.CppClean.targets(92,5): message :       AfterCppClean;
C:\Program Files\Microsoft Visual Studio\2022\Community\MSBuild\Microsoft\VC\v170\Microsoft.CppClean.targets(92,5): message :     ") C:\Program Files\Microsoft Visual Studio\2022\Community\MSBuild\Microsoft\VC\v170\Microsoft.CppClean.targets (92,5)
C:\Program Files\Microsoft Visual Studio\2022\Community\MSBuild\Microsoft\VC\v170\Microsoft.Cpp.DesignTime.targets(542,5): message : プロパティの再代入: $(BuildDependsOn)="SetTelemetryEnvironmentVariables;
C:\Program Files\Microsoft Visual Studio\2022\Community\MSBuild\Microsoft\VC\v170\Microsoft.Cpp.DesignTime.targets(542,5): message :       _PrepareForBuild;
C:\Program Files\Microsoft Visual Studio\2022\Community\MSBuild\Microsoft\VC\v170\Microsoft.Cpp.DesignTime.targets(542,5): message :       
C:\Program Files\Microsoft Visual Studio\2022\Community\MSBuild\Microsoft\VC\v170\Microsoft.Cpp.DesignTime.targets(542,5): message :       ResolveReferences;
C:\Program Files\Microsoft Visual Studio\2022\Community\MSBuild\Microsoft\VC\v170\Microsoft.Cpp.DesignTime.targets(542,5): message :       PrepareForBuild;
C:\Program Files\Microsoft Visual Studio\2022\Community\MSBuild\Microsoft\VC\v170\Microsoft.Cpp.DesignTime.targets(542,5): message :       InitializeBuildStatus;
C:\Program Files\Microsoft Visual Studio\2022\Community\MSBuild\Microsoft\VC\v170\Microsoft.Cpp.DesignTime.targets(542,5): message :       BuildGenerateSources;
C:\Program Files\Microsoft Visual Studio\2022\Community\MSBuild\Microsoft\VC\v170\Microsoft.Cpp.DesignTime.targets(542,5): message :       BuildCompile;
C:\Program Files\Microsoft Visual Studio\2022\Community\MSBuild\Microsoft\VC\v170\Microsoft.Cpp.DesignTime.targets(542,5): message :       BuildLink;
C:\Program Files\Microsoft Visual Studio\2022\Community\MSBuild\Microsoft\VC\v170\Microsoft.Cpp.DesignTime.targets(542,5): message :     ;
C:\Program Files\Microsoft Visual Studio\2022\Community\MSBuild\Microsoft\VC\v170\Microsoft.Cpp.DesignTime.targets(542,5): message :       AfterBuild;
C:\Program Files\Microsoft Visual Studio\2022\Community\MSBuild\Microsoft\VC\v170\Microsoft.Cpp.DesignTime.targets(542,5): message :       IncrementalClean;
C:\Program Files\Microsoft Visual Studio\2022\Community\MSBuild\Microsoft\VC\v170\Microsoft.Cpp.DesignTime.targets(542,5): message :       TlogCleanup;
C:\Program Files\Microsoft Visual Studio\2022\Community\MSBuild\Microsoft\VC\v170\Microsoft.Cpp.DesignTime.targets(542,5): message :       FinalizeBuildStatus;
C:\Program Files\Microsoft Visual Studio\2022\Community\MSBuild\Microsoft\VC\v170\Microsoft.Cpp.DesignTime.targets(542,5): message :     " (以前の値: "
C:\Program Files\Microsoft Visual Studio\2022\Community\MSBuild\Microsoft\VC\v170\Microsoft.Cpp.DesignTime.targets(542,5): message :       _PrepareForBuild;
C:\Program Files\Microsoft Visual Studio\2022\Community\MSBuild\Microsoft\VC\v170\Microsoft.Cpp.DesignTime.targets(542,5): message :       
C:\Program Files\Microsoft Visual Studio\2022\Community\MSBuild\Microsoft\VC\v170\Microsoft.Cpp.DesignTime.targets(542,5): message :       ResolveReferences;
C:\Program Files\Microsoft Visual Studio\2022\Community\MSBuild\Microsoft\VC\v170\Microsoft.Cpp.DesignTime.targets(542,5): message :       PrepareForBuild;
C:\Program Files\Microsoft Visual Studio\2022\Community\MSBuild\Microsoft\VC\v170\Microsoft.Cpp.DesignTime.targets(542,5): message :       InitializeBuildStatus;
C:\Program Files\Microsoft Visual Studio\2022\Community\MSBuild\Microsoft\VC\v170\Microsoft.Cpp.DesignTime.targets(542,5): message :       BuildGenerateSources;
C:\Program Files\Microsoft Visual Studio\2022\Community\MSBuild\Microsoft\VC\v170\Microsoft.Cpp.DesignTime.targets(542,5): message :       BuildCompile;
C:\Program Files\Microsoft Visual Studio\2022\Community\MSBuild\Microsoft\VC\v170\Microsoft.Cpp.DesignTime.targets(542,5): message :       BuildLink;
C:\Program Files\Microsoft Visual Studio\2022\Community\MSBuild\Microsoft\VC\v170\Microsoft.Cpp.DesignTime.targets(542,5): message :     ;
C:\Program Files\Microsoft Visual Studio\2022\Community\MSBuild\Microsoft\VC\v170\Microsoft.Cpp.DesignTime.targets(542,5): message :       AfterBuild;
C:\Program Files\Microsoft Visual Studio\2022\Community\MSBuild\Microsoft\VC\v170\Microsoft.Cpp.DesignTime.targets(542,5): message :       IncrementalClean;
C:\Program Files\Microsoft Visual Studio\2022\Community\MSBuild\Microsoft\VC\v170\Microsoft.Cpp.DesignTime.targets(542,5): message :       TlogCleanup;
C:\Program Files\Microsoft Visual Studio\2022\Community\MSBuild\Microsoft\VC\v170\Microsoft.Cpp.DesignTime.targets(542,5): message :       FinalizeBuildStatus;
C:\Program Files\Microsoft Visual Studio\2022\Community\MSBuild\Microsoft\VC\v170\Microsoft.Cpp.DesignTime.targets(542,5): message :     ") C:\Program Files\Microsoft Visual Studio\2022\Community\MSBuild\Microsoft\VC\v170\Microsoft.Cpp.DesignTime.targets (542,5)
C:\Program Files\Microsoft Visual Studio\2022\Community\MSBuild\Microsoft\VC\v170\Microsoft.Cpp.DesignTime.targets(543,5): message : プロパティの再代入: $(RebuildDependsOn)="SetTelemetryEnvironmentVariables;
C:\Program Files\Microsoft Visual Studio\2022\Community\MSBuild\Microsoft\VC\v170\Microsoft.Cpp.DesignTime.targets(543,5): message :       _PrepareForRebuild;
C:\Program Files\Microsoft Visual Studio\2022\Community\MSBuild\Microsoft\VC\v170\Microsoft.Cpp.DesignTime.targets(543,5): message :       
C:\Program Files\Microsoft Visual Studio\2022\Community\MSBuild\Microsoft\VC\v170\Microsoft.Cpp.DesignTime.targets(543,5): message :       BeforeRebuild;
C:\Program Files\Microsoft Visual Studio\2022\Community\MSBuild\Microsoft\VC\v170\Microsoft.Cpp.DesignTime.targets(543,5): message :       Clean;
C:\Program Files\Microsoft Visual Studio\2022\Community\MSBuild\Microsoft\VC\v170\Microsoft.Cpp.DesignTime.targets(543,5): message :       Build;
C:\Program Files\Microsoft Visual Studio\2022\Community\MSBuild\Microsoft\VC\v170\Microsoft.Cpp.DesignTime.targets(543,5): message :       AfterRebuild;
C:\Program Files\Microsoft Visual Studio\2022\Community\MSBuild\Microsoft\VC\v170\Microsoft.Cpp.DesignTime.targets(543,5): message :     ;
C:\Program Files\Microsoft Visual Studio\2022\Community\MSBuild\Microsoft\VC\v170\Microsoft.Cpp.DesignTime.targets(543,5): message :     " (以前の値: "
C:\Program Files\Microsoft Visual Studio\2022\Community\MSBuild\Microsoft\VC\v170\Microsoft.Cpp.DesignTime.targets(543,5): message :       _PrepareForRebuild;
C:\Program Files\Microsoft Visual Studio\2022\Community\MSBuild\Microsoft\VC\v170\Microsoft.Cpp.DesignTime.targets(543,5): message :       
C:\Program Files\Microsoft Visual Studio\2022\Community\MSBuild\Microsoft\VC\v170\Microsoft.Cpp.DesignTime.targets(543,5): message :       BeforeRebuild;
C:\Program Files\Microsoft Visual Studio\2022\Community\MSBuild\Microsoft\VC\v170\Microsoft.Cpp.DesignTime.targets(543,5): message :       Clean;
C:\Program Files\Microsoft Visual Studio\2022\Community\MSBuild\Microsoft\VC\v170\Microsoft.Cpp.DesignTime.targets(543,5): message :       Build;
C:\Program Files\Microsoft Visual Studio\2022\Community\MSBuild\Microsoft\VC\v170\Microsoft.Cpp.DesignTime.targets(543,5): message :       AfterRebuild;
C:\Program Files\Microsoft Visual Studio\2022\Community\MSBuild\Microsoft\VC\v170\Microsoft.Cpp.DesignTime.targets(543,5): message :     ;
C:\Program Files\Microsoft Visual Studio\2022\Community\MSBuild\Microsoft\VC\v170\Microsoft.Cpp.DesignTime.targets(543,5): message :     ") C:\Program Files\Microsoft Visual Studio\2022\Community\MSBuild\Microsoft\VC\v170\Microsoft.Cpp.DesignTime.targets (543,5)
プロジェクト "C:\Program Files\Microsoft Visual Studio\2022\Community\MSBuild\Current\Bin\Microsoft.Common.CurrentVersion.targets" のターゲット "GenerateTargetFrameworkMonikerAttribute" をプロジェクト "C:\Program Files\Microsoft Visual Studio\2022\Community\MSBuild\Microsoft\VC\v170\Microsoft.BuildSteps.Targets" からのターゲット "GenerateTargetFrameworkMonikerAttribute" でオーバーライドしています。
プロジェクト "C:\Program Files\Microsoft Visual Studio\2022\Community\MSBuild\Current\Bin\Microsoft.Common.CurrentVersion.targets" のターゲット "Build" をプロジェクト "C:\Program Files\Microsoft Visual Studio\2022\Community\MSBuild\Microsoft\VC\v170\Microsoft.BuildSteps.Targets" からのターゲット "Build" でオーバーライドしています。
プロジェクト "C:\Program Files\Microsoft Visual Studio\2022\Community\MSBuild\Current\Bin\Microsoft.Common.CurrentVersion.targets" のターゲット "Rebuild" をプロジェクト "C:\Program Files\Microsoft Visual Studio\2022\Community\MSBuild\Microsoft\VC\v170\Microsoft.BuildSteps.Targets" からのターゲット "Rebuild" でオーバーライドしています。
プロジェクト "C:\Program Files\Microsoft Visual Studio\2022\Community\MSBuild\Current\Bin\Microsoft.Common.CurrentVersion.targets" のターゲット "AfterBuild" をプロジェクト "C:\Program Files\Microsoft Visual Studio\2022\Community\MSBuild\Microsoft\VC\v170\Microsoft.BuildSteps.Targets" からのターゲット "AfterBuild" でオーバーライドしています。
プロジェクト "C:\Program Files\Microsoft Visual Studio\2022\Community\MSBuild\Current\Bin\Microsoft.Common.CurrentVersion.targets" のターゲット "PrepareForBuild" をプロジェクト "C:\Program Files\Microsoft Visual Studio\2022\Community\MSBuild\Microsoft\VC\v170\Microsoft.CppBuild.targets" からのターゲット "PrepareForBuild" でオーバーライドしています。
プロジェクト "C:\Program Files\Microsoft Visual Studio\2022\Community\MSBuild\Current\Bin\Microsoft.Common.CurrentVersion.targets" のターゲット "GetTargetPath" をプロジェクト "C:\Program Files\Microsoft Visual Studio\2022\Community\MSBuild\Microsoft\VC\v170\Microsoft.CppBuild.targets" からのターゲット "GetTargetPath" でオーバーライドしています。
プロジェクト "C:\Program Files\Microsoft Visual Studio\2022\Community\MSBuild\Current\Bin\Microsoft.Common.CurrentVersion.targets" のターゲット "ComputeIntermediateSatelliteAssemblies" をプロジェクト "C:\Program Files\Microsoft Visual Studio\2022\Community\MSBuild\Microsoft\VC\v170\Microsoft.CppBuild.targets" からのターゲット "ComputeIntermediateSatelliteAssemblies" でオーバーライドしています。
プロジェクト "C:\Program Files\Microsoft Visual Studio\2022\Community\MSBuild\Microsoft\VC\v170\Microsoft.CppBuild.targets" のターゲット "ClCompile" をプロジェクト "C:\Program Files\Microsoft Visual Studio\2022\Community\MSBuild\Microsoft\VC\v170\Microsoft.CppBuild.targets" からのターゲット "ClCompile" でオーバーライドしています。
プロジェクト "C:\Program Files\Microsoft Visual Studio\2022\Community\MSBuild\Microsoft\VC\v170\Microsoft.CppBuild.targets" のターゲット "ResourceCompile" をプロジェクト "C:\Program Files\Microsoft Visual Studio\2022\Community\MSBuild\Microsoft\VC\v170\Microsoft.CppBuild.targets" からのターゲット "ResourceCompile" でオーバーライドしています。
プロジェクト "C:\Program Files\Microsoft Visual Studio\2022\Community\MSBuild\Microsoft\VC\v170\Microsoft.CppBuild.targets" のターゲット "Lib" をプロジェクト "C:\Program Files\Microsoft Visual Studio\2022\Community\MSBuild\Microsoft\VC\v170\Microsoft.CppBuild.targets" からのターゲット "Lib" でオーバーライドしています。
プロジェクト "C:\Program Files\Microsoft Visual Studio\2022\Community\MSBuild\Microsoft\VC\v170\Microsoft.CppBuild.targets" のターゲット "Link" をプロジェクト "C:\Program Files\Microsoft Visual Studio\2022\Community\MSBuild\Microsoft\VC\v170\Microsoft.CppBuild.targets" からのターゲット "Link" でオーバーライドしています。
プロジェクト "C:\Program Files\Microsoft Visual Studio\2022\Community\MSBuild\Current\Bin\Microsoft.Common.CurrentVersion.targets" のターゲット "AllProjectOutputGroups" をプロジェクト "C:\Program Files\Microsoft Visual Studio\2022\Community\MSBuild\Microsoft\VC\v170\Microsoft.CppBuild.targets" からのターゲット "AllProjectOutputGroups" でオーバーライドしています。
プロジェクト "C:\Program Files\Microsoft Visual Studio\2022\Community\MSBuild\Current\Bin\Microsoft.Common.CurrentVersion.targets" のターゲット "BuiltProjectOutputGroup" をプロジェクト "C:\Program Files\Microsoft Visual Studio\2022\Community\MSBuild\Microsoft\VC\v170\Microsoft.CppBuild.targets" からのターゲット "BuiltProjectOutputGroup" でオーバーライドしています。
プロジェクト "C:\Program Files\Microsoft Visual Studio\2022\Community\MSBuild\Current\Bin\Microsoft.Common.CurrentVersion.targets" のターゲット "DebugSymbolsProjectOutputGroup" をプロジェクト "C:\Program Files\Microsoft Visual Studio\2022\Community\MSBuild\Microsoft\VC\v170\Microsoft.CppBuild.targets" からのターゲット "DebugSymbolsProjectOutputGroup" でオーバーライドしています。
プロジェクト "C:\Program Files\Microsoft Visual Studio\2022\Community\MSBuild\Current\Bin\Microsoft.Common.CurrentVersion.targets" のターゲット "DocumentationProjectOutputGroup" をプロジェクト "C:\Program Files\Microsoft Visual Studio\2022\Community\MSBuild\Microsoft\VC\v170\Microsoft.CppBuild.targets" からのターゲット "DocumentationProjectOutputGroup" でオーバーライドしています。
プロジェクト "C:\Program Files\Microsoft Visual Studio\2022\Community\MSBuild\Current\Bin\Microsoft.Common.CurrentVersion.targets" のターゲット "SourceFilesProjectOutputGroup" をプロジェクト "C:\Program Files\Microsoft Visual Studio\2022\Community\MSBuild\Microsoft\VC\v170\Microsoft.CppBuild.targets" からのターゲット "SourceFilesProjectOutputGroup" でオーバーライドしています。
プロジェクト "C:\Program Files\Microsoft Visual Studio\2022\Community\MSBuild\Current\Bin\Microsoft.Common.CurrentVersion.targets" のターゲット "ContentFilesProjectOutputGroup" をプロジェクト "C:\Program Files\Microsoft Visual Studio\2022\Community\MSBuild\Microsoft\VC\v170\Microsoft.CppBuild.targets" からのターゲット "ContentFilesProjectOutputGroup" でオーバーライドしています。
プロジェクト "C:\Program Files\Microsoft Visual Studio\2022\Community\MSBuild\Current\Bin\Microsoft.Common.CurrentVersion.targets" のターゲット "AllProjectOutputGroupsDependencies" をプロジェクト "C:\Program Files\Microsoft Visual Studio\2022\Community\MSBuild\Microsoft\VC\v170\Microsoft.CppBuild.targets" からのターゲット "AllProjectOutputGroupsDependencies" でオーバーライドしています。
プロジェクト "C:\Program Files\Microsoft Visual Studio\2022\Community\MSBuild\Current\Bin\Microsoft.Common.CurrentVersion.targets" のターゲット "BuiltProjectOutputGroupDependencies" をプロジェクト "C:\Program Files\Microsoft Visual Studio\2022\Community\MSBuild\Microsoft\VC\v170\Microsoft.CppBuild.targets" からのターゲット "BuiltProjectOutputGroupDependencies" でオーバーライドしています。
プロジェクト "C:\Program Files\Microsoft Visual Studio\2022\Community\MSBuild\Current\Bin\Microsoft.Common.CurrentVersion.targets" のターゲット "DebugSymbolsProjectOutputGroupDependencies" をプロジェクト "C:\Program Files\Microsoft Visual Studio\2022\Community\MSBuild\Microsoft\VC\v170\Microsoft.CppBuild.targets" からのターゲット "DebugSymbolsProjectOutputGroupDependencies" でオーバーライドしています。
プロジェクト "C:\Program Files\Microsoft Visual Studio\2022\Community\MSBuild\Current\Bin\Microsoft.Common.CurrentVersion.targets" のターゲット "DocumentationProjectOutputGroupDependencies" をプロジェクト "C:\Program Files\Microsoft Visual Studio\2022\Community\MSBuild\Microsoft\VC\v170\Microsoft.CppBuild.targets" からのターゲット "DocumentationProjectOutputGroupDependencies" でオーバーライドしています。
プロジェクト "C:\Program Files\Microsoft Visual Studio\2022\Community\MSBuild\Current\Bin\Microsoft.Common.CurrentVersion.targets" のターゲット "PreBuildEvent" をプロジェクト "C:\Program Files\Microsoft Visual Studio\2022\Community\MSBuild\Microsoft\VC\v170\Microsoft.CppCommon.targets" からのターゲット "PreBuildEvent" でオーバーライドしています。
プロジェクト "C:\Program Files\Microsoft Visual Studio\2022\Community\MSBuild\Current\Bin\Microsoft.Common.CurrentVersion.targets" のターゲット "PostBuildEvent" をプロジェクト "C:\Program Files\Microsoft Visual Studio\2022\Community\MSBuild\Microsoft\VC\v170\Microsoft.CppCommon.targets" からのターゲット "PostBuildEvent" でオーバーライドしています。
プロジェクト "C:\Program Files\Microsoft Visual Studio\2022\Community\MSBuild\Microsoft\VC\v170\Microsoft.CppBuild.targets" のターゲット "ClCompile" をプロジェクト "C:\Program Files\Microsoft Visual Studio\2022\Community\MSBuild\Microsoft\VC\v170\Microsoft.CppCommon.targets" からのターゲット "ClCompile" でオーバーライドしています。
プロジェクト "C:\Program Files\Microsoft Visual Studio\2022\Community\MSBuild\Microsoft\VC\v170\Microsoft.CppBuild.targets" のターゲット "Link" をプロジェクト "C:\Program Files\Microsoft Visual Studio\2022\Community\MSBuild\Microsoft\VC\v170\Microsoft.CppCommon.targets" からのターゲット "Link" でオーバーライドしています。
プロジェクト "C:\Program Files\Microsoft Visual Studio\2022\Community\MSBuild\Microsoft\VC\v170\Microsoft.CppBuild.targets" のターゲット "Lib" をプロジェクト "C:\Program Files\Microsoft Visual Studio\2022\Community\MSBuild\Microsoft\VC\v170\Microsoft.CppCommon.targets" からのターゲット "Lib" でオーバーライドしています。
プロジェクト "C:\Program Files\Microsoft Visual Studio\2022\Community\MSBuild\Microsoft\VC\v170\Microsoft.CppBuild.targets" のターゲット "ImpLib" をプロジェクト "C:\Program Files\Microsoft Visual Studio\2022\Community\MSBuild\Microsoft\VC\v170\Microsoft.CppCommon.targets" からのターゲット "ImpLib" でオーバーライドしています。
プロジェクト "C:\Program Files\Microsoft Visual Studio\2022\Community\MSBuild\Microsoft\VC\v170\Microsoft.CppBuild.targets" のターゲット "Midl" をプロジェクト "C:\Program Files\Microsoft Visual Studio\2022\Community\MSBuild\Microsoft\VC\v170\Microsoft.CppCommon.targets" からのターゲット "Midl" でオーバーライドしています。
プロジェクト "C:\Program Files\Microsoft Visual Studio\2022\Community\MSBuild\Microsoft\VC\v170\Microsoft.CppBuild.targets" のターゲット "ResourceCompile" をプロジェクト "C:\Program Files\Microsoft Visual Studio\2022\Community\MSBuild\Microsoft\VC\v170\Microsoft.CppCommon.targets" からのターゲット "ResourceCompile" でオーバーライドしています。
プロジェクト "C:\Program Files\Microsoft Visual Studio\2022\Community\MSBuild\Current\Bin\Microsoft.Common.CurrentVersion.targets" のターゲット "BeforeResGen" をプロジェクト "C:\Program Files\Microsoft Visual Studio\2022\Community\MSBuild\Microsoft\VC\v170\Microsoft.CppCommon.targets" からのターゲット "BeforeResGen" でオーバーライドしています。
プロジェクト "C:\Program Files\Microsoft Visual Studio\2022\Community\MSBuild\Current\Bin\Microsoft.Common.CurrentVersion.targets" のターゲット "ResGen" をプロジェクト "C:\Program Files\Microsoft Visual Studio\2022\Community\MSBuild\Microsoft\VC\v170\Microsoft.CppCommon.targets" からのターゲット "ResGen" でオーバーライドしています。
プロジェクト "C:\Program Files\Microsoft Visual Studio\2022\Community\MSBuild\Current\Bin\Microsoft.Common.CurrentVersion.targets" のターゲット "GenerateSatelliteAssemblies" をプロジェクト "C:\Program Files\Microsoft Visual Studio\2022\Community\MSBuild\Microsoft\VC\v170\Microsoft.CppCommon.targets" からのターゲット "GenerateSatelliteAssemblies" でオーバーライドしています。
プロジェクト "C:\Program Files\Microsoft Visual Studio\2022\Community\MSBuild\Microsoft\VC\v170\Microsoft.CppBuild.targets" のターゲット "Manifest" をプロジェクト "C:\Program Files\Microsoft Visual Studio\2022\Community\MSBuild\Microsoft\VC\v170\Microsoft.CppCommon.targets" からのターゲット "Manifest" でオーバーライドしています。
プロジェクト "C:\Program Files\Microsoft Visual Studio\2022\Community\MSBuild\Microsoft\VC\v170\Microsoft.CppBuild.targets" のターゲット "XdcMake" をプロジェクト "C:\Program Files\Microsoft Visual Studio\2022\Community\MSBuild\Microsoft\VC\v170\Microsoft.CppCommon.targets" からのターゲット "XdcMake" でオーバーライドしています。
プロジェクト "C:\Program Files\Microsoft Visual Studio\2022\Community\MSBuild\Microsoft\VC\v170\Microsoft.CppBuild.targets" のターゲット "BscMake" をプロジェクト "C:\Program Files\Microsoft Visual Studio\2022\Community\MSBuild\Microsoft\VC\v170\Microsoft.CppCommon.targets" からのターゲット "BscMake" でオーバーライドしています。
プロジェクト "C:\Program Files\Microsoft Visual Studio\2022\Community\MSBuild\Microsoft\VC\v170\Microsoft.MetaGen.targets" のターゲット "ComputeMetaGenInputs" をプロジェクト "C:\Program Files\Microsoft Visual Studio\2022\Community\MSBuild\Microsoft\VC\v170\Microsoft.CppCommon.targets" からのターゲット "ComputeMetaGenInputs" でオーバーライドしています。
プロジェクト "C:\Program Files\Microsoft Visual Studio\2022\Community\MSBuild\Current\Bin\Microsoft.Common.CurrentVersion.targets" のターゲット "GetNativeManifest" をプロジェクト "C:\Program Files\Microsoft Visual Studio\2022\Community\MSBuild\Microsoft\VC\v170\Microsoft.CppCommon.targets" からのターゲット "GetNativeManifest" でオーバーライドしています。
プロジェクト "C:\Program Files\Microsoft Visual Studio\2022\Community\MSBuild\Current\Bin\Microsoft.Common.CurrentVersion.targets" のターゲット "GetTargetPathWithTargetPlatformMoniker" をプロジェクト "C:\Program Files\Microsoft Visual Studio\2022\Community\MSBuild\Microsoft\VC\v170\Microsoft.Cpp.DesignTime.targets" からのターゲット "GetTargetPathWithTargetPlatformMoniker" でオーバーライドしています。
"C:\Program Files\Microsoft Visual Studio\2022\Community\MSBuild\Microsoft\VisualStudio\WebTools.Aspire\Microsoft.WebTools.Aspire.targets (44,11)" にある BeforeTargets 属性に一覧表示されているターゲット "CompileDesignTime" はプロジェクト内に存在しないため、無視されます。
"C:\Program Files\Microsoft Visual Studio\2022\Community\MSBuild\Microsoft\VisualStudio\WebTools.Aspire\Microsoft.WebTools.Aspire.targets (57,11)" にある BeforeTargets 属性に一覧表示されているターゲット "CompileDesignTime" はプロジェクト内に存在しないため、無視されます。
プロジェクト "C:\Users\bluec\Kamata\TakeCEngine\project\DirectXGame.vcxproj" (2) は、ノード 1 上に "C:\Users\bluec\Kamata\TakeCEngine\project\externals\DirectXTex\DirectXTex_Desktop_2022_Win10.vcxproj" (3) をビルドしています (既定のターゲット)。
プロジェクト ファイルに ToolsVersion="15.0" が含まれています。このツールセットは不明であるか存在しません。この場合、適切なバージョンの MSBuild をインストールすることによって、この問題を解決できる可能性があります。または、ポリシー上の理由で、ビルドが特定の ToolsVersion に強制的に追加された可能性があります。プロジェクトを ToolsVersion="Current" として扱います。詳細については、http://go.microsoft.com/fwlink/?LinkId=293424 を参照してください。
false 条件により、ターゲット "EnableIntermediateOutputPathMismatchWarning" を省略しました。('$(RestoreProjectStyle)' == 'PackageReference') は ('' == 'PackageReference') として評価されました。
ファイル "C:\Program Files\Microsoft Visual Studio\2022\Community\MSBuild\Current\Bin\Microsoft.Common.CurrentVersion.targets" 内にある、プロジェクト "C:\Users\bluec\Kamata\TakeCEngine\project\externals\DirectXTex\DirectXTex_Desktop_2022_Win10.vcxproj" からのターゲット "_CheckForInvalidConfigurationAndPlatform" (ターゲット "SetTelemetryEnvironmentVariables" は依存):
false 条件のため、タスク "MSBuildInternalMessage" を省略しました。('$(_InvalidConfigurationMessageSeverity)' != '') は ('' != '') として評価されました。
タスク "Message"
  Configuration=Debug
タスク "Message" の実行が終了しました。
タスク "Message"
  Platform=x64
タスク "Message" の実行が終了しました。
false 条件のため、タスク "MSBuildInternalMessage" を省略しました。('$(OutDir)' != '' and !HasTrailingSlash('$(OutDir)')) は ('C:\Users\bluec\Kamata\TakeCEngine\project\..\generated\outputs\Debug\' != '' and !HasTrailingSlash('C:\Users\bluec\Kamata\TakeCEngine\project\..\generated\outputs\Debug\')) として評価されました。
false 条件のため、タスク "MSBuildInternalMessage" を省略しました。('$(IntermediateOutputPath)' != '' and !HasTrailingSlash('$(IntermediateOutputPath)')) は ('C:\Users\bluec\Kamata\TakeCEngine\project\..\generated\obj\DirectXTex\Debug\' != '' and !HasTrailingSlash('C:\Users\bluec\Kamata\TakeCEngine\project\..\generated\obj\DirectXTex\Debug\')) として評価されました。
false 条件のため、タスク "MSBuildInternalMessage" を省略しました。('$(BaseIntermediateOutputPath)' != '' and !HasTrailingSlash('$(BaseIntermediateOutputPath)')) は ('obj\' != '' and !HasTrailingSlash('obj\')) として評価されました。
false 条件のため、タスク "MSBuildInternalMessage" を省略しました。( '$(Prefer32Bit)' == 'true' and '$(PreferNativeArm64)' == 'true' ) は ( '' == 'true' and '' == 'true' ) として評価されました。
false 条件のため、タスク "MSBuildInternalMessage" を省略しました。( '$(NoWin32Manifest)' == 'true' and '$(PreferNativeArm64)' == 'true' ) は ( '' == 'true' and '' == 'true' ) として評価されました。
false 条件のため、タスク "MSBuildInternalMessage" を省略しました。( '$(PreferNativeArm64)' == 'true' and '$(Platform)' != 'AnyCPU' ) は ( '' == 'true' and 'x64' != 'AnyCPU' ) として評価されました。
false 条件のため、タスク "MSBuildInternalMessage" を省略しました。( '$(_InitialMSBuildProjectExtensionsPath)' != '' And '$(MSBuildProjectExtensionsPath)' != '$(_InitialMSBuildProjectExtensionsPath)' ) は ( 'C:\Users\bluec\Kamata\TakeCEngine\project\externals\DirectXTex\obj\' != '' And 'C:\Users\bluec\Kamata\TakeCEngine\project\externals\DirectXTex\obj\' != 'C:\Users\bluec\Kamata\TakeCEngine\project\externals\DirectXTex\obj\' ) として評価されました。
false 条件のため、タスク "MSBuildInternalMessage" を省略しました。( '$(EnableBaseIntermediateOutputPathMismatchWarning)' == 'true' And '$(_InitialBaseIntermediateOutputPath)' != '$(BaseIntermediateOutputPath)' And '$(BaseIntermediateOutputPath)' != '$(MSBuildProjectExtensionsPath)' ) は ( '' == 'true' And 'obj\' != 'obj\' And 'obj\' != 'C:\Users\bluec\Kamata\TakeCEngine\project\externals\DirectXTex\obj\' ) として評価されました。
プロジェクト "DirectXTex_Desktop_2022_Win10.vcxproj" 内のターゲット "_CheckForInvalidConfigurationAndPlatform" のビルドが終了しました。
ターゲット "_CheckForInvalidConfigurationAndPlatform" を省略しました。以前に正しくビルドされていました。
ファイル "C:\Program Files\Microsoft Visual Studio\2022\Community\MSBuild\Microsoft\VC\v170\Microsoft.Cpp.DesignTime.targets" 内にある、プロジェクト "C:\Users\bluec\Kamata\TakeCEngine\project\externals\DirectXTex\DirectXTex_Desktop_2022_Win10.vcxproj" からのターゲット "SetTelemetryEnvironmentVariables" (ターゲット "Build" は依存):
"SetEnv" タスクをアセンブリ "C:\Program Files\Microsoft Visual Studio\2022\Community\MSBuild\Microsoft\VC\v170\Microsoft.Build.CppTasks.Common.dll" から使用しています。
タスク "SetEnv"
  VSTEL_SolutionSessionID=
タスク "SetEnv" の実行が終了しました。
タスク "SetEnv"
  VSTEL_CurrentSolutionBuildID=
タスク "SetEnv" の実行が終了しました。
タスク "SetEnv"
  VSTEL_ProjectID={371B9FA9-4C90-4AC6-A123-ACED756D6C77}
タスク "SetEnv" の実行が終了しました。
タスク "SetEnv"
  VSTEL_SolutionPath=C:\Users\bluec\Kamata\TakeCEngine\project\DirectXGame.sln
タスク "SetEnv" の実行が終了しました。
タスク "SetEnv"
  VSTEL_MSBuildProjectFullPath=C:\Users\bluec\Kamata\TakeCEngine\project\externals\DirectXTex\DirectXTex_Desktop_2022_Win10.vcxproj
タスク "SetEnv" の実行が終了しました。
プロジェクト "DirectXTex_Desktop_2022_Win10.vcxproj" 内のターゲット "SetTelemetryEnvironmentVariables" のビルドが終了しました。
ファイル "C:\Program Files\Microsoft Visual Studio\2022\Community\MSBuild\Microsoft\VC\v170\Microsoft.BuildSteps.Targets" 内にある、プロジェクト "C:\Users\bluec\Kamata\TakeCEngine\project\externals\DirectXTex\DirectXTex_Desktop_2022_Win10.vcxproj" からのターゲット "_PrepareForBuild" (ターゲット "Build" は依存):
false 条件のため、タスク "CreateItem" を省略しました。('%(CustomBuild.IncludeFileToTool)'!='') は (''!='') として評価されました。
プロジェクト "DirectXTex_Desktop_2022_Win10.vcxproj" 内のターゲット "_PrepareForBuild" のビルドが終了しました。
ファイル "C:\Program Files\Microsoft Visual Studio\2022\Community\MSBuild\Microsoft\VC\v170\Microsoft.CppBuild.targets" 内にある、プロジェクト "C:\Users\bluec\Kamata\TakeCEngine\project\externals\DirectXTex\DirectXTex_Desktop_2022_Win10.vcxproj" からのターゲット "_PrepareForReferenceResolution" (ターゲット "ResolveReferences" は依存):
false 条件のため、タスク "VCMessage" を省略しました。('$(WarnAboutIndividualManagedFiles)' == 'true') は ('' == 'true') として評価されました。
false 条件のため、タスク "VCMessage" を省略しました。('$(UseDynamicDebugging)' == 'true' and '$(WholeProgramOptimization)' == 'true') は ('false' == 'true' and 'false' == 'true') として評価されました。
false 条件のため、タスク "Message" を省略しました。('$(_REFERENCE_DEBUG)'=='true') は (''=='true') として評価されました。
プロジェクト "DirectXTex_Desktop_2022_Win10.vcxproj" 内のターゲット "_PrepareForReferenceResolution" のビルドが終了しました。
false 条件により、ターゲット "ComputeCrtSDKReference" を省略しました。('@(ClCompile)'!='' and '$(WindowsAppContainer)'=='true' and '$(UseCrtSDKReference)' != 'false') は ('BC.cpp;BC4BC5.cpp;BC6HBC7.cpp;...'!='' and 'false'=='true' and '' != 'false') として評価されました。
ファイル "C:\Program Files\Microsoft Visual Studio\2022\Community\MSBuild\Current\Bin\Microsoft.Common.CurrentVersion.targets" 内にある、プロジェクト "C:\Users\bluec\Kamata\TakeCEngine\project\externals\DirectXTex\DirectXTex_Desktop_2022_Win10.vcxproj" からのターゲット "BeforeResolveReferences" (ターゲット "ResolveReferences" は依存):
プロジェクト "DirectXTex_Desktop_2022_Win10.vcxproj" 内のターゲット "BeforeResolveReferences" のビルドが終了しました。
ファイル "C:\Program Files\Microsoft Visual Studio\2022\Community\MSBuild\Current\Bin\Microsoft.Common.CurrentVersion.targets" 内にある、プロジェクト "C:\Users\bluec\Kamata\TakeCEngine\project\externals\DirectXTex\DirectXTex_Desktop_2022_Win10.vcxproj" からのターゲット "IgnoreJavaScriptOutputAssembly" (ターゲット "AssignProjectConfiguration" は依存):
プロジェクト "DirectXTex_Desktop_2022_Win10.vcxproj" 内のターゲット "IgnoreJavaScriptOutputAssembly" のビルドが終了しました。
ファイル "C:\Program Files\Microsoft Visual Studio\2022\Community\MSBuild\Current\Bin\Microsoft.Common.CurrentVersion.targets" 内にある、プロジェクト "C:\Users\bluec\Kamata\TakeCEngine\project\externals\DirectXTex\DirectXTex_Desktop_2022_Win10.vcxproj" からのターゲット "AssignProjectConfiguration" (ターゲット "ResolveReferences" は依存):
タスク "AssignProjectConfiguration"
タスク "AssignProjectConfiguration" の実行が終了しました。
プロジェクト "DirectXTex_Desktop_2022_Win10.vcxproj" 内のターゲット "AssignProjectConfiguration" のビルドが終了しました。
ターゲット "AssignProjectConfiguration" を省略しました。以前に正しくビルドされていました。
ファイル "C:\Program Files\Microsoft Visual Studio\2022\Community\MSBuild\Current\Bin\Microsoft.Common.CurrentVersion.targets" 内にある、プロジェクト "C:\Users\bluec\Kamata\TakeCEngine\project\externals\DirectXTex\DirectXTex_Desktop_2022_Win10.vcxproj" からのターゲット "_SplitProjectReferencesByFileExistence" (ターゲット "PrepareProjectReferences" は依存):
false 条件のため、タスク "ResolveNonMSBuildProjectOutput" を省略しました。('$(BuildingInsideVisualStudio)'=='true' and '@(ProjectReferenceWithConfiguration)'!='') は (''=='true' and ''!='') として評価されました。
プロジェクト "DirectXTex_Desktop_2022_Win10.vcxproj" 内のターゲット "_SplitProjectReferencesByFileExistence" のビルドが終了しました。
ファイル "C:\Program Files\Microsoft Visual Studio\2022\Community\MSBuild\Current\Bin\Microsoft.Common.CurrentVersion.targets" 内にある、プロジェクト "C:\Users\bluec\Kamata\TakeCEngine\project\externals\DirectXTex\DirectXTex_Desktop_2022_Win10.vcxproj" からのターゲット "_AddOutputPathToGlobalPropertiesToRemove" (ターゲット "_GetProjectReferenceTargetFrameworkProperties" は依存):
プロジェクト "DirectXTex_Desktop_2022_Win10.vcxproj" 内のターゲット "_AddOutputPathToGlobalPropertiesToRemove" のビルドが終了しました。
ファイル "C:\Program Files\Microsoft Visual Studio\2022\Community\MSBuild\Current\Bin\Microsoft.Common.CurrentVersion.targets" 内にある、プロジェクト "C:\Users\bluec\Kamata\TakeCEngine\project\externals\DirectXTex\DirectXTex_Desktop_2022_Win10.vcxproj" からのターゲット "_GetProjectReferenceTargetFrameworkProperties" (ターゲット "PrepareProjectReferences" は依存):
タスク "MSBuild"
タスク "MSBuild" の実行が終了しました。
false 条件のため、タスク "MSBuild" を省略しました。('%(_MSBuildProjectReferenceExistent.SkipGetTargetFrameworkProperties)' != 'true' and '$(EnableDynamicPlatformResolution)' == 'true') は ('' != 'true' and '' == 'true') として評価されました。
false 条件のため、タスク "GetReferenceNearestTargetFrameworkTask" を省略しました。('@(_ProjectReferenceTargetFrameworkPossibilities)' != '' and '$(ReferringTargetFrameworkForProjectReferences)' != ''
                                                        And '$(GetReferenceNearestTargetFrameworkTaskSupportsTargetPlatformParameter)' == 'true' and '%(_ProjectReferenceTargetFrameworkPossibilities.IsVcxOrNativeProj)' != 'true') は ('' != '' and '' != ''
                                                        And 'true' == 'true' and '' != 'true') として評価されました。
false 条件のため、タスク "GetReferenceNearestTargetFrameworkTask" を省略しました。('@(_ProjectReferenceTargetFrameworkPossibilities)' != '' and '$(ReferringTargetFrameworkForProjectReferences)' != ''
                                                        And '$(GetReferenceNearestTargetFrameworkTaskSupportsTargetPlatformParameter)' != 'true' and '%(_ProjectReferenceTargetFrameworkPossibilities.IsVcxOrNativeProj)' != 'true') は ('' != '' and '' != ''
                                                        And 'true' != 'true' and '' != 'true') として評価されました。
タスク "SetRidAgnosticValueForProjects"
タスク "SetRidAgnosticValueForProjects" の実行が終了しました。
プロジェクト "DirectXTex_Desktop_2022_Win10.vcxproj" 内のターゲット "_GetProjectReferenceTargetFrameworkProperties" のビルドが終了しました。
false 条件により、ターゲット "_GetProjectReferencePlatformProperties" を省略しました。('$(EnableDynamicPlatformResolution)' == 'true'
                     and '@(_MSBuildProjectReferenceExistent)' != '') は ('' == 'true'
                     and '' != '') として評価されました。
ファイル "C:\Program Files\Microsoft Visual Studio\2022\Community\MSBuild\Current\Bin\Microsoft.Common.CurrentVersion.targets" 内にある、プロジェクト "C:\Users\bluec\Kamata\TakeCEngine\project\externals\DirectXTex\DirectXTex_Desktop_2022_Win10.vcxproj" からのターゲット "PrepareProjectReferences" (ターゲット "ResolveProjectReferences" は依存):
プロジェクト "DirectXTex_Desktop_2022_Win10.vcxproj" 内のターゲット "PrepareProjectReferences" のビルドが終了しました。
false 条件により、ターゲット "_RemoveNameMetadataFromProjectReferenceItems" を省略しました。('@(ProjectReference)'!='') は (''!='') として評価されました。
false 条件により、ターゲット "UpdateProjectReferenceBuildTargets" を省略しました。('@(_MSBuildProjectReferenceExistent)' != '' and '$(BuildingXReferences)' == 'true') は ('' != '' and '' == 'true') として評価されました。
ファイル "C:\Program Files\Microsoft Visual Studio\2022\Community\MSBuild\Current\Bin\Microsoft.Common.CurrentVersion.targets" 内にある、プロジェクト "C:\Users\bluec\Kamata\TakeCEngine\project\externals\DirectXTex\DirectXTex_Desktop_2022_Win10.vcxproj" からのターゲット "ResolveProjectReferences" (ターゲット "ResolveReferences" は依存):
false 条件のため、タスク "MSBuild" を省略しました。('%(_MSBuildProjectReferenceExistent.BuildReference)' == 'true' and '@(ProjectReferenceWithConfiguration)' != '' and ('$(BuildingInsideVisualStudio)' == 'true' or '$(BuildProjectReferences)' != 'true') and '$(VisualStudioVersion)' != '10.0' and '@(_MSBuildProjectReferenceExistent)' != '') は ('' == 'true' and '' != '' and ('' == 'true' or 'true' != 'true') and '17.0' != '10.0' and '' != '') として評価されました。
false 条件のため、タスク "MSBuild" を省略しました。('%(_MSBuildProjectReferenceExistent.BuildReference)' == 'true' and '@(ProjectReferenceWithConfiguration)' != '' and '$(BuildingInsideVisualStudio)' != 'true' and '$(BuildProjectReferences)' == 'true' and '@(_MSBuildProjectReferenceExistent)' != '') は ('' == 'true' and '' != '' and '' != 'true' and 'true' == 'true' and '' != '') として評価されました。
false 条件のため、タスク "MSBuild" を省略しました。('%(_MSBuildProjectReferenceExistent.BuildReference)' == 'true' and '@(ProjectReferenceWithConfiguration)' != '' and '$(BuildingProject)' == 'true' and '@(_MSBuildProjectReferenceExistent)' != '') は ('' == 'true' and '' != '' and 'true' == 'true' and '' != '') として評価されました。
false 条件のため、タスク "MSBuildInternalMessage" を省略しました。('$(_NonExistentProjectReferenceSeverity)' != '') は ('' != '') として評価されました。
プロジェクト "DirectXTex_Desktop_2022_Win10.vcxproj" 内のターゲット "ResolveProjectReferences" のビルドが終了しました。
false 条件により、ターゲット "FindInvalidProjectReferences" を省略しました。('$(FindInvalidProjectReferences)' == 'true') は ('' == 'true') として評価されました。
false 条件により、ターゲット "ResolveNativeReferences" を省略しました。('@(NativeReference)'!='') は (''!='') として評価されました。
ターゲット "_PrepareForReferenceResolution" を省略しました。以前に正しくビルドされていました。
ターゲット "ResolveProjectReferences" を省略しました。以前に正しくビルドされていました。
false 条件により、ターゲット "FindInvalidProjectReferences" を省略しました。('$(FindInvalidProjectReferences)' == 'true') は ('' == 'true') として評価されました。
ファイル "C:\Program Files\Microsoft Visual Studio\2022\Community\MSBuild\Current\Bin\Microsoft.Common.CurrentVersion.targets" 内にある、プロジェクト "C:\Users\bluec\Kamata\TakeCEngine\project\externals\DirectXTex\DirectXTex_Desktop_2022_Win10.vcxproj" からのターゲット "GetFrameworkPaths" (ターゲット "ResolveAssemblyReferences" は依存):
プロジェクト "DirectXTex_Desktop_2022_Win10.vcxproj" 内のターゲット "GetFrameworkPaths" のビルドが終了しました。
ターゲット "_PrepareForReferenceResolution" を省略しました。以前に正しくビルドされていました。
ターゲット "GetFrameworkPaths" を省略しました。以前に正しくビルドされていました。
ファイル "C:\Program Files\Microsoft Visual Studio\2022\Community\MSBuild\Current\Bin\Microsoft.Common.CurrentVersion.targets" 内にある、プロジェクト "C:\Users\bluec\Kamata\TakeCEngine\project\externals\DirectXTex\DirectXTex_Desktop_2022_Win10.vcxproj" からのターゲット "GetReferenceAssemblyPaths" (ターゲット "ResolveAssemblyReferences" は依存):
false 条件のため、タスク "GetReferenceAssemblyPaths" を省略しました。('$(TargetFrameworkMoniker)' != '' and ('$(_TargetFrameworkDirectories)' == '' or '$(_FullFrameworkReferenceAssemblyPaths)' == '')) は ('' != '' and ('' == '' or '' == '')) として評価されました。
C:\Program Files\Microsoft Visual Studio\2022\Community\MSBuild\Current\Bin\Microsoft.Common.CurrentVersion.targets(1284,7): message : プロパティの再代入: $(AssemblySearchPaths)="{CandidateAssemblyFiles};C:\Program Files\Microsoft Visual Studio\2022\Community\VC\Tools\MSVC\14.44.35207\atlmfc\lib\x64;;C:\Program Files\Microsoft Visual Studio\2022\Community\VC\Tools\MSVC\14.44.35207\lib\x64;;{HintPathFromItem};{TargetFrameworkDirectory};{AssemblyFoldersFromConfig:C:\Program Files\Microsoft Visual Studio\2022\Community\MSBuild\Current\Bin\AssemblyFolders.config,};;{Registry:Software\Microsoft\,,AssemblyFoldersEx};;{GAC};{RawFileName};C:\Users\bluec\Kamata\TakeCEngine\project\..\generated\outputs\Debug\" (以前の値: "{CandidateAssemblyFiles};C:\Program Files\Microsoft Visual Studio\2022\Community\VC\Tools\MSVC\14.44.35207\atlmfc\lib\x64;;C:\Program Files\Microsoft Visual Studio\2022\Community\VC\Tools\MSVC\14.44.35207\lib\x64;;{HintPathFromItem};{TargetFrameworkDirectory};{AssemblyFoldersFromConfig:C:\Program Files\Microsoft Visual Studio\2022\Community\MSBuild\Current\Bin\AssemblyFolders.config,};;{Registry:Software\Microsoft\,,AssemblyFoldersEx};{AssemblyFolders};{GAC};{RawFileName};C:\Users\bluec\Kamata\TakeCEngine\project\..\generated\outputs\Debug\") C:\Program Files\Microsoft Visual Studio\2022\Community\MSBuild\Current\Bin\Microsoft.Common.CurrentVersion.targets (1284,7) [C:\Users\bluec\Kamata\TakeCEngine\project\externals\DirectXTex\DirectXTex_Desktop_2022_Win10.vcxproj]
プロジェクト "DirectXTex_Desktop_2022_Win10.vcxproj" 内のターゲット "GetReferenceAssemblyPaths" のビルドが終了しました。
ファイル "C:\Program Files\Microsoft Visual Studio\2022\Community\MSBuild\Microsoft\VC\v170\Microsoft.Cpp.Current.targets" 内にある、プロジェクト "C:\Users\bluec\Kamata\TakeCEngine\project\externals\DirectXTex\DirectXTex_Desktop_2022_Win10.vcxproj" からのターゲット "AddExternalIncludDirectoriesToPaths" (ターゲット "SetBuildDefaultEnvironmentVariables" は依存):
プロジェクト "DirectXTex_Desktop_2022_Win10.vcxproj" 内のターゲット "AddExternalIncludDirectoriesToPaths" のビルドが終了しました。
ファイル "C:\Program Files\Microsoft Visual Studio\2022\Community\MSBuild\Microsoft\VC\v170\Microsoft.Cpp.Current.targets" 内にある、プロジェクト "C:\Users\bluec\Kamata\TakeCEngine\project\externals\DirectXTex\DirectXTex_Desktop_2022_Win10.vcxproj" からのターゲット "SetBuildDefaultEnvironmentVariables" (ターゲット "PrepareForBuild" は依存):
タスク "SetEnv"
  PATH=C:\Program Files\Microsoft Visual Studio\2022\Community\VC\Tools\MSVC\14.44.35207\bin\HostX64\x64;C:\Program Files (x86)\Windows Kits\10\bin\10.0.26100.0\x64;;C:\Program Files (x86)\Microsoft SDKs\Windows\v10.0A\bin\NETFX 4.8.1 Tools\x64;C:\Program Files (x86)\Windows Kits\10\bin\10.0.26100.0\x86;;C:\Program Files (x86)\Microsoft SDKs\Windows\v10.0A\bin\NETFX 4.8.1 Tools;C:\Program Files\Microsoft Visual Studio\2022\Community\Common7\tools;C:\Program Files\Microsoft Visual Studio\2022\Community\Common7\ide;C:\Program Files (x86)\HTML Help Workshop;;C:\Program Files\Microsoft Visual Studio\2022\Community\MSBuild\Current\Bin;C:\WINDOWS\Microsoft.NET\Framework64\v4.0.30319\;C:\WINDOWS\Microsoft.NET\Framework\v4.0.30319\;C:\Program Files\Microsoft Visual Studio\2022\Community\MSBuild\Current\Bin;C:\WINDOWS\Microsoft.NET\Framework\v4.0.30319\;;C:\Program Files\PowerShell\7;C:\Windows\system32;C:\Windows;C:\Windows\System32\Wbem;C:\Windows\System32\WindowsPowerShell\v1.0\;C:\Windows\System32\OpenSSH\;C:\Program Files (x86)\NVIDIA Corporation\PhysX\Common;C:\WINDOWS\system32;C:\WINDOWS;C:\WINDOWS\System32\Wbem;C:\WINDOWS\System32\WindowsPowerShell\v1.0\;C:\WINDOWS\System32\OpenSSH\;C:\Program Files\dotnet\;C:\Program Files\Microsoft SQL Server\150\Tools\Binn\;C:\Program Files\Microsoft SQL Server\Client SDK\ODBC\170\Tools\Binn\;C:\Program Files (x86)\Windows Kits\10\Windows Performance Toolkit\;C:\Program Files\Git\cmd;C:\Program Files\NVIDIA Corporation\NVIDIA App\NvDLISR;C:\Program Files\PowerShell\7\;C:\Users\bluec\AppData\Local\Programs\Python\Launcher\;C:\Users\bluec\AppData\Local\Microsoft\WindowsApps;C:\Users\bluec\AppData\Local\Programs\Microsoft VS Code\bin;C:\Users\bluec\AppData\Local\GitHubDesktop\bin;C:\Users\bluec\AppData\Local\Programs\Antigravity\bin;C:\Users\bluec\.dotnet\tools;c:\Users\bluec\.antigravity\extensions\ms-python.debugpy-2025.14.1-win32-x64\bundled\scripts\noConfigScripts;
C:\Program Files\Microsoft Visual Studio\2022\Community\MSBuild\Microsoft\VC\v170\Microsoft.Cpp.Current.targets(101,7): message : プロパティの再代入: $(Path)="C:\Program Files\Microsoft Visual Studio\2022\Community\VC\Tools\MSVC\14.44.35207\bin\HostX64\x64%3bC:\Program Files %28x86%29\Windows Kits\10\bin\10.0.26100.0\x64%3b%3bC:\Program Files %28x86%29\Microsoft SDKs\Windows\v10.0A\bin\NETFX 4.8.1 Tools\x64%3bC:\Program Files %28x86%29\Windows Kits\10\bin\10.0.26100.0\x86%3b%3bC:\Program Files %28x86%29\Microsoft SDKs\Windows\v10.0A\bin\NETFX 4.8.1 Tools%3bC:\Program Files\Microsoft Visual Studio\2022\Community\Common7\tools%3bC:\Program Files\Microsoft Visual Studio\2022\Community\Common7\ide%3bC:\Program Files %28x86%29\HTML Help Workshop%3b%3bC:\Program Files\Microsoft Visual Studio\2022\Community\MSBuild\Current\Bin%3bC:\WINDOWS\Microsoft.NET\Framework64\v4.0.30319\%3bC:\WINDOWS\Microsoft.NET\Framework\v4.0.30319\%3bC:\Program Files\Microsoft Visual Studio\2022\Community\MSBuild\Current\Bin%3bC:\WINDOWS\Microsoft.NET\Framework\v4.0.30319\%3b%3bC:\Program Files\PowerShell\7%3bC:\Windows\system32%3bC:\Windows%3bC:\Windows\System32\Wbem%3bC:\Windows\System32\WindowsPowerShell\v1.0\%3bC:\Windows\System32\OpenSSH\%3bC:\Program Files %28x86%29\NVIDIA Corporation\PhysX\Common%3bC:\WINDOWS\system32%3bC:\WINDOWS%3bC:\WINDOWS\System32\Wbem%3bC:\WINDOWS\System32\WindowsPowerShell\v1.0\%3bC:\WINDOWS\System32\OpenSSH\%3bC:\Program Files\dotnet\%3bC:\Program Files\Microsoft SQL Server\150\Tools\Binn\%3bC:\Program Files\Microsoft SQL Server\Client SDK\ODBC\170\Tools\Binn\%3bC:\Program Files %28x86%29\Windows Kits\10\Windows Performance Toolkit\%3bC:\Program Files\Git\cmd%3bC:\Program Files\NVIDIA Corporation\NVIDIA App\NvDLISR%3bC:\Program Files\PowerShell\7\%3bC:\Users\bluec\AppData\Local\Programs\Python\Launcher\%3bC:\Users\bluec\AppData\Local\Microsoft\WindowsApps%3bC:\Users\bluec\AppData\Local\Programs\Microsoft VS Code\bin%3bC:\Users\bluec\AppData\Local\GitHubDesktop\bin%3bC:\Users\bluec\AppData\Local\Programs\Antigravity\bin%3bC:\Users\bluec\.dotnet\tools%3bc:\Users\bluec\.antigravity\extensions\ms-python.debugpy-2025.14.1-win32-x64\bundled\scripts\noConfigScripts%3b" (以前の値: "C:\Program Files\PowerShell\7;C:\Windows\system32;C:\Windows;C:\Windows\System32\Wbem;C:\Windows\System32\WindowsPowerShell\v1.0\;C:\Windows\System32\OpenSSH\;C:\Program Files (x86)\NVIDIA Corporation\PhysX\Common;C:\WINDOWS\system32;C:\WINDOWS;C:\WINDOWS\System32\Wbem;C:\WINDOWS\System32\WindowsPowerShell\v1.0\;C:\WINDOWS\System32\OpenSSH\;C:\Program Files\dotnet\;C:\Program Files\Microsoft SQL Server\150\Tools\Binn\;C:\Program Files\Microsoft SQL Server\Client SDK\ODBC\170\Tools\Binn\;C:\Program Files (x86)\Windows Kits\10\Windows Performance Toolkit\;C:\Program Files\Git\cmd;C:\Program Files\NVIDIA Corporation\NVIDIA App\NvDLISR;C:\Program Files\PowerShell\7\;C:\Users\bluec\AppData\Local\Programs\Python\Launcher\;C:\Users\bluec\AppData\Local\Microsoft\WindowsApps;C:\Users\bluec\AppData\Local\Programs\Microsoft VS Code\bin;C:\Users\bluec\AppData\Local\GitHubDesktop\bin;C:\Users\bluec\AppData\Local\Programs\Antigravity\bin;C:\Users\bluec\.dotnet\tools;c:\Users\bluec\.antigravity\extensions\ms-python.debugpy-2025.14.1-win32-x64\bundled\scripts\noConfigScripts") C:\Program Files\Microsoft Visual Studio\2022\Community\MSBuild\Microsoft\VC\v170\Microsoft.Cpp.Current.targets (101,7) [C:\Users\bluec\Kamata\TakeCEngine\project\externals\DirectXTex\DirectXTex_Desktop_2022_Win10.vcxproj]
タスク "SetEnv" の実行が終了しました。
タスク "SetEnv"
  LIB=C:\Program Files\Microsoft Visual Studio\2022\Community\VC\Tools\MSVC\14.44.35207\lib\x64;;C:\Program Files\Microsoft Visual Studio\2022\Community\VC\Tools\MSVC\14.44.35207\atlmfc\lib\x64;;C:\Program Files\Microsoft Visual Studio\2022\Community\VC\Auxiliary\VS\lib\x64;;C:\Program Files (x86)\Windows Kits\10\lib\10.0.26100.0\ucrt\x64;;;C:\Program Files\Microsoft Visual Studio\2022\Community\VC\Auxiliary\VS\UnitTest\lib;C:\Program Files (x86)\Windows Kits\10\lib\10.0.26100.0\um\x64;C:\Program Files (x86)\Windows Kits\NETFXSDK\4.8.1\lib\um\x64;
タスク "SetEnv" の実行が終了しました。
タスク "SetEnv"
  LIBPATH=C:\Program Files\Microsoft Visual Studio\2022\Community\VC\Tools\MSVC\14.44.35207\atlmfc\lib\x64;;C:\Program Files\Microsoft Visual Studio\2022\Community\VC\Tools\MSVC\14.44.35207\lib\x64;
タスク "SetEnv" の実行が終了しました。
タスク "SetEnv"
  INCLUDE=C:\Program Files\Microsoft Visual Studio\2022\Community\VC\Tools\MSVC\14.44.35207\include;;C:\Program Files\Microsoft Visual Studio\2022\Community\VC\Tools\MSVC\14.44.35207\atlmfc\include;;C:\Program Files\Microsoft Visual Studio\2022\Community\VC\Auxiliary\VS\include;;C:\Program Files (x86)\Windows Kits\10\Include\10.0.26100.0\ucrt;;;C:\Program Files\Microsoft Visual Studio\2022\Community\VC\Auxiliary\VS\UnitTest\include;C:\Program Files (x86)\Windows Kits\10\Include\10.0.26100.0\um;C:\Program Files (x86)\Windows Kits\10\Include\10.0.26100.0\shared;C:\Program Files (x86)\Windows Kits\10\Include\10.0.26100.0\winrt;C:\Program Files (x86)\Windows Kits\10\Include\10.0.26100.0\cppwinrt;C:\Program Files (x86)\Windows Kits\NETFXSDK\4.8.1\Include\um;
タスク "SetEnv" の実行が終了しました。
タスク "SetEnv"
  EXTERNAL_INCLUDE=C:\Program Files\Microsoft Visual Studio\2022\Community\VC\Tools\MSVC\14.44.35207\include;;C:\Program Files\Microsoft Visual Studio\2022\Community\VC\Tools\MSVC\14.44.35207\atlmfc\include;;C:\Program Files\Microsoft Visual Studio\2022\Community\VC\Auxiliary\VS\include;;C:\Program Files (x86)\Windows Kits\10\Include\10.0.26100.0\ucrt;;;C:\Program Files\Microsoft Visual Studio\2022\Community\VC\Auxiliary\VS\UnitTest\include;C:\Program Files (x86)\Windows Kits\10\Include\10.0.26100.0\um;C:\Program Files (x86)\Windows Kits\10\Include\10.0.26100.0\shared;C:\Program Files (x86)\Windows Kits\10\Include\10.0.26100.0\winrt;C:\Program Files (x86)\Windows Kits\10\Include\10.0.26100.0\cppwinrt;C:\Program Files (x86)\Windows Kits\NETFXSDK\4.8.1\Include\um;
タスク "SetEnv" の実行が終了しました。
プロジェクト "DirectXTex_Desktop_2022_Win10.vcxproj" 内のターゲット "SetBuildDefaultEnvironmentVariables" のビルドが終了しました。
false 条件により、ターゲット "SetUserMacroEnvironmentVariables" を省略しました。('@(BuildMacro)' != '' and '$(DesignTimeBuild)' != 'true') は ('' != '' and '' != 'true') として評価されました。
ターゲット "_PrepareForReferenceResolution" を省略しました。以前に正しくビルドされていました。
ファイル "C:\Program Files\Microsoft Visual Studio\2022\Community\MSBuild\Microsoft\VC\v170\Microsoft.CppBuild.targets" 内にある、プロジェクト "C:\Users\bluec\Kamata\TakeCEngine\project\externals\DirectXTex\DirectXTex_Desktop_2022_Win10.vcxproj" からのターゲット "GetResolvedWinMD" (ターゲット "PrepareForBuild" は依存):
プロジェクト "DirectXTex_Desktop_2022_Win10.vcxproj" 内のターゲット "GetResolvedWinMD" のビルドが終了しました。
ファイル "C:\Program Files\Microsoft Visual Studio\2022\Community\MSBuild\Microsoft\VC\v170\Microsoft.Cpp.WindowsSDK.targets" 内にある、プロジェクト "C:\Users\bluec\Kamata\TakeCEngine\project\externals\DirectXTex\DirectXTex_Desktop_2022_Win10.vcxproj" からのターゲット "_CheckWindowsSDKInstalled" (ターゲット "PrepareForBuild" は依存):
false 条件のため、タスク "VCMessage" を省略しました。('$(WindowsSDKInstalled)' != 'true') は ('true' != 'true') として評価されました。
false 条件のため、タスク "VCMessage" を省略しました。('$(Platform)' == 'ARM' and $([MSBuild]::VersionGreaterThanOrEquals('$(TargetPlatformVersion)','$(WindowsSdkVersionARMSupportRemoved)'))) は ('x64' == 'ARM' and True) として評価されました。
false 条件のため、タスク "VCMessage" を省略しました。('$(WindowsAppContainer)' != 'true' and '$(WindowsSDK_Desktop_Support)' != true) は ('false' != 'true' and 'true' != true) として評価されました。
プロジェクト "DirectXTex_Desktop_2022_Win10.vcxproj" 内のターゲット "_CheckWindowsSDKInstalled" のビルドが終了しました。
ターゲット "GetFrameworkPaths" を省略しました。以前に正しくビルドされていました。
ターゲット "GetReferenceAssemblyPaths" を省略しました。以前に正しくビルドされていました。
false 条件により、ターゲット "AssignLinkMetadata" を省略しました。( '$(SynthesizeLinkMetadata)' == 'true' ) は ( '' == 'true' ) として評価されました。
ファイル "C:\Program Files\Microsoft Visual Studio\2022\Community\MSBuild\Microsoft\VisualStudio\v17.0\CodeAnalysis\Microsoft.CodeAnalysis.targets" 内にある、プロジェクト "C:\Users\bluec\Kamata\TakeCEngine\project\externals\DirectXTex\DirectXTex_Desktop_2022_Win10.vcxproj" からのターゲット "SetCABuildNativeEnvironmentVariables" (ターゲット "PrepareForBuild" は依存):
タスク "SetEnv"
  CAExcludePath=C:\Program Files\Microsoft Visual Studio\2022\Community\VC\Tools\MSVC\14.44.35207\atlmfc\include;C:\Program Files\Microsoft Visual Studio\2022\Community\VC\Tools\MSVC\14.44.35207\include;C:\Program Files (x86)\Windows Kits\10\Include\10.0.26100.0\ucrt;;C:\Program Files (x86)\Windows Kits\10\Include\10.0.26100.0\um;C:\Program Files (x86)\Windows Kits\10\Include\10.0.26100.0\shared;C:\Program Files (x86)\Windows Kits\10\Include\10.0.26100.0\winrt;C:\Program Files (x86)\Windows Kits\10\Include\10.0.26100.0\cppwinrt;C:\Program Files (x86)\Windows Kits\NETFXSDK\4.8.1\Include\um;
タスク "SetEnv" の実行が終了しました。
false 条件のため、タスク "SetEnv" を省略しました。('$(RunMsvcAnalysis)'=='true' and '$(VCCodeAnalysisUX)'=='true') は ('false'=='true' and ''=='true') として評価されました。
プロジェクト "DirectXTex_Desktop_2022_Win10.vcxproj" 内のターゲット "SetCABuildNativeEnvironmentVariables" のビルドが終了しました。
プロジェクト "C:\Users\bluec\Kamata\TakeCEngine\project\externals\DirectXTex\DirectXTex_Desktop_2022_Win10.vcxproj" 内のターゲット"ATGEnsureShaders" (ターゲット "PrepareForBuild" は依存):
false 条件のため、タスク "Exec" を省略しました。(!Exists('Shaders/Compiled/BC6HEncode_EncodeBlockCS.inc')) は (!Exists('Shaders/Compiled/BC6HEncode_EncodeBlockCS.inc')) として評価されました。
プロジェクト "DirectXTex_Desktop_2022_Win10.vcxproj" 内のターゲット "ATGEnsureShaders" のビルドが終了しました。
ファイル "C:\Program Files\Microsoft Visual Studio\2022\Community\MSBuild\Microsoft\VC\v170\Microsoft.CppBuild.targets" 内にある、プロジェクト "C:\Users\bluec\Kamata\TakeCEngine\project\externals\DirectXTex\DirectXTex_Desktop_2022_Win10.vcxproj" からのターゲット "PrepareForBuild" (ターゲット "ResolveAssemblyReferences" は依存):
C:\Program Files\Microsoft Visual Studio\2022\Community\MSBuild\Microsoft\VC\v170\Microsoft.CppBuild.targets(429,7): message : プロパティの再代入: $(BuildProjectReferences)="false" (以前の値: "true") C:\Program Files\Microsoft Visual Studio\2022\Community\MSBuild\Microsoft\VC\v170\Microsoft.CppBuild.targets (429,7) [C:\Users\bluec\Kamata\TakeCEngine\project\externals\DirectXTex\DirectXTex_Desktop_2022_Win10.vcxproj]
false 条件のため、タスク "VCMessage" を省略しました。('$(PlatformToolset)' == '' and '$(DesignTimeBuild)' != 'true' and '$(_ToolsetFound)' != 'true') は ('v143' == '' and '' != 'true' and 'true' != 'true') として評価されました。
false 条件のため、タスク "VCMessage" を省略しました。('$(DesignTimeBuild)' != 'true' and '$(ConfigurationPlatformExists)' != 'true') は ('' != 'true' and 'true' != 'true') として評価されました。
false 条件のため、タスク "VCMessage" を省略しました。('$(ApplicationType)' == '' and '$(DesignTimeBuild)' != 'true' and '$(_ToolsetFound)' != 'true') は ('' == '' and '' != 'true' and 'true' != 'true') として評価されました。
false 条件のため、タスク "VCMessage" を省略しました。('$(ApplicationType)' != '' and '$(DesignTimeBuild)' != 'true' and '$(_ToolsetFound)' != 'true') は ('' != '' and '' != 'true' and 'true' != 'true') として評価されました。
"MakeDir" タスクをアセンブリ "Microsoft.Build.Tasks.Core, Version=15.1.0.0, Culture=neutral, PublicKeyToken=b03f5f7f11d50a3a" から使用しています。
タスク "MakeDir"
タスク "MakeDir" の実行が終了しました。
false 条件のため、タスク "VCMessage" を省略しました。('$(DesignTimeBuild)'!='true' and '$(WindowsAppContainer)'=='true' and '$(ConfigurationType)'!='Application' and '$(ConfigurationType)'!='DynamicLibrary' and '$(ConfigurationType)'!='StaticLibrary') は (''!='true' and 'false'=='true' and 'StaticLibrary'!='Application' and 'StaticLibrary'!='DynamicLibrary' and 'StaticLibrary'!='StaticLibrary') として評価されました。
false 条件のため、タスク "VCMessage" を省略しました。('$(DesignTimeBuild)'!='true' and '$(VCToolsInstallDir)'=='' and '$(UseEnv)' != 'true' and ('$(TargetFrameworkVersion)'=='v3.5' or '$(TargetFrameworkVersion)'=='v3.0' or '$(TargetFrameworkVersion)'=='v2.0' )) は (''!='true' and 'C:\Program Files\Microsoft Visual Studio\2022\Community\VC\Tools\MSVC\14.44.35207\'=='' and '' != 'true' and (''=='v3.5' or ''=='v3.0' or ''=='v2.0' )) として評価されました。
false 条件のため、タスク "VCMessage" を省略しました。('$(DesignTimeBuild)'!='true' and '$(VCToolsInstallDir)'=='' and '$(UseEnv)' != 'true' and '$(PlatformToolset)'=='v90') は (''!='true' and 'C:\Program Files\Microsoft Visual Studio\2022\Community\VC\Tools\MSVC\14.44.35207\'=='' and '' != 'true' and 'v143'=='v90') として評価されました。
"CheckVCToolsetVersion" タスクをアセンブリ "C:\Program Files\Microsoft Visual Studio\2022\Community\MSBuild\Microsoft\VC\v170\Microsoft.Build.CppTasks.Common.dll" から使用しています。
タスク "CheckVCToolsetVersion"
タスク "CheckVCToolsetVersion" の実行が終了しました。
false 条件のため、タスク "VCMessage" を省略しました。('$(CheckMFCInstalled)' == 'true' and !Exists($(MFC_KeyFile)) and '$(SpectreLibs)' == '') は ('' == 'true' and !Exists(C:\Program Files\Microsoft Visual Studio\2022\Community\VC\Tools\MSVC\14.44.35207\atlmfc\lib\x64\mfcs140.lib) and '' == '') として評価されました。
false 条件のため、タスク "VCMessage" を省略しました。('$(CheckMFCInstalled)' == 'true' and !Exists($(MFC_KeyFile)) and '$(SpectreLibs)' != '') は ('' == 'true' and !Exists(C:\Program Files\Microsoft Visual Studio\2022\Community\VC\Tools\MSVC\14.44.35207\atlmfc\lib\x64\mfcs140.lib) and '' != '') として評価されました。
false 条件のため、タスク "VCMessage" を省略しました。('$(CheckATLInstalled)' == 'true' and !Exists($(ATL_KeyFile)) and '$(SpectreLibs)' == '') は ('' == 'true' and !Exists(C:\Program Files\Microsoft Visual Studio\2022\Community\VC\Tools\MSVC\14.44.35207\atlmfc\lib\x64\atls.lib) and '' == '') として評価されました。
false 条件のため、タスク "VCMessage" を省略しました。('$(CheckATLInstalled)' == 'true' and !Exists($(ATL_KeyFile)) and '$(SpectreLibs)' != '') は ('' == 'true' and !Exists(C:\Program Files\Microsoft Visual Studio\2022\Community\VC\Tools\MSVC\14.44.35207\atlmfc\lib\x64\atls.lib) and '' != '') として評価されました。
false 条件のため、タスク "VCMessage" を省略しました。('$(DesignTimeBuild)' != 'true' and
                                                        '$(CheckMSVCComponents)'=='true' and
                                                        '$(SpectreMitigation)' != '' and
                                                        '$(SpectreMitigation)' != 'false' and
                                                        (('$(VC_Target_Library_Platform)' == 'OneCore' and !Exists('$(VC_LibraryPath_VC_OneCore_CurrentPlatform_spectre)')) or
                                                         ('$(VC_Target_Library_Platform)' == 'Desktop' and !Exists('$(VC_LibraryPath_VC_Desktop_CurrentPlatform_spectre)')))) は ('' != 'true' and
                                                        'true'=='true' and
                                                        'false' != '' and
                                                        'false' != 'false' and
                                                        (('Desktop' == 'OneCore' and !Exists('C:\Program Files\Microsoft Visual Studio\2022\Community\VC\Tools\MSVC\14.44.35207\lib\spectre\onecore\x64')) or
                                                         ('Desktop' == 'Desktop' and !Exists('C:\Program Files\Microsoft Visual Studio\2022\Community\VC\Tools\MSVC\14.44.35207\lib\spectre\x64')))) として評価されました。
false 条件のため、タスク "VCMessage" を省略しました。('$(DesignTimeBuild)'!='true' and '$(VCToolsInstallDir)'=='' and '$(UseEnv)' != 'true'  and '$(CheckMSVCComponents)'=='true') は (''!='true' and 'C:\Program Files\Microsoft Visual Studio\2022\Community\VC\Tools\MSVC\14.44.35207\'=='' and '' != 'true'  and 'true'=='true') として評価されました。
false 条件のため、タスク "VCMessage" を省略しました。('$(DesignTimeBuild)'!='true' and '$(WindowsSDKDir)'=='' and '$(UseEnv)' != 'true') は (''!='true' and 'C:\Program Files (x86)\Windows Kits\10\'=='' and '' != 'true') として評価されました。
false 条件のため、タスク "VCMessage" を省略しました。('$(DesignTimeBuild)'!='true' and '$(IntDirTrailingSlashWarning)'=='true') は (''!='true' and ''=='true') として評価されました。
false 条件のため、タスク "VCMessage" を省略しました。('$(DesignTimeBuild)'!='true' and '$(OutDirTrailingSlashWarning)'=='true') は (''!='true' and ''=='true') として評価されました。
false 条件のため、タスク "VCMessage" を省略しました。('%(CompatibilityIssues.Identity)' != '' and '$(DesignTimeBuild)'!='true') は ('' != '' and ''!='true') として評価されました。
false 条件のため、タスク "VCMessage" を省略しました。('$(IgnoreWarnIntDirSharingDetected)' != 'true' and '$(IntDirSharingDetected)' == 'true') は ('' != 'true' and '' == 'true') として評価されました。
C:\Program Files\Microsoft Visual Studio\2022\Community\MSBuild\Microsoft\VC\v170\Microsoft.CppBuild.targets(543,7): message : 環境から展開された 'C:\Users\bluec\AppData\Local\Temp' 値を持つプロパティ 'TMP'。 [C:\Users\bluec\Kamata\TakeCEngine\project\externals\DirectXTex\DirectXTex_Desktop_2022_Win10.vcxproj]
C:\Program Files\Microsoft Visual Studio\2022\Community\MSBuild\Microsoft\VC\v170\Microsoft.CppBuild.targets(544,7): message : 環境から展開された 'C:\Users\bluec\AppData\Local\Temp' 値を持つプロパティ 'TEMP'。 [C:\Users\bluec\Kamata\TakeCEngine\project\externals\DirectXTex\DirectXTex_Desktop_2022_Win10.vcxproj]
false 条件のため、タスク "VCMessage" を省略しました。('$(DesignTimeBuild)'!='true' and '$(IgnoreWarnIntDirInTempDetected)' != 'true' and ('$(IntDirFullPath.StartsWith($(_Tmp), true, null))' == 'true' or '$(IntDirFullPath.StartsWith($(_Temp), true, null))' == 'true' or '$(OutDirFullPath.StartsWith($(_Tmp), true, null))' == 'true' or '$(OutDirFullPath.StartsWith($(_Temp), true, null))' == 'true')) は (''!='true' and '' != 'true' and ('False' == 'true' or 'False' == 'true' or 'False' == 'true' or 'False' == 'true')) として評価されました。
"VCMessage" タスクをアセンブリ "C:\Program Files\Microsoft Visual Studio\2022\Community\MSBuild\Microsoft\VC\v170\Microsoft.Build.CppTasks.Common.dll" から使用しています。
タスク "VCMessage"
  構造化出力が有効になっています。コンパイラ診断の書式設定にはエラー階層が反映されます。詳細については、https://aka.ms/cpp/structured-output を参照してください。
タスク "VCMessage" の実行が終了しました。
タスク "MakeDir"
タスク "MakeDir" の実行が終了しました。
プロジェクト "DirectXTex_Desktop_2022_Win10.vcxproj" 内のターゲット "PrepareForBuild" のビルドが終了しました。
ターゲット "_PrepareForReferenceResolution" を省略しました。以前に正しくビルドされていました。
false 条件により、ターゲット "ComputeCrtSDKReference" を省略しました。('@(ClCompile)'!='' and '$(WindowsAppContainer)'=='true' and '$(UseCrtSDKReference)' != 'false') は ('BC.cpp;BC4BC5.cpp;BC6HBC7.cpp;...'!='' and 'false'=='true' and '' != 'false') として評価されました。
false 条件により、ターゲット "GetInstalledSDKLocations" を省略しました。('@(SDKReference)' != '') は ('' != '') として評価されました。
ファイル "C:\Program Files\Microsoft Visual Studio\2022\Community\MSBuild\Current\Bin\Microsoft.Common.CurrentVersion.targets" 内にある、プロジェクト "C:\Users\bluec\Kamata\TakeCEngine\project\externals\DirectXTex\DirectXTex_Desktop_2022_Win10.vcxproj" からのターゲット "ResolveSDKReferences" (ターゲット "ResolveAssemblyReferences" は依存):
false 条件のため、タスク "ResolveSDKReference" を省略しました。('@(SDKReference)'!='') は (''!='') として評価されました。
プロジェクト "DirectXTex_Desktop_2022_Win10.vcxproj" 内のターゲット "ResolveSDKReferences" のビルドが終了しました。
ターゲット "ResolveSDKReferences" を省略しました。以前に正しくビルドされていました。
ファイル "C:\Program Files\Microsoft Visual Studio\2022\Community\MSBuild\Current\Bin\Microsoft.Common.CurrentVersion.targets" 内にある、プロジェクト "C:\Users\bluec\Kamata\TakeCEngine\project\externals\DirectXTex\DirectXTex_Desktop_2022_Win10.vcxproj" からのターゲット "ExpandSDKReferences" (ターゲット "ResolveAssemblyReferences" は依存):
false 条件のため、タスク "GetSDKReferenceFiles" を省略しました。('@(ResolvedSDKReference)'!='') は (''!='') として評価されました。
プロジェクト "DirectXTex_Desktop_2022_Win10.vcxproj" 内のターゲット "ExpandSDKReferences" のビルドが終了しました。
false 条件により、ターゲット "ResolveNuGetPackageAssets" を省略しました。('$(ResolveNuGetPackages)' == 'true' and exists('$(ProjectLockFile)')) は ('true' == 'true' and exists('obj\project.assets.json')) として評価されました。
ファイル "C:\Program Files\Microsoft Visual Studio\2022\Community\MSBuild\Current\Bin\Microsoft.Common.CurrentVersion.targets" 内にある、プロジェクト "C:\Users\bluec\Kamata\TakeCEngine\project\externals\DirectXTex\DirectXTex_Desktop_2022_Win10.vcxproj" からのターゲット "ResolveAssemblyReferences" (ターゲット "ResolveReferences" は依存):
false 条件のため、タスク "ResolveAssemblyReference" を省略しました。('@(Reference)'!='' or '@(_ResolvedProjectReferencePaths)'!='' or '@(_ExplicitReference)' != '') は (''!='' or ''!='' or '' != '') として評価されました。
プロジェクト "DirectXTex_Desktop_2022_Win10.vcxproj" 内のターゲット "ResolveAssemblyReferences" のビルドが終了しました。
false 条件により、ターゲット "GenerateBindingRedirects" を省略しました。('$(AutoGenerateBindingRedirects)' == 'true' and '$(GenerateBindingRedirectsOutputType)' == 'true' and '@(SuggestedBindingRedirects)' != '' and '$(DesignTimeBuild)' != 'true' and '$(BuildingProject)' == 'true') は ('' == 'true' and '' == 'true' and '' != '' and '' != 'true' and 'true' == 'true') として評価されました。
false 条件により、ターゲット "GenerateBindingRedirectsUpdateAppConfig" を省略しました。('$(AutoGenerateBindingRedirects)' == 'true' and '$(GenerateBindingRedirectsOutputType)' == 'true') は ('' == 'true' and '' == 'true') として評価されました。
false 条件により、ターゲット "ResolveComReferences" を省略しました。('@(COMReference)'!='' or '@(COMFileReference)'!='') は (''!='' or ''!='') として評価されました。
ファイル "C:\Program Files\Microsoft Visual Studio\2022\Community\MSBuild\Current\Bin\Microsoft.Common.CurrentVersion.targets" 内にある、プロジェクト "C:\Users\bluec\Kamata\TakeCEngine\project\externals\DirectXTex\DirectXTex_Desktop_2022_Win10.vcxproj" からのターゲット "AfterResolveReferences" (ターゲット "ResolveReferences" は依存):
プロジェクト "DirectXTex_Desktop_2022_Win10.vcxproj" 内のターゲット "AfterResolveReferences" のビルドが終了しました。
false 条件により、ターゲット "ResolveTestReferences" を省略しました。('@(Shadow)'!='') は (''!='') として評価されました。
ファイル "C:\Program Files\Microsoft Visual Studio\2022\Community\MSBuild\Current\Bin\Microsoft.Common.CurrentVersion.targets" 内にある、プロジェクト "C:\Users\bluec\Kamata\TakeCEngine\project\externals\DirectXTex\DirectXTex_Desktop_2022_Win10.vcxproj" からのターゲット "ResolveReferences" (ターゲット "Build" は依存):
プロジェクト "DirectXTex_Desktop_2022_Win10.vcxproj" 内のターゲット "ResolveReferences" のビルドが終了しました。
ターゲット "PrepareForBuild" を省略しました。以前に正しくビルドされていました。
ターゲット "PrepareForBuild" を省略しました。以前に正しくビルドされていました。
ファイル "C:\Program Files\Microsoft Visual Studio\2022\Community\MSBuild\Microsoft\VC\v170\Microsoft.CppBuild.targets" 内にある、プロジェクト "C:\Users\bluec\Kamata\TakeCEngine\project\externals\DirectXTex\DirectXTex_Desktop_2022_Win10.vcxproj" からのターゲット "InitializeBuildStatus" (ターゲット "Build" は依存):
"ReadLinesFromFile" タスクをアセンブリ "Microsoft.Build.Tasks.Core, Version=15.1.0.0, Culture=neutral, PublicKeyToken=b03f5f7f11d50a3a" から使用しています。
タスク "ReadLinesFromFile"
タスク "ReadLinesFromFile" の実行が終了しました。
"WriteLinesToFile" タスクをアセンブリ "Microsoft.Build.Tasks.Core, Version=15.1.0.0, Culture=neutral, PublicKeyToken=b03f5f7f11d50a3a" から使用しています。
タスク "WriteLinesToFile"
タスク "WriteLinesToFile" の実行が終了しました。
"Touch" タスクをアセンブリ "Microsoft.Build.Tasks.Core, Version=15.1.0.0, Culture=neutral, PublicKeyToken=b03f5f7f11d50a3a" から使用しています。
タスク "Touch"
  "AlwaysCreate" が指定されたため "C:\Users\bluec\Kamata\TakeCEngine\project\..\generated\obj\DirectXTex\Debug\DirectXTex.tlog\unsuccessfulbuild" を作成しています。
  "C:\Users\bluec\Kamata\TakeCEngine\project\..\generated\obj\DirectXTex\Debug\DirectXTex.tlog\unsuccessfulbuild" のタッチ タスクを実行しています。
タスク "Touch" の実行が終了しました。
プロジェクト "DirectXTex_Desktop_2022_Win10.vcxproj" 内のターゲット "InitializeBuildStatus" のビルドが終了しました。
ターゲット "PrepareProjectReferences" を省略しました。以前に正しくビルドされていました。
ファイル "C:\Program Files\Microsoft Visual Studio\2022\Community\MSBuild\Current\Bin\Microsoft.Common.CurrentVersion.targets" 内にある、プロジェクト "C:\Users\bluec\Kamata\TakeCEngine\project\externals\DirectXTex\DirectXTex_Desktop_2022_Win10.vcxproj" からのターゲット "BuildGenerateSourcesTraverse" (ターゲット "BuildGenerateSources" は依存):
false 条件のため、タスク "MSBuild" を省略しました。('$(BuildPassReferences)' == 'true' and '@(ProjectReferenceWithConfiguration)' != '' and '@(_MSBuildProjectReferenceExistent)' != '' and '%(_MSBuildProjectReferenceExistent.BuildReference)' == 'true') は ('' == 'true' and '' != '' and '' != '' and '' == 'true') として評価されました。
プロジェクト "DirectXTex_Desktop_2022_Win10.vcxproj" 内のターゲット "BuildGenerateSourcesTraverse" のビルドが終了しました。
ターゲット "PrepareForBuild" を省略しました。以前に正しくビルドされていました。
ターゲット "ResolveReferences" を省略しました。以前に正しくビルドされていました。
ファイル "C:\Program Files\Microsoft Visual Studio\2022\Community\MSBuild\Microsoft\VC\v170\Microsoft.BuildSteps.Targets" 内にある、プロジェクト "C:\Users\bluec\Kamata\TakeCEngine\project\externals\DirectXTex\DirectXTex_Desktop_2022_Win10.vcxproj" からのターゲット "BeforeBuildGenerateSources" (ターゲット "_BuildGenerateSourcesAction" は依存):
プロジェクト "DirectXTex_Desktop_2022_Win10.vcxproj" 内のターゲット "BeforeBuildGenerateSources" のビルドが終了しました。
ファイル "C:\Program Files\Microsoft Visual Studio\2022\Community\MSBuild\Microsoft\VC\v170\Microsoft.CppCommon.targets" 内にある、プロジェクト "C:\Users\bluec\Kamata\TakeCEngine\project\externals\DirectXTex\DirectXTex_Desktop_2022_Win10.vcxproj" からのターゲット "PreBuildEvent" (ターゲット "_BuildGenerateSourcesAction" は依存):
false 条件のため、タスク "Message" を省略しました。('%(PreBuildEvent.Message)' != '' and '%(PreBuildEvent.Command)' != '') は ('' != '' and '' != '') として評価されました。
false 条件のため、タスク "Exec" を省略しました。('%(PreBuildEvent.Command)' != '') は ('' != '') として評価されました。
プロジェクト "DirectXTex_Desktop_2022_Win10.vcxproj" 内のターゲット "PreBuildEvent" のビルドが終了しました。
ターゲット "PrepareForBuild" を省略しました。以前に正しくビルドされていました。
ターゲット "InitializeBuildStatus" を省略しました。以前に正しくビルドされていました。
ターゲット "SetBuildDefaultEnvironmentVariables" を省略しました。以前に正しくビルドされていました。
false 条件により、ターゲット "SetUserMacroEnvironmentVariables" を省略しました。('@(BuildMacro)' != '' and '$(DesignTimeBuild)' != 'true') は ('' != '' and '' != 'true') として評価されました。
ファイル "C:\Program Files\Microsoft Visual Studio\2022\Community\MSBuild\Microsoft\VC\v170\Microsoft.CppBuild.targets" 内にある、プロジェクト "C:\Users\bluec\Kamata\TakeCEngine\project\externals\DirectXTex\DirectXTex_Desktop_2022_Win10.vcxproj" からのターゲット "_SelectedFiles" (ターゲット "SelectCustomBuild" は依存):
プロジェクト "DirectXTex_Desktop_2022_Win10.vcxproj" 内のターゲット "_SelectedFiles" のビルドが終了しました。
ファイル "C:\Program Files\Microsoft Visual Studio\2022\Community\MSBuild\Microsoft\VC\v170\Microsoft.CppBuild.targets" 内にある、プロジェクト "C:\Users\bluec\Kamata\TakeCEngine\project\externals\DirectXTex\DirectXTex_Desktop_2022_Win10.vcxproj" からのターゲット "SelectCustomBuild" (ターゲット "CustomBuild" は依存):
プロジェクト "DirectXTex_Desktop_2022_Win10.vcxproj" 内のターゲット "SelectCustomBuild" のビルドが終了しました。
ファイル "C:\Program Files\Microsoft Visual Studio\2022\Community\MSBuild\Microsoft\VC\v170\Microsoft.CppBuild.targets" 内にある、プロジェクト "C:\Users\bluec\Kamata\TakeCEngine\project\externals\DirectXTex\DirectXTex_Desktop_2022_Win10.vcxproj" からのターゲット "ComputeCustomBuildOutput" (ターゲット "CustomBuild" は依存):
false 条件のため、タスク "CreateItem" を省略しました。('%(CustomBuildOutputs.OutputItemType)'!='') は (''!='') として評価されました。
タスク "MakeDir"
タスク "MakeDir" の実行が終了しました。
プロジェクト "DirectXTex_Desktop_2022_Win10.vcxproj" 内のターゲット "ComputeCustomBuildOutput" のビルドが終了しました。
ファイル "C:\Program Files\Microsoft Visual Studio\2022\Community\MSBuild\Microsoft\VC\v170\Microsoft.CppCommon.targets" 内にある、プロジェクト "C:\Users\bluec\Kamata\TakeCEngine\project\externals\DirectXTex\DirectXTex_Desktop_2022_Win10.vcxproj" からのターゲット "CustomBuild" (ターゲット "_BuildGenerateSourcesAction" は依存):
"GetOutOfDateItems" タスクをアセンブリ "C:\Program Files\Microsoft Visual Studio\2022\Community\MSBuild\Microsoft\VC\v170\Microsoft.Build.CppTasks.Common.dll" から使用しています。
タスク "GetOutOfDateItems"
タスク "GetOutOfDateItems" の実行が終了しました。
タスク "GetOutOfDateItems"
タスク "GetOutOfDateItems" の実行が終了しました。
false 条件のため、タスク "ParallelCustomBuild" を省略しました。('@(_ParallelCustomBuild)' != '') は ('' != '') として評価されました。
false 条件のため、タスク "CustomBuild" を省略しました。('@(_CustomBuild)' != '') は ('' != '') として評価されました。
プロジェクト "DirectXTex_Desktop_2022_Win10.vcxproj" 内のターゲット "CustomBuild" のビルドが終了しました。
false 条件により、ターゲット "FxExport" を省略しました。('@(FxCompile)' != '') は ('' != '') として評価されました。
false 条件により、ターゲット "FxCompile" を省略しました。('@(FxCompile)' != '') は ('' != '') として評価されました。
false 条件により、ターゲット "_CreateCopyFileItems" を省略しました。('@(CopyFileToFolders)' != '') は ('' != '') として評価されました。
ターゲット "_SelectedFiles" を省略しました。以前に正しくビルドされていました。
ファイル "C:\Program Files\Microsoft Visual Studio\2022\Community\MSBuild\Microsoft\VC\v170\Microsoft.CppCommon.targets" 内にある、プロジェクト "C:\Users\bluec\Kamata\TakeCEngine\project\externals\DirectXTex\DirectXTex_Desktop_2022_Win10.vcxproj" からのターゲット "CopyFileToFolders" (ターゲット "_BuildGenerateSourcesAction" は依存):
タスク "GetOutOfDateItems"
タスク "GetOutOfDateItems" の実行が終了しました。
false 条件のため、タスク "Copy" を省略しました。('@(_OutOfDateCopyFile)' != '') は ('' != '') として評価されました。
プロジェクト "DirectXTex_Desktop_2022_Win10.vcxproj" 内のターゲット "CopyFileToFolders" のビルドが終了しました。
false 条件により、ターゲット "Xsd" を省略しました。('@(Xsd)' != '') は ('' != '') として評価されました。
ファイル "C:\Program Files\Microsoft Visual Studio\2022\Community\MSBuild\Microsoft\VC\v170\Microsoft.CppBuild.targets" 内にある、プロジェクト "C:\Users\bluec\Kamata\TakeCEngine\project\externals\DirectXTex\DirectXTex_Desktop_2022_Win10.vcxproj" からのターゲット "_Xsd" (ターゲット "_BuildGenerateSourcesAction" は依存):
プロジェクト "DirectXTex_Desktop_2022_Win10.vcxproj" 内のターゲット "_Xsd" のビルドが終了しました。
ファイル "C:\Program Files\Microsoft Visual Studio\2022\Community\MSBuild\Microsoft\VC\v170\Microsoft.CppBuild.targets" 内にある、プロジェクト "C:\Users\bluec\Kamata\TakeCEngine\project\externals\DirectXTex\DirectXTex_Desktop_2022_Win10.vcxproj" からのターゲット "MakeDirsForMidl" (ターゲット "_Midl" は依存):
タスク "Makedir"
タスク "Makedir" の実行が終了しました。
プロジェクト "DirectXTex_Desktop_2022_Win10.vcxproj" 内のターゲット "MakeDirsForMidl" のビルドが終了しました。
false 条件により、ターゲット "Midl" を省略しました。('@(Midl)' != '') は ('' != '') として評価されました。
false 条件により、ターゲット "FxExport" を省略しました。('@(FxCompile)' != '') は ('' != '') として評価されました。
false 条件により、ターゲット "FxCompile" を省略しました。('@(FxCompile)' != '') は ('' != '') として評価されました。
ファイル "C:\Program Files\Microsoft Visual Studio\2022\Community\MSBuild\Microsoft\VC\v170\Microsoft.CppBuild.targets" 内にある、プロジェクト "C:\Users\bluec\Kamata\TakeCEngine\project\externals\DirectXTex\DirectXTex_Desktop_2022_Win10.vcxproj" からのターゲット "ComputeMIDLGeneratedCompileInputs" (ターゲット "_Midl" は依存):
プロジェクト "DirectXTex_Desktop_2022_Win10.vcxproj" 内のターゲット "ComputeMIDLGeneratedCompileInputs" のビルドが終了しました。
ファイル "C:\Program Files\Microsoft Visual Studio\2022\Community\MSBuild\Microsoft\VC\v170\Microsoft.CppBuild.targets" 内にある、プロジェクト "C:\Users\bluec\Kamata\TakeCEngine\project\externals\DirectXTex\DirectXTex_Desktop_2022_Win10.vcxproj" からのターゲット "AfterMidl" (ターゲット "_Midl" は依存):
プロジェクト "DirectXTex_Desktop_2022_Win10.vcxproj" 内のターゲット "AfterMidl" のビルドが終了しました。
ファイル "C:\Program Files\Microsoft Visual Studio\2022\Community\MSBuild\Microsoft\VC\v170\Microsoft.CppBuild.targets" 内にある、プロジェクト "C:\Users\bluec\Kamata\TakeCEngine\project\externals\DirectXTex\DirectXTex_Desktop_2022_Win10.vcxproj" からのターゲット "_Midl" (ターゲット "_BuildGenerateSourcesAction" は依存):
プロジェクト "DirectXTex_Desktop_2022_Win10.vcxproj" 内のターゲット "_Midl" のビルドが終了しました。
ファイル "C:\Program Files\Microsoft Visual Studio\2022\Community\MSBuild\Microsoft\VC\v170\Microsoft.BuildSteps.Targets" 内にある、プロジェクト "C:\Users\bluec\Kamata\TakeCEngine\project\externals\DirectXTex\DirectXTex_Desktop_2022_Win10.vcxproj" からのターゲット "AfterBuildGenerateSources" (ターゲット "_BuildGenerateSourcesAction" は依存):
プロジェクト "DirectXTex_Desktop_2022_Win10.vcxproj" 内のターゲット "AfterBuildGenerateSources" のビルドが終了しました。
ファイル "C:\Program Files\Microsoft Visual Studio\2022\Community\MSBuild\Microsoft\VC\v170\Microsoft.CppBuild.targets" 内にある、プロジェクト "C:\Users\bluec\Kamata\TakeCEngine\project\externals\DirectXTex\DirectXTex_Desktop_2022_Win10.vcxproj" からのターゲット "AfterBuildGenerateSourcesEvent" (ターゲット "_BuildGenerateSourcesAction" は依存):
プロジェクト "DirectXTex_Desktop_2022_Win10.vcxproj" 内のターゲット "AfterBuildGenerateSourcesEvent" のビルドが終了しました。
ファイル "C:\Program Files\Microsoft Visual Studio\2022\Community\MSBuild\Microsoft\VC\v170\Microsoft.CppBuild.targets" 内にある、プロジェクト "C:\Users\bluec\Kamata\TakeCEngine\project\externals\DirectXTex\DirectXTex_Desktop_2022_Win10.vcxproj" からのターゲット "_BuildGenerateSourcesAction" (ターゲット "BuildGenerateSources" は依存):
プロジェクト "DirectXTex_Desktop_2022_Win10.vcxproj" 内のターゲット "_BuildGenerateSourcesAction" のビルドが終了しました。
ファイル "C:\Program Files\Microsoft Visual Studio\2022\Community\MSBuild\Current\Bin\Microsoft.Common.CurrentVersion.targets" 内にある、プロジェクト "C:\Users\bluec\Kamata\TakeCEngine\project\externals\DirectXTex\DirectXTex_Desktop_2022_Win10.vcxproj" からのターゲット "BuildGenerateSources" (ターゲット "Build" は依存):
プロジェクト "DirectXTex_Desktop_2022_Win10.vcxproj" 内のターゲット "BuildGenerateSources" のビルドが終了しました。
ターゲット "PrepareProjectReferences" を省略しました。以前に正しくビルドされていました。
ファイル "C:\Program Files\Microsoft Visual Studio\2022\Community\MSBuild\Current\Bin\Microsoft.Common.CurrentVersion.targets" 内にある、プロジェクト "C:\Users\bluec\Kamata\TakeCEngine\project\externals\DirectXTex\DirectXTex_Desktop_2022_Win10.vcxproj" からのターゲット "BuildCompileTraverse" (ターゲット "BuildCompile" は依存):
false 条件のため、タスク "MSBuild" を省略しました。('$(BuildPassReferences)' == 'true' and '@(ProjectReferenceWithConfiguration)' != '' and '@(_MSBuildProjectReferenceExistent)' != ''  and '%(_MSBuildProjectReferenceExistent.BuildReference)' == 'true') は ('' == 'true' and '' != '' and '' != ''  and '' == 'true') として評価されました。
プロジェクト "DirectXTex_Desktop_2022_Win10.vcxproj" 内のターゲット "BuildCompileTraverse" のビルドが終了しました。
ターゲット "PrepareForBuild" を省略しました。以前に正しくビルドされていました。
ターゲット "ResolveReferences" を省略しました。以前に正しくビルドされていました。
ファイル "C:\Program Files\Microsoft Visual Studio\2022\Community\MSBuild\Microsoft\VC\v170\Microsoft.CppBuild.targets" 内にある、プロジェクト "C:\Users\bluec\Kamata\TakeCEngine\project\externals\DirectXTex\DirectXTex_Desktop_2022_Win10.vcxproj" からのターゲット "BeforeClCompile" (ターゲット "_ClCompile" は依存):
プロジェクト "DirectXTex_Desktop_2022_Win10.vcxproj" 内のターゲット "BeforeClCompile" のビルドが終了しました。
false 条件により、ターゲット "GenerateTargetFrameworkMonikerAttribute" を省略しました。('$(GenerateTargetFrameworkAttribute)' == 'true') は ('false' == 'true') として評価されました。
ターゲット "ComputeMIDLGeneratedCompileInputs" を省略しました。以前に正しくビルドされていました。
ファイル "C:\Program Files\Microsoft Visual Studio\2022\Community\MSBuild\Microsoft\VC\v170\Microsoft.CppBuild.targets" 内にある、プロジェクト "C:\Users\bluec\Kamata\TakeCEngine\project\externals\DirectXTex\DirectXTex_Desktop_2022_Win10.vcxproj" からのターゲット "ComputeCLInputPDBName" (ターゲット "_ClCompile" は依存):
プロジェクト "DirectXTex_Desktop_2022_Win10.vcxproj" 内のターゲット "ComputeCLInputPDBName" のビルドが終了しました。
ターゲット "ResolveReferences" を省略しました。以前に正しくビルドされていました。
ファイル "C:\Program Files\Microsoft Visual Studio\2022\Community\MSBuild\Current\Bin\Microsoft.Common.CurrentVersion.targets" 内にある、プロジェクト "C:\Users\bluec\Kamata\TakeCEngine\project\externals\DirectXTex\DirectXTex_Desktop_2022_Win10.vcxproj" からのターゲット "FindReferenceAssembliesForReferences" (ターゲット "ComputeReferenceCLInput" は依存):
プロジェクト "DirectXTex_Desktop_2022_Win10.vcxproj" 内のターゲット "FindReferenceAssembliesForReferences" のビルドが終了しました。
ファイル "C:\Program Files\Microsoft Visual Studio\2022\Community\MSBuild\Microsoft\VC\v170\Microsoft.CppBuild.targets" 内にある、プロジェクト "C:\Users\bluec\Kamata\TakeCEngine\project\externals\DirectXTex\DirectXTex_Desktop_2022_Win10.vcxproj" からのターゲット "GetReferencedVCProjectsInfo" (ターゲット "ComputeReferenceCLInput" は依存):
false 条件のため、タスク "MSBuild" を省略しました。('%(_MSBuildProjectReferenceExistent.Extension)' == '.vcxproj' and '@(ProjectReferenceWithConfiguration)' != '' and '@(_MSBuildProjectReferenceExistent)' != '') は ('' == '.vcxproj' and '' != '' and '' != '') として評価されました。
プロジェクト "DirectXTex_Desktop_2022_Win10.vcxproj" 内のターゲット "GetReferencedVCProjectsInfo" のビルドが終了しました。
ファイル "C:\Program Files\Microsoft Visual Studio\2022\Community\MSBuild\Microsoft\VC\v170\Microsoft.CppBuild.targets" 内にある、プロジェクト "C:\Users\bluec\Kamata\TakeCEngine\project\externals\DirectXTex\DirectXTex_Desktop_2022_Win10.vcxproj" からのターゲット "ComputeReferenceCLInput" (ターゲット "_ClCompile" は依存):
false 条件のため、タスク "WriteLinesToFile" を省略しました。('@(_ReferenceOutputsToCopyLocally)'!='' and '$(DesignTimeBuild)' != 'true' and '$(TrackFileAccess)' == 'true') は (''!='' and '' != 'true' and 'true' == 'true') として評価されました。
false 条件のため、タスク "WriteLinesToFile" を省略しました。('@(_ReferenceOutputsToCopyLocally)'!='' and '$(DesignTimeBuild)' != 'true' and '$(TrackFileAccess)' == 'true') は (''!='' and '' != 'true' and 'true' == 'true') として評価されました。
false 条件のため、タスク "Message" を省略しました。('$(_REFERENCE_DEBUG)'=='true') は (''=='true') として評価されました。
プロジェクト "DirectXTex_Desktop_2022_Win10.vcxproj" 内のターゲット "ComputeReferenceCLInput" のビルドが終了しました。
ファイル "C:\Program Files\Microsoft Visual Studio\2022\Community\MSBuild\Microsoft\VC\v170\Microsoft.CppBuild.targets" 内にある、プロジェクト "C:\Users\bluec\Kamata\TakeCEngine\project\externals\DirectXTex\DirectXTex_Desktop_2022_Win10.vcxproj" からのターゲット "WarnCompileDuplicatedFilename" (ターゲット "_ClCompile" は依存):
false 条件のため、タスク "VCMessage" を省略しました。('%(ClCompile.ExcludedFromBuild)' != 'true' and '%(Filename)%(Extension)' != '@(ClCompile->'%(Filename)%(Extension)')' and '%(ObjectFileName)' == '@(ClCompile->Metadata(ObjectFileName)->Distinct())') は ('' != 'true' and 'BC.cpp' != 'BC.cpp' and 'C:\Users\bluec\Kamata\TakeCEngine\project\..\generated\obj\DirectXTex\Debug\' == 'C:\Users\bluec\Kamata\TakeCEngine\project\..\generated\obj\DirectXTex\Debug\') として評価されました。
false 条件のため、タスク "VCMessage" を省略しました。('%(ClCompile.ExcludedFromBuild)' != 'true' and '%(Filename)%(Extension)' != '@(ClCompile->'%(Filename)%(Extension)')' and '%(ObjectFileName)' == '@(ClCompile->Metadata(ObjectFileName)->Distinct())') は ('' != 'true' and 'BC4BC5.cpp' != 'BC4BC5.cpp' and 'C:\Users\bluec\Kamata\TakeCEngine\project\..\generated\obj\DirectXTex\Debug\' == 'C:\Users\bluec\Kamata\TakeCEngine\project\..\generated\obj\DirectXTex\Debug\') として評価されました。
false 条件のため、タスク "VCMessage" を省略しました。('%(ClCompile.ExcludedFromBuild)' != 'true' and '%(Filename)%(Extension)' != '@(ClCompile->'%(Filename)%(Extension)')' and '%(ObjectFileName)' == '@(ClCompile->Metadata(ObjectFileName)->Distinct())') は ('' != 'true' and 'BC6HBC7.cpp' != 'BC6HBC7.cpp' and 'C:\Users\bluec\Kamata\TakeCEngine\project\..\generated\obj\DirectXTex\Debug\' == 'C:\Users\bluec\Kamata\TakeCEngine\project\..\generated\obj\DirectXTex\Debug\') として評価されました。
false 条件のため、タスク "VCMessage" を省略しました。('%(ClCompile.ExcludedFromBuild)' != 'true' and '%(Filename)%(Extension)' != '@(ClCompile->'%(Filename)%(Extension)')' and '%(ObjectFileName)' == '@(ClCompile->Metadata(ObjectFileName)->Distinct())') は ('' != 'true' and 'BCDirectCompute.cpp' != 'BCDirectCompute.cpp' and 'C:\Users\bluec\Kamata\TakeCEngine\project\..\generated\obj\DirectXTex\Debug\' == 'C:\Users\bluec\Kamata\TakeCEngine\project\..\generated\obj\DirectXTex\Debug\') として評価されました。
false 条件のため、タスク "VCMessage" を省略しました。('%(ClCompile.ExcludedFromBuild)' != 'true' and '%(Filename)%(Extension)' != '@(ClCompile->'%(Filename)%(Extension)')' and '%(ObjectFileName)' == '@(ClCompile->Metadata(ObjectFileName)->Distinct())') は ('' != 'true' and 'DirectXTexCompress.cpp' != 'DirectXTexCompress.cpp' and 'C:\Users\bluec\Kamata\TakeCEngine\project\..\generated\obj\DirectXTex\Debug\' == 'C:\Users\bluec\Kamata\TakeCEngine\project\..\generated\obj\DirectXTex\Debug\') として評価されました。
false 条件のため、タスク "VCMessage" を省略しました。('%(ClCompile.ExcludedFromBuild)' != 'true' and '%(Filename)%(Extension)' != '@(ClCompile->'%(Filename)%(Extension)')' and '%(ObjectFileName)' == '@(ClCompile->Metadata(ObjectFileName)->Distinct())') は ('' != 'true' and 'DirectXTexCompressGPU.cpp' != 'DirectXTexCompressGPU.cpp' and 'C:\Users\bluec\Kamata\TakeCEngine\project\..\generated\obj\DirectXTex\Debug\' == 'C:\Users\bluec\Kamata\TakeCEngine\project\..\generated\obj\DirectXTex\Debug\') として評価されました。
false 条件のため、タスク "VCMessage" を省略しました。('%(ClCompile.ExcludedFromBuild)' != 'true' and '%(Filename)%(Extension)' != '@(ClCompile->'%(Filename)%(Extension)')' and '%(ObjectFileName)' == '@(ClCompile->Metadata(ObjectFileName)->Distinct())') は ('' != 'true' and 'DirectXTexConvert.cpp' != 'DirectXTexConvert.cpp' and 'C:\Users\bluec\Kamata\TakeCEngine\project\..\generated\obj\DirectXTex\Debug\' == 'C:\Users\bluec\Kamata\TakeCEngine\project\..\generated\obj\DirectXTex\Debug\') として評価されました。
false 条件のため、タスク "VCMessage" を省略しました。('%(ClCompile.ExcludedFromBuild)' != 'true' and '%(Filename)%(Extension)' != '@(ClCompile->'%(Filename)%(Extension)')' and '%(ObjectFileName)' == '@(ClCompile->Metadata(ObjectFileName)->Distinct())') は ('' != 'true' and 'DirectXTexD3D11.cpp' != 'DirectXTexD3D11.cpp' and 'C:\Users\bluec\Kamata\TakeCEngine\project\..\generated\obj\DirectXTex\Debug\' == 'C:\Users\bluec\Kamata\TakeCEngine\project\..\generated\obj\DirectXTex\Debug\') として評価されました。
false 条件のため、タスク "VCMessage" を省略しました。('%(ClCompile.ExcludedFromBuild)' != 'true' and '%(Filename)%(Extension)' != '@(ClCompile->'%(Filename)%(Extension)')' and '%(ObjectFileName)' == '@(ClCompile->Metadata(ObjectFileName)->Distinct())') は ('' != 'true' and 'DirectXTexD3D12.cpp' != 'DirectXTexD3D12.cpp' and 'C:\Users\bluec\Kamata\TakeCEngine\project\..\generated\obj\DirectXTex\Debug\' == 'C:\Users\bluec\Kamata\TakeCEngine\project\..\generated\obj\DirectXTex\Debug\') として評価されました。
false 条件のため、タスク "VCMessage" を省略しました。('%(ClCompile.ExcludedFromBuild)' != 'true' and '%(Filename)%(Extension)' != '@(ClCompile->'%(Filename)%(Extension)')' and '%(ObjectFileName)' == '@(ClCompile->Metadata(ObjectFileName)->Distinct())') は ('' != 'true' and 'DirectXTexDDS.cpp' != 'DirectXTexDDS.cpp' and 'C:\Users\bluec\Kamata\TakeCEngine\project\..\generated\obj\DirectXTex\Debug\' == 'C:\Users\bluec\Kamata\TakeCEngine\project\..\generated\obj\DirectXTex\Debug\') として評価されました。
false 条件のため、タスク "VCMessage" を省略しました。('%(ClCompile.ExcludedFromBuild)' != 'true' and '%(Filename)%(Extension)' != '@(ClCompile->'%(Filename)%(Extension)')' and '%(ObjectFileName)' == '@(ClCompile->Metadata(ObjectFileName)->Distinct())') は ('' != 'true' and 'DirectXTexFlipRotate.cpp' != 'DirectXTexFlipRotate.cpp' and 'C:\Users\bluec\Kamata\TakeCEngine\project\..\generated\obj\DirectXTex\Debug\' == 'C:\Users\bluec\Kamata\TakeCEngine\project\..\generated\obj\DirectXTex\Debug\') として評価されました。
false 条件のため、タスク "VCMessage" を省略しました。('%(ClCompile.ExcludedFromBuild)' != 'true' and '%(Filename)%(Extension)' != '@(ClCompile->'%(Filename)%(Extension)')' and '%(ObjectFileName)' == '@(ClCompile->Metadata(ObjectFileName)->Distinct())') は ('' != 'true' and 'DirectXTexHDR.cpp' != 'DirectXTexHDR.cpp' and 'C:\Users\bluec\Kamata\TakeCEngine\project\..\generated\obj\DirectXTex\Debug\' == 'C:\Users\bluec\Kamata\TakeCEngine\project\..\generated\obj\DirectXTex\Debug\') として評価されました。
false 条件のため、タスク "VCMessage" を省略しました。('%(ClCompile.ExcludedFromBuild)' != 'true' and '%(Filename)%(Extension)' != '@(ClCompile->'%(Filename)%(Extension)')' and '%(ObjectFileName)' == '@(ClCompile->Metadata(ObjectFileName)->Distinct())') は ('' != 'true' and 'DirectXTexImage.cpp' != 'DirectXTexImage.cpp' and 'C:\Users\bluec\Kamata\TakeCEngine\project\..\generated\obj\DirectXTex\Debug\' == 'C:\Users\bluec\Kamata\TakeCEngine\project\..\generated\obj\DirectXTex\Debug\') として評価されました。
false 条件のため、タスク "VCMessage" を省略しました。('%(ClCompile.ExcludedFromBuild)' != 'true' and '%(Filename)%(Extension)' != '@(ClCompile->'%(Filename)%(Extension)')' and '%(ObjectFileName)' == '@(ClCompile->Metadata(ObjectFileName)->Distinct())') は ('' != 'true' and 'DirectXTexMipMaps.cpp' != 'DirectXTexMipMaps.cpp' and 'C:\Users\bluec\Kamata\TakeCEngine\project\..\generated\obj\DirectXTex\Debug\' == 'C:\Users\bluec\Kamata\TakeCEngine\project\..\generated\obj\DirectXTex\Debug\') として評価されました。
false 条件のため、タスク "VCMessage" を省略しました。('%(ClCompile.ExcludedFromBuild)' != 'true' and '%(Filename)%(Extension)' != '@(ClCompile->'%(Filename)%(Extension)')' and '%(ObjectFileName)' == '@(ClCompile->Metadata(ObjectFileName)->Distinct())') は ('' != 'true' and 'DirectXTexMisc.cpp' != 'DirectXTexMisc.cpp' and 'C:\Users\bluec\Kamata\TakeCEngine\project\..\generated\obj\DirectXTex\Debug\' == 'C:\Users\bluec\Kamata\TakeCEngine\project\..\generated\obj\DirectXTex\Debug\') として評価されました。
false 条件のため、タスク "VCMessage" を省略しました。('%(ClCompile.ExcludedFromBuild)' != 'true' and '%(Filename)%(Extension)' != '@(ClCompile->'%(Filename)%(Extension)')' and '%(ObjectFileName)' == '@(ClCompile->Metadata(ObjectFileName)->Distinct())') は ('' != 'true' and 'DirectXTexNormalMaps.cpp' != 'DirectXTexNormalMaps.cpp' and 'C:\Users\bluec\Kamata\TakeCEngine\project\..\generated\obj\DirectXTex\Debug\' == 'C:\Users\bluec\Kamata\TakeCEngine\project\..\generated\obj\DirectXTex\Debug\') として評価されました。
false 条件のため、タスク "VCMessage" を省略しました。('%(ClCompile.ExcludedFromBuild)' != 'true' and '%(Filename)%(Extension)' != '@(ClCompile->'%(Filename)%(Extension)')' and '%(ObjectFileName)' == '@(ClCompile->Metadata(ObjectFileName)->Distinct())') は ('' != 'true' and 'DirectXTexPMAlpha.cpp' != 'DirectXTexPMAlpha.cpp' and 'C:\Users\bluec\Kamata\TakeCEngine\project\..\generated\obj\DirectXTex\Debug\' == 'C:\Users\bluec\Kamata\TakeCEngine\project\..\generated\obj\DirectXTex\Debug\') として評価されました。
false 条件のため、タスク "VCMessage" を省略しました。('%(ClCompile.ExcludedFromBuild)' != 'true' and '%(Filename)%(Extension)' != '@(ClCompile->'%(Filename)%(Extension)')' and '%(ObjectFileName)' == '@(ClCompile->Metadata(ObjectFileName)->Distinct())') は ('' != 'true' and 'DirectXTexResize.cpp' != 'DirectXTexResize.cpp' and 'C:\Users\bluec\Kamata\TakeCEngine\project\..\generated\obj\DirectXTex\Debug\' == 'C:\Users\bluec\Kamata\TakeCEngine\project\..\generated\obj\DirectXTex\Debug\') として評価されました。
false 条件のため、タスク "VCMessage" を省略しました。('%(ClCompile.ExcludedFromBuild)' != 'true' and '%(Filename)%(Extension)' != '@(ClCompile->'%(Filename)%(Extension)')' and '%(ObjectFileName)' == '@(ClCompile->Metadata(ObjectFileName)->Distinct())') は ('' != 'true' and 'DirectXTexTGA.cpp' != 'DirectXTexTGA.cpp' and 'C:\Users\bluec\Kamata\TakeCEngine\project\..\generated\obj\DirectXTex\Debug\' == 'C:\Users\bluec\Kamata\TakeCEngine\project\..\generated\obj\DirectXTex\Debug\') として評価されました。
false 条件のため、タスク "VCMessage" を省略しました。('%(ClCompile.ExcludedFromBuild)' != 'true' and '%(Filename)%(Extension)' != '@(ClCompile->'%(Filename)%(Extension)')' and '%(ObjectFileName)' == '@(ClCompile->Metadata(ObjectFileName)->Distinct())') は ('' != 'true' and 'DirectXTexUtil.cpp' != 'DirectXTexUtil.cpp' and 'C:\Users\bluec\Kamata\TakeCEngine\project\..\generated\obj\DirectXTex\Debug\' == 'C:\Users\bluec\Kamata\TakeCEngine\project\..\generated\obj\DirectXTex\Debug\') として評価されました。
false 条件のため、タスク "VCMessage" を省略しました。('%(ClCompile.ExcludedFromBuild)' != 'true' and '%(Filename)%(Extension)' != '@(ClCompile->'%(Filename)%(Extension)')' and '%(ObjectFileName)' == '@(ClCompile->Metadata(ObjectFileName)->Distinct())') は ('' != 'true' and 'DirectXTexWIC.cpp' != 'DirectXTexWIC.cpp' and 'C:\Users\bluec\Kamata\TakeCEngine\project\..\generated\obj\DirectXTex\Debug\' == 'C:\Users\bluec\Kamata\TakeCEngine\project\..\generated\obj\DirectXTex\Debug\') として評価されました。
プロジェクト "DirectXTex_Desktop_2022_Win10.vcxproj" 内のターゲット "WarnCompileDuplicatedFilename" のビルドが終了しました。
ファイル "C:\Program Files\Microsoft Visual Studio\2022\Community\MSBuild\Microsoft\VC\v170\Microsoft.CppCommon.targets" 内にある、プロジェクト "C:\Users\bluec\Kamata\TakeCEngine\project\externals\DirectXTex\DirectXTex_Desktop_2022_Win10.vcxproj" からのターゲット "SetCppLanguageStandardCapabilities" (ターゲット "ComputeStdModulesCompileInputs" は依存):
プロジェクト "DirectXTex_Desktop_2022_Win10.vcxproj" 内のターゲット "SetCppLanguageStandardCapabilities" のビルドが終了しました。
ファイル "C:\Program Files\Microsoft Visual Studio\2022\Community\MSBuild\Microsoft\VC\v170\Microsoft.CppCommon.targets" 内にある、プロジェクト "C:\Users\bluec\Kamata\TakeCEngine\project\externals\DirectXTex\DirectXTex_Desktop_2022_Win10.vcxproj" からのターゲット "ComputeStdModulesCompileInputs" (ターゲット "_ClCompile" は依存):
false 条件のため、タスク "GetLibraryModuleSources" を省略しました。('@(LibraryManifests)' != '') は ('' != '') として評価されました。
プロジェクト "DirectXTex_Desktop_2022_Win10.vcxproj" 内のターゲット "ComputeStdModulesCompileInputs" のビルドが終了しました。
ターゲット "SetCppLanguageStandardCapabilities" を省略しました。以前に正しくビルドされていました。
ファイル "C:\Program Files\Microsoft Visual Studio\2022\Community\MSBuild\Microsoft\VC\v170\Microsoft.CppCommon.targets" 内にある、プロジェクト "C:\Users\bluec\Kamata\TakeCEngine\project\externals\DirectXTex\DirectXTex_Desktop_2022_Win10.vcxproj" からのターゲット "FixupCLCompileOptions" (ターゲット "_ClCompile" は依存):
プロジェクト "DirectXTex_Desktop_2022_Win10.vcxproj" 内のターゲット "FixupCLCompileOptions" のビルドが終了しました。
false 条件により、ターゲット "SetModuleDependencies" を省略しました。('$(DesignTimeBuild)' != 'true' and '$(EnableCppModules)' == 'true') は ('' != 'true' and '' == 'true') として評価されました。
ファイル "C:\Program Files\Microsoft Visual Studio\2022\Community\MSBuild\Microsoft\VC\v170\Microsoft.CppBuild.targets" 内にある、プロジェクト "C:\Users\bluec\Kamata\TakeCEngine\project\externals\DirectXTex\DirectXTex_Desktop_2022_Win10.vcxproj" からのターゲット "MakeDirsForCl" (ターゲット "_ClCompile" は依存):
タスク "MakeDir"
タスク "MakeDir" の実行が終了しました。
プロジェクト "DirectXTex_Desktop_2022_Win10.vcxproj" 内のターゲット "MakeDirsForCl" のビルドが終了しました。
ターゲット "_SelectedFiles" を省略しました。以前に正しくビルドされていました。
false 条件により、ターゲット "GenerateTargetFrameworkMonikerAttribute" を省略しました。('$(GenerateTargetFrameworkAttribute)' == 'true') は ('false' == 'true') として評価されました。
ターゲット "ComputeMIDLGeneratedCompileInputs" を省略しました。以前に正しくビルドされていました。
ターゲット "ComputeCLInputPDBName" を省略しました。以前に正しくビルドされていました。
ターゲット "ComputeReferenceCLInput" を省略しました。以前に正しくビルドされていました。
ターゲット "WarnCompileDuplicatedFilename" を省略しました。以前に正しくビルドされていました。
ターゲット "ComputeStdModulesCompileInputs" を省略しました。以前に正しくビルドされていました。
ターゲット "FixupCLCompileOptions" を省略しました。以前に正しくビルドされていました。
false 条件により、ターゲット "SetModuleDependencies" を省略しました。('$(DesignTimeBuild)' != 'true' and '$(EnableCppModules)' == 'true') は ('' != 'true' and '' == 'true') として評価されました。
ターゲット "SelectCustomBuild" を省略しました。以前に正しくビルドされていました。
false 条件により、ターゲット "SetModuleDependencies" を省略しました。('$(DesignTimeBuild)' != 'true' and '$(EnableCppModules)' == 'true') は ('' != 'true' and '' == 'true') として評価されました。
ファイル "C:\Program Files\Microsoft Visual Studio\2022\Community\MSBuild\Microsoft\VC\v170\Microsoft.CppBuild.targets" 内にある、プロジェクト "C:\Users\bluec\Kamata\TakeCEngine\project\externals\DirectXTex\DirectXTex_Desktop_2022_Win10.vcxproj" からのターゲット "SelectClCompile" (ターゲット "ClCompile" は依存):
プロジェクト "DirectXTex_Desktop_2022_Win10.vcxproj" 内のターゲット "SelectClCompile" のビルドが終了しました。
false 条件により、ターゲット "SelectAnalysisManifest" を省略しました。('$(RunMsvcAnalysis)'=='true' and '$(SelectedFiles)'!='') は ('false'=='true' and ''!='') として評価されました。
false 条件により、ターゲット "ManagedIncrementalBuildPreProcessDependencyGraph" を省略しました。('@(ClCompile)' != '' and '$(EnableManagedIncrementalBuild)' == 'True') は ('BC.cpp;BC4BC5.cpp;BC6HBC7.cpp;...' != '' and 'false' == 'True') として評価されました。
ファイル "C:\Program Files\Microsoft Visual Studio\2022\Community\MSBuild\Microsoft\VC\v170\Microsoft.CppCommon.targets" 内にある、プロジェクト "C:\Users\bluec\Kamata\TakeCEngine\project\externals\DirectXTex\DirectXTex_Desktop_2022_Win10.vcxproj" からのターゲット "ClCompile" (ターゲット "_ClCompile" は依存):
false 条件のため、タスク "Delete" を省略しました。('%(ClCompile.DebugInformationFormat)' != '' and '%(ClCompile.DebugInformationFormat)' != 'None' and '%(ClCompile.DebugInformationFormat)' != 'OldStyle' and '%(ClCompile.ProgramDataBaseFileName)' != '' and !Exists(%(ClCompile.ProgramDataBaseFileName))) は ('ProgramDatabase' != '' and 'ProgramDatabase' != 'None' and 'ProgramDatabase' != 'OldStyle' and 'C:\Users\bluec\Kamata\TakeCEngine\project\..\generated\obj\DirectXTex\Debug\DirectXTex.pdb' != '' and !Exists(C:\Users\bluec\Kamata\TakeCEngine\project\..\generated\obj\DirectXTex\Debug\DirectXTex.pdb)) として評価されました。
false 条件のため、タスク "MultiToolTask" を省略しました。('%(ClCompile.CompilerIteration)' == 'Modules') は ('' == 'Modules') として評価されました。
false 条件のため、タスク "MultiToolTask" を省略しました。('%(ClCompile.CompilerIteration)' == '' and '$(MultiProcCL)' == 'true') は ('' == '' and 'false' == 'true') として評価されました。
false 条件のため、タスク "CL" を省略しました。('%(ClCompile.PrecompiledHeader)' == 'Create' and '%(ClCompile.CompilerIteration)' == '' and '$(MultiProcCL)' != 'true') は ('Use' == 'Create' and '' == '' and 'false' != 'true') として評価されました。
"CL" タスクをアセンブリ "C:\Program Files\Microsoft Visual Studio\2022\Community\MSBuild\Microsoft\VC\v170\Microsoft.Build.CppTasks.Common.dll" から使用しています。
タスク "CL"
  読み取り追跡ログ:
  	C:\Users\bluec\Kamata\TakeCEngine\project\..\generated\obj\DirectXTex\Debug\DirectXTex.tlog\CL.read.1.tlog
  C:\USERS\BLUEC\KAMATA\TAKECENGINE\PROJECT\EXTERNALS\DIRECTXTEX\DIRECTXTEXUTIL.CPP に対する出力:
  	C:\USERS\BLUEC\KAMATA\TAKECENGINE\GENERATED\OBJ\DIRECTXTEX\DEBUG\DIRECTXTEXUTIL.OBJ
  	C:\USERS\BLUEC\KAMATA\TAKECENGINE\GENERATED\OBJ\DIRECTXTEX\DEBUG\DIRECTXTEX.PCH
  すべての出力が最新のものです。
タスク "CL" の実行が終了しました。
タスク "CL"
  以下から作成されたキャッシュ内の入力依存関係テーブルを使用しています:
  	C:\Users\bluec\Kamata\TakeCEngine\generated\obj\DirectXTex\Debug\DirectXTex.tlog\CL.read.1.tlog
  C:\USERS\BLUEC\KAMATA\TAKECENGINE\PROJECT\EXTERNALS\DIRECTXTEX\BC.CPP|C:\USERS\BLUEC\KAMATA\TAKECENGINE\PROJECT\EXTERNALS\DIRECTXTEX\BC4BC5.CPP|C:\USERS\BLUEC\KAMATA\TAKECENGINE\PROJECT\EXTERNALS\DIRECTXTEX\BC6HBC7.CPP|C:\USERS\BLUEC\KAMATA\TAKECENGINE\PROJECT\EXTERNALS\DIRECTXTEX\BCDIRECTCOMPUTE.CPP|C:\USERS\BLUEC\KAMATA\TAKECENGINE\PROJECT\EXTERNALS\DIRECTXTEX\DIRECTXTEXCOMPRESS.CPP|C:\USERS\BLUEC\KAMATA\TAKECENGINE\PROJECT\EXTERNALS\DIRECTXTEX\DIRECTXTEXCOMPRESSGPU.CPP|C:\USERS\BLUEC\KAMATA\TAKECENGINE\PROJECT\EXTERNALS\DIRECTXTEX\DIRECTXTEXCONVERT.CPP|C:\USERS\BLUEC\KAMATA\TAKECENGINE\PROJECT\EXTERNALS\DIRECTXTEX\DIRECTXTEXD3D11.CPP|C:\USERS\BLUEC\KAMATA\TAKECENGINE\PROJECT\EXTERNALS\DIRECTXTEX\DIRECTXTEXD3D12.CPP|C:\USERS\BLUEC\KAMATA\TAKECENGINE\PROJECT\EXTERNALS\DIRECTXTEX\DIRECTXTEXDDS.CPP|C:\USERS\BLUEC\KAMATA\TAKECENGINE\PROJECT\EXTERNALS\DIRECTXTEX\DIRECTXTEXFLIPROTATE.CPP|C:\USERS\BLUEC\KAMATA\TAKECENGINE\PROJECT\EXTERNALS\DIRECTXTEX\DIRECTXTEXHDR.CPP|C:\USERS\BLUEC\KAMATA\TAKECENGINE\PROJECT\EXTERNALS\DIRECTXTEX\DIRECTXTEXIMAGE.CPP|C:\USERS\BLUEC\KAMATA\TAKECENGINE\PROJECT\EXTERNALS\DIRECTXTEX\DIRECTXTEXMIPMAPS.CPP|C:\USERS\BLUEC\KAMATA\TAKECENGINE\PROJECT\EXTERNALS\DIRECTXTEX\DIRECTXTEXMISC.CPP|C:\USERS\BLUEC\KAMATA\TAKECENGINE\PROJECT\EXTERNALS\DIRECTXTEX\DIRECTXTEXNORMALMAPS.CPP|C:\USERS\BLUEC\KAMATA\TAKECENGINE\PROJECT\EXTERNALS\DIRECTXTEX\DIRECTXTEXPMALPHA.CPP|C:\USERS\BLUEC\KAMATA\TAKECENGINE\PROJECT\EXTERNALS\DIRECTXTEX\DIRECTXTEXRESIZE.CPP|C:\USERS\BLUEC\KAMATA\TAKECENGINE\PROJECT\EXTERNALS\DIRECTXTEX\DIRECTXTEXTGA.CPP|C:\USERS\BLUEC\KAMATA\TAKECENGINE\PROJECT\EXTERNALS\DIRECTXTEX\DIRECTXTEXWIC.CPP に対する出力:
  	C:\USERS\BLUEC\KAMATA\TAKECENGINE\GENERATED\OBJ\DIRECTXTEX\DEBUG\BC.OBJ
  	C:\USERS\BLUEC\KAMATA\TAKECENGINE\GENERATED\OBJ\DIRECTXTEX\DEBUG\BC4BC5.OBJ
  	C:\USERS\BLUEC\KAMATA\TAKECENGINE\GENERATED\OBJ\DIRECTXTEX\DEBUG\BC6HBC7.OBJ
  	C:\USERS\BLUEC\KAMATA\TAKECENGINE\GENERATED\OBJ\DIRECTXTEX\DEBUG\BCDIRECTCOMPUTE.OBJ
  	C:\USERS\BLUEC\KAMATA\TAKECENGINE\GENERATED\OBJ\DIRECTXTEX\DEBUG\DIRECTXTEXCOMPRESS.OBJ
  	C:\USERS\BLUEC\KAMATA\TAKECENGINE\GENERATED\OBJ\DIRECTXTEX\DEBUG\DIRECTXTEXCOMPRESSGPU.OBJ
  	C:\USERS\BLUEC\KAMATA\TAKECENGINE\GENERATED\OBJ\DIRECTXTEX\DEBUG\DIRECTXTEXCONVERT.OBJ
  	C:\USERS\BLUEC\KAMATA\TAKECENGINE\GENERATED\OBJ\DIRECTXTEX\DEBUG\DIRECTXTEXD3D11.OBJ
  	C:\USERS\BLUEC\KAMATA\TAKECENGINE\GENERATED\OBJ\DIRECTXTEX\DEBUG\DIRECTXTEXD3D12.OBJ
  	C:\USERS\BLUEC\KAMATA\TAKECENGINE\GENERATED\OBJ\DIRECTXTEX\DEBUG\DIRECTXTEXDDS.OBJ
  	C:\USERS\BLUEC\KAMATA\TAKECENGINE\GENERATED\OBJ\DIRECTXTEX\DEBUG\DIRECTXTEXFLIPROTATE.OBJ
  	C:\USERS\BLUEC\KAMATA\TAKECENGINE\GENERATED\OBJ\DIRECTXTEX\DEBUG\DIRECTXTEXHDR.OBJ
  	C:\USERS\BLUEC\KAMATA\TAKECENGINE\GENERATED\OBJ\DIRECTXTEX\DEBUG\DIRECTXTEXIMAGE.OBJ
  	C:\USERS\BLUEC\KAMATA\TAKECENGINE\GENERATED\OBJ\DIRECTXTEX\DEBUG\DIRECTXTEXMIPMAPS.OBJ
  	C:\USERS\BLUEC\KAMATA\TAKECENGINE\GENERATED\OBJ\DIRECTXTEX\DEBUG\DIRECTXTEXMISC.OBJ
  	C:\USERS\BLUEC\KAMATA\TAKECENGINE\GENERATED\OBJ\DIRECTXTEX\DEBUG\DIRECTXTEXNORMALMAPS.OBJ
  	C:\USERS\BLUEC\KAMATA\TAKECENGINE\GENERATED\OBJ\DIRECTXTEX\DEBUG\DIRECTXTEXPMALPHA.OBJ
  	C:\USERS\BLUEC\KAMATA\TAKECENGINE\GENERATED\OBJ\DIRECTXTEX\DEBUG\DIRECTXTEXRESIZE.OBJ
  	C:\USERS\BLUEC\KAMATA\TAKECENGINE\GENERATED\OBJ\DIRECTXTEX\DEBUG\DIRECTXTEXTGA.OBJ
  	C:\USERS\BLUEC\KAMATA\TAKECENGINE\GENERATED\OBJ\DIRECTXTEX\DEBUG\DIRECTXTEXWIC.OBJ
  すべての出力が最新のものです。
タスク "CL" の実行が終了しました。
false 条件のため、タスク "CL" を省略しました。('%(ClCompile.PrecompiledHeader)' != 'Create' and '%(ClCompile.CompileAs)'!='CppModule' and '%(ClCompile.CompilerIteration)' == '' and @(ClCompile) != '' and '$(MultiProcCL)' != 'true') は ('Create' != 'Create' and 'CompileAsCpp'!='CppModule' and '' == '' and DirectXTexUtil.cpp != '' and 'false' != 'true') として評価されました。
プロジェクト "DirectXTex_Desktop_2022_Win10.vcxproj" 内のターゲット "ClCompile" のビルドが終了しました。
false 条件により、ターゲット "RunSelectedFileNativeCodeAnalysis" を省略しました。('$(RunMsvcAnalysis)'=='true' and '$(SelectedFiles)'!='') は ('false'=='true' and ''!='') として評価されました。
false 条件により、ターゲット "ManagedIncrementalBuildPostProcessDependencyGraph" を省略しました。('@(ClCompile)' != '' and '$(EnableManagedIncrementalBuild)' == 'True') は ('BC.cpp;BC4BC5.cpp;BC6HBC7.cpp;...' != '' and 'false' == 'True') として評価されました。
false 条件により、ターゲット "NoAnalysisToolEnabledWarning" を省略しました。('$(RunCppAnalysis)'=='true' AND '$(EnableMicrosoftCodeAnalysis)'=='false' AND '$(EnableClangTidyCodeAnalysis)'=='false') は ('false'=='true' AND 'true'=='false' AND 'false'=='false') として評価されました。
false 条件により、ターゲット "RunSelectedFileClangTidy" を省略しました。('$(RunClangCppAnalysis)'=='true' AND '$(SelectedFiles)'!='') は ('false'=='true' AND ''!='') として評価されました。
false 条件により、ターゲット "MicrosoftAnalysisIncompatiableWithClangCl" を省略しました。('$(RunCppAnalysis)'=='true' AND '$(EnableMicrosoftCodeAnalysis)'=='true' AND '$(UseClangCl)'=='true') は ('false'=='true' AND 'true'=='true' AND ''=='true') として評価されました。
ファイル "C:\Program Files\Microsoft Visual Studio\2022\Community\MSBuild\Microsoft\VC\v170\Microsoft.CppBuild.targets" 内にある、プロジェクト "C:\Users\bluec\Kamata\TakeCEngine\project\externals\DirectXTex\DirectXTex_Desktop_2022_Win10.vcxproj" からのターゲット "AfterClCompile" (ターゲット "_ClCompile" は依存):
プロジェクト "DirectXTex_Desktop_2022_Win10.vcxproj" 内のターゲット "AfterClCompile" のビルドが終了しました。
ファイル "C:\Program Files\Microsoft Visual Studio\2022\Community\MSBuild\Microsoft\VC\v170\Microsoft.CppBuild.targets" 内にある、プロジェクト "C:\Users\bluec\Kamata\TakeCEngine\project\externals\DirectXTex\DirectXTex_Desktop_2022_Win10.vcxproj" からのターゲット "_ClCompile" (ターゲット "_BuildCompileAction" は依存):
プロジェクト "DirectXTex_Desktop_2022_Win10.vcxproj" 内のターゲット "_ClCompile" のビルドが終了しました。
false 条件により、ターゲット "_ResGen" を省略しました。('@(EmbeddedResource)'!='') は (''!='') として評価されました。
ファイル "C:\Program Files\Microsoft Visual Studio\2022\Community\MSBuild\Microsoft\VC\v170\Microsoft.CppBuild.targets" 内にある、プロジェクト "C:\Users\bluec\Kamata\TakeCEngine\project\externals\DirectXTex\DirectXTex_Desktop_2022_Win10.vcxproj" からのターゲット "BeforeResourceCompile" (ターゲット "_ResourceCompile" は依存):
プロジェクト "DirectXTex_Desktop_2022_Win10.vcxproj" 内のターゲット "BeforeResourceCompile" のビルドが終了しました。
ファイル "C:\Program Files\Microsoft Visual Studio\2022\Community\MSBuild\Microsoft\VC\v170\Microsoft.CppBuild.targets" 内にある、プロジェクト "C:\Users\bluec\Kamata\TakeCEngine\project\externals\DirectXTex\DirectXTex_Desktop_2022_Win10.vcxproj" からのターゲット "MakeDirsForResourceCompile" (ターゲット "_ResourceCompile" は依存):
タスク "MakeDir"
タスク "MakeDir" の実行が終了しました。
プロジェクト "DirectXTex_Desktop_2022_Win10.vcxproj" 内のターゲット "MakeDirsForResourceCompile" のビルドが終了しました。
false 条件により、ターゲット "ResourceCompile" を省略しました。('@(ResourceCompile)' != '') は ('' != '') として評価されました。
ファイル "C:\Program Files\Microsoft Visual Studio\2022\Community\MSBuild\Microsoft\VC\v170\Microsoft.CppBuild.targets" 内にある、プロジェクト "C:\Users\bluec\Kamata\TakeCEngine\project\externals\DirectXTex\DirectXTex_Desktop_2022_Win10.vcxproj" からのターゲット "AfterResourceCompile" (ターゲット "_ResourceCompile" は依存):
プロジェクト "DirectXTex_Desktop_2022_Win10.vcxproj" 内のターゲット "AfterResourceCompile" のビルドが終了しました。
ファイル "C:\Program Files\Microsoft Visual Studio\2022\Community\MSBuild\Microsoft\VC\v170\Microsoft.CppBuild.targets" 内にある、プロジェクト "C:\Users\bluec\Kamata\TakeCEngine\project\externals\DirectXTex\DirectXTex_Desktop_2022_Win10.vcxproj" からのターゲット "_ResourceCompile" (ターゲット "_BuildCompileAction" は依存):
プロジェクト "DirectXTex_Desktop_2022_Win10.vcxproj" 内のターゲット "_ResourceCompile" のビルドが終了しました。
false 条件により、ターゲット "_ImpLib" を省略しました。('$(ImpLibCompiled)' == 'true') は ('' == 'true') として評価されました。
ファイル "C:\Program Files\Microsoft Visual Studio\2022\Community\MSBuild\Microsoft\VC\v170\Microsoft.CppBuild.targets" 内にある、プロジェクト "C:\Users\bluec\Kamata\TakeCEngine\project\externals\DirectXTex\DirectXTex_Desktop_2022_Win10.vcxproj" からのターゲット "BeforeLib" (ターゲット "_Lib" は依存):
プロジェクト "DirectXTex_Desktop_2022_Win10.vcxproj" 内のターゲット "BeforeLib" のビルドが終了しました。
ファイル "C:\Program Files\Microsoft Visual Studio\2022\Community\MSBuild\Microsoft\VC\v170\Microsoft.CppBuild.targets" 内にある、プロジェクト "C:\Users\bluec\Kamata\TakeCEngine\project\externals\DirectXTex\DirectXTex_Desktop_2022_Win10.vcxproj" からのターゲット "ComputeLibAdditionalOptions" (ターゲット "_Lib" は依存):
プロジェクト "DirectXTex_Desktop_2022_Win10.vcxproj" 内のターゲット "ComputeLibAdditionalOptions" のビルドが終了しました。
ファイル "C:\Program Files\Microsoft Visual Studio\2022\Community\MSBuild\Microsoft\VC\v170\Microsoft.CppBuild.targets" 内にある、プロジェクト "C:\Users\bluec\Kamata\TakeCEngine\project\externals\DirectXTex\DirectXTex_Desktop_2022_Win10.vcxproj" からのターゲット "ComputeRCOutputs" (ターゲット "ComputeRCGeneratedLibInputs" は依存):
プロジェクト "DirectXTex_Desktop_2022_Win10.vcxproj" 内のターゲット "ComputeRCOutputs" のビルドが終了しました。
ファイル "C:\Program Files\Microsoft Visual Studio\2022\Community\MSBuild\Microsoft\VC\v170\Microsoft.CppBuild.targets" 内にある、プロジェクト "C:\Users\bluec\Kamata\TakeCEngine\project\externals\DirectXTex\DirectXTex_Desktop_2022_Win10.vcxproj" からのターゲット "ComputeRCGeneratedLibInputs" (ターゲット "_Lib" は依存):
プロジェクト "DirectXTex_Desktop_2022_Win10.vcxproj" 内のターゲット "ComputeRCGeneratedLibInputs" のビルドが終了しました。
ターゲット "ComputeCustomBuildOutput" を省略しました。以前に正しくビルドされていました。
false 条件により、ターゲット "GenerateTargetFrameworkMonikerAttribute" を省略しました。('$(GenerateTargetFrameworkAttribute)' == 'true') は ('false' == 'true') として評価されました。
ターゲット "ComputeMIDLGeneratedCompileInputs" を省略しました。以前に正しくビルドされていました。
ターゲット "ComputeCLInputPDBName" を省略しました。以前に正しくビルドされていました。
ターゲット "ComputeReferenceCLInput" を省略しました。以前に正しくビルドされていました。
ターゲット "WarnCompileDuplicatedFilename" を省略しました。以前に正しくビルドされていました。
ターゲット "ComputeStdModulesCompileInputs" を省略しました。以前に正しくビルドされていました。
ターゲット "FixupCLCompileOptions" を省略しました。以前に正しくビルドされていました。
false 条件により、ターゲット "SetModuleDependencies" を省略しました。('$(DesignTimeBuild)' != 'true' and '$(EnableCppModules)' == 'true') は ('' != 'true' and '' == 'true') として評価されました。
false 条件により、ターゲット "SetModuleDependencies" を省略しました。('$(DesignTimeBuild)' != 'true' and '$(EnableCppModules)' == 'true') は ('' != 'true' and '' == 'true') として評価されました。
ファイル "C:\Program Files\Microsoft Visual Studio\2022\Community\MSBuild\Microsoft\VC\v170\Microsoft.CppBuild.targets" 内にある、プロジェクト "C:\Users\bluec\Kamata\TakeCEngine\project\externals\DirectXTex\DirectXTex_Desktop_2022_Win10.vcxproj" からのターゲット "ComputeCLOutputs" (ターゲット "ComputeCLGeneratedLibInputs" は依存):
プロジェクト "DirectXTex_Desktop_2022_Win10.vcxproj" 内のターゲット "ComputeCLOutputs" のビルドが終了しました。
ファイル "C:\Program Files\Microsoft Visual Studio\2022\Community\MSBuild\Microsoft\VC\v170\Microsoft.CppBuild.targets" 内にある、プロジェクト "C:\Users\bluec\Kamata\TakeCEngine\project\externals\DirectXTex\DirectXTex_Desktop_2022_Win10.vcxproj" からのターゲット "ComputeCLGeneratedLibInputs" (ターゲット "_Lib" は依存):
プロジェクト "DirectXTex_Desktop_2022_Win10.vcxproj" 内のターゲット "ComputeCLGeneratedLibInputs" のビルドが終了しました。
ファイル "C:\Program Files\Microsoft Visual Studio\2022\Community\MSBuild\Microsoft\VC\v170\Microsoft.CppBuild.targets" 内にある、プロジェクト "C:\Users\bluec\Kamata\TakeCEngine\project\externals\DirectXTex\DirectXTex_Desktop_2022_Win10.vcxproj" からのターゲット "ComputeLibInputsFromProject" (ターゲット "_Lib" は依存):
プロジェクト "DirectXTex_Desktop_2022_Win10.vcxproj" 内のターゲット "ComputeLibInputsFromProject" のビルドが終了しました。
false 条件により、ターゲット "ComputeReferenceLibInputs" を省略しました。(@(ProjectReference) != '') は ( != '') として評価されました。
ファイル "C:\Program Files\Microsoft Visual Studio\2022\Community\MSBuild\Microsoft\VC\v170\Microsoft.CppBuild.targets" 内にある、プロジェクト "C:\Users\bluec\Kamata\TakeCEngine\project\externals\DirectXTex\DirectXTex_Desktop_2022_Win10.vcxproj" からのターゲット "MakeDirsForLib" (ターゲット "_Lib" は依存):
タスク "MakeDir"
タスク "MakeDir" の実行が終了しました。
プロジェクト "DirectXTex_Desktop_2022_Win10.vcxproj" 内のターゲット "MakeDirsForLib" のビルドが終了しました。
ファイル "C:\Program Files\Microsoft Visual Studio\2022\Community\MSBuild\Microsoft\VC\v170\Microsoft.CppBuild.targets" 内にある、プロジェクト "C:\Users\bluec\Kamata\TakeCEngine\project\externals\DirectXTex\DirectXTex_Desktop_2022_Win10.vcxproj" からのターゲット "DoLibOutputFilesMatch" (ターゲット "_Lib" は依存):
false 条件のため、タスク "VCMessage" を省略しました。('@(_OutputFileFromLib)' == '') は ('C:\Users\bluec\Kamata\TakeCEngine\project\..\generated\outputs\Debug\DirectXTex.lib' == '') として評価されました。
false 条件のため、タスク "VCMessage" を省略しました。('@(_OutputFileFromLib)' != '' and '%(_OutputFileFromLib.FullPath)' != '$([System.IO.Path]::GetFullPath($(TargetPath)))') は ('C:\Users\bluec\Kamata\TakeCEngine\project\..\generated\outputs\Debug\DirectXTex.lib' != '' and 'C:\Users\bluec\Kamata\TakeCEngine\generated\outputs\Debug\DirectXTex.lib' != 'C:\Users\bluec\Kamata\TakeCEngine\generated\outputs\Debug\DirectXTex.lib') として評価されました。
false 条件のため、タスク "VCMessage" を省略しました。('@(_OutputFileFromLib)' != '' and '%(_OutputFileFromLib.Extension)' != '' and '%(_OutputFileFromLib.Extension)' != '$(TargetExt)') は ('C:\Users\bluec\Kamata\TakeCEngine\project\..\generated\outputs\Debug\DirectXTex.lib' != '' and '.lib' != '' and '.lib' != '.lib') として評価されました。
false 条件のため、タスク "VCMessage" を省略しました。('@(_OutputFileFromLib)' != '' and '%(_OutputFileFromLib.Filename)' !=  '' and '%(_OutputFileFromLib.Filename)' != '$(TargetName)') は ('C:\Users\bluec\Kamata\TakeCEngine\project\..\generated\outputs\Debug\DirectXTex.lib' != '' and 'DirectXTex' !=  '' and 'DirectXTex' != 'DirectXTex') として評価されました。
プロジェクト "DirectXTex_Desktop_2022_Win10.vcxproj" 内のターゲット "DoLibOutputFilesMatch" のビルドが終了しました。
ファイル "C:\Program Files\Microsoft Visual Studio\2022\Community\MSBuild\Microsoft\VC\v170\Microsoft.CppCommon.targets" 内にある、プロジェクト "C:\Users\bluec\Kamata\TakeCEngine\project\externals\DirectXTex\DirectXTex_Desktop_2022_Win10.vcxproj" からのターゲット "PreLinkEvent" (ターゲット "_Lib" は依存):
false 条件のため、タスク "Message" を省略しました。('%(PreLinkEvent.Message)' != '' and '%(PreLinkEvent.Command)' != '') は ('' != '' and '' != '') として評価されました。
false 条件のため、タスク "Exec" を省略しました。('%(PreLinkEvent.Command)' != '') は ('' != '') として評価されました。
プロジェクト "DirectXTex_Desktop_2022_Win10.vcxproj" 内のターゲット "PreLinkEvent" のビルドが終了しました。
ファイル "C:\Program Files\Microsoft Visual Studio\2022\Community\MSBuild\Microsoft\VC\v170\Microsoft.CppCommon.targets" 内にある、プロジェクト "C:\Users\bluec\Kamata\TakeCEngine\project\externals\DirectXTex\DirectXTex_Desktop_2022_Win10.vcxproj" からのターゲット "Lib" (ターゲット "_Lib" は依存):
"LIB" タスクをアセンブリ "C:\Program Files\Microsoft Visual Studio\2022\Community\MSBuild\Microsoft\VC\v170\Microsoft.Build.CppTasks.Common.dll" から使用しています。
タスク "LIB"
  書き込み追跡ログ:
  	C:\Users\bluec\Kamata\TakeCEngine\project\..\generated\obj\DirectXTex\Debug\DirectXTex.tlog\Lib-link.write.1.tlog
  読み取り追跡ログ:
  	C:\Users\bluec\Kamata\TakeCEngine\project\..\generated\obj\DirectXTex\Debug\DirectXTex.tlog\Lib-link.read.1.tlog
  C:\USERS\BLUEC\KAMATA\TAKECENGINE\GENERATED\OBJ\DIRECTXTEX\DEBUG\BC.OBJ|C:\USERS\BLUEC\KAMATA\TAKECENGINE\GENERATED\OBJ\DIRECTXTEX\DEBUG\BC4BC5.OBJ|C:\USERS\BLUEC\KAMATA\TAKECENGINE\GENERATED\OBJ\DIRECTXTEX\DEBUG\BC6HBC7.OBJ|C:\USERS\BLUEC\KAMATA\TAKECENGINE\GENERATED\OBJ\DIRECTXTEX\DEBUG\BCDIRECTCOMPUTE.OBJ|C:\USERS\BLUEC\KAMATA\TAKECENGINE\GENERATED\OBJ\DIRECTXTEX\DEBUG\DIRECTXTEXCOMPRESS.OBJ|C:\USERS\BLUEC\KAMATA\TAKECENGINE\GENERATED\OBJ\DIRECTXTEX\DEBUG\DIRECTXTEXCOMPRESSGPU.OBJ|C:\USERS\BLUEC\KAMATA\TAKECENGINE\GENERATED\OBJ\DIRECTXTEX\DEBUG\DIRECTXTEXCONVERT.OBJ|C:\USERS\BLUEC\KAMATA\TAKECENGINE\GENERATED\OBJ\DIRECTXTEX\DEBUG\DIRECTXTEXD3D11.OBJ|C:\USERS\BLUEC\KAMATA\TAKECENGINE\GENERATED\OBJ\DIRECTXTEX\DEBUG\DIRECTXTEXD3D12.OBJ|C:\USERS\BLUEC\KAMATA\TAKECENGINE\GENERATED\OBJ\DIRECTXTEX\DEBUG\DIRECTXTEXDDS.OBJ|C:\USERS\BLUEC\KAMATA\TAKECENGINE\GENERATED\OBJ\DIRECTXTEX\DEBUG\DIRECTXTEXFLIPROTATE.OBJ|C:\USERS\BLUEC\KAMATA\TAKECENGINE\GENERATED\OBJ\DIRECTXTEX\DEBUG\DIRECTXTEXHDR.OBJ|C:\USERS\BLUEC\KAMATA\TAKECENGINE\GENERATED\OBJ\DIRECTXTEX\DEBUG\DIRECTXTEXIMAGE.OBJ|C:\USERS\BLUEC\KAMATA\TAKECENGINE\GENERATED\OBJ\DIRECTXTEX\DEBUG\DIRECTXTEXMIPMAPS.OBJ|C:\USERS\BLUEC\KAMATA\TAKECENGINE\GENERATED\OBJ\DIRECTXTEX\DEBUG\DIRECTXTEXMISC.OBJ|C:\USERS\BLUEC\KAMATA\TAKECENGINE\GENERATED\OBJ\DIRECTXTEX\DEBUG\DIRECTXTEXNORMALMAPS.OBJ|C:\USERS\BLUEC\KAMATA\TAKECENGINE\GENERATED\OBJ\DIRECTXTEX\DEBUG\DIRECTXTEXPMALPHA.OBJ|C:\USERS\BLUEC\KAMATA\TAKECENGINE\GENERATED\OBJ\DIRECTXTEX\DEBUG\DIRECTXTEXRESIZE.OBJ|C:\USERS\BLUEC\KAMATA\TAKECENGINE\GENERATED\OBJ\DIRECTXTEX\DEBUG\DIRECTXTEXTGA.OBJ|C:\USERS\BLUEC\KAMATA\TAKECENGINE\GENERATED\OBJ\DIRECTXTEX\DEBUG\DIRECTXTEXUTIL.OBJ|C:\USERS\BLUEC\KAMATA\TAKECENGINE\GENERATED\OBJ\DIRECTXTEX\DEBUG\DIRECTXTEXWIC.OBJ に対する出力:
  	C:\USERS\BLUEC\KAMATA\TAKECENGINE\GENERATED\OUTPUTS\DEBUG\DIRECTXTEX.LIB
  すべての出力が最新のものです。
タスク "LIB" の実行が終了しました。
"Copy" タスクをアセンブリ "Microsoft.Build.Tasks.Core, Version=15.1.0.0, Culture=neutral, PublicKeyToken=b03f5f7f11d50a3a" から使用しています。
タスク "Copy"
  "C:\Users\bluec\Kamata\TakeCEngine\generated\obj\DirectXTex\Debug\DirectXTex.pdb" から "C:\Users\bluec\Kamata\TakeCEngine\generated\outputs\Debug\DirectXTex.pdb" へファイルをコピーしています。
タスク "Copy" の実行が終了しました。
タスク "Message"
  DirectXTex_Desktop_2022_Win10.vcxproj -> C:\Users\bluec\Kamata\TakeCEngine\generated\outputs\Debug\DirectXTex.lib
タスク "Message" の実行が終了しました。
プロジェクト "DirectXTex_Desktop_2022_Win10.vcxproj" 内のターゲット "Lib" のビルドが終了しました。
ファイル "C:\Program Files\Microsoft Visual Studio\2022\Community\MSBuild\Microsoft\VC\v170\Microsoft.CppBuild.targets" 内にある、プロジェクト "C:\Users\bluec\Kamata\TakeCEngine\project\externals\DirectXTex\DirectXTex_Desktop_2022_Win10.vcxproj" からのターゲット "AfterLib" (ターゲット "_Lib" は依存):
プロジェクト "DirectXTex_Desktop_2022_Win10.vcxproj" 内のターゲット "AfterLib" のビルドが終了しました。
ファイル "C:\Program Files\Microsoft Visual Studio\2022\Community\MSBuild\Microsoft\VC\v170\Microsoft.CppBuild.targets" 内にある、プロジェクト "C:\Users\bluec\Kamata\TakeCEngine\project\externals\DirectXTex\DirectXTex_Desktop_2022_Win10.vcxproj" からのターゲット "_Lib" (ターゲット "_BuildCompileAction" は依存):
プロジェクト "DirectXTex_Desktop_2022_Win10.vcxproj" 内のターゲット "_Lib" のビルドが終了しました。
ファイル "C:\Program Files\Microsoft Visual Studio\2022\Community\MSBuild\Microsoft\VC\v170\Microsoft.CppBuild.targets" 内にある、プロジェクト "C:\Users\bluec\Kamata\TakeCEngine\project\externals\DirectXTex\DirectXTex_Desktop_2022_Win10.vcxproj" からのターゲット "AfterBuildCompileEvent" (ターゲット "_BuildCompileAction" は依存):
プロジェクト "DirectXTex_Desktop_2022_Win10.vcxproj" 内のターゲット "AfterBuildCompileEvent" のビルドが終了しました。
ファイル "C:\Program Files\Microsoft Visual Studio\2022\Community\MSBuild\Microsoft\VC\v170\Microsoft.CppBuild.targets" 内にある、プロジェクト "C:\Users\bluec\Kamata\TakeCEngine\project\externals\DirectXTex\DirectXTex_Desktop_2022_Win10.vcxproj" からのターゲット "_BuildCompileAction" (ターゲット "BuildCompile" は依存):
プロジェクト "DirectXTex_Desktop_2022_Win10.vcxproj" 内のターゲット "_BuildCompileAction" のビルドが終了しました。
ファイル "C:\Program Files\Microsoft Visual Studio\2022\Community\MSBuild\Current\Bin\Microsoft.Common.CurrentVersion.targets" 内にある、プロジェクト "C:\Users\bluec\Kamata\TakeCEngine\project\externals\DirectXTex\DirectXTex_Desktop_2022_Win10.vcxproj" からのターゲット "BuildCompile" (ターゲット "Build" は依存):
プロジェクト "DirectXTex_Desktop_2022_Win10.vcxproj" 内のターゲット "BuildCompile" のビルドが終了しました。
ターゲット "PrepareProjectReferences" を省略しました。以前に正しくビルドされていました。
ファイル "C:\Program Files\Microsoft Visual Studio\2022\Community\MSBuild\Current\Bin\Microsoft.Common.CurrentVersion.targets" 内にある、プロジェクト "C:\Users\bluec\Kamata\TakeCEngine\project\externals\DirectXTex\DirectXTex_Desktop_2022_Win10.vcxproj" からのターゲット "BuildLinkTraverse" (ターゲット "BuildLink" は依存):
false 条件のため、タスク "MSBuild" を省略しました。('$(BuildPassReferences)' == 'true' and '@(ProjectReferenceWithConfiguration)' != '' and '@(_MSBuildProjectReferenceExistent)' != ''  and '%(_MSBuildProjectReferenceExistent.BuildReference)' == 'true') は ('' == 'true' and '' != '' and '' != ''  and '' == 'true') として評価されました。
プロジェクト "DirectXTex_Desktop_2022_Win10.vcxproj" 内のターゲット "BuildLinkTraverse" のビルドが終了しました。
ターゲット "PrepareForBuild" を省略しました。以前に正しくビルドされていました。
ターゲット "ResolveReferences" を省略しました。以前に正しくビルドされていました。
ファイル "C:\Program Files\Microsoft Visual Studio\2022\Community\MSBuild\Microsoft\VC\v170\Microsoft.CppBuild.targets" 内にある、プロジェクト "C:\Users\bluec\Kamata\TakeCEngine\project\externals\DirectXTex\DirectXTex_Desktop_2022_Win10.vcxproj" からのターゲット "ComputeLegacyManifestEmbedding" (ターゲット "_BuildLinkAction" は依存):
false 条件のため、タスク "VCMessage" を省略しました。('$(RevertManifestEmbedding)' == 'true' and '$(_LegacyManifestEmbeddingDebug)' == 'true') は ('' == 'true' and '' == 'true') として評価されました。
プロジェクト "DirectXTex_Desktop_2022_Win10.vcxproj" 内のターゲット "ComputeLegacyManifestEmbedding" のビルドが終了しました。
false 条件により、ターゲット "_Link" を省略しました。('$(LinkCompiled)' == 'true') は ('' == 'true') として評価されました。
ファイル "C:\Program Files\Microsoft Visual Studio\2022\Community\MSBuild\Microsoft\VC\v170\Microsoft.CppBuild.targets" 内にある、プロジェクト "C:\Users\bluec\Kamata\TakeCEngine\project\externals\DirectXTex\DirectXTex_Desktop_2022_Win10.vcxproj" からのターゲット "_ALink" (ターゲット "_BuildLinkAction" は依存):
プロジェクト "DirectXTex_Desktop_2022_Win10.vcxproj" 内のターゲット "_ALink" のビルドが終了しました。
ターゲット "ComputeLegacyManifestEmbedding" を省略しました。以前に正しくビルドされていました。
ファイル "C:\Program Files\Microsoft Visual Studio\2022\Community\MSBuild\Microsoft\VC\v170\Microsoft.CppBuild.targets" 内にある、プロジェクト "C:\Users\bluec\Kamata\TakeCEngine\project\externals\DirectXTex\DirectXTex_Desktop_2022_Win10.vcxproj" からのターゲット "_Manifest" (ターゲット "_BuildLinkAction" は依存):
false 条件のため、タスク "CallTarget" を省略しました。('$(LegacyManifestEmbedding)' == 'true') は ('' == 'true') として評価されました。
プロジェクト "DirectXTex_Desktop_2022_Win10.vcxproj" 内のターゲット "_Manifest" のビルドが終了しました。
ファイル "C:\Program Files\Microsoft Visual Studio\2022\Community\MSBuild\Microsoft\VC\v170\Microsoft.CppCommon.targets" 内にある、プロジェクト "C:\Users\bluec\Kamata\TakeCEngine\project\externals\DirectXTex\DirectXTex_Desktop_2022_Win10.vcxproj" からのターゲット "RegisterOutput" (ターゲット "_BuildLinkAction" は依存):
false 条件のため、タスク "Exec" を省略しました。('$(ConfigurationType)'=='DynamicLibrary' and '%(Link.RegisterOutput)'=='true' and '%(Link.PerUserRedirection)'!='true') は ('StaticLibrary'=='DynamicLibrary' and ''=='true' and ''!='true') として評価されました。
false 条件のため、タスク "Exec" を省略しました。('$(ConfigurationType)'=='DynamicLibrary' and '%(Link.RegisterOutput)'=='true' and '%(Link.PerUserRedirection)'=='true') は ('StaticLibrary'=='DynamicLibrary' and ''=='true' and ''=='true') として評価されました。
false 条件のため、タスク "Exec" を省略しました。('$(ConfigurationType)'=='Application' and '%(Link.RegisterOutput)'=='true' and '%(Link.PerUserRedirection)'!='true') は ('StaticLibrary'=='Application' and ''=='true' and ''!='true') として評価されました。
false 条件のため、タスク "Exec" を省略しました。('$(ConfigurationType)'=='Application' and '%(Link.RegisterOutput)'=='true' and '%(Link.PerUserRedirection)'=='true') は ('StaticLibrary'=='Application' and ''=='true' and ''=='true') として評価されました。
false 条件のため、タスク "VCMessage" を省略しました。('$(_RegisterOutputExitCode)' != '' and '$(_RegisterOutputExitCode)' != '0') は ('' != '' and '' != '0') として評価されました。
プロジェクト "DirectXTex_Desktop_2022_Win10.vcxproj" 内のターゲット "RegisterOutput" のビルドが終了しました。
ターゲット "PrepareForBuild" を省略しました。以前に正しくビルドされていました。
ターゲット "ResolveReferences" を省略しました。以前に正しくビルドされていました。
ファイル "C:\Program Files\Microsoft Visual Studio\2022\Community\MSBuild\Microsoft\VC\v170\Microsoft.CppBuild.targets" 内にある、プロジェクト "C:\Users\bluec\Kamata\TakeCEngine\project\externals\DirectXTex\DirectXTex_Desktop_2022_Win10.vcxproj" からのターゲット "ResolvedXDCMake" (ターゲット "_XdcMake" は依存):
false 条件のため、タスク "MSBuild" を省略しました。('%(_MSBuildProjectReferenceExistent.Extension)' == '.vcxproj' and '@(ProjectReferenceWithConfiguration)' != '' and '@(_MSBuildProjectReferenceExistent)' != '' and '$(_ClCompileGenerateXMLDocumentationFiles)' == 'true') は ('' == '.vcxproj' and '' != '' and '' != '' and '' == 'true') として評価されました。
プロジェクト "DirectXTex_Desktop_2022_Win10.vcxproj" 内のターゲット "ResolvedXDCMake" のビルドが終了しました。
ファイル "C:\Program Files\Microsoft Visual Studio\2022\Community\MSBuild\Microsoft\VC\v170\Microsoft.CppBuild.targets" 内にある、プロジェクト "C:\Users\bluec\Kamata\TakeCEngine\project\externals\DirectXTex\DirectXTex_Desktop_2022_Win10.vcxproj" からのターゲット "ComputeCLCompileGeneratedXDCFiles" (ターゲット "_XdcMake" は依存):
プロジェクト "DirectXTex_Desktop_2022_Win10.vcxproj" 内のターゲット "ComputeCLCompileGeneratedXDCFiles" のビルドが終了しました。
ファイル "C:\Program Files\Microsoft Visual Studio\2022\Community\MSBuild\Microsoft\VC\v170\Microsoft.CppBuild.targets" 内にある、プロジェクト "C:\Users\bluec\Kamata\TakeCEngine\project\externals\DirectXTex\DirectXTex_Desktop_2022_Win10.vcxproj" からのターゲット "MakeDirsForXdcMake" (ターゲット "_XdcMake" は依存):
タスク "MakeDir"
タスク "MakeDir" の実行が終了しました。
プロジェクト "DirectXTex_Desktop_2022_Win10.vcxproj" 内のターゲット "MakeDirsForXdcMake" のビルドが終了しました。
false 条件により、ターゲット "XdcMake" を省略しました。('@(XdcMake)' != '') は ('' != '') として評価されました。
ファイル "C:\Program Files\Microsoft Visual Studio\2022\Community\MSBuild\Microsoft\VC\v170\Microsoft.CppBuild.targets" 内にある、プロジェクト "C:\Users\bluec\Kamata\TakeCEngine\project\externals\DirectXTex\DirectXTex_Desktop_2022_Win10.vcxproj" からのターゲット "_XdcMake" (ターゲット "_BuildLinkAction" は依存):
プロジェクト "DirectXTex_Desktop_2022_Win10.vcxproj" 内のターゲット "_XdcMake" のビルドが終了しました。
ファイル "C:\Program Files\Microsoft Visual Studio\2022\Community\MSBuild\Microsoft\VC\v170\Microsoft.CppBuild.targets" 内にある、プロジェクト "C:\Users\bluec\Kamata\TakeCEngine\project\externals\DirectXTex\DirectXTex_Desktop_2022_Win10.vcxproj" からのターゲット "ComputeCLCompileGeneratedSbrFiles" (ターゲット "_BscMake" は依存):
プロジェクト "DirectXTex_Desktop_2022_Win10.vcxproj" 内のターゲット "ComputeCLCompileGeneratedSbrFiles" のビルドが終了しました。
ファイル "C:\Program Files\Microsoft Visual Studio\2022\Community\MSBuild\Microsoft\VC\v170\Microsoft.CppBuild.targets" 内にある、プロジェクト "C:\Users\bluec\Kamata\TakeCEngine\project\externals\DirectXTex\DirectXTex_Desktop_2022_Win10.vcxproj" からのターゲット "MakeDirsForBscMake" (ターゲット "_BscMake" は依存):
タスク "MakeDir"
タスク "MakeDir" の実行が終了しました。
プロジェクト "DirectXTex_Desktop_2022_Win10.vcxproj" 内のターゲット "MakeDirsForBscMake" のビルドが終了しました。
false 条件により、ターゲット "BscMake" を省略しました。('@(BscMake)' != '') は ('' != '') として評価されました。
false 条件により、ターゲット "CustomBuildStep" を省略しました。('@(CustomBuildStep)' != '' and '$(SelectedFiles)'=='') は ('' != '' and ''=='') として評価されました。
ファイル "C:\Program Files\Microsoft Visual Studio\2022\Community\MSBuild\Microsoft\VC\v170\Microsoft.CppBuild.targets" 内にある、プロジェクト "C:\Users\bluec\Kamata\TakeCEngine\project\externals\DirectXTex\DirectXTex_Desktop_2022_Win10.vcxproj" からのターゲット "_BscMake" (ターゲット "_BuildLinkAction" は依存):
プロジェクト "DirectXTex_Desktop_2022_Win10.vcxproj" 内のターゲット "_BscMake" のビルドが終了しました。
ターゲット "PrepareForBuild" を省略しました。以前に正しくビルドされていました。
ファイル "C:\Program Files\Microsoft Visual Studio\2022\Community\MSBuild\Microsoft\VC\v170\Microsoft.CppBuild.targets" 内にある、プロジェクト "C:\Users\bluec\Kamata\TakeCEngine\project\externals\DirectXTex\DirectXTex_Desktop_2022_Win10.vcxproj" からのターゲット "BuiltProjectOutputGroup" (ターゲット "CreateRecipeFile" は依存):
プロジェクト "DirectXTex_Desktop_2022_Win10.vcxproj" 内のターゲット "BuiltProjectOutputGroup" のビルドが終了しました。
ターゲット "PrepareForBuild" を省略しました。以前に正しくビルドされていました。
ファイル "C:\Program Files\Microsoft Visual Studio\2022\Community\MSBuild\Current\Bin\Microsoft.Common.CurrentVersion.targets" 内にある、プロジェクト "C:\Users\bluec\Kamata\TakeCEngine\project\externals\DirectXTex\DirectXTex_Desktop_2022_Win10.vcxproj" からのターゲット "AssignTargetPaths" (ターゲット "PrepareResourceNames" は依存):
"AssignTargetPath" タスクをアセンブリ "Microsoft.Build.Tasks.Core, Version=15.1.0.0, Culture=neutral, PublicKeyToken=b03f5f7f11d50a3a" から使用しています。
タスク "AssignTargetPath"
タスク "AssignTargetPath" の実行が終了しました。
タスク "AssignTargetPath"
タスク "AssignTargetPath" の実行が終了しました。
タスク "AssignTargetPath"
タスク "AssignTargetPath" の実行が終了しました。
タスク "AssignTargetPath"
タスク "AssignTargetPath" の実行が終了しました。
false 条件のため、タスク "AssignTargetPath" を省略しました。('@(_DeploymentBaseManifestWithTargetPath)'=='' and '%(None.Extension)'=='.manifest') は (''=='' and '.hlsl'=='.manifest') として評価されました。
false 条件のため、タスク "AssignTargetPath" を省略しました。('@(_DeploymentBaseManifestWithTargetPath)'=='' and '%(None.Extension)'=='.manifest') は (''=='' and '.cmd'=='.manifest') として評価されました。
プロジェクト "DirectXTex_Desktop_2022_Win10.vcxproj" 内のターゲット "AssignTargetPaths" のビルドが終了しました。
ターゲット "AssignTargetPaths" を省略しました。以前に正しくビルドされていました。
ファイル "C:\Program Files\Microsoft Visual Studio\2022\Community\MSBuild\Current\Bin\Microsoft.Common.CurrentVersion.targets" 内にある、プロジェクト "C:\Users\bluec\Kamata\TakeCEngine\project\externals\DirectXTex\DirectXTex_Desktop_2022_Win10.vcxproj" からのターゲット "SplitResourcesByCulture" (ターゲット "PrepareResourceNames" は依存):
false 条件のため、タスク "MSBuildInternalMessage" を省略しました。('@(ResxWithNoCulture)'!='') は (''!='') として評価されました。
false 条件のため、タスク "MSBuildInternalMessage" を省略しました。('@(ResxWithCulture)'!='') は (''!='') として評価されました。
false 条件のため、タスク "MSBuildInternalMessage" を省略しました。('@(NonResxWithCulture)'!='') は (''!='') として評価されました。
false 条件のため、タスク "MSBuildInternalMessage" を省略しました。('@(NonResxWithNoCulture)'!='') は (''!='') として評価されました。
"AssignCulture" タスクをアセンブリ "Microsoft.Build.Tasks.Core, Version=15.1.0.0, Culture=neutral, PublicKeyToken=b03f5f7f11d50a3a" から使用しています。
タスク "AssignCulture"
タスク "AssignCulture" の実行が終了しました。
プロジェクト "DirectXTex_Desktop_2022_Win10.vcxproj" 内のターゲット "SplitResourcesByCulture" のビルドが終了しました。
false 条件により、ターゲット "CreateManifestResourceNames" を省略しました。('@(EmbeddedResource)' != '') は ('' != '') として評価されました。
ファイル "C:\Program Files\Microsoft Visual Studio\2022\Community\MSBuild\Current\Bin\Microsoft.Common.CurrentVersion.targets" 内にある、プロジェクト "C:\Users\bluec\Kamata\TakeCEngine\project\externals\DirectXTex\DirectXTex_Desktop_2022_Win10.vcxproj" からのターゲット "CreateCustomManifestResourceNames" (ターゲット "PrepareResourceNames" は依存):
プロジェクト "DirectXTex_Desktop_2022_Win10.vcxproj" 内のターゲット "CreateCustomManifestResourceNames" のビルドが終了しました。
ファイル "C:\Program Files\Microsoft Visual Studio\2022\Community\MSBuild\Current\Bin\Microsoft.Common.CurrentVersion.targets" 内にある、プロジェクト "C:\Users\bluec\Kamata\TakeCEngine\project\externals\DirectXTex\DirectXTex_Desktop_2022_Win10.vcxproj" からのターゲット "PrepareResourceNames" (ターゲット "SatelliteDllsProjectOutputGroup" は依存):
プロジェクト "DirectXTex_Desktop_2022_Win10.vcxproj" 内のターゲット "PrepareResourceNames" のビルドが終了しました。
ファイル "C:\Program Files\Microsoft Visual Studio\2022\Community\MSBuild\Current\Bin\Microsoft.Common.CurrentVersion.targets" 内にある、プロジェクト "C:\Users\bluec\Kamata\TakeCEngine\project\externals\DirectXTex\DirectXTex_Desktop_2022_Win10.vcxproj" からのターゲット "SatelliteDllsProjectOutputGroup" (ターゲット "CreateRecipeFile" は依存):
プロジェクト "DirectXTex_Desktop_2022_Win10.vcxproj" 内のターゲット "SatelliteDllsProjectOutputGroup" のビルドが終了しました。
ターゲット "PrepareForBuild" を省略しました。以前に正しくビルドされていました。
ターゲット "AssignTargetPaths" を省略しました。以前に正しくビルドされていました。
ターゲット "PrepareForBuild" を省略しました。以前に正しくビルドされていました。
ターゲット "AssignTargetPaths" を省略しました。以前に正しくビルドされていました。
ファイル "C:\Program Files\Microsoft Visual Studio\2022\Community\MSBuild\Microsoft\VC\v170\Microsoft.CppBuild.targets" 内にある、プロジェクト "C:\Users\bluec\Kamata\TakeCEngine\project\externals\DirectXTex\DirectXTex_Desktop_2022_Win10.vcxproj" からのターゲット "MakeDirsForFxc" (ターゲット "ContentFilesProjectOutputGroup" は依存):
タスク "MakeDir"
タスク "MakeDir" の実行が終了しました。
プロジェクト "DirectXTex_Desktop_2022_Win10.vcxproj" 内のターゲット "MakeDirsForFxc" のビルドが終了しました。
false 条件により、ターゲット "_CreateCopyFileItems" を省略しました。('@(CopyFileToFolders)' != '') は ('' != '') として評価されました。
ファイル "C:\Program Files\Microsoft Visual Studio\2022\Community\MSBuild\Microsoft\VC\v170\Microsoft.CppBuild.targets" 内にある、プロジェクト "C:\Users\bluec\Kamata\TakeCEngine\project\externals\DirectXTex\DirectXTex_Desktop_2022_Win10.vcxproj" からのターゲット "ContentFilesProjectOutputGroup" (ターゲット "CreateRecipeFile" は依存):
false 条件のため、タスク "AssignTargetPath" を省略しました。('@(ContentFilesProjectOutputGroupOutputFullPath)' != '' and '%(ContentFilesProjectOutputGroupOutputFullPath.RootFolder)' != '') は ('' != '' and '' != '') として評価されました。
false 条件のため、タスク "AssignTargetPath" を省略しました。('@(ContentFilesProjectOutputGroupOutputFullPath)' != '' and '%(ContentFilesProjectOutputGroupOutputFullPath.RootFolder)' == '') は ('' != '' and '' == '') として評価されました。
プロジェクト "DirectXTex_Desktop_2022_Win10.vcxproj" 内のターゲット "ContentFilesProjectOutputGroup" のビルドが終了しました。
ターゲット "GetReferencedVCProjectsInfo" を省略しました。以前に正しくビルドされていました。
ファイル "C:\Program Files\Microsoft Visual Studio\2022\Community\MSBuild\Microsoft\VC\v170\Microsoft.CppBuild.targets" 内にある、プロジェクト "C:\Users\bluec\Kamata\TakeCEngine\project\externals\DirectXTex\DirectXTex_Desktop_2022_Win10.vcxproj" からのターゲット "CreateRecipeFile" (ターゲット "_BuildLinkAction" は依存):
"GenerateDesktopDeployRecipe" タスクをアセンブリ "C:\Program Files\Microsoft Visual Studio\2022\Community\MSBuild\Microsoft\VC\v170\Microsoft.Build.CppTasks.Common.dll" から使用しています。
タスク "GenerateDesktopDeployRecipe"
タスク "GenerateDesktopDeployRecipe" の実行が終了しました。
プロジェクト "DirectXTex_Desktop_2022_Win10.vcxproj" 内のターゲット "CreateRecipeFile" のビルドが終了しました。
ファイル "C:\Program Files\Microsoft Visual Studio\2022\Community\MSBuild\Current\Bin\Microsoft.Common.CurrentVersion.targets" 内にある、プロジェクト "C:\Users\bluec\Kamata\TakeCEngine\project\externals\DirectXTex\DirectXTex_Desktop_2022_Win10.vcxproj" からのターゲット "_GenerateSatelliteAssemblyInputs" (ターゲット "CreateSatelliteAssemblies" は依存):
false 条件のため、タスク "MSBuildInternalMessage" を省略しました。('@(ManifestResourceWithCulture)'!='' and '%(ManifestResourceWithCulture.EmittedForCompatibilityOnly)'=='') は (''!='' and ''=='') として評価されました。
false 条件のため、タスク "MSBuildInternalMessage" を省略しました。('@(ManifestNonResxWithCultureOnDisk)'!='' and '%(ManifestNonResxWithCultureOnDisk.EmittedForCompatibilityOnly)'=='') は (''!='' and ''=='') として評価されました。
プロジェクト "DirectXTex_Desktop_2022_Win10.vcxproj" 内のターゲット "_GenerateSatelliteAssemblyInputs" のビルドが終了しました。
false 条件により、ターゲット "ComputeIntermediateSatelliteAssemblies" を省略しました。(@(ReferenceSatellitePaths->'%(DestinationSubDirectory)') != '') は ( != '') として評価されました。
false 条件により、ターゲット "GenerateSatelliteAssemblies" を省略しました。('@(_SatelliteAssemblyResourceInputs)' != '') は ('' != '') として評価されました。
ファイル "C:\Program Files\Microsoft Visual Studio\2022\Community\MSBuild\Current\Bin\Microsoft.Common.CurrentVersion.targets" 内にある、プロジェクト "C:\Users\bluec\Kamata\TakeCEngine\project\externals\DirectXTex\DirectXTex_Desktop_2022_Win10.vcxproj" からのターゲット "CreateSatelliteAssemblies" (ターゲット "_BuildLinkAction" は依存):
プロジェクト "DirectXTex_Desktop_2022_Win10.vcxproj" 内のターゲット "CreateSatelliteAssemblies" のビルドが終了しました。
false 条件により、ターゲット "CopyLocalNativeReference" を省略しました。('$(CopyLocalProjectReference)' == 'true') は ('false' == 'true') として評価されました。
ファイル "C:\Program Files\Microsoft Visual Studio\2022\Community\MSBuild\Microsoft\VC\v170\Microsoft.CppBuild.targets" 内にある、プロジェクト "C:\Users\bluec\Kamata\TakeCEngine\project\externals\DirectXTex\DirectXTex_Desktop_2022_Win10.vcxproj" からのターゲット "_Appverifier" (ターゲット "_BuildLinkAction" は依存):
プロジェクト "DirectXTex_Desktop_2022_Win10.vcxproj" 内のターゲット "_Appverifier" のビルドが終了しました。
ファイル "C:\Program Files\Microsoft Visual Studio\2022\Community\MSBuild\Microsoft\VC\v170\Microsoft.CppBuild.targets" 内にある、プロジェクト "C:\Users\bluec\Kamata\TakeCEngine\project\externals\DirectXTex\DirectXTex_Desktop_2022_Win10.vcxproj" からのターゲット "_Deploy" (ターゲット "_BuildLinkAction" は依存):
プロジェクト "DirectXTex_Desktop_2022_Win10.vcxproj" 内のターゲット "_Deploy" のビルドが終了しました。
false 条件により、ターゲット "ComputeIntermediateSatelliteAssemblies" を省略しました。(@(ReferenceSatellitePaths->'%(DestinationSubDirectory)') != '') は ( != '') として評価されました。
false 条件により、ターゲット "_CopyFilesMarkedCopyLocal" を省略しました。('@(ReferenceCopyLocalPaths)' != '') は ('' != '') として評価されました。
ターゲット "AssignTargetPaths" を省略しました。以前に正しくビルドされていました。
ターゲット "AssignProjectConfiguration" を省略しました。以前に正しくビルドされていました。
ターゲット "_SplitProjectReferencesByFileExistence" を省略しました。以前に正しくビルドされていました。
ターゲット "_GetProjectReferenceTargetFrameworkProperties" を省略しました。以前に正しくビルドされていました。
ファイル "C:\Program Files\Microsoft Visual Studio\2022\Community\MSBuild\Current\Bin\Microsoft.Common.CurrentVersion.targets" 内にある、プロジェクト "C:\Users\bluec\Kamata\TakeCEngine\project\externals\DirectXTex\DirectXTex_Desktop_2022_Win10.vcxproj" からのターゲット "_PopulateCommonStateForGetCopyToOutputDirectoryItems" (ターゲット "GetCopyToOutputDirectoryItems" は依存):
プロジェクト "DirectXTex_Desktop_2022_Win10.vcxproj" 内のターゲット "_PopulateCommonStateForGetCopyToOutputDirectoryItems" のビルドが終了しました。
ファイル "C:\WINDOWS\Microsoft.NET\Framework\v4.0.30319\Microsoft.Xaml.targets" 内にある、プロジェクト "C:\Users\bluec\Kamata\TakeCEngine\project\externals\DirectXTex\DirectXTex_Desktop_2022_Win10.vcxproj" からのターゲット "GetCopyToOutputDirectoryXamlAppDefs" (ターゲット "GetCopyToOutputDirectoryItems" は依存):
タスク "AssignTargetPath"
タスク "AssignTargetPath" の実行が終了しました。
プロジェクト "DirectXTex_Desktop_2022_Win10.vcxproj" 内のターゲット "GetCopyToOutputDirectoryXamlAppDefs" のビルドが終了しました。
ファイル "C:\Program Files\Microsoft Visual Studio\2022\Community\MSBuild\Current\Bin\Microsoft.Common.CurrentVersion.targets" 内にある、プロジェクト "C:\Users\bluec\Kamata\TakeCEngine\project\externals\DirectXTex\DirectXTex_Desktop_2022_Win10.vcxproj" からのターゲット "GetCopyToOutputDirectoryItems" (ターゲット "_CopySourceItemsToOutputDirectory" は依存):
"CallTarget" タスクをアセンブリ "Microsoft.Build.Tasks.Core, Version=15.1.0.0, Culture=neutral, PublicKeyToken=b03f5f7f11d50a3a" から使用しています。
タスク "CallTarget"
ターゲット "_PopulateCommonStateForGetCopyToOutputDirectoryItems" を省略しました。以前に正しくビルドされていました。
ターゲット "_AddOutputPathToGlobalPropertiesToRemove" を省略しました。以前に正しくビルドされていました。
ファイル "C:\Program Files\Microsoft Visual Studio\2022\Community\MSBuild\Current\Bin\Microsoft.Common.CurrentVersion.targets" 内にある、プロジェクト "C:\Users\bluec\Kamata\TakeCEngine\project\externals\DirectXTex\DirectXTex_Desktop_2022_Win10.vcxproj" からのターゲット "_GetCopyToOutputDirectoryItemsFromTransitiveProjectReferences" (ターゲット "GetCopyToOutputDirectoryItems" は依存):
false 条件のため、タスク "MSBuild" を省略しました。('@(_MSBuildProjectReferenceExistent)' != '' and '$(_GetChildProjectCopyToOutputDirectoryItems)' == 'true' and '%(_MSBuildProjectReferenceExistent.Private)' != 'false' and '$(UseCommonOutputDirectory)' != 'true') は ('' != '' and 'true' == 'true' and '' != 'false' and 'false' != 'true') として評価されました。
タスク "AssignTargetPath"
タスク "AssignTargetPath" の実行が終了しました。
プロジェクト "DirectXTex_Desktop_2022_Win10.vcxproj" 内のターゲット "_GetCopyToOutputDirectoryItemsFromTransitiveProjectReferences" のビルドが終了しました。
タスク "CallTarget" の実行が終了しました。
タスク "CallTarget"
ターゲット "AssignTargetPaths" を省略しました。以前に正しくビルドされていました。
ターゲット "_PopulateCommonStateForGetCopyToOutputDirectoryItems" を省略しました。以前に正しくビルドされていました。
ファイル "C:\Program Files\Microsoft Visual Studio\2022\Community\MSBuild\Current\Bin\Microsoft.Common.CurrentVersion.targets" 内にある、プロジェクト "C:\Users\bluec\Kamata\TakeCEngine\project\externals\DirectXTex\DirectXTex_Desktop_2022_Win10.vcxproj" からのターゲット "_GetCopyToOutputDirectoryItemsFromThisProject" (ターゲット "GetCopyToOutputDirectoryItems" は依存):
タスク "AssignTargetPath"
タスク "AssignTargetPath" の実行が終了しました。
プロジェクト "DirectXTex_Desktop_2022_Win10.vcxproj" 内のターゲット "_GetCopyToOutputDirectoryItemsFromThisProject" のビルドが終了しました。
タスク "CallTarget" の実行が終了しました。
プロジェクト "DirectXTex_Desktop_2022_Win10.vcxproj" 内のターゲット "GetCopyToOutputDirectoryItems" のビルドが終了しました。
false 条件により、ターゲット "_CopyOutOfDateSourceItemsToOutputDirectory" を省略しました。( '@(_SourceItemsToCopyToOutputDirectory)' != '' ) は ( '' != '' ) として評価されました。
false 条件により、ターゲット "_CopyOutOfDateSourceItemsToOutputDirectoryAlways" を省略しました。( '@(_SourceItemsToCopyToOutputDirectoryAlways)' != '' ) は ( '' != '' ) として評価されました。
false 条件により、ターゲット "_CopyDifferingSourceItemsToOutputDirectory" を省略しました。( '@(_SourceItemsToCopyToOutputDirectoryIfDifferent)' != '' ) は ( '' != '' ) として評価されました。
ファイル "C:\Program Files\Microsoft Visual Studio\2022\Community\MSBuild\Current\Bin\Microsoft.Common.CurrentVersion.targets" 内にある、プロジェクト "C:\Users\bluec\Kamata\TakeCEngine\project\externals\DirectXTex\DirectXTex_Desktop_2022_Win10.vcxproj" からのターゲット "_CopySourceItemsToOutputDirectory" (ターゲット "CopyFilesToOutputDirectory" は依存):
プロジェクト "DirectXTex_Desktop_2022_Win10.vcxproj" 内のターゲット "_CopySourceItemsToOutputDirectory" のビルドが終了しました。
false 条件により、ターゲット "_CopyAppConfigFile" を省略しました。( '@(AppConfigWithTargetPath)' != '' ) は ( '' != '' ) として評価されました。
false 条件により、ターゲット "_CopyManifestFiles" を省略しました。( '$(_DeploymentCopyApplicationManifest)'=='true' or '$(GenerateClickOnceManifests)'=='true' ) は ( ''=='true' or ''=='true' ) として評価されました。
ファイル "C:\Program Files\Microsoft Visual Studio\2022\Community\MSBuild\Current\Bin\Microsoft.Common.CurrentVersion.targets" 内にある、プロジェクト "C:\Users\bluec\Kamata\TakeCEngine\project\externals\DirectXTex\DirectXTex_Desktop_2022_Win10.vcxproj" からのターゲット "_CheckForCompileOutputs" (ターゲット "CopyFilesToOutputDirectory" は依存):
プロジェクト "DirectXTex_Desktop_2022_Win10.vcxproj" 内のターゲット "_CheckForCompileOutputs" のビルドが終了しました。
false 条件により、ターゲット "_SGenCheckForOutputs" を省略しました。('$(_SGenGenerateSerializationAssembliesConfig)' == 'On' or ('@(WebReferenceUrl)'!='' and '$(_SGenGenerateSerializationAssembliesConfig)' == 'Auto')) は ('Off' == 'On' or (''!='' and 'Off' == 'Auto')) として評価されました。
ファイル "C:\Program Files\Microsoft Visual Studio\2022\Community\MSBuild\Current\Bin\Microsoft.Common.CurrentVersion.targets" 内にある、プロジェクト "C:\Users\bluec\Kamata\TakeCEngine\project\externals\DirectXTex\DirectXTex_Desktop_2022_Win10.vcxproj" からのターゲット "CopyFilesToOutputDirectory" (ターゲット "PrepareForRun" は依存):
false 条件のため、タスク "Copy" を省略しました。('$(CopyBuildOutputToOutputDirectory)' == 'true' and '$(SkipCopyBuildProduct)' != 'true') は ('true' == 'true' and 'true' != 'true') として評価されました。
false 条件のため、タスク "CopyRefAssembly" を省略しました。('$(ProduceReferenceAssembly)' == 'true' and '$(CopyBuildOutputToOutputDirectory)' == 'true' and '$(SkipCopyBuildProduct)' != 'true') は ('false' == 'true' and 'true' == 'true' and 'true' != 'true') として評価されました。
false 条件のため、タスク "Message" を省略しました。('$(CopyBuildOutputToOutputDirectory)' == 'true' and '$(SkipCopyBuildProduct)'!='true') は ('true' == 'true' and 'true'!='true') として評価されました。
false 条件のため、タスク "Copy" を省略しました。('@(AddModules)' != '') は ('' != '') として評価されました。
false 条件のため、タスク "Copy" を省略しました。('$(_SGenDllCreated)'=='true') は ('false'=='true') として評価されました。
false 条件のため、タスク "Copy" を省略しました。('$(_DebugSymbolsProduced)'=='true' and '$(SkipCopyingSymbolsToOutputDirectory)' != 'true' and '$(CopyOutputSymbolsToOutputDirectory)'=='true') は ('false'=='true' and '' != 'true' and 'true'=='true') として評価されました。
false 条件のため、タスク "Copy" を省略しました。('$(_DocumentationFileProduced)'=='true' and '$(CopyDocumentationFileToOutputDirectory)'=='true') は ('false'=='true' and 'true'=='true') として評価されました。
false 条件のため、タスク "Copy" を省略しました。('@(IntermediateSatelliteAssembliesWithTargetPath)' != '') は ('' != '') として評価されました。
false 条件のため、タスク "Copy" を省略しました。('@(ReferenceComWrappersToCopyLocal)' != '' or '@(ResolvedIsolatedComModules)' != '' or '@(_DeploymentLooseManifestFile)' != '' or '@(NativeReferenceFile)' != '' ) は ('' != '' or '' != '' or '' != '' or '' != '' ) として評価されました。
false 条件のため、タスク "Copy" を省略しました。('$(SkipCopyWinMDArtifact)' != 'true' and '@(WinMDExpArtifacts)' != '') は ('' != 'true' and '' != '') として評価されました。
false 条件のため、タスク "Message" を省略しました。('$(SkipCopyWinMDArtifact)' != 'true' and '$(_WindowsMetadataOutputPath)' != '') は ('' != 'true' and '' != '') として評価されました。
プロジェクト "DirectXTex_Desktop_2022_Win10.vcxproj" 内のターゲット "CopyFilesToOutputDirectory" のビルドが終了しました。
ファイル "C:\Program Files\Microsoft Visual Studio\2022\Community\MSBuild\Current\Bin\Microsoft.Common.CurrentVersion.targets" 内にある、プロジェクト "C:\Users\bluec\Kamata\TakeCEngine\project\externals\DirectXTex\DirectXTex_Desktop_2022_Win10.vcxproj" からのターゲット "PrepareForRun" (ターゲット "_BuildLinkAction" は依存):
プロジェクト "DirectXTex_Desktop_2022_Win10.vcxproj" 内のターゲット "PrepareForRun" のビルドが終了しました。
false 条件により、ターゲット "CustomBuildStep" を省略しました。('@(CustomBuildStep)' != '' and '$(SelectedFiles)'=='') は ('' != '' and ''=='') として評価されました。
ファイル "C:\Program Files\Microsoft Visual Studio\2022\Community\MSBuild\Microsoft\VC\v170\Microsoft.CppCommon.targets" 内にある、プロジェクト "C:\Users\bluec\Kamata\TakeCEngine\project\externals\DirectXTex\DirectXTex_Desktop_2022_Win10.vcxproj" からのターゲット "PostBuildEvent" (ターゲット "_BuildLinkAction" は依存):
false 条件のため、タスク "Message" を省略しました。('%(PostBuildEvent.Message)' != '' and '%(PostBuildEvent.Command)' != '') は ('' != '' and '' != '') として評価されました。
false 条件のため、タスク "Exec" を省略しました。('%(PostBuildEvent.Command)' != '') は ('' != '') として評価されました。
プロジェクト "DirectXTex_Desktop_2022_Win10.vcxproj" 内のターゲット "PostBuildEvent" のビルドが終了しました。
ファイル "C:\Program Files\Microsoft Visual Studio\2022\Community\MSBuild\Microsoft\VC\v170\Microsoft.CppBuild.targets" 内にある、プロジェクト "C:\Users\bluec\Kamata\TakeCEngine\project\externals\DirectXTex\DirectXTex_Desktop_2022_Win10.vcxproj" からのターゲット "_BuildLinkAction" (ターゲット "BuildLink" は依存):
プロジェクト "DirectXTex_Desktop_2022_Win10.vcxproj" 内のターゲット "_BuildLinkAction" のビルドが終了しました。
ファイル "C:\Program Files\Microsoft Visual Studio\2022\Community\MSBuild\Current\Bin\Microsoft.Common.CurrentVersion.targets" 内にある、プロジェクト "C:\Users\bluec\Kamata\TakeCEngine\project\externals\DirectXTex\DirectXTex_Desktop_2022_Win10.vcxproj" からのターゲット "BuildLink" (ターゲット "Build" は依存):
プロジェクト "DirectXTex_Desktop_2022_Win10.vcxproj" 内のターゲット "BuildLink" のビルドが終了しました。
ファイル "C:\Program Files\Microsoft Visual Studio\2022\Community\MSBuild\Microsoft\VC\v170\Microsoft.BuildSteps.Targets" 内にある、プロジェクト "C:\Users\bluec\Kamata\TakeCEngine\project\externals\DirectXTex\DirectXTex_Desktop_2022_Win10.vcxproj" からのターゲット "AfterBuild" (ターゲット "Build" は依存):
プロジェクト "DirectXTex_Desktop_2022_Win10.vcxproj" 内のターゲット "AfterBuild" のビルドが終了しました。
ターゲット "_CheckForCompileOutputs" を省略しました。以前に正しくビルドされていました。
false 条件により、ターゲット "_SGenCheckForOutputs" を省略しました。('$(_SGenGenerateSerializationAssembliesConfig)' == 'On' or ('@(WebReferenceUrl)'!='' and '$(_SGenGenerateSerializationAssembliesConfig)' == 'Auto')) は ('Off' == 'On' or (''!='' and 'Off' == 'Auto')) として評価されました。
ファイル "C:\Program Files\Microsoft Visual Studio\2022\Community\MSBuild\Current\Bin\Microsoft.Common.CurrentVersion.targets" 内にある、プロジェクト "C:\Users\bluec\Kamata\TakeCEngine\project\externals\DirectXTex\DirectXTex_Desktop_2022_Win10.vcxproj" からのターゲット "_CleanGetCurrentAndPriorFileWrites" (ターゲット "IncrementalClean" は依存):
タスク "ReadLinesFromFile"
タスク "ReadLinesFromFile" の実行が終了しました。
"ConvertToAbsolutePath" タスクをアセンブリ "Microsoft.Build.Tasks.Core, Version=15.1.0.0, Culture=neutral, PublicKeyToken=b03f5f7f11d50a3a" から使用しています。
タスク "ConvertToAbsolutePath"
タスク "ConvertToAbsolutePath" の実行が終了しました。
"FindUnderPath" タスクをアセンブリ "Microsoft.Build.Tasks.Core, Version=15.1.0.0, Culture=neutral, PublicKeyToken=b03f5f7f11d50a3a" から使用しています。
タスク "FindUnderPath"
  比較パスは "C:\Users\bluec\Kamata\TakeCEngine\project\externals\DirectXTex" です。
タスク "FindUnderPath" の実行が終了しました。
タスク "FindUnderPath"
  比較パスは "C:\Users\bluec\Kamata\TakeCEngine\project\..\generated\outputs\Debug\" です。
タスク "FindUnderPath" の実行が終了しました。
タスク "FindUnderPath"
  比較パスは "C:\Users\bluec\Kamata\TakeCEngine\project\..\generated\obj\DirectXTex\Debug\" です。
タスク "FindUnderPath" の実行が終了しました。
"RemoveDuplicates" タスクをアセンブリ "Microsoft.Build.Tasks.Core, Version=15.1.0.0, Culture=neutral, PublicKeyToken=b03f5f7f11d50a3a" から使用しています。
タスク "RemoveDuplicates"
タスク "RemoveDuplicates" の実行が終了しました。
プロジェクト "DirectXTex_Desktop_2022_Win10.vcxproj" 内のターゲット "_CleanGetCurrentAndPriorFileWrites" のビルドが終了しました。
ファイル "C:\Program Files\Microsoft Visual Studio\2022\Community\MSBuild\Current\Bin\Microsoft.Common.CurrentVersion.targets" 内にある、プロジェクト "C:\Users\bluec\Kamata\TakeCEngine\project\externals\DirectXTex\DirectXTex_Desktop_2022_Win10.vcxproj" からのターゲット "IncrementalClean" (ターゲット "Build" は依存):
タスク "FindUnderPath"
  比較パスは "C:\Users\bluec\Kamata\TakeCEngine\project\..\generated\outputs\Debug\" です。
タスク "FindUnderPath" の実行が終了しました。
タスク "FindUnderPath"
  比較パスは "C:\Users\bluec\Kamata\TakeCEngine\project\..\generated\obj\DirectXTex\Debug\" です。
タスク "FindUnderPath" の実行が終了しました。
"Delete" タスクをアセンブリ "Microsoft.Build.Tasks.Core, Version=15.1.0.0, Culture=neutral, PublicKeyToken=b03f5f7f11d50a3a" から使用しています。
タスク "Delete"
タスク "Delete" の実行が終了しました。
タスク "RemoveDuplicates"
タスク "RemoveDuplicates" の実行が終了しました。
false 条件のため、タスク "WriteLinesToFile" を省略しました。('@(_CleanUnfilteredPriorFileWrites)'!='@(_CleanUniqueRemainingFileWritesAfterIncrementalClean)') は (''!='') として評価されました。
プロジェクト "DirectXTex_Desktop_2022_Win10.vcxproj" 内のターゲット "IncrementalClean" のビルドが終了しました。
ファイル "C:\Program Files\Microsoft Visual Studio\2022\Community\MSBuild\Microsoft\VC\v170\Microsoft.CppBuild.targets" 内にある、プロジェクト "C:\Users\bluec\Kamata\TakeCEngine\project\externals\DirectXTex\DirectXTex_Desktop_2022_Win10.vcxproj" からのターゲット "TlogCleanup" (ターゲット "Build" は依存):
"CleanupStaleTlogItems" タスクをアセンブリ "C:\Program Files\Microsoft Visual Studio\2022\Community\MSBuild\Microsoft\VC\v170\Microsoft.Build.CppTasks.Common.dll" から使用しています。
タスク "CleanupStaleTlogItems"
タスク "CleanupStaleTlogItems" の実行が終了しました。
プロジェクト "DirectXTex_Desktop_2022_Win10.vcxproj" 内のターゲット "TlogCleanup" のビルドが終了しました。
ファイル "C:\Program Files\Microsoft Visual Studio\2022\Community\MSBuild\Microsoft\VC\v170\Microsoft.CppBuild.targets" 内にある、プロジェクト "C:\Users\bluec\Kamata\TakeCEngine\project\externals\DirectXTex\DirectXTex_Desktop_2022_Win10.vcxproj" からのターゲット "FinalizeBuildStatus" (ターゲット "Build" は依存):
タスク "Delete"
  ファイル "C:\Users\bluec\Kamata\TakeCEngine\project\..\generated\obj\DirectXTex\Debug\DirectXTex.tlog\unsuccessfulbuild" を削除しています。
タスク "Delete" の実行が終了しました。
タスク "Touch"
  "C:\Users\bluec\Kamata\TakeCEngine\project\..\generated\obj\DirectXTex\Debug\DirectXTex.tlog\DirectXTex.lastbuildstate" のタッチ タスクを実行しています。
タスク "Touch" の実行が終了しました。
プロジェクト "DirectXTex_Desktop_2022_Win10.vcxproj" 内のターゲット "FinalizeBuildStatus" のビルドが終了しました。
ターゲット "_CheckForInvalidConfigurationAndPlatform" を省略しました。以前に正しくビルドされていました。
ターゲット "_CheckForInvalidConfigurationAndPlatform" を省略しました。以前に正しくビルドされていました。
ファイル "C:\Program Files\Microsoft Visual Studio\2022\Community\MSBuild\Microsoft\VC\v170\Microsoft.BuildSteps.Targets" 内にある、プロジェクト "C:\Users\bluec\Kamata\TakeCEngine\project\externals\DirectXTex\DirectXTex_Desktop_2022_Win10.vcxproj" からのターゲット "Build" (エントリ ポイント):
プロジェクト "DirectXTex_Desktop_2022_Win10.vcxproj" 内のターゲット "Build" のビルドが終了しました。
false 条件により、ターゲット "CallPublishContainerSdkContainerProfile" を省略しました。('$(EnableSdkContainerDebugging)' == 'true' AND '$(SdkContainerPublishOnBuild)' == 'true') は ('' == 'true' AND '' == 'true') として評価されました。
プロジェクト "C:\Users\bluec\Kamata\TakeCEngine\project\externals\DirectXTex\DirectXTex_Desktop_2022_Win10.vcxproj" (既定のターゲット) のビルドが完了しました。

プロジェクト "C:\Users\bluec\Kamata\TakeCEngine\project\DirectXGame.sln" (1) は、ノード 1 上に "C:\Users\bluec\Kamata\TakeCEngine\project\externals\DirectXTex\DirectXTex_Desktop_2022_Win10.vcxproj" (3:2) をビルドしています (既定のターゲット)。
ターゲット "Build" を省略しました。以前に正しくビルドされていました。
プロジェクト "C:\Users\bluec\Kamata\TakeCEngine\project\externals\DirectXTex\DirectXTex_Desktop_2022_Win10.vcxproj" (既定のターゲット) のビルドが完了しました。

プロパティの再代入: $(MSBuildExtensionsPath)="C:\Program Files\Microsoft Visual Studio\2022\Community\MSBuild" (以前の値: "C:\Program Files (x86)\MSBuild") 
プロパティの再代入: $(MSBuildExtensionsPath32)="C:\Program Files\Microsoft Visual Studio\2022\Community\MSBuild" (以前の値: "C:\Program Files (x86)\MSBuild") 
$(MSBuildExtensionsPath) で使用されている検索パスは C:\Program Files\Microsoft Visual Studio\2022\Community\MSBuild;$(MSBuildProgramFiles32)\MSBuild です
拡張パス C:\Program Files\Microsoft Visual Studio\2022\Community\MSBuild を使用して C:\Program Files\Microsoft Visual Studio\2022\Community\MSBuild\$(MSBuildToolsVersion)\Microsoft.Common.props をインポートしようとしています
C:\Program Files\Microsoft Visual Studio\2022\Community\MSBuild\Current\Microsoft.Common.props(60,5): message : プロパティの再代入: $(MSBuildProjectExtensionsPath)="C:\Users\bluec\Kamata\TakeCEngine\project\externals\imgui\obj\" (以前の値: "obj\") C:\Program Files\Microsoft Visual Studio\2022\Community\MSBuild\Current\Microsoft.Common.props (60,5)
C:\Program Files\Microsoft Visual Studio\2022\Community\MSBuild\Current\Microsoft.Common.props(84,119): message : 環境から展開された 'C:\Users\bluec\AppData\Local\Microsoft\MSBuild' 値を持つプロパティ 'MSBuildUserExtensionsPath'。
$(MSBuildExtensionsPath) で使用されている検索パスは C:\Program Files\Microsoft Visual Studio\2022\Community\MSBuild;$(MSBuildProgramFiles32)\MSBuild です
拡張パス C:\Program Files\Microsoft Visual Studio\2022\Community\MSBuild を使用して C:\Program Files\Microsoft Visual Studio\2022\Community\MSBuild\$(MSBuildToolsVersion)\Imports\Microsoft.Common.props\ImportBefore\* をインポートしようとしています
"Configuration" プロパティはグローバル プロパティであり、変更できません。
$(MSBuildExtensionsPath) で使用されている検索パスは C:\Program Files\Microsoft Visual Studio\2022\Community\MSBuild;$(MSBuildProgramFiles32)\MSBuild です
$(MSBuildExtensionsPath) で使用されている検索パスは C:\Program Files\Microsoft Visual Studio\2022\Community\MSBuild;$(MSBuildProgramFiles32)\MSBuild です
"PlatformToolset" プロパティはグローバル プロパティであり、変更できません。
"Configuration" プロパティはグローバル プロパティであり、変更できません。
"PlatformToolset" プロパティはグローバル プロパティであり、変更できません。
"SolutionDir" プロパティはグローバル プロパティであり、変更できません。
C:\Program Files\Microsoft Visual Studio\2022\Community\MSBuild\Microsoft\VC\v170\Microsoft.Cpp.Default.props(218,5): message : 環境から展開された 'C:\Users\bluec\AppData\Local' 値を持つプロパティ 'LOCALAPPDATA'。
C:\Users\bluec\Kamata\TakeCEngine\project\externals\imgui\imgui.vcxproj(65,5): message : プロパティの再代入: $(ConfigurationType)="StaticLibrary" (以前の値: "Application") C:\Users\bluec\Kamata\TakeCEngine\project\externals\imgui\imgui.vcxproj (65,5)
C:\Users\bluec\Kamata\TakeCEngine\project\externals\imgui\imgui.vcxproj(66,5): message : プロパティの再代入: $(UseDebugLibraries)="true" (以前の値: "false") C:\Users\bluec\Kamata\TakeCEngine\project\externals\imgui\imgui.vcxproj (66,5)
"PlatformToolset" プロパティはグローバル プロパティであり、変更できません。
C:\Users\bluec\Kamata\TakeCEngine\project\externals\imgui\imgui.vcxproj(68,5): message : プロパティの再代入: $(CharacterSet)="Unicode" (以前の値: "NotSet") C:\Users\bluec\Kamata\TakeCEngine\project\externals\imgui\imgui.vcxproj (68,5)
C:\Program Files\Microsoft Visual Studio\2022\Community\MSBuild\Microsoft\VC\v170\Microsoft.Cpp.ToolsetLocation.props(73,32): message : 環境から展開された 'x86' 値を持つプロパティ 'PROCESSOR_ARCHITECTURE'。
C:\Program Files\Microsoft Visual Studio\2022\Community\MSBuild\Microsoft\VC\v170\Microsoft.Cpp.WindowsSDK.props(209,5): message : プロパティの再代入: $(WindowsSDK_ExecutablePath_x86)="C:\Program Files (x86)\Windows Kits\10\bin\10.0.26100.0\x86;;C:\Program Files (x86)\Microsoft SDKs\Windows\v10.0A\bin\NETFX 4.8.1 Tools" (以前の値: "C:\Program Files (x86)\Windows Kits\10\bin\10.0.26100.0\x86;") C:\Program Files\Microsoft Visual Studio\2022\Community\MSBuild\Microsoft\VC\v170\Microsoft.Cpp.WindowsSDK.props (209,5)
C:\Program Files\Microsoft Visual Studio\2022\Community\MSBuild\Microsoft\VC\v170\Microsoft.Cpp.WindowsSDK.props(210,5): message : プロパティの再代入: $(WindowsSDK_ExecutablePath_x64)="C:\Program Files (x86)\Windows Kits\10\bin\10.0.26100.0\x64;;C:\Program Files (x86)\Microsoft SDKs\Windows\v10.0A\bin\NETFX 4.8.1 Tools\x64" (以前の値: "C:\Program Files (x86)\Windows Kits\10\bin\10.0.26100.0\x64;") C:\Program Files\Microsoft Visual Studio\2022\Community\MSBuild\Microsoft\VC\v170\Microsoft.Cpp.WindowsSDK.props (210,5)
C:\Program Files\Microsoft Visual Studio\2022\Community\MSBuild\Microsoft\VC\v170\Microsoft.Cpp.Common.props(43,5): message : プロパティの再代入: $(TargetExt)=".lib" (以前の値: "") C:\Program Files\Microsoft Visual Studio\2022\Community\MSBuild\Microsoft\VC\v170\Microsoft.Cpp.Common.props (43,5)
C:\Program Files\Microsoft Visual Studio\2022\Community\MSBuild\Microsoft\VC\v170\Microsoft.Cpp.Common.props(88,5): message : プロパティの再代入: $(VC_ExecutablePath_Loc)="C:\Program Files\Microsoft Visual Studio\2022\Community\VC\Tools\MSVC\14.44.35207\bin\HostX64\x64\1033;C:\Program Files\Microsoft Visual Studio\2022\Community\VC\Tools\MSVC\14.44.35207\bin\HostX64\x86\1033;;;" (以前の値: "C:\Program Files\Microsoft Visual Studio\2022\Community\VC\Tools\MSVC\14.44.35207\bin\HostX64\x86\1033;;") C:\Program Files\Microsoft Visual Studio\2022\Community\MSBuild\Microsoft\VC\v170\Microsoft.Cpp.Common.props (88,5)
C:\Program Files\Microsoft Visual Studio\2022\Community\MSBuild\Microsoft\VC\v170\Microsoft.Cpp.Common.props(89,5): message : プロパティの再代入: $(VC_ExecutablePath_Loc)="C:\Program Files\Microsoft Visual Studio\2022\Community\VC\Tools\MSVC\14.44.35207\bin\HostX64\arm\1033;C:\Program Files\Microsoft Visual Studio\2022\Community\VC\Tools\MSVC\14.44.35207\bin\HostX64\x64\1033;C:\Program Files\Microsoft Visual Studio\2022\Community\VC\Tools\MSVC\14.44.35207\bin\HostX64\x86\1033;;;;" (以前の値: "C:\Program Files\Microsoft Visual Studio\2022\Community\VC\Tools\MSVC\14.44.35207\bin\HostX64\x64\1033;C:\Program Files\Microsoft Visual Studio\2022\Community\VC\Tools\MSVC\14.44.35207\bin\HostX64\x86\1033;;;") C:\Program Files\Microsoft Visual Studio\2022\Community\MSBuild\Microsoft\VC\v170\Microsoft.Cpp.Common.props (89,5)
C:\Program Files\Microsoft Visual Studio\2022\Community\MSBuild\Microsoft\VC\v170\Microsoft.Cpp.Common.props(90,5): message : プロパティの再代入: $(VC_ExecutablePath_Loc)="C:\Program Files\Microsoft Visual Studio\2022\Community\VC\Tools\MSVC\14.44.35207\bin\HostX64\arm64\1033;C:\Program Files\Microsoft Visual Studio\2022\Community\VC\Tools\MSVC\14.44.35207\bin\HostX64\arm\1033;C:\Program Files\Microsoft Visual Studio\2022\Community\VC\Tools\MSVC\14.44.35207\bin\HostX64\x64\1033;C:\Program Files\Microsoft Visual Studio\2022\Community\VC\Tools\MSVC\14.44.35207\bin\HostX64\x86\1033;;;;;" (以前の値: "C:\Program Files\Microsoft Visual Studio\2022\Community\VC\Tools\MSVC\14.44.35207\bin\HostX64\arm\1033;C:\Program Files\Microsoft Visual Studio\2022\Community\VC\Tools\MSVC\14.44.35207\bin\HostX64\x64\1033;C:\Program Files\Microsoft Visual Studio\2022\Community\VC\Tools\MSVC\14.44.35207\bin\HostX64\x86\1033;;;;") C:\Program Files\Microsoft Visual Studio\2022\Community\MSBuild\Microsoft\VC\v170\Microsoft.Cpp.Common.props (90,5)
C:\Program Files\Microsoft Visual Studio\2022\Community\MSBuild\Microsoft\VC\v170\Microsoft.Cpp.Common.props(91,5): message : プロパティの再代入: $(VC_ExecutablePath_Loc)="C:\Program Files\Microsoft Visual Studio\2022\Community\VC\Tools\MSVC\14.44.35207\bin\HostX86\x86\1033;C:\Program Files\Microsoft Visual Studio\2022\Community\VC\Tools\MSVC\14.44.35207\bin\HostX64\arm64\1033;C:\Program Files\Microsoft Visual Studio\2022\Community\VC\Tools\MSVC\14.44.35207\bin\HostX64\arm\1033;C:\Program Files\Microsoft Visual Studio\2022\Community\VC\Tools\MSVC\14.44.35207\bin\HostX64\x64\1033;C:\Program Files\Microsoft Visual Studio\2022\Community\VC\Tools\MSVC\14.44.35207\bin\HostX64\x86\1033;;;;;;" (以前の値: "C:\Program Files\Microsoft Visual Studio\2022\Community\VC\Tools\MSVC\14.44.35207\bin\HostX64\arm64\1033;C:\Program Files\Microsoft Visual Studio\2022\Community\VC\Tools\MSVC\14.44.35207\bin\HostX64\arm\1033;C:\Program Files\Microsoft Visual Studio\2022\Community\VC\Tools\MSVC\14.44.35207\bin\HostX64\x64\1033;C:\Program Files\Microsoft Visual Studio\2022\Community\VC\Tools\MSVC\14.44.35207\bin\HostX64\x86\1033;;;;;") C:\Program Files\Microsoft Visual Studio\2022\Community\MSBuild\Microsoft\VC\v170\Microsoft.Cpp.Common.props (91,5)
C:\Program Files\Microsoft Visual Studio\2022\Community\MSBuild\Microsoft\VC\v170\Microsoft.Cpp.Common.props(92,5): message : プロパティの再代入: $(VC_ExecutablePath_Loc)="C:\Program Files\Microsoft Visual Studio\2022\Community\VC\Tools\MSVC\14.44.35207\bin\HostX86\x64\1033;C:\Program Files\Microsoft Visual Studio\2022\Community\VC\Tools\MSVC\14.44.35207\bin\HostX86\x86\1033;C:\Program Files\Microsoft Visual Studio\2022\Community\VC\Tools\MSVC\14.44.35207\bin\HostX64\arm64\1033;C:\Program Files\Microsoft Visual Studio\2022\Community\VC\Tools\MSVC\14.44.35207\bin\HostX64\arm\1033;C:\Program Files\Microsoft Visual Studio\2022\Community\VC\Tools\MSVC\14.44.35207\bin\HostX64\x64\1033;C:\Program Files\Microsoft Visual Studio\2022\Community\VC\Tools\MSVC\14.44.35207\bin\HostX64\x86\1033;;;;;;;" (以前の値: "C:\Program Files\Microsoft Visual Studio\2022\Community\VC\Tools\MSVC\14.44.35207\bin\HostX86\x86\1033;C:\Program Files\Microsoft Visual Studio\2022\Community\VC\Tools\MSVC\14.44.35207\bin\HostX64\arm64\1033;C:\Program Files\Microsoft Visual Studio\2022\Community\VC\Tools\MSVC\14.44.35207\bin\HostX64\arm\1033;C:\Program Files\Microsoft Visual Studio\2022\Community\VC\Tools\MSVC\14.44.35207\bin\HostX64\x64\1033;C:\Program Files\Microsoft Visual Studio\2022\Community\VC\Tools\MSVC\14.44.35207\bin\HostX64\x86\1033;;;;;;") C:\Program Files\Microsoft Visual Studio\2022\Community\MSBuild\Microsoft\VC\v170\Microsoft.Cpp.Common.props (92,5)
C:\Program Files\Microsoft Visual Studio\2022\Community\MSBuild\Microsoft\VC\v170\Microsoft.Cpp.Common.props(93,5): message : プロパティの再代入: $(VC_ExecutablePath_Loc)="C:\Program Files\Microsoft Visual Studio\2022\Community\VC\Tools\MSVC\14.44.35207\bin\HostX86\arm64\1033;C:\Program Files\Microsoft Visual Studio\2022\Community\VC\Tools\MSVC\14.44.35207\bin\HostX86\x64\1033;C:\Program Files\Microsoft Visual Studio\2022\Community\VC\Tools\MSVC\14.44.35207\bin\HostX86\x86\1033;C:\Program Files\Microsoft Visual Studio\2022\Community\VC\Tools\MSVC\14.44.35207\bin\HostX64\arm64\1033;C:\Program Files\Microsoft Visual Studio\2022\Community\VC\Tools\MSVC\14.44.35207\bin\HostX64\arm\1033;C:\Program Files\Microsoft Visual Studio\2022\Community\VC\Tools\MSVC\14.44.35207\bin\HostX64\x64\1033;C:\Program Files\Microsoft Visual Studio\2022\Community\VC\Tools\MSVC\14.44.35207\bin\HostX64\x86\1033;;;;;;;;" (以前の値: "C:\Program Files\Microsoft Visual Studio\2022\Community\VC\Tools\MSVC\14.44.35207\bin\HostX86\x64\1033;C:\Program Files\Microsoft Visual Studio\2022\Community\VC\Tools\MSVC\14.44.35207\bin\HostX86\x86\1033;C:\Program Files\Microsoft Visual Studio\2022\Community\VC\Tools\MSVC\14.44.35207\bin\HostX64\arm64\1033;C:\Program Files\Microsoft Visual Studio\2022\Community\VC\Tools\MSVC\14.44.35207\bin\HostX64\arm\1033;C:\Program Files\Microsoft Visual Studio\2022\Community\VC\Tools\MSVC\14.44.35207\bin\HostX64\x64\1033;C:\Program Files\Microsoft Visual Studio\2022\Community\VC\Tools\MSVC\14.44.35207\bin\HostX64\x86\1033;;;;;;;") C:\Program Files\Microsoft Visual Studio\2022\Community\MSBuild\Microsoft\VC\v170\Microsoft.Cpp.Common.props (93,5)
C:\Program Files\Microsoft Visual Studio\2022\Community\MSBuild\Microsoft\VC\v170\Microsoft.Cpp.Common.props(94,5): message : プロパティの再代入: $(VC_ExecutablePath_Loc)="C:\Program Files\Microsoft Visual Studio\2022\Community\VC\Tools\MSVC\14.44.35207\bin\HostArm64\x86\1033;C:\Program Files\Microsoft Visual Studio\2022\Community\VC\Tools\MSVC\14.44.35207\bin\HostX86\arm64\1033;C:\Program Files\Microsoft Visual Studio\2022\Community\VC\Tools\MSVC\14.44.35207\bin\HostX86\x64\1033;C:\Program Files\Microsoft Visual Studio\2022\Community\VC\Tools\MSVC\14.44.35207\bin\HostX86\x86\1033;C:\Program Files\Microsoft Visual Studio\2022\Community\VC\Tools\MSVC\14.44.35207\bin\HostX64\arm64\1033;C:\Program Files\Microsoft Visual Studio\2022\Community\VC\Tools\MSVC\14.44.35207\bin\HostX64\arm\1033;C:\Program Files\Microsoft Visual Studio\2022\Community\VC\Tools\MSVC\14.44.35207\bin\HostX64\x64\1033;C:\Program Files\Microsoft Visual Studio\2022\Community\VC\Tools\MSVC\14.44.35207\bin\HostX64\x86\1033;;;;;;;;;" (以前の値: "C:\Program Files\Microsoft Visual Studio\2022\Community\VC\Tools\MSVC\14.44.35207\bin\HostX86\arm64\1033;C:\Program Files\Microsoft Visual Studio\2022\Community\VC\Tools\MSVC\14.44.35207\bin\HostX86\x64\1033;C:\Program Files\Microsoft Visual Studio\2022\Community\VC\Tools\MSVC\14.44.35207\bin\HostX86\x86\1033;C:\Program Files\Microsoft Visual Studio\2022\Community\VC\Tools\MSVC\14.44.35207\bin\HostX64\arm64\1033;C:\Program Files\Microsoft Visual Studio\2022\Community\VC\Tools\MSVC\14.44.35207\bin\HostX64\arm\1033;C:\Program Files\Microsoft Visual Studio\2022\Community\VC\Tools\MSVC\14.44.35207\bin\HostX64\x64\1033;C:\Program Files\Microsoft Visual Studio\2022\Community\VC\Tools\MSVC\14.44.35207\bin\HostX64\x86\1033;;;;;;;;") C:\Program Files\Microsoft Visual Studio\2022\Community\MSBuild\Microsoft\VC\v170\Microsoft.Cpp.Common.props (94,5)
C:\Program Files\Microsoft Visual Studio\2022\Community\MSBuild\Microsoft\VC\v170\Microsoft.Cpp.Common.props(95,5): message : プロパティの再代入: $(VC_ExecutablePath_Loc)="C:\Program Files\Microsoft Visual Studio\2022\Community\VC\Tools\MSVC\14.44.35207\bin\HostArm64\x64\1033;C:\Program Files\Microsoft Visual Studio\2022\Community\VC\Tools\MSVC\14.44.35207\bin\HostArm64\x86\1033;C:\Program Files\Microsoft Visual Studio\2022\Community\VC\Tools\MSVC\14.44.35207\bin\HostX86\arm64\1033;C:\Program Files\Microsoft Visual Studio\2022\Community\VC\Tools\MSVC\14.44.35207\bin\HostX86\x64\1033;C:\Program Files\Microsoft Visual Studio\2022\Community\VC\Tools\MSVC\14.44.35207\bin\HostX86\x86\1033;C:\Program Files\Microsoft Visual Studio\2022\Community\VC\Tools\MSVC\14.44.35207\bin\HostX64\arm64\1033;C:\Program Files\Microsoft Visual Studio\2022\Community\VC\Tools\MSVC\14.44.35207\bin\HostX64\arm\1033;C:\Program Files\Microsoft Visual Studio\2022\Community\VC\Tools\MSVC\14.44.35207\bin\HostX64\x64\1033;C:\Program Files\Microsoft Visual Studio\2022\Community\VC\Tools\MSVC\14.44.35207\bin\HostX64\x86\1033;;;;;;;;;;" (以前の値: "C:\Program Files\Microsoft Visual Studio\2022\Community\VC\Tools\MSVC\14.44.35207\bin\HostArm64\x86\1033;C:\Program Files\Microsoft Visual Studio\2022\Community\VC\Tools\MSVC\14.44.35207\bin\HostX86\arm64\1033;C:\Program Files\Microsoft Visual Studio\2022\Community\VC\Tools\MSVC\14.44.35207\bin\HostX86\x64\1033;C:\Program Files\Microsoft Visual Studio\2022\Community\VC\Tools\MSVC\14.44.35207\bin\HostX86\x86\1033;C:\Program Files\Microsoft Visual Studio\2022\Community\VC\Tools\MSVC\14.44.35207\bin\HostX64\arm64\1033;C:\Program Files\Microsoft Visual Studio\2022\Community\VC\Tools\MSVC\14.44.35207\bin\HostX64\arm\1033;C:\Program Files\Microsoft Visual Studio\2022\Community\VC\Tools\MSVC\14.44.35207\bin\HostX64\x64\1033;C:\Program Files\Microsoft Visual Studio\2022\Community\VC\Tools\MSVC\14.44.35207\bin\HostX64\x86\1033;;;;;;;;;") C:\Program Files\Microsoft Visual Studio\2022\Community\MSBuild\Microsoft\VC\v170\Microsoft.Cpp.Common.props (95,5)
C:\Program Files\Microsoft Visual Studio\2022\Community\MSBuild\Microsoft\VC\v170\Microsoft.Cpp.Common.props(96,5): message : プロパティの再代入: $(VC_ExecutablePath_Loc)="C:\Program Files\Microsoft Visual Studio\2022\Community\VC\Tools\MSVC\14.44.35207\bin\HostArm64\arm\1033;C:\Program Files\Microsoft Visual Studio\2022\Community\VC\Tools\MSVC\14.44.35207\bin\HostArm64\x64\1033;C:\Program Files\Microsoft Visual Studio\2022\Community\VC\Tools\MSVC\14.44.35207\bin\HostArm64\x86\1033;C:\Program Files\Microsoft Visual Studio\2022\Community\VC\Tools\MSVC\14.44.35207\bin\HostX86\arm64\1033;C:\Program Files\Microsoft Visual Studio\2022\Community\VC\Tools\MSVC\14.44.35207\bin\HostX86\x64\1033;C:\Program Files\Microsoft Visual Studio\2022\Community\VC\Tools\MSVC\14.44.35207\bin\HostX86\x86\1033;C:\Program Files\Microsoft Visual Studio\2022\Community\VC\Tools\MSVC\14.44.35207\bin\HostX64\arm64\1033;C:\Program Files\Microsoft Visual Studio\2022\Community\VC\Tools\MSVC\14.44.35207\bin\HostX64\arm\1033;C:\Program Files\Microsoft Visual Studio\2022\Community\VC\Tools\MSVC\14.44.35207\bin\HostX64\x64\1033;C:\Program Files\Microsoft Visual Studio\2022\Community\VC\Tools\MSVC\14.44.35207\bin\HostX64\x86\1033;;;;;;;;;;;" (以前の値: "C:\Program Files\Microsoft Visual Studio\2022\Community\VC\Tools\MSVC\14.44.35207\bin\HostArm64\x64\1033;C:\Program Files\Microsoft Visual Studio\2022\Community\VC\Tools\MSVC\14.44.35207\bin\HostArm64\x86\1033;C:\Program Files\Microsoft Visual Studio\2022\Community\VC\Tools\MSVC\14.44.35207\bin\HostX86\arm64\1033;C:\Program Files\Microsoft Visual Studio\2022\Community\VC\Tools\MSVC\14.44.35207\bin\HostX86\x64\1033;C:\Program Files\Microsoft Visual Studio\2022\Community\VC\Tools\MSVC\14.44.35207\bin\HostX86\x86\1033;C:\Program Files\Microsoft Visual Studio\2022\Community\VC\Tools\MSVC\14.44.35207\bin\HostX64\arm64\1033;C:\Program Files\Microsoft Visual Studio\2022\Community\VC\Tools\MSVC\14.44.35207\bin\HostX64\arm\1033;C:\Program Files\Microsoft Visual Studio\2022\Community\VC\Tools\MSVC\14.44.35207\bin\HostX64\x64\1033;C:\Program Files\Microsoft Visual Studio\2022\Community\VC\Tools\MSVC\14.44.35207\bin\HostX64\x86\1033;;;;;;;;;;") C:\Program Files\Microsoft Visual Studio\2022\Community\MSBuild\Microsoft\VC\v170\Microsoft.Cpp.Common.props (96,5)
C:\Program Files\Microsoft Visual Studio\2022\Community\MSBuild\Microsoft\VC\v170\Microsoft.Cpp.Common.props(97,5): message : プロパティの再代入: $(VC_ExecutablePath_Loc)="C:\Program Files\Microsoft Visual Studio\2022\Community\VC\Tools\MSVC\14.44.35207\bin\HostArm64\arm64\1033;C:\Program Files\Microsoft Visual Studio\2022\Community\VC\Tools\MSVC\14.44.35207\bin\HostArm64\arm\1033;C:\Program Files\Microsoft Visual Studio\2022\Community\VC\Tools\MSVC\14.44.35207\bin\HostArm64\x64\1033;C:\Program Files\Microsoft Visual Studio\2022\Community\VC\Tools\MSVC\14.44.35207\bin\HostArm64\x86\1033;C:\Program Files\Microsoft Visual Studio\2022\Community\VC\Tools\MSVC\14.44.35207\bin\HostX86\arm64\1033;C:\Program Files\Microsoft Visual Studio\2022\Community\VC\Tools\MSVC\14.44.35207\bin\HostX86\x64\1033;C:\Program Files\Microsoft Visual Studio\2022\Community\VC\Tools\MSVC\14.44.35207\bin\HostX86\x86\1033;C:\Program Files\Microsoft Visual Studio\2022\Community\VC\Tools\MSVC\14.44.35207\bin\HostX64\arm64\1033;C:\Program Files\Microsoft Visual Studio\2022\Community\VC\Tools\MSVC\14.44.35207\bin\HostX64\arm\1033;C:\Program Files\Microsoft Visual Studio\2022\Community\VC\Tools\MSVC\14.44.35207\bin\HostX64\x64\1033;C:\Program Files\Microsoft Visual Studio\2022\Community\VC\Tools\MSVC\14.44.35207\bin\HostX64\x86\1033;;;;;;;;;;;;" (以前の値: "C:\Program Files\Microsoft Visual Studio\2022\Community\VC\Tools\MSVC\14.44.35207\bin\HostArm64\arm\1033;C:\Program Files\Microsoft Visual Studio\2022\Community\VC\Tools\MSVC\14.44.35207\bin\HostArm64\x64\1033;C:\Program Files\Microsoft Visual Studio\2022\Community\VC\Tools\MSVC\14.44.35207\bin\HostArm64\x86\1033;C:\Program Files\Microsoft Visual Studio\2022\Community\VC\Tools\MSVC\14.44.35207\bin\HostX86\arm64\1033;C:\Program Files\Microsoft Visual Studio\2022\Community\VC\Tools\MSVC\14.44.35207\bin\HostX86\x64\1033;C:\Program Files\Microsoft Visual Studio\2022\Community\VC\Tools\MSVC\14.44.35207\bin\HostX86\x86\1033;C:\Program Files\Microsoft Visual Studio\2022\Community\VC\Tools\MSVC\14.44.35207\bin\HostX64\arm64\1033;C:\Program Files\Microsoft Visual Studio\2022\Community\VC\Tools\MSVC\14.44.35207\bin\HostX64\arm\1033;C:\Program Files\Microsoft Visual Studio\2022\Community\VC\Tools\MSVC\14.44.35207\bin\HostX64\x64\1033;C:\Program Files\Microsoft Visual Studio\2022\Community\VC\Tools\MSVC\14.44.35207\bin\HostX64\x86\1033;;;;;;;;;;;") C:\Program Files\Microsoft Visual Studio\2022\Community\MSBuild\Microsoft\VC\v170\Microsoft.Cpp.Common.props (97,5)
C:\Program Files\Microsoft Visual Studio\2022\Community\MSBuild\Microsoft\VC\v170\Microsoft.Cpp.Common.props(147,5): message : 環境から展開された 'DESKTOP-NU5TQST' 値を持つプロパティ 'COMPUTERNAME'。
C:\Program Files\Microsoft Visual Studio\2022\Community\MSBuild\Microsoft\VC\v170\Microsoft.Cpp.Common.props(153,5): message : プロパティの再代入: $(RemoteDebuggerDeployDebugCppRuntime)="true" (以前の値: "false") C:\Program Files\Microsoft Visual Studio\2022\Community\MSBuild\Microsoft\VC\v170\Microsoft.Cpp.Common.props (153,5)
C:\Program Files\Microsoft Visual Studio\2022\Community\MSBuild\Microsoft\VC\v170\Microsoft.Cpp.Common.props(214,5): message : プロパティの再代入: $(MultiProcMaxCount)="0" (以前の値: "") C:\Program Files\Microsoft Visual Studio\2022\Community\MSBuild\Microsoft\VC\v170\Microsoft.Cpp.Common.props (214,5)
C:\Program Files\Microsoft Visual Studio\2022\Community\MSBuild\Microsoft\VC\v170\Microsoft.Cpp.Analysis.props(29,5): message : プロパティの再代入: $(MsvcAnalysisToolsPath)="C:\Program Files\Microsoft Visual Studio\2022\Community\VC\Tools\MSVC\14.44.35207\bin\HostX86\x64" (以前の値: "C:\Program Files\Microsoft Visual Studio\2022\Community\VC\Tools\MSVC\14.44.35207\bin\HostX64\x64") C:\Program Files\Microsoft Visual Studio\2022\Community\MSBuild\Microsoft\VC\v170\Microsoft.Cpp.Analysis.props (29,5)
C:\Program Files\Microsoft Visual Studio\2022\Community\MSBuild\Microsoft\VC\v170\Microsoft.Cpp.Analysis.props(33,5): message : プロパティの再代入: $(MsvcAnalysisPluginPath)="C:\Program Files\Microsoft Visual Studio\2022\Community\VC\Tools\MSVC\14.44.35207\bin\HostX86\x64" (以前の値: "C:\Program Files\Microsoft Visual Studio\2022\Community\VC\Tools\MSVC\14.44.35207\bin\HostX64\x64") C:\Program Files\Microsoft Visual Studio\2022\Community\MSBuild\Microsoft\VC\v170\Microsoft.Cpp.Analysis.props (33,5)
C:\Program Files\Microsoft Visual Studio\2022\Community\MSBuild\Microsoft\VC\v170\Microsoft.CodeAnalysis.Extensions.props(21,5): message : プロパティの再代入: $(EspXtensions)="EnumIndex.dll;CppCoreCheck.dll;" (以前の値: "CppCoreCheck.dll;") C:\Program Files\Microsoft Visual Studio\2022\Community\MSBuild\Microsoft\VC\v170\Microsoft.CodeAnalysis.Extensions.props (21,5)
C:\Program Files\Microsoft Visual Studio\2022\Community\MSBuild\Microsoft\VC\v170\Microsoft.CodeAnalysis.Extensions.props(24,5): message : プロパティの再代入: $(EspXtensions)="HResultCheck.dll;EnumIndex.dll;CppCoreCheck.dll;" (以前の値: "EnumIndex.dll;CppCoreCheck.dll;") C:\Program Files\Microsoft Visual Studio\2022\Community\MSBuild\Microsoft\VC\v170\Microsoft.CodeAnalysis.Extensions.props (24,5)
C:\Program Files\Microsoft Visual Studio\2022\Community\MSBuild\Microsoft\VC\v170\Microsoft.CodeAnalysis.Extensions.props(27,5): message : プロパティの再代入: $(EspXtensions)="VariantClear.dll;HResultCheck.dll;EnumIndex.dll;CppCoreCheck.dll;" (以前の値: "HResultCheck.dll;EnumIndex.dll;CppCoreCheck.dll;") C:\Program Files\Microsoft Visual Studio\2022\Community\MSBuild\Microsoft\VC\v170\Microsoft.CodeAnalysis.Extensions.props (27,5)
C:\Program Files\Microsoft Visual Studio\2022\Community\MSBuild\Microsoft\VC\v170\Microsoft.CodeAnalysis.Extensions.props(33,5): message : プロパティの再代入: $(ConcurrencyCheckPath)="C:\Program Files\Microsoft Visual Studio\2022\Community\VC\Tools\MSVC\14.44.35207\bin\HostX86\x64\ConcurrencyCheck.dll" (以前の値: "C:\Program Files\Microsoft Visual Studio\2022\Community\VC\Tools\MSVC\14.44.35207\bin\HostX86\x86\ConcurrencyCheck.dll") C:\Program Files\Microsoft Visual Studio\2022\Community\MSBuild\Microsoft\VC\v170\Microsoft.CodeAnalysis.Extensions.props (33,5)
C:\Program Files\Microsoft Visual Studio\2022\Community\MSBuild\Microsoft\VC\v170\Microsoft.CodeAnalysis.Extensions.props(34,5): message : プロパティの再代入: $(EspXtensions)="ConcurrencyCheck.dll;VariantClear.dll;HResultCheck.dll;EnumIndex.dll;CppCoreCheck.dll;" (以前の値: "VariantClear.dll;HResultCheck.dll;EnumIndex.dll;CppCoreCheck.dll;") C:\Program Files\Microsoft Visual Studio\2022\Community\MSBuild\Microsoft\VC\v170\Microsoft.CodeAnalysis.Extensions.props (34,5)
C:\Program Files\Microsoft Visual Studio\2022\Community\MSBuild\Microsoft\VC\v170\Microsoft.Cpp.unicodesupport.props(15,5): message : プロパティの再代入: $(_PropertySheetDisplayName)="Unicode Support" (以前の値: "Core Windows Libraries") C:\Program Files\Microsoft Visual Studio\2022\Community\MSBuild\Microsoft\VC\v170\Microsoft.Cpp.unicodesupport.props (15,5)
C:\Program Files\Microsoft Visual Studio\2022\Community\MSBuild\Microsoft\VC\v170\Microsoft.Cpp.MSVC.Toolset.Common.props(55,5): message : 環境から展開された 'C:\Program Files\PowerShell\7;C:\Windows\system32;C:\Windows;C:\Windows\System32\Wbem;C:\Windows\System32\WindowsPowerShell\v1.0\;C:\Windows\System32\OpenSSH\;C:\Program Files (x86)\NVIDIA Corporation\PhysX\Common;C:\WINDOWS\system32;C:\WINDOWS;C:\WINDOWS\System32\Wbem;C:\WINDOWS\System32\WindowsPowerShell\v1.0\;C:\WINDOWS\System32\OpenSSH\;C:\Program Files\dotnet\;C:\Program Files\Microsoft SQL Server\150\Tools\Binn\;C:\Program Files\Microsoft SQL Server\Client SDK\ODBC\170\Tools\Binn\;C:\Program Files (x86)\Windows Kits\10\Windows Performance Toolkit\;C:\Program Files\Git\cmd;C:\Program Files\NVIDIA Corporation\NVIDIA App\NvDLISR;C:\Program Files\PowerShell\7\;C:\Users\bluec\AppData\Local\Programs\Python\Launcher\;C:\Users\bluec\AppData\Local\Microsoft\WindowsApps;C:\Users\bluec\AppData\Local\Programs\Microsoft VS Code\bin;C:\Users\bluec\AppData\Local\GitHubDesktop\bin;C:\Users\bluec\AppData\Local\Programs\Antigravity\bin;C:\Users\bluec\.dotnet\tools;c:\Users\bluec\.antigravity\extensions\ms-python.debugpy-2025.14.1-win32-x64\bundled\scripts\noConfigScripts' 値を持つプロパティ 'Path'。
C:\Program Files\Microsoft Visual Studio\2022\Community\MSBuild\Microsoft\VC\v170\Microsoft.Cpp.MSVC.Toolset.Common.props(56,5): message : 環境から展開された 'C:\WINDOWS' 値を持つプロパティ 'SystemRoot'。
C:\Users\bluec\Kamata\TakeCEngine\project\externals\imgui\imgui.vcxproj(96,5): message : プロパティの再代入: $(OutDir)="C:\Users\bluec\Kamata\TakeCEngine\project\..\generated\outputs\Debug\" (以前の値: "C:\Users\bluec\Kamata\TakeCEngine\project\x64\Debug\") C:\Users\bluec\Kamata\TakeCEngine\project\externals\imgui\imgui.vcxproj (96,5)
C:\Users\bluec\Kamata\TakeCEngine\project\externals\imgui\imgui.vcxproj(97,5): message : プロパティの再代入: $(IntDir)="C:\Users\bluec\Kamata\TakeCEngine\project\..\generated\obj\imgui\Debug\" (以前の値: "x64\Debug\") C:\Users\bluec\Kamata\TakeCEngine\project\externals\imgui\imgui.vcxproj (97,5)
"SolutionExt" プロパティはグローバル プロパティであり、変更できません。
C:\Program Files\Microsoft Visual Studio\2022\Community\MSBuild\Microsoft\VC\v170\Microsoft.CppCommon.targets(40,5): message : プロパティの再代入: $(ExtensionsToDeleteOnClean)="*.cdf;*.cache;*.obj;*.obj.enc;*.ilk;*.ipdb;*.iobj;*.resources;*.tlb;*.tli;*.tlh;*.tmp;*.rsp;*.pgc;*.pgd;*.meta;*.tlog;*.manifest;*.res;*.pch;*.exp;*.idb;*.rep;*.xdc;*.pdb;*_manifest.rc;*.bsc;*.sbr;*.xml;*.metagen;*.bi;C:\Users\bluec\Kamata\TakeCEngine\generated\outputs\Debug\imgui.lib.manifest;C:\Users\bluec\Kamata\TakeCEngine\project\..\generated\outputs\Debug\imgui.tlb;C:\Users\bluec\Kamata\TakeCEngine\project\..\generated\outputs\Debug\imgui.pdb;C:\Users\bluec\Kamata\TakeCEngine\generated\outputs\Debug\imgui.lib;C:\Users\bluec\Kamata\TakeCEngine\project\..\generated\outputs\Debug\imgui.bsc;C:\Users\bluec\Kamata\TakeCEngine\project\..\generated\outputs\Debug\imgui.ilk;C:\Users\bluec\Kamata\TakeCEngine\generated\outputs\Debug\imgui.lib.intermediate.manifest;C:\Users\bluec\Kamata\TakeCEngine\project\..\generated\obj\imgui\Debug\imgui.vcxproj.FileListAbsolute.txt" (以前の値: "*.cdf;*.cache;*.obj;*.obj.enc;*.ilk;*.ipdb;*.iobj;*.resources;*.tlb;*.tli;*.tlh;*.tmp;*.rsp;*.pgc;*.pgd;*.meta;*.tlog;*.manifest;*.res;*.pch;*.exp;*.idb;*.rep;*.xdc;*.pdb;*_manifest.rc;*.bsc;*.sbr;*.xml;*.metagen;*.bi") C:\Program Files\Microsoft Visual Studio\2022\Community\MSBuild\Microsoft\VC\v170\Microsoft.CppCommon.targets (40,5)
C:\Program Files\Microsoft Visual Studio\2022\Community\MSBuild\Microsoft\VC\v170\Microsoft.BuildSteps.Targets(32,5): message : プロパティの再代入: $(DebugType)="none" (以前の値: "") C:\Program Files\Microsoft Visual Studio\2022\Community\MSBuild\Microsoft\VC\v170\Microsoft.BuildSteps.Targets (32,5)
$(MSBuildExtensionsPath) で使用されている検索パスは C:\Program Files\Microsoft Visual Studio\2022\Community\MSBuild;$(MSBuildProgramFiles32)\MSBuild です
$(MSBuildExtensionsPath) で使用されている検索パスは C:\Program Files\Microsoft Visual Studio\2022\Community\MSBuild;$(MSBuildProgramFiles32)\MSBuild です
拡張パス C:\Program Files\Microsoft Visual Studio\2022\Community\MSBuild を使用して C:\Program Files\Microsoft Visual Studio\2022\Community\MSBuild\$(MSBuildToolsVersion)\Microsoft.Common.targets\ImportBefore\* をインポートしようとしています
"Configuration" プロパティはグローバル プロパティであり、変更できません。
C:\Program Files\Microsoft Visual Studio\2022\Community\MSBuild\Current\Bin\Microsoft.Common.CurrentVersion.targets(185,5): message : プロパティの再代入: $(_DocumentationFileProduced)="false" (以前の値: "true") C:\Program Files\Microsoft Visual Studio\2022\Community\MSBuild\Current\Bin\Microsoft.Common.CurrentVersion.targets (185,5)
"SolutionName" プロパティはグローバル プロパティであり、変更できません。
"SolutionFileName" プロパティはグローバル プロパティであり、変更できません。
"SolutionPath" プロパティはグローバル プロパティであり、変更できません。
"SolutionDir" プロパティはグローバル プロパティであり、変更できません。
"SolutionExt" プロパティはグローバル プロパティであり、変更できません。
C:\Program Files\Microsoft Visual Studio\2022\Community\MSBuild\Current\Bin\Microsoft.Common.CurrentVersion.targets(393,5): message : プロパティの再代入: $(MSBuildCopyMarkerName)="imgui.vcxproj.Up2Date" (以前の値: "imgui.vcxproj") C:\Program Files\Microsoft Visual Studio\2022\Community\MSBuild\Current\Bin\Microsoft.Common.CurrentVersion.targets (393,5)
C:\Program Files\Microsoft Visual Studio\2022\Community\MSBuild\Current\Bin\Microsoft.Common.CurrentVersion.targets(528,5): message : プロパティの再代入: $(ProcessorArchitecture)="amd64" (以前の値: "x64") C:\Program Files\Microsoft Visual Studio\2022\Community\MSBuild\Current\Bin\Microsoft.Common.CurrentVersion.targets (528,5)
C:\Program Files\Microsoft Visual Studio\2022\Community\MSBuild\Current\Bin\Microsoft.Common.CurrentVersion.targets(562,42): message : 環境から展開された 'C:\Program Files\MSBuild' 値を持つプロパティ 'MSBuildExtensionsPath64'。
C:\Program Files\Microsoft Visual Studio\2022\Community\MSBuild\Current\Bin\Microsoft.Common.CurrentVersion.targets(580,5): message : プロパティの再代入: $(DelaySign)="" (以前の値: "false") C:\Program Files\Microsoft Visual Studio\2022\Community\MSBuild\Current\Bin\Microsoft.Common.CurrentVersion.targets (580,5)
C:\Program Files\Microsoft Visual Studio\2022\Community\MSBuild\Current\Bin\Microsoft.Common.CurrentVersion.targets(649,5): message : プロパティの再代入: $(AssemblySearchPaths)="{CandidateAssemblyFiles};C:\Program Files\Microsoft Visual Studio\2022\Community\VC\Tools\MSVC\14.44.35207\atlmfc\lib\x64;;C:\Program Files\Microsoft Visual Studio\2022\Community\VC\Tools\MSVC\14.44.35207\lib\x64;" (以前の値: "{CandidateAssemblyFiles}") C:\Program Files\Microsoft Visual Studio\2022\Community\MSBuild\Current\Bin\Microsoft.Common.CurrentVersion.targets (649,5)
C:\Program Files\Microsoft Visual Studio\2022\Community\MSBuild\Current\Bin\Microsoft.Common.CurrentVersion.targets(650,5): message : プロパティの再代入: $(AssemblySearchPaths)="{CandidateAssemblyFiles};C:\Program Files\Microsoft Visual Studio\2022\Community\VC\Tools\MSVC\14.44.35207\atlmfc\lib\x64;;C:\Program Files\Microsoft Visual Studio\2022\Community\VC\Tools\MSVC\14.44.35207\lib\x64;;{HintPathFromItem}" (以前の値: "{CandidateAssemblyFiles};C:\Program Files\Microsoft Visual Studio\2022\Community\VC\Tools\MSVC\14.44.35207\atlmfc\lib\x64;;C:\Program Files\Microsoft Visual Studio\2022\Community\VC\Tools\MSVC\14.44.35207\lib\x64;") C:\Program Files\Microsoft Visual Studio\2022\Community\MSBuild\Current\Bin\Microsoft.Common.CurrentVersion.targets (650,5)
C:\Program Files\Microsoft Visual Studio\2022\Community\MSBuild\Current\Bin\Microsoft.Common.CurrentVersion.targets(651,5): message : プロパティの再代入: $(AssemblySearchPaths)="{CandidateAssemblyFiles};C:\Program Files\Microsoft Visual Studio\2022\Community\VC\Tools\MSVC\14.44.35207\atlmfc\lib\x64;;C:\Program Files\Microsoft Visual Studio\2022\Community\VC\Tools\MSVC\14.44.35207\lib\x64;;{HintPathFromItem};{TargetFrameworkDirectory}" (以前の値: "{CandidateAssemblyFiles};C:\Program Files\Microsoft Visual Studio\2022\Community\VC\Tools\MSVC\14.44.35207\atlmfc\lib\x64;;C:\Program Files\Microsoft Visual Studio\2022\Community\VC\Tools\MSVC\14.44.35207\lib\x64;;{HintPathFromItem}") C:\Program Files\Microsoft Visual Studio\2022\Community\MSBuild\Current\Bin\Microsoft.Common.CurrentVersion.targets (651,5)
C:\Program Files\Microsoft Visual Studio\2022\Community\MSBuild\Current\Bin\Microsoft.Common.CurrentVersion.targets(652,5): message : プロパティの再代入: $(AssemblySearchPaths)="{CandidateAssemblyFiles};C:\Program Files\Microsoft Visual Studio\2022\Community\VC\Tools\MSVC\14.44.35207\atlmfc\lib\x64;;C:\Program Files\Microsoft Visual Studio\2022\Community\VC\Tools\MSVC\14.44.35207\lib\x64;;{HintPathFromItem};{TargetFrameworkDirectory};{AssemblyFoldersFromConfig:C:\Program Files\Microsoft Visual Studio\2022\Community\MSBuild\Current\Bin\AssemblyFolders.config,};" (以前の値: "{CandidateAssemblyFiles};C:\Program Files\Microsoft Visual Studio\2022\Community\VC\Tools\MSVC\14.44.35207\atlmfc\lib\x64;;C:\Program Files\Microsoft Visual Studio\2022\Community\VC\Tools\MSVC\14.44.35207\lib\x64;;{HintPathFromItem};{TargetFrameworkDirectory}") C:\Program Files\Microsoft Visual Studio\2022\Community\MSBuild\Current\Bin\Microsoft.Common.CurrentVersion.targets (652,5)
C:\Program Files\Microsoft Visual Studio\2022\Community\MSBuild\Current\Bin\Microsoft.Common.CurrentVersion.targets(653,5): message : プロパティの再代入: $(AssemblySearchPaths)="{CandidateAssemblyFiles};C:\Program Files\Microsoft Visual Studio\2022\Community\VC\Tools\MSVC\14.44.35207\atlmfc\lib\x64;;C:\Program Files\Microsoft Visual Studio\2022\Community\VC\Tools\MSVC\14.44.35207\lib\x64;;{HintPathFromItem};{TargetFrameworkDirectory};{AssemblyFoldersFromConfig:C:\Program Files\Microsoft Visual Studio\2022\Community\MSBuild\Current\Bin\AssemblyFolders.config,};;{Registry:Software\Microsoft\,,AssemblyFoldersEx}" (以前の値: "{CandidateAssemblyFiles};C:\Program Files\Microsoft Visual Studio\2022\Community\VC\Tools\MSVC\14.44.35207\atlmfc\lib\x64;;C:\Program Files\Microsoft Visual Studio\2022\Community\VC\Tools\MSVC\14.44.35207\lib\x64;;{HintPathFromItem};{TargetFrameworkDirectory};{AssemblyFoldersFromConfig:C:\Program Files\Microsoft Visual Studio\2022\Community\MSBuild\Current\Bin\AssemblyFolders.config,};") C:\Program Files\Microsoft Visual Studio\2022\Community\MSBuild\Current\Bin\Microsoft.Common.CurrentVersion.targets (653,5)
C:\Program Files\Microsoft Visual Studio\2022\Community\MSBuild\Current\Bin\Microsoft.Common.CurrentVersion.targets(654,5): message : プロパティの再代入: $(AssemblySearchPaths)="{CandidateAssemblyFiles};C:\Program Files\Microsoft Visual Studio\2022\Community\VC\Tools\MSVC\14.44.35207\atlmfc\lib\x64;;C:\Program Files\Microsoft Visual Studio\2022\Community\VC\Tools\MSVC\14.44.35207\lib\x64;;{HintPathFromItem};{TargetFrameworkDirectory};{AssemblyFoldersFromConfig:C:\Program Files\Microsoft Visual Studio\2022\Community\MSBuild\Current\Bin\AssemblyFolders.config,};;{Registry:Software\Microsoft\,,AssemblyFoldersEx};{AssemblyFolders}" (以前の値: "{CandidateAssemblyFiles};C:\Program Files\Microsoft Visual Studio\2022\Community\VC\Tools\MSVC\14.44.35207\atlmfc\lib\x64;;C:\Program Files\Microsoft Visual Studio\2022\Community\VC\Tools\MSVC\14.44.35207\lib\x64;;{HintPathFromItem};{TargetFrameworkDirectory};{AssemblyFoldersFromConfig:C:\Program Files\Microsoft Visual Studio\2022\Community\MSBuild\Current\Bin\AssemblyFolders.config,};;{Registry:Software\Microsoft\,,AssemblyFoldersEx}") C:\Program Files\Microsoft Visual Studio\2022\Community\MSBuild\Current\Bin\Microsoft.Common.CurrentVersion.targets (654,5)
C:\Program Files\Microsoft Visual Studio\2022\Community\MSBuild\Current\Bin\Microsoft.Common.CurrentVersion.targets(655,5): message : プロパティの再代入: $(AssemblySearchPaths)="{CandidateAssemblyFiles};C:\Program Files\Microsoft Visual Studio\2022\Community\VC\Tools\MSVC\14.44.35207\atlmfc\lib\x64;;C:\Program Files\Microsoft Visual Studio\2022\Community\VC\Tools\MSVC\14.44.35207\lib\x64;;{HintPathFromItem};{TargetFrameworkDirectory};{AssemblyFoldersFromConfig:C:\Program Files\Microsoft Visual Studio\2022\Community\MSBuild\Current\Bin\AssemblyFolders.config,};;{Registry:Software\Microsoft\,,AssemblyFoldersEx};{AssemblyFolders};{GAC}" (以前の値: "{CandidateAssemblyFiles};C:\Program Files\Microsoft Visual Studio\2022\Community\VC\Tools\MSVC\14.44.35207\atlmfc\lib\x64;;C:\Program Files\Microsoft Visual Studio\2022\Community\VC\Tools\MSVC\14.44.35207\lib\x64;;{HintPathFromItem};{TargetFrameworkDirectory};{AssemblyFoldersFromConfig:C:\Program Files\Microsoft Visual Studio\2022\Community\MSBuild\Current\Bin\AssemblyFolders.config,};;{Registry:Software\Microsoft\,,AssemblyFoldersEx};{AssemblyFolders}") C:\Program Files\Microsoft Visual Studio\2022\Community\MSBuild\Current\Bin\Microsoft.Common.CurrentVersion.targets (655,5)
C:\Program Files\Microsoft Visual Studio\2022\Community\MSBuild\Current\Bin\Microsoft.Common.CurrentVersion.targets(656,5): message : プロパティの再代入: $(AssemblySearchPaths)="{CandidateAssemblyFiles};C:\Program Files\Microsoft Visual Studio\2022\Community\VC\Tools\MSVC\14.44.35207\atlmfc\lib\x64;;C:\Program Files\Microsoft Visual Studio\2022\Community\VC\Tools\MSVC\14.44.35207\lib\x64;;{HintPathFromItem};{TargetFrameworkDirectory};{AssemblyFoldersFromConfig:C:\Program Files\Microsoft Visual Studio\2022\Community\MSBuild\Current\Bin\AssemblyFolders.config,};;{Registry:Software\Microsoft\,,AssemblyFoldersEx};{AssemblyFolders};{GAC};{RawFileName}" (以前の値: "{CandidateAssemblyFiles};C:\Program Files\Microsoft Visual Studio\2022\Community\VC\Tools\MSVC\14.44.35207\atlmfc\lib\x64;;C:\Program Files\Microsoft Visual Studio\2022\Community\VC\Tools\MSVC\14.44.35207\lib\x64;;{HintPathFromItem};{TargetFrameworkDirectory};{AssemblyFoldersFromConfig:C:\Program Files\Microsoft Visual Studio\2022\Community\MSBuild\Current\Bin\AssemblyFolders.config,};;{Registry:Software\Microsoft\,,AssemblyFoldersEx};{AssemblyFolders};{GAC}") C:\Program Files\Microsoft Visual Studio\2022\Community\MSBuild\Current\Bin\Microsoft.Common.CurrentVersion.targets (656,5)
C:\Program Files\Microsoft Visual Studio\2022\Community\MSBuild\Current\Bin\Microsoft.Common.CurrentVersion.targets(657,5): message : プロパティの再代入: $(AssemblySearchPaths)="{CandidateAssemblyFiles};C:\Program Files\Microsoft Visual Studio\2022\Community\VC\Tools\MSVC\14.44.35207\atlmfc\lib\x64;;C:\Program Files\Microsoft Visual Studio\2022\Community\VC\Tools\MSVC\14.44.35207\lib\x64;;{HintPathFromItem};{TargetFrameworkDirectory};{AssemblyFoldersFromConfig:C:\Program Files\Microsoft Visual Studio\2022\Community\MSBuild\Current\Bin\AssemblyFolders.config,};;{Registry:Software\Microsoft\,,AssemblyFoldersEx};{AssemblyFolders};{GAC};{RawFileName};C:\Users\bluec\Kamata\TakeCEngine\project\..\generated\outputs\Debug\" (以前の値: "{CandidateAssemblyFiles};C:\Program Files\Microsoft Visual Studio\2022\Community\VC\Tools\MSVC\14.44.35207\atlmfc\lib\x64;;C:\Program Files\Microsoft Visual Studio\2022\Community\VC\Tools\MSVC\14.44.35207\lib\x64;;{HintPathFromItem};{TargetFrameworkDirectory};{AssemblyFoldersFromConfig:C:\Program Files\Microsoft Visual Studio\2022\Community\MSBuild\Current\Bin\AssemblyFolders.config,};;{Registry:Software\Microsoft\,,AssemblyFoldersEx};{AssemblyFolders};{GAC};{RawFileName}") C:\Program Files\Microsoft Visual Studio\2022\Community\MSBuild\Current\Bin\Microsoft.Common.CurrentVersion.targets (657,5)
C:\Program Files\Microsoft Visual Studio\2022\Community\MSBuild\Current\Bin\Microsoft.Common.CurrentVersion.targets(3947,5): message : プロパティの再代入: $(_SGenGenerateSerializationAssembliesConfig)="Auto" (以前の値: "") C:\Program Files\Microsoft Visual Studio\2022\Community\MSBuild\Current\Bin\Microsoft.Common.CurrentVersion.targets (3947,5)
C:\Program Files\Microsoft Visual Studio\2022\Community\MSBuild\Current\Bin\Microsoft.Common.CurrentVersion.targets(3948,5): message : プロパティの再代入: $(_SGenGenerateSerializationAssembliesConfig)="Off" (以前の値: "Auto") C:\Program Files\Microsoft Visual Studio\2022\Community\MSBuild\Current\Bin\Microsoft.Common.CurrentVersion.targets (3948,5)
C:\Program Files\Microsoft Visual Studio\2022\Community\MSBuild\Current\Bin\Microsoft.Common.CurrentVersion.targets(5159,5): message : プロパティの再代入: $(_TargetsThatPrepareProjectReferences)="
C:\Program Files\Microsoft Visual Studio\2022\Community\MSBuild\Current\Bin\Microsoft.Common.CurrentVersion.targets(5159,5): message :       AssignProjectConfiguration;
C:\Program Files\Microsoft Visual Studio\2022\Community\MSBuild\Current\Bin\Microsoft.Common.CurrentVersion.targets(5159,5): message :       _SplitProjectReferencesByFileExistence
C:\Program Files\Microsoft Visual Studio\2022\Community\MSBuild\Current\Bin\Microsoft.Common.CurrentVersion.targets(5159,5): message :     " (以前の値: "_SplitProjectReferencesByFileExistence") C:\Program Files\Microsoft Visual Studio\2022\Community\MSBuild\Current\Bin\Microsoft.Common.CurrentVersion.targets (5159,5)
C:\Program Files\Microsoft Visual Studio\2022\Community\MSBuild\Microsoft\VisualStudio\v17.0\CodeAnalysis\Microsoft.CodeAnalysis.targets(125,5): message : プロパティの再代入: $(_CodeAnalysisTreatWarningsAsErrors)="false" (以前の値: "") C:\Program Files\Microsoft Visual Studio\2022\Community\MSBuild\Microsoft\VisualStudio\v17.0\CodeAnalysis\Microsoft.CodeAnalysis.targets (125,5)
C:\Program Files\Microsoft Visual Studio\2022\Community\MSBuild\Microsoft\VisualStudio\v17.0\CodeAnalysis\Microsoft.CodeAnalysis.targets(235,5): message : プロパティの再代入: $(CAExcludePath)="C:\Program Files (x86)\Windows Kits\10\Include\10.0.26100.0\ucrt;;C:\Program Files (x86)\Windows Kits\10\Include\10.0.26100.0\um;C:\Program Files (x86)\Windows Kits\10\Include\10.0.26100.0\shared;C:\Program Files (x86)\Windows Kits\10\Include\10.0.26100.0\winrt;C:\Program Files (x86)\Windows Kits\10\Include\10.0.26100.0\cppwinrt;C:\Program Files (x86)\Windows Kits\NETFXSDK\4.8.1\Include\um;" (以前の値: "C:\Program Files (x86)\Windows Kits\10\Include\10.0.26100.0\um;C:\Program Files (x86)\Windows Kits\10\Include\10.0.26100.0\shared;C:\Program Files (x86)\Windows Kits\10\Include\10.0.26100.0\winrt;C:\Program Files (x86)\Windows Kits\10\Include\10.0.26100.0\cppwinrt;C:\Program Files (x86)\Windows Kits\NETFXSDK\4.8.1\Include\um;") C:\Program Files\Microsoft Visual Studio\2022\Community\MSBuild\Microsoft\VisualStudio\v17.0\CodeAnalysis\Microsoft.CodeAnalysis.targets (235,5)
C:\Program Files\Microsoft Visual Studio\2022\Community\MSBuild\Microsoft\VisualStudio\v17.0\CodeAnalysis\Microsoft.CodeAnalysis.targets(236,5): message : プロパティの再代入: $(CAExcludePath)="C:\Program Files\Microsoft Visual Studio\2022\Community\VC\Tools\MSVC\14.44.35207\include;C:\Program Files (x86)\Windows Kits\10\Include\10.0.26100.0\ucrt;;C:\Program Files (x86)\Windows Kits\10\Include\10.0.26100.0\um;C:\Program Files (x86)\Windows Kits\10\Include\10.0.26100.0\shared;C:\Program Files (x86)\Windows Kits\10\Include\10.0.26100.0\winrt;C:\Program Files (x86)\Windows Kits\10\Include\10.0.26100.0\cppwinrt;C:\Program Files (x86)\Windows Kits\NETFXSDK\4.8.1\Include\um;" (以前の値: "C:\Program Files (x86)\Windows Kits\10\Include\10.0.26100.0\ucrt;;C:\Program Files (x86)\Windows Kits\10\Include\10.0.26100.0\um;C:\Program Files (x86)\Windows Kits\10\Include\10.0.26100.0\shared;C:\Program Files (x86)\Windows Kits\10\Include\10.0.26100.0\winrt;C:\Program Files (x86)\Windows Kits\10\Include\10.0.26100.0\cppwinrt;C:\Program Files (x86)\Windows Kits\NETFXSDK\4.8.1\Include\um;") C:\Program Files\Microsoft Visual Studio\2022\Community\MSBuild\Microsoft\VisualStudio\v17.0\CodeAnalysis\Microsoft.CodeAnalysis.targets (236,5)
C:\Program Files\Microsoft Visual Studio\2022\Community\MSBuild\Microsoft\VisualStudio\v17.0\CodeAnalysis\Microsoft.CodeAnalysis.targets(237,5): message : プロパティの再代入: $(CAExcludePath)="C:\Program Files\Microsoft Visual Studio\2022\Community\VC\Tools\MSVC\14.44.35207\atlmfc\include;C:\Program Files\Microsoft Visual Studio\2022\Community\VC\Tools\MSVC\14.44.35207\include;C:\Program Files (x86)\Windows Kits\10\Include\10.0.26100.0\ucrt;;C:\Program Files (x86)\Windows Kits\10\Include\10.0.26100.0\um;C:\Program Files (x86)\Windows Kits\10\Include\10.0.26100.0\shared;C:\Program Files (x86)\Windows Kits\10\Include\10.0.26100.0\winrt;C:\Program Files (x86)\Windows Kits\10\Include\10.0.26100.0\cppwinrt;C:\Program Files (x86)\Windows Kits\NETFXSDK\4.8.1\Include\um;" (以前の値: "C:\Program Files\Microsoft Visual Studio\2022\Community\VC\Tools\MSVC\14.44.35207\include;C:\Program Files (x86)\Windows Kits\10\Include\10.0.26100.0\ucrt;;C:\Program Files (x86)\Windows Kits\10\Include\10.0.26100.0\um;C:\Program Files (x86)\Windows Kits\10\Include\10.0.26100.0\shared;C:\Program Files (x86)\Windows Kits\10\Include\10.0.26100.0\winrt;C:\Program Files (x86)\Windows Kits\10\Include\10.0.26100.0\cppwinrt;C:\Program Files (x86)\Windows Kits\NETFXSDK\4.8.1\Include\um;") C:\Program Files\Microsoft Visual Studio\2022\Community\MSBuild\Microsoft\VisualStudio\v17.0\CodeAnalysis\Microsoft.CodeAnalysis.targets (237,5)
C:\Program Files\Microsoft Visual Studio\2022\Community\MSBuild\Microsoft\VisualStudio\v17.0\CodeAnalysis\Microsoft.CodeAnalysis.targets(240,5): message : プロパティの再代入: $(PrepareForBuildDependsOn)=";GetFrameworkPaths;GetReferenceAssemblyPaths;AssignLinkMetadata;SetCABuildNativeEnvironmentVariables" (以前の値: ";GetFrameworkPaths;GetReferenceAssemblyPaths;AssignLinkMetadata") C:\Program Files\Microsoft Visual Studio\2022\Community\MSBuild\Microsoft\VisualStudio\v17.0\CodeAnalysis\Microsoft.CodeAnalysis.targets (240,5)
C:\WINDOWS\Microsoft.NET\Framework\v4.0.30319\Microsoft.Xaml.targets(35,5): message : プロパティの再代入: $(PrepareResourcesDependsOn)="
C:\WINDOWS\Microsoft.NET\Framework\v4.0.30319\Microsoft.Xaml.targets(35,5): message :       XamlMarkupCompilePass1;
C:\WINDOWS\Microsoft.NET\Framework\v4.0.30319\Microsoft.Xaml.targets(35,5): message :       XamlMarkupCompilePass2;
C:\WINDOWS\Microsoft.NET\Framework\v4.0.30319\Microsoft.Xaml.targets(35,5): message :       
C:\WINDOWS\Microsoft.NET\Framework\v4.0.30319\Microsoft.Xaml.targets(35,5): message :       ;
C:\WINDOWS\Microsoft.NET\Framework\v4.0.30319\Microsoft.Xaml.targets(35,5): message :       PrepareResourceNames;
C:\WINDOWS\Microsoft.NET\Framework\v4.0.30319\Microsoft.Xaml.targets(35,5): message :       ResGen;
C:\WINDOWS\Microsoft.NET\Framework\v4.0.30319\Microsoft.Xaml.targets(35,5): message :       CompileLicxFiles
C:\WINDOWS\Microsoft.NET\Framework\v4.0.30319\Microsoft.Xaml.targets(35,5): message :      
C:\WINDOWS\Microsoft.NET\Framework\v4.0.30319\Microsoft.Xaml.targets(35,5): message :     " (以前の値: "
C:\WINDOWS\Microsoft.NET\Framework\v4.0.30319\Microsoft.Xaml.targets(35,5): message :       ;
C:\WINDOWS\Microsoft.NET\Framework\v4.0.30319\Microsoft.Xaml.targets(35,5): message :       PrepareResourceNames;
C:\WINDOWS\Microsoft.NET\Framework\v4.0.30319\Microsoft.Xaml.targets(35,5): message :       ResGen;
C:\WINDOWS\Microsoft.NET\Framework\v4.0.30319\Microsoft.Xaml.targets(35,5): message :       CompileLicxFiles
C:\WINDOWS\Microsoft.NET\Framework\v4.0.30319\Microsoft.Xaml.targets(35,5): message :     ") C:\WINDOWS\Microsoft.NET\Framework\v4.0.30319\Microsoft.Xaml.targets (35,5)
C:\Program Files\Microsoft Visual Studio\2022\Community\MSBuild\Microsoft\VisualStudio\v17.0\TeamTest\Microsoft.TeamTest.targets(4,5): message : プロパティの再代入: $(ResolveReferencesDependsOn)="
C:\Program Files\Microsoft Visual Studio\2022\Community\MSBuild\Microsoft\VisualStudio\v17.0\TeamTest\Microsoft.TeamTest.targets(4,5): message :       
C:\Program Files\Microsoft Visual Studio\2022\Community\MSBuild\Microsoft\VisualStudio\v17.0\TeamTest\Microsoft.TeamTest.targets(4,5): message :       BeforeResolveReferences;
C:\Program Files\Microsoft Visual Studio\2022\Community\MSBuild\Microsoft\VisualStudio\v17.0\TeamTest\Microsoft.TeamTest.targets(4,5): message :       AssignProjectConfiguration;
C:\Program Files\Microsoft Visual Studio\2022\Community\MSBuild\Microsoft\VisualStudio\v17.0\TeamTest\Microsoft.TeamTest.targets(4,5): message :       ResolveProjectReferences;
C:\Program Files\Microsoft Visual Studio\2022\Community\MSBuild\Microsoft\VisualStudio\v17.0\TeamTest\Microsoft.TeamTest.targets(4,5): message :       FindInvalidProjectReferences;
C:\Program Files\Microsoft Visual Studio\2022\Community\MSBuild\Microsoft\VisualStudio\v17.0\TeamTest\Microsoft.TeamTest.targets(4,5): message :       ResolveNativeReferences;
C:\Program Files\Microsoft Visual Studio\2022\Community\MSBuild\Microsoft\VisualStudio\v17.0\TeamTest\Microsoft.TeamTest.targets(4,5): message :       ResolveAssemblyReferences;
C:\Program Files\Microsoft Visual Studio\2022\Community\MSBuild\Microsoft\VisualStudio\v17.0\TeamTest\Microsoft.TeamTest.targets(4,5): message :       GenerateBindingRedirects;
C:\Program Files\Microsoft Visual Studio\2022\Community\MSBuild\Microsoft\VisualStudio\v17.0\TeamTest\Microsoft.TeamTest.targets(4,5): message :       GenerateBindingRedirectsUpdateAppConfig;
C:\Program Files\Microsoft Visual Studio\2022\Community\MSBuild\Microsoft\VisualStudio\v17.0\TeamTest\Microsoft.TeamTest.targets(4,5): message :       ResolveComReferences;
C:\Program Files\Microsoft Visual Studio\2022\Community\MSBuild\Microsoft\VisualStudio\v17.0\TeamTest\Microsoft.TeamTest.targets(4,5): message :       AfterResolveReferences
C:\Program Files\Microsoft Visual Studio\2022\Community\MSBuild\Microsoft\VisualStudio\v17.0\TeamTest\Microsoft.TeamTest.targets(4,5): message :     ;
C:\Program Files\Microsoft Visual Studio\2022\Community\MSBuild\Microsoft\VisualStudio\v17.0\TeamTest\Microsoft.TeamTest.targets(4,5): message :       ResolveTestReferences
C:\Program Files\Microsoft Visual Studio\2022\Community\MSBuild\Microsoft\VisualStudio\v17.0\TeamTest\Microsoft.TeamTest.targets(4,5): message :     " (以前の値: "
C:\Program Files\Microsoft Visual Studio\2022\Community\MSBuild\Microsoft\VisualStudio\v17.0\TeamTest\Microsoft.TeamTest.targets(4,5): message :       BeforeResolveReferences;
C:\Program Files\Microsoft Visual Studio\2022\Community\MSBuild\Microsoft\VisualStudio\v17.0\TeamTest\Microsoft.TeamTest.targets(4,5): message :       AssignProjectConfiguration;
C:\Program Files\Microsoft Visual Studio\2022\Community\MSBuild\Microsoft\VisualStudio\v17.0\TeamTest\Microsoft.TeamTest.targets(4,5): message :       ResolveProjectReferences;
C:\Program Files\Microsoft Visual Studio\2022\Community\MSBuild\Microsoft\VisualStudio\v17.0\TeamTest\Microsoft.TeamTest.targets(4,5): message :       FindInvalidProjectReferences;
C:\Program Files\Microsoft Visual Studio\2022\Community\MSBuild\Microsoft\VisualStudio\v17.0\TeamTest\Microsoft.TeamTest.targets(4,5): message :       ResolveNativeReferences;
C:\Program Files\Microsoft Visual Studio\2022\Community\MSBuild\Microsoft\VisualStudio\v17.0\TeamTest\Microsoft.TeamTest.targets(4,5): message :       ResolveAssemblyReferences;
C:\Program Files\Microsoft Visual Studio\2022\Community\MSBuild\Microsoft\VisualStudio\v17.0\TeamTest\Microsoft.TeamTest.targets(4,5): message :       GenerateBindingRedirects;
C:\Program Files\Microsoft Visual Studio\2022\Community\MSBuild\Microsoft\VisualStudio\v17.0\TeamTest\Microsoft.TeamTest.targets(4,5): message :       GenerateBindingRedirectsUpdateAppConfig;
C:\Program Files\Microsoft Visual Studio\2022\Community\MSBuild\Microsoft\VisualStudio\v17.0\TeamTest\Microsoft.TeamTest.targets(4,5): message :       ResolveComReferences;
C:\Program Files\Microsoft Visual Studio\2022\Community\MSBuild\Microsoft\VisualStudio\v17.0\TeamTest\Microsoft.TeamTest.targets(4,5): message :       AfterResolveReferences
C:\Program Files\Microsoft Visual Studio\2022\Community\MSBuild\Microsoft\VisualStudio\v17.0\TeamTest\Microsoft.TeamTest.targets(4,5): message :     ") C:\Program Files\Microsoft Visual Studio\2022\Community\MSBuild\Microsoft\VisualStudio\v17.0\TeamTest\Microsoft.TeamTest.targets (4,5)
$(MSBuildExtensionsPath) で使用されている検索パスは C:\Program Files\Microsoft Visual Studio\2022\Community\MSBuild;$(MSBuildProgramFiles32)\MSBuild です
拡張パス C:\Program Files\Microsoft Visual Studio\2022\Community\MSBuild を使用して C:\Program Files\Microsoft Visual Studio\2022\Community\MSBuild\$(MSBuildToolsVersion)\Microsoft.Common.targets\ImportAfter\* をインポートしようとしています
$(MSBuildExtensionsPath) で使用されている検索パスは C:\Program Files\Microsoft Visual Studio\2022\Community\MSBuild;$(MSBuildProgramFiles32)\MSBuild です
拡張パス C:\Program Files\Microsoft Visual Studio\2022\Community\MSBuild を使用して C:\Program Files\Microsoft Visual Studio\2022\Community\MSBuild\Sdks\Microsoft.Docker.Sdk\build\Microsoft.Docker.targets をインポートしようとしています
C:\Program Files\Microsoft Visual Studio\2022\Community\MSBuild\Microsoft\NuGet\17.0\Microsoft.NuGet.targets(74,5): message : プロパティの再代入: $(ProjectLockFile)="obj\project.assets.json" (以前の値: "C:\Users\bluec\Kamata\TakeCEngine\project\externals\imgui\obj\project.assets.json") C:\Program Files\Microsoft Visual Studio\2022\Community\MSBuild\Microsoft\NuGet\17.0\Microsoft.NuGet.targets (74,5)
C:\Program Files\Microsoft Visual Studio\2022\Community\MSBuild\Microsoft\NuGet\17.0\Microsoft.NuGet.targets(185,5): message : プロパティの再代入: $(ResolveAssemblyReferencesDependsOn)="
C:\Program Files\Microsoft Visual Studio\2022\Community\MSBuild\Microsoft\NuGet\17.0\Microsoft.NuGet.targets(185,5): message :       ResolveProjectReferences;
C:\Program Files\Microsoft Visual Studio\2022\Community\MSBuild\Microsoft\NuGet\17.0\Microsoft.NuGet.targets(185,5): message :       FindInvalidProjectReferences;
C:\Program Files\Microsoft Visual Studio\2022\Community\MSBuild\Microsoft\NuGet\17.0\Microsoft.NuGet.targets(185,5): message :       GetFrameworkPaths;
C:\Program Files\Microsoft Visual Studio\2022\Community\MSBuild\Microsoft\NuGet\17.0\Microsoft.NuGet.targets(185,5): message :       GetReferenceAssemblyPaths;
C:\Program Files\Microsoft Visual Studio\2022\Community\MSBuild\Microsoft\NuGet\17.0\Microsoft.NuGet.targets(185,5): message :       PrepareForBuild;
C:\Program Files\Microsoft Visual Studio\2022\Community\MSBuild\Microsoft\NuGet\17.0\Microsoft.NuGet.targets(185,5): message :       ResolveSDKReferences;
C:\Program Files\Microsoft Visual Studio\2022\Community\MSBuild\Microsoft\NuGet\17.0\Microsoft.NuGet.targets(185,5): message :       ExpandSDKReferences;
C:\Program Files\Microsoft Visual Studio\2022\Community\MSBuild\Microsoft\NuGet\17.0\Microsoft.NuGet.targets(185,5): message :     ;ResolveNuGetPackageAssets" (以前の値: "
C:\Program Files\Microsoft Visual Studio\2022\Community\MSBuild\Microsoft\NuGet\17.0\Microsoft.NuGet.targets(185,5): message :       ResolveProjectReferences;
C:\Program Files\Microsoft Visual Studio\2022\Community\MSBuild\Microsoft\NuGet\17.0\Microsoft.NuGet.targets(185,5): message :       FindInvalidProjectReferences;
C:\Program Files\Microsoft Visual Studio\2022\Community\MSBuild\Microsoft\NuGet\17.0\Microsoft.NuGet.targets(185,5): message :       GetFrameworkPaths;
C:\Program Files\Microsoft Visual Studio\2022\Community\MSBuild\Microsoft\NuGet\17.0\Microsoft.NuGet.targets(185,5): message :       GetReferenceAssemblyPaths;
C:\Program Files\Microsoft Visual Studio\2022\Community\MSBuild\Microsoft\NuGet\17.0\Microsoft.NuGet.targets(185,5): message :       PrepareForBuild;
C:\Program Files\Microsoft Visual Studio\2022\Community\MSBuild\Microsoft\NuGet\17.0\Microsoft.NuGet.targets(185,5): message :       ResolveSDKReferences;
C:\Program Files\Microsoft Visual Studio\2022\Community\MSBuild\Microsoft\NuGet\17.0\Microsoft.NuGet.targets(185,5): message :       ExpandSDKReferences;
C:\Program Files\Microsoft Visual Studio\2022\Community\MSBuild\Microsoft\NuGet\17.0\Microsoft.NuGet.targets(185,5): message :     ") C:\Program Files\Microsoft Visual Studio\2022\Community\MSBuild\Microsoft\NuGet\17.0\Microsoft.NuGet.targets (185,5)
C:\Program Files\Microsoft Visual Studio\2022\Community\MSBuild\Microsoft\NuGet\17.0\Microsoft.NuGet.targets(186,5): message : プロパティの再代入: $(PrepareResourcesDependsOn)="ResolveNuGetPackageAssets;
C:\Program Files\Microsoft Visual Studio\2022\Community\MSBuild\Microsoft\NuGet\17.0\Microsoft.NuGet.targets(186,5): message :       XamlMarkupCompilePass1;
C:\Program Files\Microsoft Visual Studio\2022\Community\MSBuild\Microsoft\NuGet\17.0\Microsoft.NuGet.targets(186,5): message :       XamlMarkupCompilePass2;
C:\Program Files\Microsoft Visual Studio\2022\Community\MSBuild\Microsoft\NuGet\17.0\Microsoft.NuGet.targets(186,5): message :       
C:\Program Files\Microsoft Visual Studio\2022\Community\MSBuild\Microsoft\NuGet\17.0\Microsoft.NuGet.targets(186,5): message :       ;
C:\Program Files\Microsoft Visual Studio\2022\Community\MSBuild\Microsoft\NuGet\17.0\Microsoft.NuGet.targets(186,5): message :       PrepareResourceNames;
C:\Program Files\Microsoft Visual Studio\2022\Community\MSBuild\Microsoft\NuGet\17.0\Microsoft.NuGet.targets(186,5): message :       ResGen;
C:\Program Files\Microsoft Visual Studio\2022\Community\MSBuild\Microsoft\NuGet\17.0\Microsoft.NuGet.targets(186,5): message :       CompileLicxFiles
C:\Program Files\Microsoft Visual Studio\2022\Community\MSBuild\Microsoft\NuGet\17.0\Microsoft.NuGet.targets(186,5): message :      
C:\Program Files\Microsoft Visual Studio\2022\Community\MSBuild\Microsoft\NuGet\17.0\Microsoft.NuGet.targets(186,5): message :     " (以前の値: "
C:\Program Files\Microsoft Visual Studio\2022\Community\MSBuild\Microsoft\NuGet\17.0\Microsoft.NuGet.targets(186,5): message :       XamlMarkupCompilePass1;
C:\Program Files\Microsoft Visual Studio\2022\Community\MSBuild\Microsoft\NuGet\17.0\Microsoft.NuGet.targets(186,5): message :       XamlMarkupCompilePass2;
C:\Program Files\Microsoft Visual Studio\2022\Community\MSBuild\Microsoft\NuGet\17.0\Microsoft.NuGet.targets(186,5): message :       
C:\Program Files\Microsoft Visual Studio\2022\Community\MSBuild\Microsoft\NuGet\17.0\Microsoft.NuGet.targets(186,5): message :       ;
C:\Program Files\Microsoft Visual Studio\2022\Community\MSBuild\Microsoft\NuGet\17.0\Microsoft.NuGet.targets(186,5): message :       PrepareResourceNames;
C:\Program Files\Microsoft Visual Studio\2022\Community\MSBuild\Microsoft\NuGet\17.0\Microsoft.NuGet.targets(186,5): message :       ResGen;
C:\Program Files\Microsoft Visual Studio\2022\Community\MSBuild\Microsoft\NuGet\17.0\Microsoft.NuGet.targets(186,5): message :       CompileLicxFiles
C:\Program Files\Microsoft Visual Studio\2022\Community\MSBuild\Microsoft\NuGet\17.0\Microsoft.NuGet.targets(186,5): message :      
C:\Program Files\Microsoft Visual Studio\2022\Community\MSBuild\Microsoft\NuGet\17.0\Microsoft.NuGet.targets(186,5): message :     ") C:\Program Files\Microsoft Visual Studio\2022\Community\MSBuild\Microsoft\NuGet\17.0\Microsoft.NuGet.targets (186,5)
$(MSBuildExtensionsPath) で使用されている検索パスは C:\Program Files\Microsoft Visual Studio\2022\Community\MSBuild;$(MSBuildProgramFiles32)\MSBuild です
$(MSBuildExtensionsPath) で使用されている検索パスは C:\Program Files\Microsoft Visual Studio\2022\Community\MSBuild;$(MSBuildProgramFiles32)\MSBuild です
拡張パス C:\Program Files\Microsoft Visual Studio\2022\Community\MSBuild を使用して C:\Program Files\Microsoft Visual Studio\2022\Community\MSBuild\Microsoft\VisualStudio\WebTools.Aspire\Microsoft.WebTools.Aspire.targets をインポートしようとしています
C:\Program Files\Microsoft Visual Studio\2022\Community\MSBuild\Microsoft\VisualStudio\WebTools.Aspire\Microsoft.WebTools.Aspire.targets(25,5): message : プロパティの再代入: $(JsonSchemaCombinedFilePath)="C:\Users\bluec\Kamata\TakeCEngine\generated\obj\imgui\Debug\CombinedComponentSchema.json" (以前の値: "C:\Users\bluec\Kamata\TakeCEngine\project\..\generated\obj\imgui\Debug\\CombinedComponentSchema.json") C:\Program Files\Microsoft Visual Studio\2022\Community\MSBuild\Microsoft\VisualStudio\WebTools.Aspire\Microsoft.WebTools.Aspire.targets (25,5)
C:\Program Files\Microsoft Visual Studio\2022\Community\MSBuild\Microsoft\VisualStudio\WebTools.Aspire\Microsoft.WebTools.Aspire.targets(27,5): message : プロパティの再代入: $(AppSettingsJsonSchemaCombinedFilePath)="C:\Users\bluec\Kamata\TakeCEngine\generated\obj\imgui\Debug\AppSettingsSchema.json" (以前の値: "C:\Users\bluec\Kamata\TakeCEngine\project\..\generated\obj\imgui\Debug\\AppSettingsSchema.json") C:\Program Files\Microsoft Visual Studio\2022\Community\MSBuild\Microsoft\VisualStudio\WebTools.Aspire\Microsoft.WebTools.Aspire.targets (27,5)
C:\Program Files\Microsoft Visual Studio\2022\Community\MSBuild\Microsoft\VC\v170\Microsoft.BuildSteps.Targets(39,5): message : プロパティの再代入: $(DebugType)="" (以前の値: "none") C:\Program Files\Microsoft Visual Studio\2022\Community\MSBuild\Microsoft\VC\v170\Microsoft.BuildSteps.Targets (39,5)
C:\Program Files\Microsoft Visual Studio\2022\Community\MSBuild\Microsoft\VC\v170\Microsoft.BuildSteps.Targets(122,5): message : プロパティの再代入: $(BuildDependsOn)="
C:\Program Files\Microsoft Visual Studio\2022\Community\MSBuild\Microsoft\VC\v170\Microsoft.BuildSteps.Targets(122,5): message :       _PrepareForBuild;
C:\Program Files\Microsoft Visual Studio\2022\Community\MSBuild\Microsoft\VC\v170\Microsoft.BuildSteps.Targets(122,5): message :       
C:\Program Files\Microsoft Visual Studio\2022\Community\MSBuild\Microsoft\VC\v170\Microsoft.BuildSteps.Targets(122,5): message :       ResolveReferences;
C:\Program Files\Microsoft Visual Studio\2022\Community\MSBuild\Microsoft\VC\v170\Microsoft.BuildSteps.Targets(122,5): message :       PrepareForBuild;
C:\Program Files\Microsoft Visual Studio\2022\Community\MSBuild\Microsoft\VC\v170\Microsoft.BuildSteps.Targets(122,5): message :       InitializeBuildStatus;
C:\Program Files\Microsoft Visual Studio\2022\Community\MSBuild\Microsoft\VC\v170\Microsoft.BuildSteps.Targets(122,5): message :       BuildGenerateSources;
C:\Program Files\Microsoft Visual Studio\2022\Community\MSBuild\Microsoft\VC\v170\Microsoft.BuildSteps.Targets(122,5): message :       BuildCompile;
C:\Program Files\Microsoft Visual Studio\2022\Community\MSBuild\Microsoft\VC\v170\Microsoft.BuildSteps.Targets(122,5): message :       BuildLink;
C:\Program Files\Microsoft Visual Studio\2022\Community\MSBuild\Microsoft\VC\v170\Microsoft.BuildSteps.Targets(122,5): message :     ;
C:\Program Files\Microsoft Visual Studio\2022\Community\MSBuild\Microsoft\VC\v170\Microsoft.BuildSteps.Targets(122,5): message :       AfterBuild;
C:\Program Files\Microsoft Visual Studio\2022\Community\MSBuild\Microsoft\VC\v170\Microsoft.BuildSteps.Targets(122,5): message :       IncrementalClean;
C:\Program Files\Microsoft Visual Studio\2022\Community\MSBuild\Microsoft\VC\v170\Microsoft.BuildSteps.Targets(122,5): message :       TlogCleanup;
C:\Program Files\Microsoft Visual Studio\2022\Community\MSBuild\Microsoft\VC\v170\Microsoft.BuildSteps.Targets(122,5): message :       FinalizeBuildStatus;
C:\Program Files\Microsoft Visual Studio\2022\Community\MSBuild\Microsoft\VC\v170\Microsoft.BuildSteps.Targets(122,5): message :     " (以前の値: "
C:\Program Files\Microsoft Visual Studio\2022\Community\MSBuild\Microsoft\VC\v170\Microsoft.BuildSteps.Targets(122,5): message :       BeforeBuild;
C:\Program Files\Microsoft Visual Studio\2022\Community\MSBuild\Microsoft\VC\v170\Microsoft.BuildSteps.Targets(122,5): message :       CoreBuild;
C:\Program Files\Microsoft Visual Studio\2022\Community\MSBuild\Microsoft\VC\v170\Microsoft.BuildSteps.Targets(122,5): message :       AfterBuild
C:\Program Files\Microsoft Visual Studio\2022\Community\MSBuild\Microsoft\VC\v170\Microsoft.BuildSteps.Targets(122,5): message :     ") C:\Program Files\Microsoft Visual Studio\2022\Community\MSBuild\Microsoft\VC\v170\Microsoft.BuildSteps.Targets (122,5)
C:\Program Files\Microsoft Visual Studio\2022\Community\MSBuild\Microsoft\VC\v170\Microsoft.BuildSteps.Targets(131,5): message : プロパティの再代入: $(RebuildDependsOn)="
C:\Program Files\Microsoft Visual Studio\2022\Community\MSBuild\Microsoft\VC\v170\Microsoft.BuildSteps.Targets(131,5): message :       _PrepareForRebuild;
C:\Program Files\Microsoft Visual Studio\2022\Community\MSBuild\Microsoft\VC\v170\Microsoft.BuildSteps.Targets(131,5): message :       
C:\Program Files\Microsoft Visual Studio\2022\Community\MSBuild\Microsoft\VC\v170\Microsoft.BuildSteps.Targets(131,5): message :       BeforeRebuild;
C:\Program Files\Microsoft Visual Studio\2022\Community\MSBuild\Microsoft\VC\v170\Microsoft.BuildSteps.Targets(131,5): message :       Clean;
C:\Program Files\Microsoft Visual Studio\2022\Community\MSBuild\Microsoft\VC\v170\Microsoft.BuildSteps.Targets(131,5): message :       Build;
C:\Program Files\Microsoft Visual Studio\2022\Community\MSBuild\Microsoft\VC\v170\Microsoft.BuildSteps.Targets(131,5): message :       AfterRebuild;
C:\Program Files\Microsoft Visual Studio\2022\Community\MSBuild\Microsoft\VC\v170\Microsoft.BuildSteps.Targets(131,5): message :     ;
C:\Program Files\Microsoft Visual Studio\2022\Community\MSBuild\Microsoft\VC\v170\Microsoft.BuildSteps.Targets(131,5): message :     " (以前の値: "
C:\Program Files\Microsoft Visual Studio\2022\Community\MSBuild\Microsoft\VC\v170\Microsoft.BuildSteps.Targets(131,5): message :       BeforeRebuild;
C:\Program Files\Microsoft Visual Studio\2022\Community\MSBuild\Microsoft\VC\v170\Microsoft.BuildSteps.Targets(131,5): message :       Clean;
C:\Program Files\Microsoft Visual Studio\2022\Community\MSBuild\Microsoft\VC\v170\Microsoft.BuildSteps.Targets(131,5): message :       Build;
C:\Program Files\Microsoft Visual Studio\2022\Community\MSBuild\Microsoft\VC\v170\Microsoft.BuildSteps.Targets(131,5): message :       AfterRebuild;
C:\Program Files\Microsoft Visual Studio\2022\Community\MSBuild\Microsoft\VC\v170\Microsoft.BuildSteps.Targets(131,5): message :     ") C:\Program Files\Microsoft Visual Studio\2022\Community\MSBuild\Microsoft\VC\v170\Microsoft.BuildSteps.Targets (131,5)
C:\Program Files\Microsoft Visual Studio\2022\Community\MSBuild\Microsoft\VC\v170\Microsoft.BuildSteps.Targets(136,5): message : プロパティの再代入: $(CleanDependsOn)="
C:\Program Files\Microsoft Visual Studio\2022\Community\MSBuild\Microsoft\VC\v170\Microsoft.BuildSteps.Targets(136,5): message :       _PrepareForClean;
C:\Program Files\Microsoft Visual Studio\2022\Community\MSBuild\Microsoft\VC\v170\Microsoft.BuildSteps.Targets(136,5): message :       
C:\Program Files\Microsoft Visual Studio\2022\Community\MSBuild\Microsoft\VC\v170\Microsoft.BuildSteps.Targets(136,5): message :       BeforeClean;
C:\Program Files\Microsoft Visual Studio\2022\Community\MSBuild\Microsoft\VC\v170\Microsoft.BuildSteps.Targets(136,5): message :       UnmanagedUnregistration;
C:\Program Files\Microsoft Visual Studio\2022\Community\MSBuild\Microsoft\VC\v170\Microsoft.BuildSteps.Targets(136,5): message :       CoreClean;
C:\Program Files\Microsoft Visual Studio\2022\Community\MSBuild\Microsoft\VC\v170\Microsoft.BuildSteps.Targets(136,5): message :       CleanReferencedProjects;
C:\Program Files\Microsoft Visual Studio\2022\Community\MSBuild\Microsoft\VC\v170\Microsoft.BuildSteps.Targets(136,5): message :       CleanPublishFolder;
C:\Program Files\Microsoft Visual Studio\2022\Community\MSBuild\Microsoft\VC\v170\Microsoft.BuildSteps.Targets(136,5): message :       AfterClean
C:\Program Files\Microsoft Visual Studio\2022\Community\MSBuild\Microsoft\VC\v170\Microsoft.BuildSteps.Targets(136,5): message :     ;
C:\Program Files\Microsoft Visual Studio\2022\Community\MSBuild\Microsoft\VC\v170\Microsoft.BuildSteps.Targets(136,5): message :     " (以前の値: "
C:\Program Files\Microsoft Visual Studio\2022\Community\MSBuild\Microsoft\VC\v170\Microsoft.BuildSteps.Targets(136,5): message :       BeforeClean;
C:\Program Files\Microsoft Visual Studio\2022\Community\MSBuild\Microsoft\VC\v170\Microsoft.BuildSteps.Targets(136,5): message :       UnmanagedUnregistration;
C:\Program Files\Microsoft Visual Studio\2022\Community\MSBuild\Microsoft\VC\v170\Microsoft.BuildSteps.Targets(136,5): message :       CoreClean;
C:\Program Files\Microsoft Visual Studio\2022\Community\MSBuild\Microsoft\VC\v170\Microsoft.BuildSteps.Targets(136,5): message :       CleanReferencedProjects;
C:\Program Files\Microsoft Visual Studio\2022\Community\MSBuild\Microsoft\VC\v170\Microsoft.BuildSteps.Targets(136,5): message :       CleanPublishFolder;
C:\Program Files\Microsoft Visual Studio\2022\Community\MSBuild\Microsoft\VC\v170\Microsoft.BuildSteps.Targets(136,5): message :       AfterClean
C:\Program Files\Microsoft Visual Studio\2022\Community\MSBuild\Microsoft\VC\v170\Microsoft.BuildSteps.Targets(136,5): message :     ") C:\Program Files\Microsoft Visual Studio\2022\Community\MSBuild\Microsoft\VC\v170\Microsoft.BuildSteps.Targets (136,5)
C:\Program Files\Microsoft Visual Studio\2022\Community\MSBuild\Microsoft\VC\v170\Microsoft.CppBuild.targets(60,5): message : プロパティの再代入: $(BeforeBuildGenerateSourcesTargets)="
C:\Program Files\Microsoft Visual Studio\2022\Community\MSBuild\Microsoft\VC\v170\Microsoft.CppBuild.targets(60,5): message :       
C:\Program Files\Microsoft Visual Studio\2022\Community\MSBuild\Microsoft\VC\v170\Microsoft.CppBuild.targets(60,5): message :       ;
C:\Program Files\Microsoft Visual Studio\2022\Community\MSBuild\Microsoft\VC\v170\Microsoft.CppBuild.targets(60,5): message :       BeforeBuildGenerateSources;
C:\Program Files\Microsoft Visual Studio\2022\Community\MSBuild\Microsoft\VC\v170\Microsoft.CppBuild.targets(60,5): message :     ;
C:\Program Files\Microsoft Visual Studio\2022\Community\MSBuild\Microsoft\VC\v170\Microsoft.CppBuild.targets(60,5): message :     " (以前の値: "
C:\Program Files\Microsoft Visual Studio\2022\Community\MSBuild\Microsoft\VC\v170\Microsoft.CppBuild.targets(60,5): message :       ;
C:\Program Files\Microsoft Visual Studio\2022\Community\MSBuild\Microsoft\VC\v170\Microsoft.CppBuild.targets(60,5): message :       BeforeBuildGenerateSources;
C:\Program Files\Microsoft Visual Studio\2022\Community\MSBuild\Microsoft\VC\v170\Microsoft.CppBuild.targets(60,5): message :     ") C:\Program Files\Microsoft Visual Studio\2022\Community\MSBuild\Microsoft\VC\v170\Microsoft.CppBuild.targets (60,5)
C:\Program Files\Microsoft Visual Studio\2022\Community\MSBuild\Microsoft\VC\v170\Microsoft.CppBuild.targets(71,5): message : プロパティの再代入: $(AfterBuildGenerateSourcesTargets)="
C:\Program Files\Microsoft Visual Studio\2022\Community\MSBuild\Microsoft\VC\v170\Microsoft.CppBuild.targets(71,5): message :       
C:\Program Files\Microsoft Visual Studio\2022\Community\MSBuild\Microsoft\VC\v170\Microsoft.CppBuild.targets(71,5): message :       ;
C:\Program Files\Microsoft Visual Studio\2022\Community\MSBuild\Microsoft\VC\v170\Microsoft.CppBuild.targets(71,5): message :       AfterBuildGenerateSources;
C:\Program Files\Microsoft Visual Studio\2022\Community\MSBuild\Microsoft\VC\v170\Microsoft.CppBuild.targets(71,5): message :     ;
C:\Program Files\Microsoft Visual Studio\2022\Community\MSBuild\Microsoft\VC\v170\Microsoft.CppBuild.targets(71,5): message :       AfterBuildGenerateSourcesEvent;
C:\Program Files\Microsoft Visual Studio\2022\Community\MSBuild\Microsoft\VC\v170\Microsoft.CppBuild.targets(71,5): message :     " (以前の値: "
C:\Program Files\Microsoft Visual Studio\2022\Community\MSBuild\Microsoft\VC\v170\Microsoft.CppBuild.targets(71,5): message :       ;
C:\Program Files\Microsoft Visual Studio\2022\Community\MSBuild\Microsoft\VC\v170\Microsoft.CppBuild.targets(71,5): message :       AfterBuildGenerateSources;
C:\Program Files\Microsoft Visual Studio\2022\Community\MSBuild\Microsoft\VC\v170\Microsoft.CppBuild.targets(71,5): message :     ") C:\Program Files\Microsoft Visual Studio\2022\Community\MSBuild\Microsoft\VC\v170\Microsoft.CppBuild.targets (71,5)
C:\Program Files\Microsoft Visual Studio\2022\Community\MSBuild\Microsoft\VC\v170\Microsoft.CppBuild.targets(140,5): message : プロパティの再代入: $(BuildGenerateSourcesAction)="_BuildGenerateSourcesAction" (以前の値: "Build") C:\Program Files\Microsoft Visual Studio\2022\Community\MSBuild\Microsoft\VC\v170\Microsoft.CppBuild.targets (140,5)
C:\Program Files\Microsoft Visual Studio\2022\Community\MSBuild\Microsoft\VC\v170\Microsoft.CppBuild.targets(141,5): message : プロパティの再代入: $(BuildCompileAction)="_BuildCompileAction" (以前の値: "Build") C:\Program Files\Microsoft Visual Studio\2022\Community\MSBuild\Microsoft\VC\v170\Microsoft.CppBuild.targets (141,5)
C:\Program Files\Microsoft Visual Studio\2022\Community\MSBuild\Microsoft\VC\v170\Microsoft.CppBuild.targets(142,5): message : プロパティの再代入: $(BuildLinkAction)="_BuildLinkAction" (以前の値: "Build") C:\Program Files\Microsoft Visual Studio\2022\Community\MSBuild\Microsoft\VC\v170\Microsoft.CppBuild.targets (142,5)
C:\Program Files\Microsoft Visual Studio\2022\Community\MSBuild\Microsoft\VC\v170\Microsoft.CppBuild.targets(249,5): message : プロパティの再代入: $(DetermineProjectTypeTargets)="_PrepareForReferenceResolution;
C:\Program Files\Microsoft Visual Studio\2022\Community\MSBuild\Microsoft\VC\v170\Microsoft.CppBuild.targets(249,5): message :       ;
C:\Program Files\Microsoft Visual Studio\2022\Community\MSBuild\Microsoft\VC\v170\Microsoft.CppBuild.targets(249,5): message :       AddExternalIncludDirectoriesToPaths
C:\Program Files\Microsoft Visual Studio\2022\Community\MSBuild\Microsoft\VC\v170\Microsoft.CppBuild.targets(249,5): message :     " (以前の値: "
C:\Program Files\Microsoft Visual Studio\2022\Community\MSBuild\Microsoft\VC\v170\Microsoft.CppBuild.targets(249,5): message :       ;
C:\Program Files\Microsoft Visual Studio\2022\Community\MSBuild\Microsoft\VC\v170\Microsoft.CppBuild.targets(249,5): message :       AddExternalIncludDirectoriesToPaths
C:\Program Files\Microsoft Visual Studio\2022\Community\MSBuild\Microsoft\VC\v170\Microsoft.CppBuild.targets(249,5): message :     ") C:\Program Files\Microsoft Visual Studio\2022\Community\MSBuild\Microsoft\VC\v170\Microsoft.CppBuild.targets (249,5)
C:\Program Files\Microsoft Visual Studio\2022\Community\MSBuild\Microsoft\VC\v170\Microsoft.CppBuild.targets(314,5): message : プロパティの再代入: $(ResolveReferencesDependsOn)="_PrepareForReferenceResolution;ComputeCrtSDKReference;
C:\Program Files\Microsoft Visual Studio\2022\Community\MSBuild\Microsoft\VC\v170\Microsoft.CppBuild.targets(314,5): message :       
C:\Program Files\Microsoft Visual Studio\2022\Community\MSBuild\Microsoft\VC\v170\Microsoft.CppBuild.targets(314,5): message :       BeforeResolveReferences;
C:\Program Files\Microsoft Visual Studio\2022\Community\MSBuild\Microsoft\VC\v170\Microsoft.CppBuild.targets(314,5): message :       AssignProjectConfiguration;
C:\Program Files\Microsoft Visual Studio\2022\Community\MSBuild\Microsoft\VC\v170\Microsoft.CppBuild.targets(314,5): message :       ResolveProjectReferences;
C:\Program Files\Microsoft Visual Studio\2022\Community\MSBuild\Microsoft\VC\v170\Microsoft.CppBuild.targets(314,5): message :       FindInvalidProjectReferences;
C:\Program Files\Microsoft Visual Studio\2022\Community\MSBuild\Microsoft\VC\v170\Microsoft.CppBuild.targets(314,5): message :       ResolveNativeReferences;
C:\Program Files\Microsoft Visual Studio\2022\Community\MSBuild\Microsoft\VC\v170\Microsoft.CppBuild.targets(314,5): message :       ResolveAssemblyReferences;
C:\Program Files\Microsoft Visual Studio\2022\Community\MSBuild\Microsoft\VC\v170\Microsoft.CppBuild.targets(314,5): message :       GenerateBindingRedirects;
C:\Program Files\Microsoft Visual Studio\2022\Community\MSBuild\Microsoft\VC\v170\Microsoft.CppBuild.targets(314,5): message :       GenerateBindingRedirectsUpdateAppConfig;
C:\Program Files\Microsoft Visual Studio\2022\Community\MSBuild\Microsoft\VC\v170\Microsoft.CppBuild.targets(314,5): message :       ResolveComReferences;
C:\Program Files\Microsoft Visual Studio\2022\Community\MSBuild\Microsoft\VC\v170\Microsoft.CppBuild.targets(314,5): message :       AfterResolveReferences
C:\Program Files\Microsoft Visual Studio\2022\Community\MSBuild\Microsoft\VC\v170\Microsoft.CppBuild.targets(314,5): message :     ;
C:\Program Files\Microsoft Visual Studio\2022\Community\MSBuild\Microsoft\VC\v170\Microsoft.CppBuild.targets(314,5): message :       ResolveTestReferences
C:\Program Files\Microsoft Visual Studio\2022\Community\MSBuild\Microsoft\VC\v170\Microsoft.CppBuild.targets(314,5): message :     " (以前の値: "
C:\Program Files\Microsoft Visual Studio\2022\Community\MSBuild\Microsoft\VC\v170\Microsoft.CppBuild.targets(314,5): message :       
C:\Program Files\Microsoft Visual Studio\2022\Community\MSBuild\Microsoft\VC\v170\Microsoft.CppBuild.targets(314,5): message :       BeforeResolveReferences;
C:\Program Files\Microsoft Visual Studio\2022\Community\MSBuild\Microsoft\VC\v170\Microsoft.CppBuild.targets(314,5): message :       AssignProjectConfiguration;
C:\Program Files\Microsoft Visual Studio\2022\Community\MSBuild\Microsoft\VC\v170\Microsoft.CppBuild.targets(314,5): message :       ResolveProjectReferences;
C:\Program Files\Microsoft Visual Studio\2022\Community\MSBuild\Microsoft\VC\v170\Microsoft.CppBuild.targets(314,5): message :       FindInvalidProjectReferences;
C:\Program Files\Microsoft Visual Studio\2022\Community\MSBuild\Microsoft\VC\v170\Microsoft.CppBuild.targets(314,5): message :       ResolveNativeReferences;
C:\Program Files\Microsoft Visual Studio\2022\Community\MSBuild\Microsoft\VC\v170\Microsoft.CppBuild.targets(314,5): message :       ResolveAssemblyReferences;
C:\Program Files\Microsoft Visual Studio\2022\Community\MSBuild\Microsoft\VC\v170\Microsoft.CppBuild.targets(314,5): message :       GenerateBindingRedirects;
C:\Program Files\Microsoft Visual Studio\2022\Community\MSBuild\Microsoft\VC\v170\Microsoft.CppBuild.targets(314,5): message :       GenerateBindingRedirectsUpdateAppConfig;
C:\Program Files\Microsoft Visual Studio\2022\Community\MSBuild\Microsoft\VC\v170\Microsoft.CppBuild.targets(314,5): message :       ResolveComReferences;
C:\Program Files\Microsoft Visual Studio\2022\Community\MSBuild\Microsoft\VC\v170\Microsoft.CppBuild.targets(314,5): message :       AfterResolveReferences
C:\Program Files\Microsoft Visual Studio\2022\Community\MSBuild\Microsoft\VC\v170\Microsoft.CppBuild.targets(314,5): message :     ;
C:\Program Files\Microsoft Visual Studio\2022\Community\MSBuild\Microsoft\VC\v170\Microsoft.CppBuild.targets(314,5): message :       ResolveTestReferences
C:\Program Files\Microsoft Visual Studio\2022\Community\MSBuild\Microsoft\VC\v170\Microsoft.CppBuild.targets(314,5): message :     ") C:\Program Files\Microsoft Visual Studio\2022\Community\MSBuild\Microsoft\VC\v170\Microsoft.CppBuild.targets (314,5)
C:\Program Files\Microsoft Visual Studio\2022\Community\MSBuild\Microsoft\VC\v170\Microsoft.CppBuild.targets(315,5): message : プロパティの再代入: $(ResolveAssemblyReferencesDependsOn)="_PrepareForReferenceResolution;
C:\Program Files\Microsoft Visual Studio\2022\Community\MSBuild\Microsoft\VC\v170\Microsoft.CppBuild.targets(315,5): message :       ResolveProjectReferences;
C:\Program Files\Microsoft Visual Studio\2022\Community\MSBuild\Microsoft\VC\v170\Microsoft.CppBuild.targets(315,5): message :       FindInvalidProjectReferences;
C:\Program Files\Microsoft Visual Studio\2022\Community\MSBuild\Microsoft\VC\v170\Microsoft.CppBuild.targets(315,5): message :       GetFrameworkPaths;
C:\Program Files\Microsoft Visual Studio\2022\Community\MSBuild\Microsoft\VC\v170\Microsoft.CppBuild.targets(315,5): message :       GetReferenceAssemblyPaths;
C:\Program Files\Microsoft Visual Studio\2022\Community\MSBuild\Microsoft\VC\v170\Microsoft.CppBuild.targets(315,5): message :       PrepareForBuild;
C:\Program Files\Microsoft Visual Studio\2022\Community\MSBuild\Microsoft\VC\v170\Microsoft.CppBuild.targets(315,5): message :       ResolveSDKReferences;
C:\Program Files\Microsoft Visual Studio\2022\Community\MSBuild\Microsoft\VC\v170\Microsoft.CppBuild.targets(315,5): message :       ExpandSDKReferences;
C:\Program Files\Microsoft Visual Studio\2022\Community\MSBuild\Microsoft\VC\v170\Microsoft.CppBuild.targets(315,5): message :     ;ResolveNuGetPackageAssets" (以前の値: "
C:\Program Files\Microsoft Visual Studio\2022\Community\MSBuild\Microsoft\VC\v170\Microsoft.CppBuild.targets(315,5): message :       ResolveProjectReferences;
C:\Program Files\Microsoft Visual Studio\2022\Community\MSBuild\Microsoft\VC\v170\Microsoft.CppBuild.targets(315,5): message :       FindInvalidProjectReferences;
C:\Program Files\Microsoft Visual Studio\2022\Community\MSBuild\Microsoft\VC\v170\Microsoft.CppBuild.targets(315,5): message :       GetFrameworkPaths;
C:\Program Files\Microsoft Visual Studio\2022\Community\MSBuild\Microsoft\VC\v170\Microsoft.CppBuild.targets(315,5): message :       GetReferenceAssemblyPaths;
C:\Program Files\Microsoft Visual Studio\2022\Community\MSBuild\Microsoft\VC\v170\Microsoft.CppBuild.targets(315,5): message :       PrepareForBuild;
C:\Program Files\Microsoft Visual Studio\2022\Community\MSBuild\Microsoft\VC\v170\Microsoft.CppBuild.targets(315,5): message :       ResolveSDKReferences;
C:\Program Files\Microsoft Visual Studio\2022\Community\MSBuild\Microsoft\VC\v170\Microsoft.CppBuild.targets(315,5): message :       ExpandSDKReferences;
C:\Program Files\Microsoft Visual Studio\2022\Community\MSBuild\Microsoft\VC\v170\Microsoft.CppBuild.targets(315,5): message :     ;ResolveNuGetPackageAssets") C:\Program Files\Microsoft Visual Studio\2022\Community\MSBuild\Microsoft\VC\v170\Microsoft.CppBuild.targets (315,5)
C:\Program Files\Microsoft Visual Studio\2022\Community\MSBuild\Microsoft\VC\v170\Microsoft.CppBuild.targets(316,5): message : プロパティの再代入: $(ResolveSDKReferencesDependsOn)="_PrepareForReferenceResolution;ComputeCrtSDKReference;
C:\Program Files\Microsoft Visual Studio\2022\Community\MSBuild\Microsoft\VC\v170\Microsoft.CppBuild.targets(316,5): message :       GetInstalledSDKLocations
C:\Program Files\Microsoft Visual Studio\2022\Community\MSBuild\Microsoft\VC\v170\Microsoft.CppBuild.targets(316,5): message :     " (以前の値: "
C:\Program Files\Microsoft Visual Studio\2022\Community\MSBuild\Microsoft\VC\v170\Microsoft.CppBuild.targets(316,5): message :       GetInstalledSDKLocations
C:\Program Files\Microsoft Visual Studio\2022\Community\MSBuild\Microsoft\VC\v170\Microsoft.CppBuild.targets(316,5): message :     ") C:\Program Files\Microsoft Visual Studio\2022\Community\MSBuild\Microsoft\VC\v170\Microsoft.CppBuild.targets (316,5)
C:\Program Files\Microsoft Visual Studio\2022\Community\MSBuild\Microsoft\VC\v170\Microsoft.CppBuild.targets(646,5): message : プロパティの再代入: $(ComputeCompileInputsTargets)="
C:\Program Files\Microsoft Visual Studio\2022\Community\MSBuild\Microsoft\VC\v170\Microsoft.CppBuild.targets(646,5): message :       
C:\Program Files\Microsoft Visual Studio\2022\Community\MSBuild\Microsoft\VC\v170\Microsoft.CppBuild.targets(646,5): message :       ;
C:\Program Files\Microsoft Visual Studio\2022\Community\MSBuild\Microsoft\VC\v170\Microsoft.CppBuild.targets(646,5): message :       GenerateTargetFrameworkMonikerAttribute;
C:\Program Files\Microsoft Visual Studio\2022\Community\MSBuild\Microsoft\VC\v170\Microsoft.CppBuild.targets(646,5): message :     ;
C:\Program Files\Microsoft Visual Studio\2022\Community\MSBuild\Microsoft\VC\v170\Microsoft.CppBuild.targets(646,5): message :       ComputeMIDLGeneratedCompileInputs;
C:\Program Files\Microsoft Visual Studio\2022\Community\MSBuild\Microsoft\VC\v170\Microsoft.CppBuild.targets(646,5): message :     " (以前の値: "
C:\Program Files\Microsoft Visual Studio\2022\Community\MSBuild\Microsoft\VC\v170\Microsoft.CppBuild.targets(646,5): message :       ;
C:\Program Files\Microsoft Visual Studio\2022\Community\MSBuild\Microsoft\VC\v170\Microsoft.CppBuild.targets(646,5): message :       GenerateTargetFrameworkMonikerAttribute;
C:\Program Files\Microsoft Visual Studio\2022\Community\MSBuild\Microsoft\VC\v170\Microsoft.CppBuild.targets(646,5): message :     ") C:\Program Files\Microsoft Visual Studio\2022\Community\MSBuild\Microsoft\VC\v170\Microsoft.CppBuild.targets (646,5)
C:\Program Files\Microsoft Visual Studio\2022\Community\MSBuild\Microsoft\VC\v170\Microsoft.CppBuild.targets(962,5): message : プロパティの再代入: $(ComputeLinkInputsTargets)="
C:\Program Files\Microsoft Visual Studio\2022\Community\MSBuild\Microsoft\VC\v170\Microsoft.CppBuild.targets(962,5): message :       
C:\Program Files\Microsoft Visual Studio\2022\Community\MSBuild\Microsoft\VC\v170\Microsoft.CppBuild.targets(962,5): message :       ;
C:\Program Files\Microsoft Visual Studio\2022\Community\MSBuild\Microsoft\VC\v170\Microsoft.CppBuild.targets(962,5): message :       ComputeRCGeneratedLinkInputs;
C:\Program Files\Microsoft Visual Studio\2022\Community\MSBuild\Microsoft\VC\v170\Microsoft.CppBuild.targets(962,5): message :     ;
C:\Program Files\Microsoft Visual Studio\2022\Community\MSBuild\Microsoft\VC\v170\Microsoft.CppBuild.targets(962,5): message :       ComputeManifestGeneratedLinkerInputs;
C:\Program Files\Microsoft Visual Studio\2022\Community\MSBuild\Microsoft\VC\v170\Microsoft.CppBuild.targets(962,5): message :     " (以前の値: "
C:\Program Files\Microsoft Visual Studio\2022\Community\MSBuild\Microsoft\VC\v170\Microsoft.CppBuild.targets(962,5): message :       ;
C:\Program Files\Microsoft Visual Studio\2022\Community\MSBuild\Microsoft\VC\v170\Microsoft.CppBuild.targets(962,5): message :       ComputeRCGeneratedLinkInputs;
C:\Program Files\Microsoft Visual Studio\2022\Community\MSBuild\Microsoft\VC\v170\Microsoft.CppBuild.targets(962,5): message :     ") C:\Program Files\Microsoft Visual Studio\2022\Community\MSBuild\Microsoft\VC\v170\Microsoft.CppBuild.targets (962,5)
C:\Program Files\Microsoft Visual Studio\2022\Community\MSBuild\Microsoft\VC\v170\Microsoft.CppBuild.targets(1159,5): message : プロパティの再代入: $(ComputeCompileInputsTargets)="
C:\Program Files\Microsoft Visual Studio\2022\Community\MSBuild\Microsoft\VC\v170\Microsoft.CppBuild.targets(1159,5): message :       
C:\Program Files\Microsoft Visual Studio\2022\Community\MSBuild\Microsoft\VC\v170\Microsoft.CppBuild.targets(1159,5): message :       
C:\Program Files\Microsoft Visual Studio\2022\Community\MSBuild\Microsoft\VC\v170\Microsoft.CppBuild.targets(1159,5): message :       ;
C:\Program Files\Microsoft Visual Studio\2022\Community\MSBuild\Microsoft\VC\v170\Microsoft.CppBuild.targets(1159,5): message :       GenerateTargetFrameworkMonikerAttribute;
C:\Program Files\Microsoft Visual Studio\2022\Community\MSBuild\Microsoft\VC\v170\Microsoft.CppBuild.targets(1159,5): message :     ;
C:\Program Files\Microsoft Visual Studio\2022\Community\MSBuild\Microsoft\VC\v170\Microsoft.CppBuild.targets(1159,5): message :       ComputeMIDLGeneratedCompileInputs;
C:\Program Files\Microsoft Visual Studio\2022\Community\MSBuild\Microsoft\VC\v170\Microsoft.CppBuild.targets(1159,5): message :     ;
C:\Program Files\Microsoft Visual Studio\2022\Community\MSBuild\Microsoft\VC\v170\Microsoft.CppBuild.targets(1159,5): message :       ComputeCLInputPDBName;
C:\Program Files\Microsoft Visual Studio\2022\Community\MSBuild\Microsoft\VC\v170\Microsoft.CppBuild.targets(1159,5): message :       ComputeReferenceCLInput;
C:\Program Files\Microsoft Visual Studio\2022\Community\MSBuild\Microsoft\VC\v170\Microsoft.CppBuild.targets(1159,5): message :       WarnCompileDuplicatedFilename
C:\Program Files\Microsoft Visual Studio\2022\Community\MSBuild\Microsoft\VC\v170\Microsoft.CppBuild.targets(1159,5): message :     " (以前の値: "
C:\Program Files\Microsoft Visual Studio\2022\Community\MSBuild\Microsoft\VC\v170\Microsoft.CppBuild.targets(1159,5): message :       
C:\Program Files\Microsoft Visual Studio\2022\Community\MSBuild\Microsoft\VC\v170\Microsoft.CppBuild.targets(1159,5): message :       ;
C:\Program Files\Microsoft Visual Studio\2022\Community\MSBuild\Microsoft\VC\v170\Microsoft.CppBuild.targets(1159,5): message :       GenerateTargetFrameworkMonikerAttribute;
C:\Program Files\Microsoft Visual Studio\2022\Community\MSBuild\Microsoft\VC\v170\Microsoft.CppBuild.targets(1159,5): message :     ;
C:\Program Files\Microsoft Visual Studio\2022\Community\MSBuild\Microsoft\VC\v170\Microsoft.CppBuild.targets(1159,5): message :       ComputeMIDLGeneratedCompileInputs;
C:\Program Files\Microsoft Visual Studio\2022\Community\MSBuild\Microsoft\VC\v170\Microsoft.CppBuild.targets(1159,5): message :     ") C:\Program Files\Microsoft Visual Studio\2022\Community\MSBuild\Microsoft\VC\v170\Microsoft.CppBuild.targets (1159,5)
C:\Program Files\Microsoft Visual Studio\2022\Community\MSBuild\Microsoft\VC\v170\Microsoft.CppBuild.targets(1211,5): message : プロパティの再代入: $(ComputeLinkInputsTargets)="
C:\Program Files\Microsoft Visual Studio\2022\Community\MSBuild\Microsoft\VC\v170\Microsoft.CppBuild.targets(1211,5): message :       
C:\Program Files\Microsoft Visual Studio\2022\Community\MSBuild\Microsoft\VC\v170\Microsoft.CppBuild.targets(1211,5): message :       
C:\Program Files\Microsoft Visual Studio\2022\Community\MSBuild\Microsoft\VC\v170\Microsoft.CppBuild.targets(1211,5): message :       ;
C:\Program Files\Microsoft Visual Studio\2022\Community\MSBuild\Microsoft\VC\v170\Microsoft.CppBuild.targets(1211,5): message :       ComputeRCGeneratedLinkInputs;
C:\Program Files\Microsoft Visual Studio\2022\Community\MSBuild\Microsoft\VC\v170\Microsoft.CppBuild.targets(1211,5): message :     ;
C:\Program Files\Microsoft Visual Studio\2022\Community\MSBuild\Microsoft\VC\v170\Microsoft.CppBuild.targets(1211,5): message :       ComputeManifestGeneratedLinkerInputs;
C:\Program Files\Microsoft Visual Studio\2022\Community\MSBuild\Microsoft\VC\v170\Microsoft.CppBuild.targets(1211,5): message :     ;
C:\Program Files\Microsoft Visual Studio\2022\Community\MSBuild\Microsoft\VC\v170\Microsoft.CppBuild.targets(1211,5): message :       ComputeCustomBuildOutput;
C:\Program Files\Microsoft Visual Studio\2022\Community\MSBuild\Microsoft\VC\v170\Microsoft.CppBuild.targets(1211,5): message :     " (以前の値: "
C:\Program Files\Microsoft Visual Studio\2022\Community\MSBuild\Microsoft\VC\v170\Microsoft.CppBuild.targets(1211,5): message :       
C:\Program Files\Microsoft Visual Studio\2022\Community\MSBuild\Microsoft\VC\v170\Microsoft.CppBuild.targets(1211,5): message :       ;
C:\Program Files\Microsoft Visual Studio\2022\Community\MSBuild\Microsoft\VC\v170\Microsoft.CppBuild.targets(1211,5): message :       ComputeRCGeneratedLinkInputs;
C:\Program Files\Microsoft Visual Studio\2022\Community\MSBuild\Microsoft\VC\v170\Microsoft.CppBuild.targets(1211,5): message :     ;
C:\Program Files\Microsoft Visual Studio\2022\Community\MSBuild\Microsoft\VC\v170\Microsoft.CppBuild.targets(1211,5): message :       ComputeManifestGeneratedLinkerInputs;
C:\Program Files\Microsoft Visual Studio\2022\Community\MSBuild\Microsoft\VC\v170\Microsoft.CppBuild.targets(1211,5): message :     ") C:\Program Files\Microsoft Visual Studio\2022\Community\MSBuild\Microsoft\VC\v170\Microsoft.CppBuild.targets (1211,5)
C:\Program Files\Microsoft Visual Studio\2022\Community\MSBuild\Microsoft\VC\v170\Microsoft.CppBuild.targets(1218,5): message : プロパティの再代入: $(ComputeLibInputsTargets)="
C:\Program Files\Microsoft Visual Studio\2022\Community\MSBuild\Microsoft\VC\v170\Microsoft.CppBuild.targets(1218,5): message :       
C:\Program Files\Microsoft Visual Studio\2022\Community\MSBuild\Microsoft\VC\v170\Microsoft.CppBuild.targets(1218,5): message :       ;
C:\Program Files\Microsoft Visual Studio\2022\Community\MSBuild\Microsoft\VC\v170\Microsoft.CppBuild.targets(1218,5): message :       ComputeRCGeneratedLibInputs;
C:\Program Files\Microsoft Visual Studio\2022\Community\MSBuild\Microsoft\VC\v170\Microsoft.CppBuild.targets(1218,5): message :     ;
C:\Program Files\Microsoft Visual Studio\2022\Community\MSBuild\Microsoft\VC\v170\Microsoft.CppBuild.targets(1218,5): message :       ComputeCustomBuildOutput;
C:\Program Files\Microsoft Visual Studio\2022\Community\MSBuild\Microsoft\VC\v170\Microsoft.CppBuild.targets(1218,5): message :     " (以前の値: "
C:\Program Files\Microsoft Visual Studio\2022\Community\MSBuild\Microsoft\VC\v170\Microsoft.CppBuild.targets(1218,5): message :       ;
C:\Program Files\Microsoft Visual Studio\2022\Community\MSBuild\Microsoft\VC\v170\Microsoft.CppBuild.targets(1218,5): message :       ComputeRCGeneratedLibInputs;
C:\Program Files\Microsoft Visual Studio\2022\Community\MSBuild\Microsoft\VC\v170\Microsoft.CppBuild.targets(1218,5): message :     ") C:\Program Files\Microsoft Visual Studio\2022\Community\MSBuild\Microsoft\VC\v170\Microsoft.CppBuild.targets (1218,5)
C:\Program Files\Microsoft Visual Studio\2022\Community\MSBuild\Microsoft\VC\v170\Microsoft.CppBuild.targets(1225,5): message : プロパティの再代入: $(ComputeImpLibInputsTargets)="
C:\Program Files\Microsoft Visual Studio\2022\Community\MSBuild\Microsoft\VC\v170\Microsoft.CppBuild.targets(1225,5): message :       
C:\Program Files\Microsoft Visual Studio\2022\Community\MSBuild\Microsoft\VC\v170\Microsoft.CppBuild.targets(1225,5): message :       
C:\Program Files\Microsoft Visual Studio\2022\Community\MSBuild\Microsoft\VC\v170\Microsoft.CppBuild.targets(1225,5): message :       ;
C:\Program Files\Microsoft Visual Studio\2022\Community\MSBuild\Microsoft\VC\v170\Microsoft.CppBuild.targets(1225,5): message :       ComputeRCGeneratedLibInputs;
C:\Program Files\Microsoft Visual Studio\2022\Community\MSBuild\Microsoft\VC\v170\Microsoft.CppBuild.targets(1225,5): message :     ;
C:\Program Files\Microsoft Visual Studio\2022\Community\MSBuild\Microsoft\VC\v170\Microsoft.CppBuild.targets(1225,5): message :       ComputeRCGeneratedImpLibInputs;
C:\Program Files\Microsoft Visual Studio\2022\Community\MSBuild\Microsoft\VC\v170\Microsoft.CppBuild.targets(1225,5): message :     ;
C:\Program Files\Microsoft Visual Studio\2022\Community\MSBuild\Microsoft\VC\v170\Microsoft.CppBuild.targets(1225,5): message :       ComputeCustomBuildOutput;
C:\Program Files\Microsoft Visual Studio\2022\Community\MSBuild\Microsoft\VC\v170\Microsoft.CppBuild.targets(1225,5): message :     " (以前の値: "
C:\Program Files\Microsoft Visual Studio\2022\Community\MSBuild\Microsoft\VC\v170\Microsoft.CppBuild.targets(1225,5): message :       
C:\Program Files\Microsoft Visual Studio\2022\Community\MSBuild\Microsoft\VC\v170\Microsoft.CppBuild.targets(1225,5): message :       ;
C:\Program Files\Microsoft Visual Studio\2022\Community\MSBuild\Microsoft\VC\v170\Microsoft.CppBuild.targets(1225,5): message :       ComputeRCGeneratedLibInputs;
C:\Program Files\Microsoft Visual Studio\2022\Community\MSBuild\Microsoft\VC\v170\Microsoft.CppBuild.targets(1225,5): message :     ;
C:\Program Files\Microsoft Visual Studio\2022\Community\MSBuild\Microsoft\VC\v170\Microsoft.CppBuild.targets(1225,5): message :       ComputeRCGeneratedImpLibInputs;
C:\Program Files\Microsoft Visual Studio\2022\Community\MSBuild\Microsoft\VC\v170\Microsoft.CppBuild.targets(1225,5): message :     ") C:\Program Files\Microsoft Visual Studio\2022\Community\MSBuild\Microsoft\VC\v170\Microsoft.CppBuild.targets (1225,5)
C:\Program Files\Microsoft Visual Studio\2022\Community\MSBuild\Microsoft\VC\v170\Microsoft.CppBuild.targets(1286,5): message : プロパティの再代入: $(ComputeLinkInputsTargets)="
C:\Program Files\Microsoft Visual Studio\2022\Community\MSBuild\Microsoft\VC\v170\Microsoft.CppBuild.targets(1286,5): message :       
C:\Program Files\Microsoft Visual Studio\2022\Community\MSBuild\Microsoft\VC\v170\Microsoft.CppBuild.targets(1286,5): message :       
C:\Program Files\Microsoft Visual Studio\2022\Community\MSBuild\Microsoft\VC\v170\Microsoft.CppBuild.targets(1286,5): message :       
C:\Program Files\Microsoft Visual Studio\2022\Community\MSBuild\Microsoft\VC\v170\Microsoft.CppBuild.targets(1286,5): message :       ;
C:\Program Files\Microsoft Visual Studio\2022\Community\MSBuild\Microsoft\VC\v170\Microsoft.CppBuild.targets(1286,5): message :       ComputeRCGeneratedLinkInputs;
C:\Program Files\Microsoft Visual Studio\2022\Community\MSBuild\Microsoft\VC\v170\Microsoft.CppBuild.targets(1286,5): message :     ;
C:\Program Files\Microsoft Visual Studio\2022\Community\MSBuild\Microsoft\VC\v170\Microsoft.CppBuild.targets(1286,5): message :       ComputeManifestGeneratedLinkerInputs;
C:\Program Files\Microsoft Visual Studio\2022\Community\MSBuild\Microsoft\VC\v170\Microsoft.CppBuild.targets(1286,5): message :     ;
C:\Program Files\Microsoft Visual Studio\2022\Community\MSBuild\Microsoft\VC\v170\Microsoft.CppBuild.targets(1286,5): message :       ComputeCustomBuildOutput;
C:\Program Files\Microsoft Visual Studio\2022\Community\MSBuild\Microsoft\VC\v170\Microsoft.CppBuild.targets(1286,5): message :     ;
C:\Program Files\Microsoft Visual Studio\2022\Community\MSBuild\Microsoft\VC\v170\Microsoft.CppBuild.targets(1286,5): message :       ComputeCLGeneratedLinkInputs;
C:\Program Files\Microsoft Visual Studio\2022\Community\MSBuild\Microsoft\VC\v170\Microsoft.CppBuild.targets(1286,5): message :     " (以前の値: "
C:\Program Files\Microsoft Visual Studio\2022\Community\MSBuild\Microsoft\VC\v170\Microsoft.CppBuild.targets(1286,5): message :       
C:\Program Files\Microsoft Visual Studio\2022\Community\MSBuild\Microsoft\VC\v170\Microsoft.CppBuild.targets(1286,5): message :       
C:\Program Files\Microsoft Visual Studio\2022\Community\MSBuild\Microsoft\VC\v170\Microsoft.CppBuild.targets(1286,5): message :       ;
C:\Program Files\Microsoft Visual Studio\2022\Community\MSBuild\Microsoft\VC\v170\Microsoft.CppBuild.targets(1286,5): message :       ComputeRCGeneratedLinkInputs;
C:\Program Files\Microsoft Visual Studio\2022\Community\MSBuild\Microsoft\VC\v170\Microsoft.CppBuild.targets(1286,5): message :     ;
C:\Program Files\Microsoft Visual Studio\2022\Community\MSBuild\Microsoft\VC\v170\Microsoft.CppBuild.targets(1286,5): message :       ComputeManifestGeneratedLinkerInputs;
C:\Program Files\Microsoft Visual Studio\2022\Community\MSBuild\Microsoft\VC\v170\Microsoft.CppBuild.targets(1286,5): message :     ;
C:\Program Files\Microsoft Visual Studio\2022\Community\MSBuild\Microsoft\VC\v170\Microsoft.CppBuild.targets(1286,5): message :       ComputeCustomBuildOutput;
C:\Program Files\Microsoft Visual Studio\2022\Community\MSBuild\Microsoft\VC\v170\Microsoft.CppBuild.targets(1286,5): message :     ") C:\Program Files\Microsoft Visual Studio\2022\Community\MSBuild\Microsoft\VC\v170\Microsoft.CppBuild.targets (1286,5)
C:\Program Files\Microsoft Visual Studio\2022\Community\MSBuild\Microsoft\VC\v170\Microsoft.CppBuild.targets(1301,5): message : プロパティの再代入: $(ComputeLibInputsTargets)="
C:\Program Files\Microsoft Visual Studio\2022\Community\MSBuild\Microsoft\VC\v170\Microsoft.CppBuild.targets(1301,5): message :       
C:\Program Files\Microsoft Visual Studio\2022\Community\MSBuild\Microsoft\VC\v170\Microsoft.CppBuild.targets(1301,5): message :       
C:\Program Files\Microsoft Visual Studio\2022\Community\MSBuild\Microsoft\VC\v170\Microsoft.CppBuild.targets(1301,5): message :       ;
C:\Program Files\Microsoft Visual Studio\2022\Community\MSBuild\Microsoft\VC\v170\Microsoft.CppBuild.targets(1301,5): message :       ComputeRCGeneratedLibInputs;
C:\Program Files\Microsoft Visual Studio\2022\Community\MSBuild\Microsoft\VC\v170\Microsoft.CppBuild.targets(1301,5): message :     ;
C:\Program Files\Microsoft Visual Studio\2022\Community\MSBuild\Microsoft\VC\v170\Microsoft.CppBuild.targets(1301,5): message :       ComputeCustomBuildOutput;
C:\Program Files\Microsoft Visual Studio\2022\Community\MSBuild\Microsoft\VC\v170\Microsoft.CppBuild.targets(1301,5): message :     ;
C:\Program Files\Microsoft Visual Studio\2022\Community\MSBuild\Microsoft\VC\v170\Microsoft.CppBuild.targets(1301,5): message :       ComputeCLGeneratedLibInputs;
C:\Program Files\Microsoft Visual Studio\2022\Community\MSBuild\Microsoft\VC\v170\Microsoft.CppBuild.targets(1301,5): message :     " (以前の値: "
C:\Program Files\Microsoft Visual Studio\2022\Community\MSBuild\Microsoft\VC\v170\Microsoft.CppBuild.targets(1301,5): message :       
C:\Program Files\Microsoft Visual Studio\2022\Community\MSBuild\Microsoft\VC\v170\Microsoft.CppBuild.targets(1301,5): message :       ;
C:\Program Files\Microsoft Visual Studio\2022\Community\MSBuild\Microsoft\VC\v170\Microsoft.CppBuild.targets(1301,5): message :       ComputeRCGeneratedLibInputs;
C:\Program Files\Microsoft Visual Studio\2022\Community\MSBuild\Microsoft\VC\v170\Microsoft.CppBuild.targets(1301,5): message :     ;
C:\Program Files\Microsoft Visual Studio\2022\Community\MSBuild\Microsoft\VC\v170\Microsoft.CppBuild.targets(1301,5): message :       ComputeCustomBuildOutput;
C:\Program Files\Microsoft Visual Studio\2022\Community\MSBuild\Microsoft\VC\v170\Microsoft.CppBuild.targets(1301,5): message :     ") C:\Program Files\Microsoft Visual Studio\2022\Community\MSBuild\Microsoft\VC\v170\Microsoft.CppBuild.targets (1301,5)
C:\Program Files\Microsoft Visual Studio\2022\Community\MSBuild\Microsoft\VC\v170\Microsoft.CppBuild.targets(1316,5): message : プロパティの再代入: $(ComputeImpLibInputsTargets)="
C:\Program Files\Microsoft Visual Studio\2022\Community\MSBuild\Microsoft\VC\v170\Microsoft.CppBuild.targets(1316,5): message :       
C:\Program Files\Microsoft Visual Studio\2022\Community\MSBuild\Microsoft\VC\v170\Microsoft.CppBuild.targets(1316,5): message :       
C:\Program Files\Microsoft Visual Studio\2022\Community\MSBuild\Microsoft\VC\v170\Microsoft.CppBuild.targets(1316,5): message :       
C:\Program Files\Microsoft Visual Studio\2022\Community\MSBuild\Microsoft\VC\v170\Microsoft.CppBuild.targets(1316,5): message :       ;
C:\Program Files\Microsoft Visual Studio\2022\Community\MSBuild\Microsoft\VC\v170\Microsoft.CppBuild.targets(1316,5): message :       ComputeRCGeneratedLibInputs;
C:\Program Files\Microsoft Visual Studio\2022\Community\MSBuild\Microsoft\VC\v170\Microsoft.CppBuild.targets(1316,5): message :     ;
C:\Program Files\Microsoft Visual Studio\2022\Community\MSBuild\Microsoft\VC\v170\Microsoft.CppBuild.targets(1316,5): message :       ComputeRCGeneratedImpLibInputs;
C:\Program Files\Microsoft Visual Studio\2022\Community\MSBuild\Microsoft\VC\v170\Microsoft.CppBuild.targets(1316,5): message :     ;
C:\Program Files\Microsoft Visual Studio\2022\Community\MSBuild\Microsoft\VC\v170\Microsoft.CppBuild.targets(1316,5): message :       ComputeCustomBuildOutput;
C:\Program Files\Microsoft Visual Studio\2022\Community\MSBuild\Microsoft\VC\v170\Microsoft.CppBuild.targets(1316,5): message :     ;
C:\Program Files\Microsoft Visual Studio\2022\Community\MSBuild\Microsoft\VC\v170\Microsoft.CppBuild.targets(1316,5): message :       ComputeCLGeneratedImpLibInputs;
C:\Program Files\Microsoft Visual Studio\2022\Community\MSBuild\Microsoft\VC\v170\Microsoft.CppBuild.targets(1316,5): message :     " (以前の値: "
C:\Program Files\Microsoft Visual Studio\2022\Community\MSBuild\Microsoft\VC\v170\Microsoft.CppBuild.targets(1316,5): message :       
C:\Program Files\Microsoft Visual Studio\2022\Community\MSBuild\Microsoft\VC\v170\Microsoft.CppBuild.targets(1316,5): message :       
C:\Program Files\Microsoft Visual Studio\2022\Community\MSBuild\Microsoft\VC\v170\Microsoft.CppBuild.targets(1316,5): message :       ;
C:\Program Files\Microsoft Visual Studio\2022\Community\MSBuild\Microsoft\VC\v170\Microsoft.CppBuild.targets(1316,5): message :       ComputeRCGeneratedLibInputs;
C:\Program Files\Microsoft Visual Studio\2022\Community\MSBuild\Microsoft\VC\v170\Microsoft.CppBuild.targets(1316,5): message :     ;
C:\Program Files\Microsoft Visual Studio\2022\Community\MSBuild\Microsoft\VC\v170\Microsoft.CppBuild.targets(1316,5): message :       ComputeRCGeneratedImpLibInputs;
C:\Program Files\Microsoft Visual Studio\2022\Community\MSBuild\Microsoft\VC\v170\Microsoft.CppBuild.targets(1316,5): message :     ;
C:\Program Files\Microsoft Visual Studio\2022\Community\MSBuild\Microsoft\VC\v170\Microsoft.CppBuild.targets(1316,5): message :       ComputeCustomBuildOutput;
C:\Program Files\Microsoft Visual Studio\2022\Community\MSBuild\Microsoft\VC\v170\Microsoft.CppBuild.targets(1316,5): message :     ") C:\Program Files\Microsoft Visual Studio\2022\Community\MSBuild\Microsoft\VC\v170\Microsoft.CppBuild.targets (1316,5)
C:\Program Files\Microsoft Visual Studio\2022\Community\MSBuild\Microsoft\VC\v170\Microsoft.CppBuild.targets(1347,5): message : プロパティの再代入: $(ComputeLinkInputsTargets)="
C:\Program Files\Microsoft Visual Studio\2022\Community\MSBuild\Microsoft\VC\v170\Microsoft.CppBuild.targets(1347,5): message :       
C:\Program Files\Microsoft Visual Studio\2022\Community\MSBuild\Microsoft\VC\v170\Microsoft.CppBuild.targets(1347,5): message :       
C:\Program Files\Microsoft Visual Studio\2022\Community\MSBuild\Microsoft\VC\v170\Microsoft.CppBuild.targets(1347,5): message :       
C:\Program Files\Microsoft Visual Studio\2022\Community\MSBuild\Microsoft\VC\v170\Microsoft.CppBuild.targets(1347,5): message :       
C:\Program Files\Microsoft Visual Studio\2022\Community\MSBuild\Microsoft\VC\v170\Microsoft.CppBuild.targets(1347,5): message :       ;
C:\Program Files\Microsoft Visual Studio\2022\Community\MSBuild\Microsoft\VC\v170\Microsoft.CppBuild.targets(1347,5): message :       ComputeRCGeneratedLinkInputs;
C:\Program Files\Microsoft Visual Studio\2022\Community\MSBuild\Microsoft\VC\v170\Microsoft.CppBuild.targets(1347,5): message :     ;
C:\Program Files\Microsoft Visual Studio\2022\Community\MSBuild\Microsoft\VC\v170\Microsoft.CppBuild.targets(1347,5): message :       ComputeManifestGeneratedLinkerInputs;
C:\Program Files\Microsoft Visual Studio\2022\Community\MSBuild\Microsoft\VC\v170\Microsoft.CppBuild.targets(1347,5): message :     ;
C:\Program Files\Microsoft Visual Studio\2022\Community\MSBuild\Microsoft\VC\v170\Microsoft.CppBuild.targets(1347,5): message :       ComputeCustomBuildOutput;
C:\Program Files\Microsoft Visual Studio\2022\Community\MSBuild\Microsoft\VC\v170\Microsoft.CppBuild.targets(1347,5): message :     ;
C:\Program Files\Microsoft Visual Studio\2022\Community\MSBuild\Microsoft\VC\v170\Microsoft.CppBuild.targets(1347,5): message :       ComputeCLGeneratedLinkInputs;
C:\Program Files\Microsoft Visual Studio\2022\Community\MSBuild\Microsoft\VC\v170\Microsoft.CppBuild.targets(1347,5): message :     ;
C:\Program Files\Microsoft Visual Studio\2022\Community\MSBuild\Microsoft\VC\v170\Microsoft.CppBuild.targets(1347,5): message :       ComputeLinkInputsFromProject;
C:\Program Files\Microsoft Visual Studio\2022\Community\MSBuild\Microsoft\VC\v170\Microsoft.CppBuild.targets(1347,5): message :     " (以前の値: "
C:\Program Files\Microsoft Visual Studio\2022\Community\MSBuild\Microsoft\VC\v170\Microsoft.CppBuild.targets(1347,5): message :       
C:\Program Files\Microsoft Visual Studio\2022\Community\MSBuild\Microsoft\VC\v170\Microsoft.CppBuild.targets(1347,5): message :       
C:\Program Files\Microsoft Visual Studio\2022\Community\MSBuild\Microsoft\VC\v170\Microsoft.CppBuild.targets(1347,5): message :       
C:\Program Files\Microsoft Visual Studio\2022\Community\MSBuild\Microsoft\VC\v170\Microsoft.CppBuild.targets(1347,5): message :       ;
C:\Program Files\Microsoft Visual Studio\2022\Community\MSBuild\Microsoft\VC\v170\Microsoft.CppBuild.targets(1347,5): message :       ComputeRCGeneratedLinkInputs;
C:\Program Files\Microsoft Visual Studio\2022\Community\MSBuild\Microsoft\VC\v170\Microsoft.CppBuild.targets(1347,5): message :     ;
C:\Program Files\Microsoft Visual Studio\2022\Community\MSBuild\Microsoft\VC\v170\Microsoft.CppBuild.targets(1347,5): message :       ComputeManifestGeneratedLinkerInputs;
C:\Program Files\Microsoft Visual Studio\2022\Community\MSBuild\Microsoft\VC\v170\Microsoft.CppBuild.targets(1347,5): message :     ;
C:\Program Files\Microsoft Visual Studio\2022\Community\MSBuild\Microsoft\VC\v170\Microsoft.CppBuild.targets(1347,5): message :       ComputeCustomBuildOutput;
C:\Program Files\Microsoft Visual Studio\2022\Community\MSBuild\Microsoft\VC\v170\Microsoft.CppBuild.targets(1347,5): message :     ;
C:\Program Files\Microsoft Visual Studio\2022\Community\MSBuild\Microsoft\VC\v170\Microsoft.CppBuild.targets(1347,5): message :       ComputeCLGeneratedLinkInputs;
C:\Program Files\Microsoft Visual Studio\2022\Community\MSBuild\Microsoft\VC\v170\Microsoft.CppBuild.targets(1347,5): message :     ") C:\Program Files\Microsoft Visual Studio\2022\Community\MSBuild\Microsoft\VC\v170\Microsoft.CppBuild.targets (1347,5)
C:\Program Files\Microsoft Visual Studio\2022\Community\MSBuild\Microsoft\VC\v170\Microsoft.CppBuild.targets(1365,5): message : プロパティの再代入: $(ComputeLibInputsTargets)="
C:\Program Files\Microsoft Visual Studio\2022\Community\MSBuild\Microsoft\VC\v170\Microsoft.CppBuild.targets(1365,5): message :       
C:\Program Files\Microsoft Visual Studio\2022\Community\MSBuild\Microsoft\VC\v170\Microsoft.CppBuild.targets(1365,5): message :       
C:\Program Files\Microsoft Visual Studio\2022\Community\MSBuild\Microsoft\VC\v170\Microsoft.CppBuild.targets(1365,5): message :       
C:\Program Files\Microsoft Visual Studio\2022\Community\MSBuild\Microsoft\VC\v170\Microsoft.CppBuild.targets(1365,5): message :       ;
C:\Program Files\Microsoft Visual Studio\2022\Community\MSBuild\Microsoft\VC\v170\Microsoft.CppBuild.targets(1365,5): message :       ComputeRCGeneratedLibInputs;
C:\Program Files\Microsoft Visual Studio\2022\Community\MSBuild\Microsoft\VC\v170\Microsoft.CppBuild.targets(1365,5): message :     ;
C:\Program Files\Microsoft Visual Studio\2022\Community\MSBuild\Microsoft\VC\v170\Microsoft.CppBuild.targets(1365,5): message :       ComputeCustomBuildOutput;
C:\Program Files\Microsoft Visual Studio\2022\Community\MSBuild\Microsoft\VC\v170\Microsoft.CppBuild.targets(1365,5): message :     ;
C:\Program Files\Microsoft Visual Studio\2022\Community\MSBuild\Microsoft\VC\v170\Microsoft.CppBuild.targets(1365,5): message :       ComputeCLGeneratedLibInputs;
C:\Program Files\Microsoft Visual Studio\2022\Community\MSBuild\Microsoft\VC\v170\Microsoft.CppBuild.targets(1365,5): message :     ;
C:\Program Files\Microsoft Visual Studio\2022\Community\MSBuild\Microsoft\VC\v170\Microsoft.CppBuild.targets(1365,5): message :       ComputeLibInputsFromProject;
C:\Program Files\Microsoft Visual Studio\2022\Community\MSBuild\Microsoft\VC\v170\Microsoft.CppBuild.targets(1365,5): message :     " (以前の値: "
C:\Program Files\Microsoft Visual Studio\2022\Community\MSBuild\Microsoft\VC\v170\Microsoft.CppBuild.targets(1365,5): message :       
C:\Program Files\Microsoft Visual Studio\2022\Community\MSBuild\Microsoft\VC\v170\Microsoft.CppBuild.targets(1365,5): message :       
C:\Program Files\Microsoft Visual Studio\2022\Community\MSBuild\Microsoft\VC\v170\Microsoft.CppBuild.targets(1365,5): message :       ;
C:\Program Files\Microsoft Visual Studio\2022\Community\MSBuild\Microsoft\VC\v170\Microsoft.CppBuild.targets(1365,5): message :       ComputeRCGeneratedLibInputs;
C:\Program Files\Microsoft Visual Studio\2022\Community\MSBuild\Microsoft\VC\v170\Microsoft.CppBuild.targets(1365,5): message :     ;
C:\Program Files\Microsoft Visual Studio\2022\Community\MSBuild\Microsoft\VC\v170\Microsoft.CppBuild.targets(1365,5): message :       ComputeCustomBuildOutput;
C:\Program Files\Microsoft Visual Studio\2022\Community\MSBuild\Microsoft\VC\v170\Microsoft.CppBuild.targets(1365,5): message :     ;
C:\Program Files\Microsoft Visual Studio\2022\Community\MSBuild\Microsoft\VC\v170\Microsoft.CppBuild.targets(1365,5): message :       ComputeCLGeneratedLibInputs;
C:\Program Files\Microsoft Visual Studio\2022\Community\MSBuild\Microsoft\VC\v170\Microsoft.CppBuild.targets(1365,5): message :     ") C:\Program Files\Microsoft Visual Studio\2022\Community\MSBuild\Microsoft\VC\v170\Microsoft.CppBuild.targets (1365,5)
C:\Program Files\Microsoft Visual Studio\2022\Community\MSBuild\Microsoft\VC\v170\Microsoft.CppBuild.targets(1383,5): message : プロパティの再代入: $(ComputeImpLibInputsTargets)="
C:\Program Files\Microsoft Visual Studio\2022\Community\MSBuild\Microsoft\VC\v170\Microsoft.CppBuild.targets(1383,5): message :       
C:\Program Files\Microsoft Visual Studio\2022\Community\MSBuild\Microsoft\VC\v170\Microsoft.CppBuild.targets(1383,5): message :       
C:\Program Files\Microsoft Visual Studio\2022\Community\MSBuild\Microsoft\VC\v170\Microsoft.CppBuild.targets(1383,5): message :       
C:\Program Files\Microsoft Visual Studio\2022\Community\MSBuild\Microsoft\VC\v170\Microsoft.CppBuild.targets(1383,5): message :       
C:\Program Files\Microsoft Visual Studio\2022\Community\MSBuild\Microsoft\VC\v170\Microsoft.CppBuild.targets(1383,5): message :       ;
C:\Program Files\Microsoft Visual Studio\2022\Community\MSBuild\Microsoft\VC\v170\Microsoft.CppBuild.targets(1383,5): message :       ComputeRCGeneratedLibInputs;
C:\Program Files\Microsoft Visual Studio\2022\Community\MSBuild\Microsoft\VC\v170\Microsoft.CppBuild.targets(1383,5): message :     ;
C:\Program Files\Microsoft Visual Studio\2022\Community\MSBuild\Microsoft\VC\v170\Microsoft.CppBuild.targets(1383,5): message :       ComputeRCGeneratedImpLibInputs;
C:\Program Files\Microsoft Visual Studio\2022\Community\MSBuild\Microsoft\VC\v170\Microsoft.CppBuild.targets(1383,5): message :     ;
C:\Program Files\Microsoft Visual Studio\2022\Community\MSBuild\Microsoft\VC\v170\Microsoft.CppBuild.targets(1383,5): message :       ComputeCustomBuildOutput;
C:\Program Files\Microsoft Visual Studio\2022\Community\MSBuild\Microsoft\VC\v170\Microsoft.CppBuild.targets(1383,5): message :     ;
C:\Program Files\Microsoft Visual Studio\2022\Community\MSBuild\Microsoft\VC\v170\Microsoft.CppBuild.targets(1383,5): message :       ComputeCLGeneratedImpLibInputs;
C:\Program Files\Microsoft Visual Studio\2022\Community\MSBuild\Microsoft\VC\v170\Microsoft.CppBuild.targets(1383,5): message :     ;
C:\Program Files\Microsoft Visual Studio\2022\Community\MSBuild\Microsoft\VC\v170\Microsoft.CppBuild.targets(1383,5): message :       ComputeImpLibInputsFromProject;
C:\Program Files\Microsoft Visual Studio\2022\Community\MSBuild\Microsoft\VC\v170\Microsoft.CppBuild.targets(1383,5): message :     " (以前の値: "
C:\Program Files\Microsoft Visual Studio\2022\Community\MSBuild\Microsoft\VC\v170\Microsoft.CppBuild.targets(1383,5): message :       
C:\Program Files\Microsoft Visual Studio\2022\Community\MSBuild\Microsoft\VC\v170\Microsoft.CppBuild.targets(1383,5): message :       
C:\Program Files\Microsoft Visual Studio\2022\Community\MSBuild\Microsoft\VC\v170\Microsoft.CppBuild.targets(1383,5): message :       
C:\Program Files\Microsoft Visual Studio\2022\Community\MSBuild\Microsoft\VC\v170\Microsoft.CppBuild.targets(1383,5): message :       ;
C:\Program Files\Microsoft Visual Studio\2022\Community\MSBuild\Microsoft\VC\v170\Microsoft.CppBuild.targets(1383,5): message :       ComputeRCGeneratedLibInputs;
C:\Program Files\Microsoft Visual Studio\2022\Community\MSBuild\Microsoft\VC\v170\Microsoft.CppBuild.targets(1383,5): message :     ;
C:\Program Files\Microsoft Visual Studio\2022\Community\MSBuild\Microsoft\VC\v170\Microsoft.CppBuild.targets(1383,5): message :       ComputeRCGeneratedImpLibInputs;
C:\Program Files\Microsoft Visual Studio\2022\Community\MSBuild\Microsoft\VC\v170\Microsoft.CppBuild.targets(1383,5): message :     ;
C:\Program Files\Microsoft Visual Studio\2022\Community\MSBuild\Microsoft\VC\v170\Microsoft.CppBuild.targets(1383,5): message :       ComputeCustomBuildOutput;
C:\Program Files\Microsoft Visual Studio\2022\Community\MSBuild\Microsoft\VC\v170\Microsoft.CppBuild.targets(1383,5): message :     ;
C:\Program Files\Microsoft Visual Studio\2022\Community\MSBuild\Microsoft\VC\v170\Microsoft.CppBuild.targets(1383,5): message :       ComputeCLGeneratedImpLibInputs;
C:\Program Files\Microsoft Visual Studio\2022\Community\MSBuild\Microsoft\VC\v170\Microsoft.CppBuild.targets(1383,5): message :     ") C:\Program Files\Microsoft Visual Studio\2022\Community\MSBuild\Microsoft\VC\v170\Microsoft.CppBuild.targets (1383,5)
C:\Program Files\Microsoft Visual Studio\2022\Community\MSBuild\Microsoft\VC\v170\Microsoft.CppBuild.targets(1507,5): message : プロパティの再代入: $(ComputeLinkInputsTargets)="
C:\Program Files\Microsoft Visual Studio\2022\Community\MSBuild\Microsoft\VC\v170\Microsoft.CppBuild.targets(1507,5): message :       
C:\Program Files\Microsoft Visual Studio\2022\Community\MSBuild\Microsoft\VC\v170\Microsoft.CppBuild.targets(1507,5): message :       
C:\Program Files\Microsoft Visual Studio\2022\Community\MSBuild\Microsoft\VC\v170\Microsoft.CppBuild.targets(1507,5): message :       
C:\Program Files\Microsoft Visual Studio\2022\Community\MSBuild\Microsoft\VC\v170\Microsoft.CppBuild.targets(1507,5): message :       
C:\Program Files\Microsoft Visual Studio\2022\Community\MSBuild\Microsoft\VC\v170\Microsoft.CppBuild.targets(1507,5): message :       
C:\Program Files\Microsoft Visual Studio\2022\Community\MSBuild\Microsoft\VC\v170\Microsoft.CppBuild.targets(1507,5): message :       ;
C:\Program Files\Microsoft Visual Studio\2022\Community\MSBuild\Microsoft\VC\v170\Microsoft.CppBuild.targets(1507,5): message :       ComputeRCGeneratedLinkInputs;
C:\Program Files\Microsoft Visual Studio\2022\Community\MSBuild\Microsoft\VC\v170\Microsoft.CppBuild.targets(1507,5): message :     ;
C:\Program Files\Microsoft Visual Studio\2022\Community\MSBuild\Microsoft\VC\v170\Microsoft.CppBuild.targets(1507,5): message :       ComputeManifestGeneratedLinkerInputs;
C:\Program Files\Microsoft Visual Studio\2022\Community\MSBuild\Microsoft\VC\v170\Microsoft.CppBuild.targets(1507,5): message :     ;
C:\Program Files\Microsoft Visual Studio\2022\Community\MSBuild\Microsoft\VC\v170\Microsoft.CppBuild.targets(1507,5): message :       ComputeCustomBuildOutput;
C:\Program Files\Microsoft Visual Studio\2022\Community\MSBuild\Microsoft\VC\v170\Microsoft.CppBuild.targets(1507,5): message :     ;
C:\Program Files\Microsoft Visual Studio\2022\Community\MSBuild\Microsoft\VC\v170\Microsoft.CppBuild.targets(1507,5): message :       ComputeCLGeneratedLinkInputs;
C:\Program Files\Microsoft Visual Studio\2022\Community\MSBuild\Microsoft\VC\v170\Microsoft.CppBuild.targets(1507,5): message :     ;
C:\Program Files\Microsoft Visual Studio\2022\Community\MSBuild\Microsoft\VC\v170\Microsoft.CppBuild.targets(1507,5): message :       ComputeLinkInputsFromProject;
C:\Program Files\Microsoft Visual Studio\2022\Community\MSBuild\Microsoft\VC\v170\Microsoft.CppBuild.targets(1507,5): message :     ;
C:\Program Files\Microsoft Visual Studio\2022\Community\MSBuild\Microsoft\VC\v170\Microsoft.CppBuild.targets(1507,5): message :       ComputeReferenceLinkInputs;
C:\Program Files\Microsoft Visual Studio\2022\Community\MSBuild\Microsoft\VC\v170\Microsoft.CppBuild.targets(1507,5): message :     " (以前の値: "
C:\Program Files\Microsoft Visual Studio\2022\Community\MSBuild\Microsoft\VC\v170\Microsoft.CppBuild.targets(1507,5): message :       
C:\Program Files\Microsoft Visual Studio\2022\Community\MSBuild\Microsoft\VC\v170\Microsoft.CppBuild.targets(1507,5): message :       
C:\Program Files\Microsoft Visual Studio\2022\Community\MSBuild\Microsoft\VC\v170\Microsoft.CppBuild.targets(1507,5): message :       
C:\Program Files\Microsoft Visual Studio\2022\Community\MSBuild\Microsoft\VC\v170\Microsoft.CppBuild.targets(1507,5): message :       
C:\Program Files\Microsoft Visual Studio\2022\Community\MSBuild\Microsoft\VC\v170\Microsoft.CppBuild.targets(1507,5): message :       ;
C:\Program Files\Microsoft Visual Studio\2022\Community\MSBuild\Microsoft\VC\v170\Microsoft.CppBuild.targets(1507,5): message :       ComputeRCGeneratedLinkInputs;
C:\Program Files\Microsoft Visual Studio\2022\Community\MSBuild\Microsoft\VC\v170\Microsoft.CppBuild.targets(1507,5): message :     ;
C:\Program Files\Microsoft Visual Studio\2022\Community\MSBuild\Microsoft\VC\v170\Microsoft.CppBuild.targets(1507,5): message :       ComputeManifestGeneratedLinkerInputs;
C:\Program Files\Microsoft Visual Studio\2022\Community\MSBuild\Microsoft\VC\v170\Microsoft.CppBuild.targets(1507,5): message :     ;
C:\Program Files\Microsoft Visual Studio\2022\Community\MSBuild\Microsoft\VC\v170\Microsoft.CppBuild.targets(1507,5): message :       ComputeCustomBuildOutput;
C:\Program Files\Microsoft Visual Studio\2022\Community\MSBuild\Microsoft\VC\v170\Microsoft.CppBuild.targets(1507,5): message :     ;
C:\Program Files\Microsoft Visual Studio\2022\Community\MSBuild\Microsoft\VC\v170\Microsoft.CppBuild.targets(1507,5): message :       ComputeCLGeneratedLinkInputs;
C:\Program Files\Microsoft Visual Studio\2022\Community\MSBuild\Microsoft\VC\v170\Microsoft.CppBuild.targets(1507,5): message :     ;
C:\Program Files\Microsoft Visual Studio\2022\Community\MSBuild\Microsoft\VC\v170\Microsoft.CppBuild.targets(1507,5): message :       ComputeLinkInputsFromProject;
C:\Program Files\Microsoft Visual Studio\2022\Community\MSBuild\Microsoft\VC\v170\Microsoft.CppBuild.targets(1507,5): message :     ") C:\Program Files\Microsoft Visual Studio\2022\Community\MSBuild\Microsoft\VC\v170\Microsoft.CppBuild.targets (1507,5)
C:\Program Files\Microsoft Visual Studio\2022\Community\MSBuild\Microsoft\VC\v170\Microsoft.CppBuild.targets(1545,5): message : プロパティの再代入: $(ComputeLibInputsTargets)="
C:\Program Files\Microsoft Visual Studio\2022\Community\MSBuild\Microsoft\VC\v170\Microsoft.CppBuild.targets(1545,5): message :       
C:\Program Files\Microsoft Visual Studio\2022\Community\MSBuild\Microsoft\VC\v170\Microsoft.CppBuild.targets(1545,5): message :       
C:\Program Files\Microsoft Visual Studio\2022\Community\MSBuild\Microsoft\VC\v170\Microsoft.CppBuild.targets(1545,5): message :       
C:\Program Files\Microsoft Visual Studio\2022\Community\MSBuild\Microsoft\VC\v170\Microsoft.CppBuild.targets(1545,5): message :       
C:\Program Files\Microsoft Visual Studio\2022\Community\MSBuild\Microsoft\VC\v170\Microsoft.CppBuild.targets(1545,5): message :       ;
C:\Program Files\Microsoft Visual Studio\2022\Community\MSBuild\Microsoft\VC\v170\Microsoft.CppBuild.targets(1545,5): message :       ComputeRCGeneratedLibInputs;
C:\Program Files\Microsoft Visual Studio\2022\Community\MSBuild\Microsoft\VC\v170\Microsoft.CppBuild.targets(1545,5): message :     ;
C:\Program Files\Microsoft Visual Studio\2022\Community\MSBuild\Microsoft\VC\v170\Microsoft.CppBuild.targets(1545,5): message :       ComputeCustomBuildOutput;
C:\Program Files\Microsoft Visual Studio\2022\Community\MSBuild\Microsoft\VC\v170\Microsoft.CppBuild.targets(1545,5): message :     ;
C:\Program Files\Microsoft Visual Studio\2022\Community\MSBuild\Microsoft\VC\v170\Microsoft.CppBuild.targets(1545,5): message :       ComputeCLGeneratedLibInputs;
C:\Program Files\Microsoft Visual Studio\2022\Community\MSBuild\Microsoft\VC\v170\Microsoft.CppBuild.targets(1545,5): message :     ;
C:\Program Files\Microsoft Visual Studio\2022\Community\MSBuild\Microsoft\VC\v170\Microsoft.CppBuild.targets(1545,5): message :       ComputeLibInputsFromProject;
C:\Program Files\Microsoft Visual Studio\2022\Community\MSBuild\Microsoft\VC\v170\Microsoft.CppBuild.targets(1545,5): message :     ;
C:\Program Files\Microsoft Visual Studio\2022\Community\MSBuild\Microsoft\VC\v170\Microsoft.CppBuild.targets(1545,5): message :       ComputeReferenceLibInputs;
C:\Program Files\Microsoft Visual Studio\2022\Community\MSBuild\Microsoft\VC\v170\Microsoft.CppBuild.targets(1545,5): message :     " (以前の値: "
C:\Program Files\Microsoft Visual Studio\2022\Community\MSBuild\Microsoft\VC\v170\Microsoft.CppBuild.targets(1545,5): message :       
C:\Program Files\Microsoft Visual Studio\2022\Community\MSBuild\Microsoft\VC\v170\Microsoft.CppBuild.targets(1545,5): message :       
C:\Program Files\Microsoft Visual Studio\2022\Community\MSBuild\Microsoft\VC\v170\Microsoft.CppBuild.targets(1545,5): message :       
C:\Program Files\Microsoft Visual Studio\2022\Community\MSBuild\Microsoft\VC\v170\Microsoft.CppBuild.targets(1545,5): message :       ;
C:\Program Files\Microsoft Visual Studio\2022\Community\MSBuild\Microsoft\VC\v170\Microsoft.CppBuild.targets(1545,5): message :       ComputeRCGeneratedLibInputs;
C:\Program Files\Microsoft Visual Studio\2022\Community\MSBuild\Microsoft\VC\v170\Microsoft.CppBuild.targets(1545,5): message :     ;
C:\Program Files\Microsoft Visual Studio\2022\Community\MSBuild\Microsoft\VC\v170\Microsoft.CppBuild.targets(1545,5): message :       ComputeCustomBuildOutput;
C:\Program Files\Microsoft Visual Studio\2022\Community\MSBuild\Microsoft\VC\v170\Microsoft.CppBuild.targets(1545,5): message :     ;
C:\Program Files\Microsoft Visual Studio\2022\Community\MSBuild\Microsoft\VC\v170\Microsoft.CppBuild.targets(1545,5): message :       ComputeCLGeneratedLibInputs;
C:\Program Files\Microsoft Visual Studio\2022\Community\MSBuild\Microsoft\VC\v170\Microsoft.CppBuild.targets(1545,5): message :     ;
C:\Program Files\Microsoft Visual Studio\2022\Community\MSBuild\Microsoft\VC\v170\Microsoft.CppBuild.targets(1545,5): message :       ComputeLibInputsFromProject;
C:\Program Files\Microsoft Visual Studio\2022\Community\MSBuild\Microsoft\VC\v170\Microsoft.CppBuild.targets(1545,5): message :     ") C:\Program Files\Microsoft Visual Studio\2022\Community\MSBuild\Microsoft\VC\v170\Microsoft.CppBuild.targets (1545,5)
C:\Program Files\Microsoft Visual Studio\2022\Community\MSBuild\Microsoft\VC\v170\Microsoft.CppBuild.targets(1602,5): message : プロパティの再代入: $(ComputeLibInputsTargets)="
C:\Program Files\Microsoft Visual Studio\2022\Community\MSBuild\Microsoft\VC\v170\Microsoft.CppBuild.targets(1602,5): message :       ComputeLibAdditionalOptions;
C:\Program Files\Microsoft Visual Studio\2022\Community\MSBuild\Microsoft\VC\v170\Microsoft.CppBuild.targets(1602,5): message :       
C:\Program Files\Microsoft Visual Studio\2022\Community\MSBuild\Microsoft\VC\v170\Microsoft.CppBuild.targets(1602,5): message :       
C:\Program Files\Microsoft Visual Studio\2022\Community\MSBuild\Microsoft\VC\v170\Microsoft.CppBuild.targets(1602,5): message :       
C:\Program Files\Microsoft Visual Studio\2022\Community\MSBuild\Microsoft\VC\v170\Microsoft.CppBuild.targets(1602,5): message :       
C:\Program Files\Microsoft Visual Studio\2022\Community\MSBuild\Microsoft\VC\v170\Microsoft.CppBuild.targets(1602,5): message :       
C:\Program Files\Microsoft Visual Studio\2022\Community\MSBuild\Microsoft\VC\v170\Microsoft.CppBuild.targets(1602,5): message :       ;
C:\Program Files\Microsoft Visual Studio\2022\Community\MSBuild\Microsoft\VC\v170\Microsoft.CppBuild.targets(1602,5): message :       ComputeRCGeneratedLibInputs;
C:\Program Files\Microsoft Visual Studio\2022\Community\MSBuild\Microsoft\VC\v170\Microsoft.CppBuild.targets(1602,5): message :     ;
C:\Program Files\Microsoft Visual Studio\2022\Community\MSBuild\Microsoft\VC\v170\Microsoft.CppBuild.targets(1602,5): message :       ComputeCustomBuildOutput;
C:\Program Files\Microsoft Visual Studio\2022\Community\MSBuild\Microsoft\VC\v170\Microsoft.CppBuild.targets(1602,5): message :     ;
C:\Program Files\Microsoft Visual Studio\2022\Community\MSBuild\Microsoft\VC\v170\Microsoft.CppBuild.targets(1602,5): message :       ComputeCLGeneratedLibInputs;
C:\Program Files\Microsoft Visual Studio\2022\Community\MSBuild\Microsoft\VC\v170\Microsoft.CppBuild.targets(1602,5): message :     ;
C:\Program Files\Microsoft Visual Studio\2022\Community\MSBuild\Microsoft\VC\v170\Microsoft.CppBuild.targets(1602,5): message :       ComputeLibInputsFromProject;
C:\Program Files\Microsoft Visual Studio\2022\Community\MSBuild\Microsoft\VC\v170\Microsoft.CppBuild.targets(1602,5): message :     ;
C:\Program Files\Microsoft Visual Studio\2022\Community\MSBuild\Microsoft\VC\v170\Microsoft.CppBuild.targets(1602,5): message :       ComputeReferenceLibInputs;
C:\Program Files\Microsoft Visual Studio\2022\Community\MSBuild\Microsoft\VC\v170\Microsoft.CppBuild.targets(1602,5): message :     
C:\Program Files\Microsoft Visual Studio\2022\Community\MSBuild\Microsoft\VC\v170\Microsoft.CppBuild.targets(1602,5): message :     " (以前の値: "
C:\Program Files\Microsoft Visual Studio\2022\Community\MSBuild\Microsoft\VC\v170\Microsoft.CppBuild.targets(1602,5): message :       
C:\Program Files\Microsoft Visual Studio\2022\Community\MSBuild\Microsoft\VC\v170\Microsoft.CppBuild.targets(1602,5): message :       
C:\Program Files\Microsoft Visual Studio\2022\Community\MSBuild\Microsoft\VC\v170\Microsoft.CppBuild.targets(1602,5): message :       
C:\Program Files\Microsoft Visual Studio\2022\Community\MSBuild\Microsoft\VC\v170\Microsoft.CppBuild.targets(1602,5): message :       
C:\Program Files\Microsoft Visual Studio\2022\Community\MSBuild\Microsoft\VC\v170\Microsoft.CppBuild.targets(1602,5): message :       ;
C:\Program Files\Microsoft Visual Studio\2022\Community\MSBuild\Microsoft\VC\v170\Microsoft.CppBuild.targets(1602,5): message :       ComputeRCGeneratedLibInputs;
C:\Program Files\Microsoft Visual Studio\2022\Community\MSBuild\Microsoft\VC\v170\Microsoft.CppBuild.targets(1602,5): message :     ;
C:\Program Files\Microsoft Visual Studio\2022\Community\MSBuild\Microsoft\VC\v170\Microsoft.CppBuild.targets(1602,5): message :       ComputeCustomBuildOutput;
C:\Program Files\Microsoft Visual Studio\2022\Community\MSBuild\Microsoft\VC\v170\Microsoft.CppBuild.targets(1602,5): message :     ;
C:\Program Files\Microsoft Visual Studio\2022\Community\MSBuild\Microsoft\VC\v170\Microsoft.CppBuild.targets(1602,5): message :       ComputeCLGeneratedLibInputs;
C:\Program Files\Microsoft Visual Studio\2022\Community\MSBuild\Microsoft\VC\v170\Microsoft.CppBuild.targets(1602,5): message :     ;
C:\Program Files\Microsoft Visual Studio\2022\Community\MSBuild\Microsoft\VC\v170\Microsoft.CppBuild.targets(1602,5): message :       ComputeLibInputsFromProject;
C:\Program Files\Microsoft Visual Studio\2022\Community\MSBuild\Microsoft\VC\v170\Microsoft.CppBuild.targets(1602,5): message :     ;
C:\Program Files\Microsoft Visual Studio\2022\Community\MSBuild\Microsoft\VC\v170\Microsoft.CppBuild.targets(1602,5): message :       ComputeReferenceLibInputs;
C:\Program Files\Microsoft Visual Studio\2022\Community\MSBuild\Microsoft\VC\v170\Microsoft.CppBuild.targets(1602,5): message :     ") C:\Program Files\Microsoft Visual Studio\2022\Community\MSBuild\Microsoft\VC\v170\Microsoft.CppBuild.targets (1602,5)
C:\Program Files\Microsoft Visual Studio\2022\Community\MSBuild\Microsoft\VC\v170\Microsoft.CppBuild.targets(1790,5): message : プロパティの再代入: $(GetProjectInfoForReferenceDependsOn)="
C:\Program Files\Microsoft Visual Studio\2022\Community\MSBuild\Microsoft\VC\v170\Microsoft.CppBuild.targets(1790,5): message :       
C:\Program Files\Microsoft Visual Studio\2022\Community\MSBuild\Microsoft\VC\v170\Microsoft.CppBuild.targets(1790,5): message :       ;
C:\Program Files\Microsoft Visual Studio\2022\Community\MSBuild\Microsoft\VC\v170\Microsoft.CppBuild.targets(1790,5): message :       AddPublicIncludeDirectoriesToProjectsInfoForReference;
C:\Program Files\Microsoft Visual Studio\2022\Community\MSBuild\Microsoft\VC\v170\Microsoft.CppBuild.targets(1790,5): message :     ;
C:\Program Files\Microsoft Visual Studio\2022\Community\MSBuild\Microsoft\VC\v170\Microsoft.CppBuild.targets(1790,5): message :       AddPublicBMIsToProjectsInfoForReference;
C:\Program Files\Microsoft Visual Studio\2022\Community\MSBuild\Microsoft\VC\v170\Microsoft.CppBuild.targets(1790,5): message :       AddDeployRecipeFileToProjectsInfoForReference;
C:\Program Files\Microsoft Visual Studio\2022\Community\MSBuild\Microsoft\VC\v170\Microsoft.CppBuild.targets(1790,5): message :       AddLibrariesToProjectsInfoForReference;
C:\Program Files\Microsoft Visual Studio\2022\Community\MSBuild\Microsoft\VC\v170\Microsoft.CppBuild.targets(1790,5): message :     " (以前の値: "
C:\Program Files\Microsoft Visual Studio\2022\Community\MSBuild\Microsoft\VC\v170\Microsoft.CppBuild.targets(1790,5): message :       ;
C:\Program Files\Microsoft Visual Studio\2022\Community\MSBuild\Microsoft\VC\v170\Microsoft.CppBuild.targets(1790,5): message :       AddPublicIncludeDirectoriesToProjectsInfoForReference;
C:\Program Files\Microsoft Visual Studio\2022\Community\MSBuild\Microsoft\VC\v170\Microsoft.CppBuild.targets(1790,5): message :     ") C:\Program Files\Microsoft Visual Studio\2022\Community\MSBuild\Microsoft\VC\v170\Microsoft.CppBuild.targets (1790,5)
C:\Program Files\Microsoft Visual Studio\2022\Community\MSBuild\Microsoft\VC\v170\Microsoft.CppBuild.targets(2215,5): message : プロパティの再代入: $(DocumentationProjectOutputGroupDependsOn)="ResolvedXDCMake;ComputeCLCompileGeneratedXDCFiles" (以前の値: "") C:\Program Files\Microsoft Visual Studio\2022\Community\MSBuild\Microsoft\VC\v170\Microsoft.CppBuild.targets (2215,5)
C:\Program Files\Microsoft Visual Studio\2022\Community\MSBuild\Microsoft\VC\v170\Microsoft.CppBuild.targets(2281,5): message : プロパティの再代入: $(ContentFilesProjectOutputGroupDependsOn)="PrepareForBuild;AssignTargetPaths;PrepareForBuild;AssignTargetPaths;MakeDirsForFxc" (以前の値: "PrepareForBuild;AssignTargetPaths") C:\Program Files\Microsoft Visual Studio\2022\Community\MSBuild\Microsoft\VC\v170\Microsoft.CppBuild.targets (2281,5)
C:\Program Files\Microsoft Visual Studio\2022\Community\MSBuild\Microsoft\VC\v170\Microsoft.CppCommon.targets(315,5): message : プロパティの再代入: $(ComputeCompileInputsTargets)="
C:\Program Files\Microsoft Visual Studio\2022\Community\MSBuild\Microsoft\VC\v170\Microsoft.CppCommon.targets(315,5): message :       
C:\Program Files\Microsoft Visual Studio\2022\Community\MSBuild\Microsoft\VC\v170\Microsoft.CppCommon.targets(315,5): message :       
C:\Program Files\Microsoft Visual Studio\2022\Community\MSBuild\Microsoft\VC\v170\Microsoft.CppCommon.targets(315,5): message :       
C:\Program Files\Microsoft Visual Studio\2022\Community\MSBuild\Microsoft\VC\v170\Microsoft.CppCommon.targets(315,5): message :       ;
C:\Program Files\Microsoft Visual Studio\2022\Community\MSBuild\Microsoft\VC\v170\Microsoft.CppCommon.targets(315,5): message :       GenerateTargetFrameworkMonikerAttribute;
C:\Program Files\Microsoft Visual Studio\2022\Community\MSBuild\Microsoft\VC\v170\Microsoft.CppCommon.targets(315,5): message :     ;
C:\Program Files\Microsoft Visual Studio\2022\Community\MSBuild\Microsoft\VC\v170\Microsoft.CppCommon.targets(315,5): message :       ComputeMIDLGeneratedCompileInputs;
C:\Program Files\Microsoft Visual Studio\2022\Community\MSBuild\Microsoft\VC\v170\Microsoft.CppCommon.targets(315,5): message :     ;
C:\Program Files\Microsoft Visual Studio\2022\Community\MSBuild\Microsoft\VC\v170\Microsoft.CppCommon.targets(315,5): message :       ComputeCLInputPDBName;
C:\Program Files\Microsoft Visual Studio\2022\Community\MSBuild\Microsoft\VC\v170\Microsoft.CppCommon.targets(315,5): message :       ComputeReferenceCLInput;
C:\Program Files\Microsoft Visual Studio\2022\Community\MSBuild\Microsoft\VC\v170\Microsoft.CppCommon.targets(315,5): message :       WarnCompileDuplicatedFilename
C:\Program Files\Microsoft Visual Studio\2022\Community\MSBuild\Microsoft\VC\v170\Microsoft.CppCommon.targets(315,5): message :     ;
C:\Program Files\Microsoft Visual Studio\2022\Community\MSBuild\Microsoft\VC\v170\Microsoft.CppCommon.targets(315,5): message :       ;
C:\Program Files\Microsoft Visual Studio\2022\Community\MSBuild\Microsoft\VC\v170\Microsoft.CppCommon.targets(315,5): message :       ComputeStdModulesCompileInputs;
C:\Program Files\Microsoft Visual Studio\2022\Community\MSBuild\Microsoft\VC\v170\Microsoft.CppCommon.targets(315,5): message :       FixupCLCompileOptions;
C:\Program Files\Microsoft Visual Studio\2022\Community\MSBuild\Microsoft\VC\v170\Microsoft.CppCommon.targets(315,5): message :       SetModuleDependencies;
C:\Program Files\Microsoft Visual Studio\2022\Community\MSBuild\Microsoft\VC\v170\Microsoft.CppCommon.targets(315,5): message :     " (以前の値: "
C:\Program Files\Microsoft Visual Studio\2022\Community\MSBuild\Microsoft\VC\v170\Microsoft.CppCommon.targets(315,5): message :       
C:\Program Files\Microsoft Visual Studio\2022\Community\MSBuild\Microsoft\VC\v170\Microsoft.CppCommon.targets(315,5): message :       
C:\Program Files\Microsoft Visual Studio\2022\Community\MSBuild\Microsoft\VC\v170\Microsoft.CppCommon.targets(315,5): message :       ;
C:\Program Files\Microsoft Visual Studio\2022\Community\MSBuild\Microsoft\VC\v170\Microsoft.CppCommon.targets(315,5): message :       GenerateTargetFrameworkMonikerAttribute;
C:\Program Files\Microsoft Visual Studio\2022\Community\MSBuild\Microsoft\VC\v170\Microsoft.CppCommon.targets(315,5): message :     ;
C:\Program Files\Microsoft Visual Studio\2022\Community\MSBuild\Microsoft\VC\v170\Microsoft.CppCommon.targets(315,5): message :       ComputeMIDLGeneratedCompileInputs;
C:\Program Files\Microsoft Visual Studio\2022\Community\MSBuild\Microsoft\VC\v170\Microsoft.CppCommon.targets(315,5): message :     ;
C:\Program Files\Microsoft Visual Studio\2022\Community\MSBuild\Microsoft\VC\v170\Microsoft.CppCommon.targets(315,5): message :       ComputeCLInputPDBName;
C:\Program Files\Microsoft Visual Studio\2022\Community\MSBuild\Microsoft\VC\v170\Microsoft.CppCommon.targets(315,5): message :       ComputeReferenceCLInput;
C:\Program Files\Microsoft Visual Studio\2022\Community\MSBuild\Microsoft\VC\v170\Microsoft.CppCommon.targets(315,5): message :       WarnCompileDuplicatedFilename
C:\Program Files\Microsoft Visual Studio\2022\Community\MSBuild\Microsoft\VC\v170\Microsoft.CppCommon.targets(315,5): message :     ") C:\Program Files\Microsoft Visual Studio\2022\Community\MSBuild\Microsoft\VC\v170\Microsoft.CppCommon.targets (315,5)
C:\Program Files\Microsoft Visual Studio\2022\Community\MSBuild\Microsoft\VC\v170\Microsoft.CppCommon.targets(2127,5): message : プロパティの再代入: $(BuildingProject)="true" (以前の値: "false") C:\Program Files\Microsoft Visual Studio\2022\Community\MSBuild\Microsoft\VC\v170\Microsoft.CppCommon.targets (2127,5)
C:\Program Files\Microsoft Visual Studio\2022\Community\MSBuild\Microsoft\VC\v170\Microsoft.CppCommon.targets(2673,5): message : プロパティの再代入: $(ContentFilesProjectOutputGroupDependsOn)="PrepareForBuild;AssignTargetPaths;PrepareForBuild;AssignTargetPaths;MakeDirsForFxc;_CreateCopyFileItems;" (以前の値: "PrepareForBuild;AssignTargetPaths;PrepareForBuild;AssignTargetPaths;MakeDirsForFxc") C:\Program Files\Microsoft Visual Studio\2022\Community\MSBuild\Microsoft\VC\v170\Microsoft.CppCommon.targets (2673,5)
C:\Program Files\Microsoft Visual Studio\2022\Community\MSBuild\Microsoft\VC\v170\Microsoft.Cpp.WindowsSDK.targets(16,5): message : プロパティの再代入: $(PrepareForBuildDependsOn)="_CheckWindowsSDKInstalled;;GetFrameworkPaths;GetReferenceAssemblyPaths;AssignLinkMetadata;SetCABuildNativeEnvironmentVariables" (以前の値: ";GetFrameworkPaths;GetReferenceAssemblyPaths;AssignLinkMetadata;SetCABuildNativeEnvironmentVariables") C:\Program Files\Microsoft Visual Studio\2022\Community\MSBuild\Microsoft\VC\v170\Microsoft.Cpp.WindowsSDK.targets (16,5)
C:\Program Files\Microsoft Visual Studio\2022\Community\MSBuild\Microsoft\VC\v170\Microsoft.CppClean.targets(22,5): message : プロパティの再代入: $(CleanDependsOn)="
C:\Program Files\Microsoft Visual Studio\2022\Community\MSBuild\Microsoft\VC\v170\Microsoft.CppClean.targets(22,5): message :       
C:\Program Files\Microsoft Visual Studio\2022\Community\MSBuild\Microsoft\VC\v170\Microsoft.CppClean.targets(22,5): message :       _PrepareForClean;
C:\Program Files\Microsoft Visual Studio\2022\Community\MSBuild\Microsoft\VC\v170\Microsoft.CppClean.targets(22,5): message :       
C:\Program Files\Microsoft Visual Studio\2022\Community\MSBuild\Microsoft\VC\v170\Microsoft.CppClean.targets(22,5): message :       BeforeClean;
C:\Program Files\Microsoft Visual Studio\2022\Community\MSBuild\Microsoft\VC\v170\Microsoft.CppClean.targets(22,5): message :       UnmanagedUnregistration;
C:\Program Files\Microsoft Visual Studio\2022\Community\MSBuild\Microsoft\VC\v170\Microsoft.CppClean.targets(22,5): message :       CoreClean;
C:\Program Files\Microsoft Visual Studio\2022\Community\MSBuild\Microsoft\VC\v170\Microsoft.CppClean.targets(22,5): message :       CleanReferencedProjects;
C:\Program Files\Microsoft Visual Studio\2022\Community\MSBuild\Microsoft\VC\v170\Microsoft.CppClean.targets(22,5): message :       CleanPublishFolder;
C:\Program Files\Microsoft Visual Studio\2022\Community\MSBuild\Microsoft\VC\v170\Microsoft.CppClean.targets(22,5): message :       AfterClean
C:\Program Files\Microsoft Visual Studio\2022\Community\MSBuild\Microsoft\VC\v170\Microsoft.CppClean.targets(22,5): message :     ;
C:\Program Files\Microsoft Visual Studio\2022\Community\MSBuild\Microsoft\VC\v170\Microsoft.CppClean.targets(22,5): message :     ;
C:\Program Files\Microsoft Visual Studio\2022\Community\MSBuild\Microsoft\VC\v170\Microsoft.CppClean.targets(22,5): message :       CppClean
C:\Program Files\Microsoft Visual Studio\2022\Community\MSBuild\Microsoft\VC\v170\Microsoft.CppClean.targets(22,5): message :     " (以前の値: "
C:\Program Files\Microsoft Visual Studio\2022\Community\MSBuild\Microsoft\VC\v170\Microsoft.CppClean.targets(22,5): message :       _PrepareForClean;
C:\Program Files\Microsoft Visual Studio\2022\Community\MSBuild\Microsoft\VC\v170\Microsoft.CppClean.targets(22,5): message :       
C:\Program Files\Microsoft Visual Studio\2022\Community\MSBuild\Microsoft\VC\v170\Microsoft.CppClean.targets(22,5): message :       BeforeClean;
C:\Program Files\Microsoft Visual Studio\2022\Community\MSBuild\Microsoft\VC\v170\Microsoft.CppClean.targets(22,5): message :       UnmanagedUnregistration;
C:\Program Files\Microsoft Visual Studio\2022\Community\MSBuild\Microsoft\VC\v170\Microsoft.CppClean.targets(22,5): message :       CoreClean;
C:\Program Files\Microsoft Visual Studio\2022\Community\MSBuild\Microsoft\VC\v170\Microsoft.CppClean.targets(22,5): message :       CleanReferencedProjects;
C:\Program Files\Microsoft Visual Studio\2022\Community\MSBuild\Microsoft\VC\v170\Microsoft.CppClean.targets(22,5): message :       CleanPublishFolder;
C:\Program Files\Microsoft Visual Studio\2022\Community\MSBuild\Microsoft\VC\v170\Microsoft.CppClean.targets(22,5): message :       AfterClean
C:\Program Files\Microsoft Visual Studio\2022\Community\MSBuild\Microsoft\VC\v170\Microsoft.CppClean.targets(22,5): message :     ;
C:\Program Files\Microsoft Visual Studio\2022\Community\MSBuild\Microsoft\VC\v170\Microsoft.CppClean.targets(22,5): message :     ") C:\Program Files\Microsoft Visual Studio\2022\Community\MSBuild\Microsoft\VC\v170\Microsoft.CppClean.targets (22,5)
C:\Program Files\Microsoft Visual Studio\2022\Community\MSBuild\Microsoft\VC\v170\Microsoft.CppClean.targets(92,5): message : プロパティの再代入: $(CppCleanDependsOn)="
C:\Program Files\Microsoft Visual Studio\2022\Community\MSBuild\Microsoft\VC\v170\Microsoft.CppClean.targets(92,5): message :       BeforeCppClean;
C:\Program Files\Microsoft Visual Studio\2022\Community\MSBuild\Microsoft\VC\v170\Microsoft.CppClean.targets(92,5): message :       ;
C:\Program Files\Microsoft Visual Studio\2022\Community\MSBuild\Microsoft\VC\v170\Microsoft.CppClean.targets(92,5): message :       CoreCppClean;
C:\Program Files\Microsoft Visual Studio\2022\Community\MSBuild\Microsoft\VC\v170\Microsoft.CppClean.targets(92,5): message :       AfterCppClean;
C:\Program Files\Microsoft Visual Studio\2022\Community\MSBuild\Microsoft\VC\v170\Microsoft.CppClean.targets(92,5): message :     ;PGInstrumentedClean" (以前の値: "
C:\Program Files\Microsoft Visual Studio\2022\Community\MSBuild\Microsoft\VC\v170\Microsoft.CppClean.targets(92,5): message :       BeforeCppClean;
C:\Program Files\Microsoft Visual Studio\2022\Community\MSBuild\Microsoft\VC\v170\Microsoft.CppClean.targets(92,5): message :       ;
C:\Program Files\Microsoft Visual Studio\2022\Community\MSBuild\Microsoft\VC\v170\Microsoft.CppClean.targets(92,5): message :       CoreCppClean;
C:\Program Files\Microsoft Visual Studio\2022\Community\MSBuild\Microsoft\VC\v170\Microsoft.CppClean.targets(92,5): message :       AfterCppClean;
C:\Program Files\Microsoft Visual Studio\2022\Community\MSBuild\Microsoft\VC\v170\Microsoft.CppClean.targets(92,5): message :     ") C:\Program Files\Microsoft Visual Studio\2022\Community\MSBuild\Microsoft\VC\v170\Microsoft.CppClean.targets (92,5)
C:\Program Files\Microsoft Visual Studio\2022\Community\MSBuild\Microsoft\VC\v170\Microsoft.Cpp.DesignTime.targets(542,5): message : プロパティの再代入: $(BuildDependsOn)="SetTelemetryEnvironmentVariables;
C:\Program Files\Microsoft Visual Studio\2022\Community\MSBuild\Microsoft\VC\v170\Microsoft.Cpp.DesignTime.targets(542,5): message :       _PrepareForBuild;
C:\Program Files\Microsoft Visual Studio\2022\Community\MSBuild\Microsoft\VC\v170\Microsoft.Cpp.DesignTime.targets(542,5): message :       
C:\Program Files\Microsoft Visual Studio\2022\Community\MSBuild\Microsoft\VC\v170\Microsoft.Cpp.DesignTime.targets(542,5): message :       ResolveReferences;
C:\Program Files\Microsoft Visual Studio\2022\Community\MSBuild\Microsoft\VC\v170\Microsoft.Cpp.DesignTime.targets(542,5): message :       PrepareForBuild;
C:\Program Files\Microsoft Visual Studio\2022\Community\MSBuild\Microsoft\VC\v170\Microsoft.Cpp.DesignTime.targets(542,5): message :       InitializeBuildStatus;
C:\Program Files\Microsoft Visual Studio\2022\Community\MSBuild\Microsoft\VC\v170\Microsoft.Cpp.DesignTime.targets(542,5): message :       BuildGenerateSources;
C:\Program Files\Microsoft Visual Studio\2022\Community\MSBuild\Microsoft\VC\v170\Microsoft.Cpp.DesignTime.targets(542,5): message :       BuildCompile;
C:\Program Files\Microsoft Visual Studio\2022\Community\MSBuild\Microsoft\VC\v170\Microsoft.Cpp.DesignTime.targets(542,5): message :       BuildLink;
C:\Program Files\Microsoft Visual Studio\2022\Community\MSBuild\Microsoft\VC\v170\Microsoft.Cpp.DesignTime.targets(542,5): message :     ;
C:\Program Files\Microsoft Visual Studio\2022\Community\MSBuild\Microsoft\VC\v170\Microsoft.Cpp.DesignTime.targets(542,5): message :       AfterBuild;
C:\Program Files\Microsoft Visual Studio\2022\Community\MSBuild\Microsoft\VC\v170\Microsoft.Cpp.DesignTime.targets(542,5): message :       IncrementalClean;
C:\Program Files\Microsoft Visual Studio\2022\Community\MSBuild\Microsoft\VC\v170\Microsoft.Cpp.DesignTime.targets(542,5): message :       TlogCleanup;
C:\Program Files\Microsoft Visual Studio\2022\Community\MSBuild\Microsoft\VC\v170\Microsoft.Cpp.DesignTime.targets(542,5): message :       FinalizeBuildStatus;
C:\Program Files\Microsoft Visual Studio\2022\Community\MSBuild\Microsoft\VC\v170\Microsoft.Cpp.DesignTime.targets(542,5): message :     " (以前の値: "
C:\Program Files\Microsoft Visual Studio\2022\Community\MSBuild\Microsoft\VC\v170\Microsoft.Cpp.DesignTime.targets(542,5): message :       _PrepareForBuild;
C:\Program Files\Microsoft Visual Studio\2022\Community\MSBuild\Microsoft\VC\v170\Microsoft.Cpp.DesignTime.targets(542,5): message :       
C:\Program Files\Microsoft Visual Studio\2022\Community\MSBuild\Microsoft\VC\v170\Microsoft.Cpp.DesignTime.targets(542,5): message :       ResolveReferences;
C:\Program Files\Microsoft Visual Studio\2022\Community\MSBuild\Microsoft\VC\v170\Microsoft.Cpp.DesignTime.targets(542,5): message :       PrepareForBuild;
C:\Program Files\Microsoft Visual Studio\2022\Community\MSBuild\Microsoft\VC\v170\Microsoft.Cpp.DesignTime.targets(542,5): message :       InitializeBuildStatus;
C:\Program Files\Microsoft Visual Studio\2022\Community\MSBuild\Microsoft\VC\v170\Microsoft.Cpp.DesignTime.targets(542,5): message :       BuildGenerateSources;
C:\Program Files\Microsoft Visual Studio\2022\Community\MSBuild\Microsoft\VC\v170\Microsoft.Cpp.DesignTime.targets(542,5): message :       BuildCompile;
C:\Program Files\Microsoft Visual Studio\2022\Community\MSBuild\Microsoft\VC\v170\Microsoft.Cpp.DesignTime.targets(542,5): message :       BuildLink;
C:\Program Files\Microsoft Visual Studio\2022\Community\MSBuild\Microsoft\VC\v170\Microsoft.Cpp.DesignTime.targets(542,5): message :     ;
C:\Program Files\Microsoft Visual Studio\2022\Community\MSBuild\Microsoft\VC\v170\Microsoft.Cpp.DesignTime.targets(542,5): message :       AfterBuild;
C:\Program Files\Microsoft Visual Studio\2022\Community\MSBuild\Microsoft\VC\v170\Microsoft.Cpp.DesignTime.targets(542,5): message :       IncrementalClean;
C:\Program Files\Microsoft Visual Studio\2022\Community\MSBuild\Microsoft\VC\v170\Microsoft.Cpp.DesignTime.targets(542,5): message :       TlogCleanup;
C:\Program Files\Microsoft Visual Studio\2022\Community\MSBuild\Microsoft\VC\v170\Microsoft.Cpp.DesignTime.targets(542,5): message :       FinalizeBuildStatus;
C:\Program Files\Microsoft Visual Studio\2022\Community\MSBuild\Microsoft\VC\v170\Microsoft.Cpp.DesignTime.targets(542,5): message :     ") C:\Program Files\Microsoft Visual Studio\2022\Community\MSBuild\Microsoft\VC\v170\Microsoft.Cpp.DesignTime.targets (542,5)
C:\Program Files\Microsoft Visual Studio\2022\Community\MSBuild\Microsoft\VC\v170\Microsoft.Cpp.DesignTime.targets(543,5): message : プロパティの再代入: $(RebuildDependsOn)="SetTelemetryEnvironmentVariables;
C:\Program Files\Microsoft Visual Studio\2022\Community\MSBuild\Microsoft\VC\v170\Microsoft.Cpp.DesignTime.targets(543,5): message :       _PrepareForRebuild;
C:\Program Files\Microsoft Visual Studio\2022\Community\MSBuild\Microsoft\VC\v170\Microsoft.Cpp.DesignTime.targets(543,5): message :       
C:\Program Files\Microsoft Visual Studio\2022\Community\MSBuild\Microsoft\VC\v170\Microsoft.Cpp.DesignTime.targets(543,5): message :       BeforeRebuild;
C:\Program Files\Microsoft Visual Studio\2022\Community\MSBuild\Microsoft\VC\v170\Microsoft.Cpp.DesignTime.targets(543,5): message :       Clean;
C:\Program Files\Microsoft Visual Studio\2022\Community\MSBuild\Microsoft\VC\v170\Microsoft.Cpp.DesignTime.targets(543,5): message :       Build;
C:\Program Files\Microsoft Visual Studio\2022\Community\MSBuild\Microsoft\VC\v170\Microsoft.Cpp.DesignTime.targets(543,5): message :       AfterRebuild;
C:\Program Files\Microsoft Visual Studio\2022\Community\MSBuild\Microsoft\VC\v170\Microsoft.Cpp.DesignTime.targets(543,5): message :     ;
C:\Program Files\Microsoft Visual Studio\2022\Community\MSBuild\Microsoft\VC\v170\Microsoft.Cpp.DesignTime.targets(543,5): message :     " (以前の値: "
C:\Program Files\Microsoft Visual Studio\2022\Community\MSBuild\Microsoft\VC\v170\Microsoft.Cpp.DesignTime.targets(543,5): message :       _PrepareForRebuild;
C:\Program Files\Microsoft Visual Studio\2022\Community\MSBuild\Microsoft\VC\v170\Microsoft.Cpp.DesignTime.targets(543,5): message :       
C:\Program Files\Microsoft Visual Studio\2022\Community\MSBuild\Microsoft\VC\v170\Microsoft.Cpp.DesignTime.targets(543,5): message :       BeforeRebuild;
C:\Program Files\Microsoft Visual Studio\2022\Community\MSBuild\Microsoft\VC\v170\Microsoft.Cpp.DesignTime.targets(543,5): message :       Clean;
C:\Program Files\Microsoft Visual Studio\2022\Community\MSBuild\Microsoft\VC\v170\Microsoft.Cpp.DesignTime.targets(543,5): message :       Build;
C:\Program Files\Microsoft Visual Studio\2022\Community\MSBuild\Microsoft\VC\v170\Microsoft.Cpp.DesignTime.targets(543,5): message :       AfterRebuild;
C:\Program Files\Microsoft Visual Studio\2022\Community\MSBuild\Microsoft\VC\v170\Microsoft.Cpp.DesignTime.targets(543,5): message :     ;
C:\Program Files\Microsoft Visual Studio\2022\Community\MSBuild\Microsoft\VC\v170\Microsoft.Cpp.DesignTime.targets(543,5): message :     ") C:\Program Files\Microsoft Visual Studio\2022\Community\MSBuild\Microsoft\VC\v170\Microsoft.Cpp.DesignTime.targets (543,5)
プロジェクト "C:\Program Files\Microsoft Visual Studio\2022\Community\MSBuild\Current\Bin\Microsoft.Common.CurrentVersion.targets" のターゲット "GenerateTargetFrameworkMonikerAttribute" をプロジェクト "C:\Program Files\Microsoft Visual Studio\2022\Community\MSBuild\Microsoft\VC\v170\Microsoft.BuildSteps.Targets" からのターゲット "GenerateTargetFrameworkMonikerAttribute" でオーバーライドしています。
プロジェクト "C:\Program Files\Microsoft Visual Studio\2022\Community\MSBuild\Current\Bin\Microsoft.Common.CurrentVersion.targets" のターゲット "Build" をプロジェクト "C:\Program Files\Microsoft Visual Studio\2022\Community\MSBuild\Microsoft\VC\v170\Microsoft.BuildSteps.Targets" からのターゲット "Build" でオーバーライドしています。
プロジェクト "C:\Program Files\Microsoft Visual Studio\2022\Community\MSBuild\Current\Bin\Microsoft.Common.CurrentVersion.targets" のターゲット "Rebuild" をプロジェクト "C:\Program Files\Microsoft Visual Studio\2022\Community\MSBuild\Microsoft\VC\v170\Microsoft.BuildSteps.Targets" からのターゲット "Rebuild" でオーバーライドしています。
プロジェクト "C:\Program Files\Microsoft Visual Studio\2022\Community\MSBuild\Current\Bin\Microsoft.Common.CurrentVersion.targets" のターゲット "AfterBuild" をプロジェクト "C:\Program Files\Microsoft Visual Studio\2022\Community\MSBuild\Microsoft\VC\v170\Microsoft.BuildSteps.Targets" からのターゲット "AfterBuild" でオーバーライドしています。
プロジェクト "C:\Program Files\Microsoft Visual Studio\2022\Community\MSBuild\Current\Bin\Microsoft.Common.CurrentVersion.targets" のターゲット "PrepareForBuild" をプロジェクト "C:\Program Files\Microsoft Visual Studio\2022\Community\MSBuild\Microsoft\VC\v170\Microsoft.CppBuild.targets" からのターゲット "PrepareForBuild" でオーバーライドしています。
プロジェクト "C:\Program Files\Microsoft Visual Studio\2022\Community\MSBuild\Current\Bin\Microsoft.Common.CurrentVersion.targets" のターゲット "GetTargetPath" をプロジェクト "C:\Program Files\Microsoft Visual Studio\2022\Community\MSBuild\Microsoft\VC\v170\Microsoft.CppBuild.targets" からのターゲット "GetTargetPath" でオーバーライドしています。
プロジェクト "C:\Program Files\Microsoft Visual Studio\2022\Community\MSBuild\Current\Bin\Microsoft.Common.CurrentVersion.targets" のターゲット "ComputeIntermediateSatelliteAssemblies" をプロジェクト "C:\Program Files\Microsoft Visual Studio\2022\Community\MSBuild\Microsoft\VC\v170\Microsoft.CppBuild.targets" からのターゲット "ComputeIntermediateSatelliteAssemblies" でオーバーライドしています。
プロジェクト "C:\Program Files\Microsoft Visual Studio\2022\Community\MSBuild\Microsoft\VC\v170\Microsoft.CppBuild.targets" のターゲット "ClCompile" をプロジェクト "C:\Program Files\Microsoft Visual Studio\2022\Community\MSBuild\Microsoft\VC\v170\Microsoft.CppBuild.targets" からのターゲット "ClCompile" でオーバーライドしています。
プロジェクト "C:\Program Files\Microsoft Visual Studio\2022\Community\MSBuild\Microsoft\VC\v170\Microsoft.CppBuild.targets" のターゲット "ResourceCompile" をプロジェクト "C:\Program Files\Microsoft Visual Studio\2022\Community\MSBuild\Microsoft\VC\v170\Microsoft.CppBuild.targets" からのターゲット "ResourceCompile" でオーバーライドしています。
プロジェクト "C:\Program Files\Microsoft Visual Studio\2022\Community\MSBuild\Microsoft\VC\v170\Microsoft.CppBuild.targets" のターゲット "Lib" をプロジェクト "C:\Program Files\Microsoft Visual Studio\2022\Community\MSBuild\Microsoft\VC\v170\Microsoft.CppBuild.targets" からのターゲット "Lib" でオーバーライドしています。
プロジェクト "C:\Program Files\Microsoft Visual Studio\2022\Community\MSBuild\Microsoft\VC\v170\Microsoft.CppBuild.targets" のターゲット "Link" をプロジェクト "C:\Program Files\Microsoft Visual Studio\2022\Community\MSBuild\Microsoft\VC\v170\Microsoft.CppBuild.targets" からのターゲット "Link" でオーバーライドしています。
プロジェクト "C:\Program Files\Microsoft Visual Studio\2022\Community\MSBuild\Current\Bin\Microsoft.Common.CurrentVersion.targets" のターゲット "AllProjectOutputGroups" をプロジェクト "C:\Program Files\Microsoft Visual Studio\2022\Community\MSBuild\Microsoft\VC\v170\Microsoft.CppBuild.targets" からのターゲット "AllProjectOutputGroups" でオーバーライドしています。
プロジェクト "C:\Program Files\Microsoft Visual Studio\2022\Community\MSBuild\Current\Bin\Microsoft.Common.CurrentVersion.targets" のターゲット "BuiltProjectOutputGroup" をプロジェクト "C:\Program Files\Microsoft Visual Studio\2022\Community\MSBuild\Microsoft\VC\v170\Microsoft.CppBuild.targets" からのターゲット "BuiltProjectOutputGroup" でオーバーライドしています。
プロジェクト "C:\Program Files\Microsoft Visual Studio\2022\Community\MSBuild\Current\Bin\Microsoft.Common.CurrentVersion.targets" のターゲット "DebugSymbolsProjectOutputGroup" をプロジェクト "C:\Program Files\Microsoft Visual Studio\2022\Community\MSBuild\Microsoft\VC\v170\Microsoft.CppBuild.targets" からのターゲット "DebugSymbolsProjectOutputGroup" でオーバーライドしています。
プロジェクト "C:\Program Files\Microsoft Visual Studio\2022\Community\MSBuild\Current\Bin\Microsoft.Common.CurrentVersion.targets" のターゲット "DocumentationProjectOutputGroup" をプロジェクト "C:\Program Files\Microsoft Visual Studio\2022\Community\MSBuild\Microsoft\VC\v170\Microsoft.CppBuild.targets" からのターゲット "DocumentationProjectOutputGroup" でオーバーライドしています。
プロジェクト "C:\Program Files\Microsoft Visual Studio\2022\Community\MSBuild\Current\Bin\Microsoft.Common.CurrentVersion.targets" のターゲット "SourceFilesProjectOutputGroup" をプロジェクト "C:\Program Files\Microsoft Visual Studio\2022\Community\MSBuild\Microsoft\VC\v170\Microsoft.CppBuild.targets" からのターゲット "SourceFilesProjectOutputGroup" でオーバーライドしています。
プロジェクト "C:\Program Files\Microsoft Visual Studio\2022\Community\MSBuild\Current\Bin\Microsoft.Common.CurrentVersion.targets" のターゲット "ContentFilesProjectOutputGroup" をプロジェクト "C:\Program Files\Microsoft Visual Studio\2022\Community\MSBuild\Microsoft\VC\v170\Microsoft.CppBuild.targets" からのターゲット "ContentFilesProjectOutputGroup" でオーバーライドしています。
プロジェクト "C:\Program Files\Microsoft Visual Studio\2022\Community\MSBuild\Current\Bin\Microsoft.Common.CurrentVersion.targets" のターゲット "AllProjectOutputGroupsDependencies" をプロジェクト "C:\Program Files\Microsoft Visual Studio\2022\Community\MSBuild\Microsoft\VC\v170\Microsoft.CppBuild.targets" からのターゲット "AllProjectOutputGroupsDependencies" でオーバーライドしています。
プロジェクト "C:\Program Files\Microsoft Visual Studio\2022\Community\MSBuild\Current\Bin\Microsoft.Common.CurrentVersion.targets" のターゲット "BuiltProjectOutputGroupDependencies" をプロジェクト "C:\Program Files\Microsoft Visual Studio\2022\Community\MSBuild\Microsoft\VC\v170\Microsoft.CppBuild.targets" からのターゲット "BuiltProjectOutputGroupDependencies" でオーバーライドしています。
プロジェクト "C:\Program Files\Microsoft Visual Studio\2022\Community\MSBuild\Current\Bin\Microsoft.Common.CurrentVersion.targets" のターゲット "DebugSymbolsProjectOutputGroupDependencies" をプロジェクト "C:\Program Files\Microsoft Visual Studio\2022\Community\MSBuild\Microsoft\VC\v170\Microsoft.CppBuild.targets" からのターゲット "DebugSymbolsProjectOutputGroupDependencies" でオーバーライドしています。
プロジェクト "C:\Program Files\Microsoft Visual Studio\2022\Community\MSBuild\Current\Bin\Microsoft.Common.CurrentVersion.targets" のターゲット "DocumentationProjectOutputGroupDependencies" をプロジェクト "C:\Program Files\Microsoft Visual Studio\2022\Community\MSBuild\Microsoft\VC\v170\Microsoft.CppBuild.targets" からのターゲット "DocumentationProjectOutputGroupDependencies" でオーバーライドしています。
プロジェクト "C:\Program Files\Microsoft Visual Studio\2022\Community\MSBuild\Current\Bin\Microsoft.Common.CurrentVersion.targets" のターゲット "PreBuildEvent" をプロジェクト "C:\Program Files\Microsoft Visual Studio\2022\Community\MSBuild\Microsoft\VC\v170\Microsoft.CppCommon.targets" からのターゲット "PreBuildEvent" でオーバーライドしています。
プロジェクト "C:\Program Files\Microsoft Visual Studio\2022\Community\MSBuild\Current\Bin\Microsoft.Common.CurrentVersion.targets" のターゲット "PostBuildEvent" をプロジェクト "C:\Program Files\Microsoft Visual Studio\2022\Community\MSBuild\Microsoft\VC\v170\Microsoft.CppCommon.targets" からのターゲット "PostBuildEvent" でオーバーライドしています。
プロジェクト "C:\Program Files\Microsoft Visual Studio\2022\Community\MSBuild\Microsoft\VC\v170\Microsoft.CppBuild.targets" のターゲット "ClCompile" をプロジェクト "C:\Program Files\Microsoft Visual Studio\2022\Community\MSBuild\Microsoft\VC\v170\Microsoft.CppCommon.targets" からのターゲット "ClCompile" でオーバーライドしています。
プロジェクト "C:\Program Files\Microsoft Visual Studio\2022\Community\MSBuild\Microsoft\VC\v170\Microsoft.CppBuild.targets" のターゲット "Link" をプロジェクト "C:\Program Files\Microsoft Visual Studio\2022\Community\MSBuild\Microsoft\VC\v170\Microsoft.CppCommon.targets" からのターゲット "Link" でオーバーライドしています。
プロジェクト "C:\Program Files\Microsoft Visual Studio\2022\Community\MSBuild\Microsoft\VC\v170\Microsoft.CppBuild.targets" のターゲット "Lib" をプロジェクト "C:\Program Files\Microsoft Visual Studio\2022\Community\MSBuild\Microsoft\VC\v170\Microsoft.CppCommon.targets" からのターゲット "Lib" でオーバーライドしています。
プロジェクト "C:\Program Files\Microsoft Visual Studio\2022\Community\MSBuild\Microsoft\VC\v170\Microsoft.CppBuild.targets" のターゲット "ImpLib" をプロジェクト "C:\Program Files\Microsoft Visual Studio\2022\Community\MSBuild\Microsoft\VC\v170\Microsoft.CppCommon.targets" からのターゲット "ImpLib" でオーバーライドしています。
プロジェクト "C:\Program Files\Microsoft Visual Studio\2022\Community\MSBuild\Microsoft\VC\v170\Microsoft.CppBuild.targets" のターゲット "Midl" をプロジェクト "C:\Program Files\Microsoft Visual Studio\2022\Community\MSBuild\Microsoft\VC\v170\Microsoft.CppCommon.targets" からのターゲット "Midl" でオーバーライドしています。
プロジェクト "C:\Program Files\Microsoft Visual Studio\2022\Community\MSBuild\Microsoft\VC\v170\Microsoft.CppBuild.targets" のターゲット "ResourceCompile" をプロジェクト "C:\Program Files\Microsoft Visual Studio\2022\Community\MSBuild\Microsoft\VC\v170\Microsoft.CppCommon.targets" からのターゲット "ResourceCompile" でオーバーライドしています。
プロジェクト "C:\Program Files\Microsoft Visual Studio\2022\Community\MSBuild\Current\Bin\Microsoft.Common.CurrentVersion.targets" のターゲット "BeforeResGen" をプロジェクト "C:\Program Files\Microsoft Visual Studio\2022\Community\MSBuild\Microsoft\VC\v170\Microsoft.CppCommon.targets" からのターゲット "BeforeResGen" でオーバーライドしています。
プロジェクト "C:\Program Files\Microsoft Visual Studio\2022\Community\MSBuild\Current\Bin\Microsoft.Common.CurrentVersion.targets" のターゲット "ResGen" をプロジェクト "C:\Program Files\Microsoft Visual Studio\2022\Community\MSBuild\Microsoft\VC\v170\Microsoft.CppCommon.targets" からのターゲット "ResGen" でオーバーライドしています。
プロジェクト "C:\Program Files\Microsoft Visual Studio\2022\Community\MSBuild\Current\Bin\Microsoft.Common.CurrentVersion.targets" のターゲット "GenerateSatelliteAssemblies" をプロジェクト "C:\Program Files\Microsoft Visual Studio\2022\Community\MSBuild\Microsoft\VC\v170\Microsoft.CppCommon.targets" からのターゲット "GenerateSatelliteAssemblies" でオーバーライドしています。
プロジェクト "C:\Program Files\Microsoft Visual Studio\2022\Community\MSBuild\Microsoft\VC\v170\Microsoft.CppBuild.targets" のターゲット "Manifest" をプロジェクト "C:\Program Files\Microsoft Visual Studio\2022\Community\MSBuild\Microsoft\VC\v170\Microsoft.CppCommon.targets" からのターゲット "Manifest" でオーバーライドしています。
プロジェクト "C:\Program Files\Microsoft Visual Studio\2022\Community\MSBuild\Microsoft\VC\v170\Microsoft.CppBuild.targets" のターゲット "XdcMake" をプロジェクト "C:\Program Files\Microsoft Visual Studio\2022\Community\MSBuild\Microsoft\VC\v170\Microsoft.CppCommon.targets" からのターゲット "XdcMake" でオーバーライドしています。
プロジェクト "C:\Program Files\Microsoft Visual Studio\2022\Community\MSBuild\Microsoft\VC\v170\Microsoft.CppBuild.targets" のターゲット "BscMake" をプロジェクト "C:\Program Files\Microsoft Visual Studio\2022\Community\MSBuild\Microsoft\VC\v170\Microsoft.CppCommon.targets" からのターゲット "BscMake" でオーバーライドしています。
プロジェクト "C:\Program Files\Microsoft Visual Studio\2022\Community\MSBuild\Microsoft\VC\v170\Microsoft.MetaGen.targets" のターゲット "ComputeMetaGenInputs" をプロジェクト "C:\Program Files\Microsoft Visual Studio\2022\Community\MSBuild\Microsoft\VC\v170\Microsoft.CppCommon.targets" からのターゲット "ComputeMetaGenInputs" でオーバーライドしています。
プロジェクト "C:\Program Files\Microsoft Visual Studio\2022\Community\MSBuild\Current\Bin\Microsoft.Common.CurrentVersion.targets" のターゲット "GetNativeManifest" をプロジェクト "C:\Program Files\Microsoft Visual Studio\2022\Community\MSBuild\Microsoft\VC\v170\Microsoft.CppCommon.targets" からのターゲット "GetNativeManifest" でオーバーライドしています。
プロジェクト "C:\Program Files\Microsoft Visual Studio\2022\Community\MSBuild\Current\Bin\Microsoft.Common.CurrentVersion.targets" のターゲット "GetTargetPathWithTargetPlatformMoniker" をプロジェクト "C:\Program Files\Microsoft Visual Studio\2022\Community\MSBuild\Microsoft\VC\v170\Microsoft.Cpp.DesignTime.targets" からのターゲット "GetTargetPathWithTargetPlatformMoniker" でオーバーライドしています。
"C:\Program Files\Microsoft Visual Studio\2022\Community\MSBuild\Microsoft\VisualStudio\WebTools.Aspire\Microsoft.WebTools.Aspire.targets (44,11)" にある BeforeTargets 属性に一覧表示されているターゲット "CompileDesignTime" はプロジェクト内に存在しないため、無視されます。
"C:\Program Files\Microsoft Visual Studio\2022\Community\MSBuild\Microsoft\VisualStudio\WebTools.Aspire\Microsoft.WebTools.Aspire.targets (57,11)" にある BeforeTargets 属性に一覧表示されているターゲット "CompileDesignTime" はプロジェクト内に存在しないため、無視されます。
プロジェクト "C:\Users\bluec\Kamata\TakeCEngine\project\DirectXGame.vcxproj" (2) は、ノード 1 上に "C:\Users\bluec\Kamata\TakeCEngine\project\externals\imgui\imgui.vcxproj" (4) をビルドしています (既定のターゲット)。
false 条件により、ターゲット "EnableIntermediateOutputPathMismatchWarning" を省略しました。('$(RestoreProjectStyle)' == 'PackageReference') は ('' == 'PackageReference') として評価されました。
ファイル "C:\Program Files\Microsoft Visual Studio\2022\Community\MSBuild\Current\Bin\Microsoft.Common.CurrentVersion.targets" 内にある、プロジェクト "C:\Users\bluec\Kamata\TakeCEngine\project\externals\imgui\imgui.vcxproj" からのターゲット "_CheckForInvalidConfigurationAndPlatform" (ターゲット "SetTelemetryEnvironmentVariables" は依存):
false 条件のため、タスク "MSBuildInternalMessage" を省略しました。('$(_InvalidConfigurationMessageSeverity)' != '') は ('' != '') として評価されました。
タスク "Message"
  Configuration=Debug
タスク "Message" の実行が終了しました。
タスク "Message"
  Platform=x64
タスク "Message" の実行が終了しました。
false 条件のため、タスク "MSBuildInternalMessage" を省略しました。('$(OutDir)' != '' and !HasTrailingSlash('$(OutDir)')) は ('C:\Users\bluec\Kamata\TakeCEngine\project\..\generated\outputs\Debug\' != '' and !HasTrailingSlash('C:\Users\bluec\Kamata\TakeCEngine\project\..\generated\outputs\Debug\')) として評価されました。
false 条件のため、タスク "MSBuildInternalMessage" を省略しました。('$(IntermediateOutputPath)' != '' and !HasTrailingSlash('$(IntermediateOutputPath)')) は ('C:\Users\bluec\Kamata\TakeCEngine\project\..\generated\obj\imgui\Debug\' != '' and !HasTrailingSlash('C:\Users\bluec\Kamata\TakeCEngine\project\..\generated\obj\imgui\Debug\')) として評価されました。
false 条件のため、タスク "MSBuildInternalMessage" を省略しました。('$(BaseIntermediateOutputPath)' != '' and !HasTrailingSlash('$(BaseIntermediateOutputPath)')) は ('obj\' != '' and !HasTrailingSlash('obj\')) として評価されました。
false 条件のため、タスク "MSBuildInternalMessage" を省略しました。( '$(Prefer32Bit)' == 'true' and '$(PreferNativeArm64)' == 'true' ) は ( '' == 'true' and '' == 'true' ) として評価されました。
false 条件のため、タスク "MSBuildInternalMessage" を省略しました。( '$(NoWin32Manifest)' == 'true' and '$(PreferNativeArm64)' == 'true' ) は ( '' == 'true' and '' == 'true' ) として評価されました。
false 条件のため、タスク "MSBuildInternalMessage" を省略しました。( '$(PreferNativeArm64)' == 'true' and '$(Platform)' != 'AnyCPU' ) は ( '' == 'true' and 'x64' != 'AnyCPU' ) として評価されました。
false 条件のため、タスク "MSBuildInternalMessage" を省略しました。( '$(_InitialMSBuildProjectExtensionsPath)' != '' And '$(MSBuildProjectExtensionsPath)' != '$(_InitialMSBuildProjectExtensionsPath)' ) は ( 'C:\Users\bluec\Kamata\TakeCEngine\project\externals\imgui\obj\' != '' And 'C:\Users\bluec\Kamata\TakeCEngine\project\externals\imgui\obj\' != 'C:\Users\bluec\Kamata\TakeCEngine\project\externals\imgui\obj\' ) として評価されました。
false 条件のため、タスク "MSBuildInternalMessage" を省略しました。( '$(EnableBaseIntermediateOutputPathMismatchWarning)' == 'true' And '$(_InitialBaseIntermediateOutputPath)' != '$(BaseIntermediateOutputPath)' And '$(BaseIntermediateOutputPath)' != '$(MSBuildProjectExtensionsPath)' ) は ( '' == 'true' And 'obj\' != 'obj\' And 'obj\' != 'C:\Users\bluec\Kamata\TakeCEngine\project\externals\imgui\obj\' ) として評価されました。
プロジェクト "imgui.vcxproj" 内のターゲット "_CheckForInvalidConfigurationAndPlatform" のビルドが終了しました。
ターゲット "_CheckForInvalidConfigurationAndPlatform" を省略しました。以前に正しくビルドされていました。
ファイル "C:\Program Files\Microsoft Visual Studio\2022\Community\MSBuild\Microsoft\VC\v170\Microsoft.Cpp.DesignTime.targets" 内にある、プロジェクト "C:\Users\bluec\Kamata\TakeCEngine\project\externals\imgui\imgui.vcxproj" からのターゲット "SetTelemetryEnvironmentVariables" (ターゲット "Build" は依存):
"SetEnv" タスクをアセンブリ "C:\Program Files\Microsoft Visual Studio\2022\Community\MSBuild\Microsoft\VC\v170\Microsoft.Build.CppTasks.Common.dll" から使用しています。
タスク "SetEnv"
  VSTEL_SolutionSessionID=
タスク "SetEnv" の実行が終了しました。
タスク "SetEnv"
  VSTEL_CurrentSolutionBuildID=
タスク "SetEnv" の実行が終了しました。
タスク "SetEnv"
  VSTEL_ProjectID={0fdc701f-b692-4b43-896c-0442af261ab1}
タスク "SetEnv" の実行が終了しました。
タスク "SetEnv"
  VSTEL_SolutionPath=C:\Users\bluec\Kamata\TakeCEngine\project\DirectXGame.sln
タスク "SetEnv" の実行が終了しました。
タスク "SetEnv"
  VSTEL_MSBuildProjectFullPath=C:\Users\bluec\Kamata\TakeCEngine\project\externals\imgui\imgui.vcxproj
タスク "SetEnv" の実行が終了しました。
プロジェクト "imgui.vcxproj" 内のターゲット "SetTelemetryEnvironmentVariables" のビルドが終了しました。
ファイル "C:\Program Files\Microsoft Visual Studio\2022\Community\MSBuild\Microsoft\VC\v170\Microsoft.BuildSteps.Targets" 内にある、プロジェクト "C:\Users\bluec\Kamata\TakeCEngine\project\externals\imgui\imgui.vcxproj" からのターゲット "_PrepareForBuild" (ターゲット "Build" は依存):
false 条件のため、タスク "CreateItem" を省略しました。('%(CustomBuild.IncludeFileToTool)'!='') は (''!='') として評価されました。
プロジェクト "imgui.vcxproj" 内のターゲット "_PrepareForBuild" のビルドが終了しました。
ファイル "C:\Program Files\Microsoft Visual Studio\2022\Community\MSBuild\Microsoft\VC\v170\Microsoft.CppBuild.targets" 内にある、プロジェクト "C:\Users\bluec\Kamata\TakeCEngine\project\externals\imgui\imgui.vcxproj" からのターゲット "_PrepareForReferenceResolution" (ターゲット "ResolveReferences" は依存):
false 条件のため、タスク "VCMessage" を省略しました。('$(WarnAboutIndividualManagedFiles)' == 'true') は ('' == 'true') として評価されました。
false 条件のため、タスク "VCMessage" を省略しました。('$(UseDynamicDebugging)' == 'true' and '$(WholeProgramOptimization)' == 'true') は ('false' == 'true' and 'false' == 'true') として評価されました。
false 条件のため、タスク "Message" を省略しました。('$(_REFERENCE_DEBUG)'=='true') は (''=='true') として評価されました。
プロジェクト "imgui.vcxproj" 内のターゲット "_PrepareForReferenceResolution" のビルドが終了しました。
false 条件により、ターゲット "ComputeCrtSDKReference" を省略しました。('@(ClCompile)'!='' and '$(WindowsAppContainer)'=='true' and '$(UseCrtSDKReference)' != 'false') は ('imgui.cpp;imgui_demo.cpp;imgui_draw.cpp;...'!='' and 'false'=='true' and '' != 'false') として評価されました。
ファイル "C:\Program Files\Microsoft Visual Studio\2022\Community\MSBuild\Current\Bin\Microsoft.Common.CurrentVersion.targets" 内にある、プロジェクト "C:\Users\bluec\Kamata\TakeCEngine\project\externals\imgui\imgui.vcxproj" からのターゲット "BeforeResolveReferences" (ターゲット "ResolveReferences" は依存):
プロジェクト "imgui.vcxproj" 内のターゲット "BeforeResolveReferences" のビルドが終了しました。
ファイル "C:\Program Files\Microsoft Visual Studio\2022\Community\MSBuild\Current\Bin\Microsoft.Common.CurrentVersion.targets" 内にある、プロジェクト "C:\Users\bluec\Kamata\TakeCEngine\project\externals\imgui\imgui.vcxproj" からのターゲット "IgnoreJavaScriptOutputAssembly" (ターゲット "AssignProjectConfiguration" は依存):
プロジェクト "imgui.vcxproj" 内のターゲット "IgnoreJavaScriptOutputAssembly" のビルドが終了しました。
ファイル "C:\Program Files\Microsoft Visual Studio\2022\Community\MSBuild\Current\Bin\Microsoft.Common.CurrentVersion.targets" 内にある、プロジェクト "C:\Users\bluec\Kamata\TakeCEngine\project\externals\imgui\imgui.vcxproj" からのターゲット "AssignProjectConfiguration" (ターゲット "ResolveReferences" は依存):
タスク "AssignProjectConfiguration"
タスク "AssignProjectConfiguration" の実行が終了しました。
プロジェクト "imgui.vcxproj" 内のターゲット "AssignProjectConfiguration" のビルドが終了しました。
ターゲット "AssignProjectConfiguration" を省略しました。以前に正しくビルドされていました。
ファイル "C:\Program Files\Microsoft Visual Studio\2022\Community\MSBuild\Current\Bin\Microsoft.Common.CurrentVersion.targets" 内にある、プロジェクト "C:\Users\bluec\Kamata\TakeCEngine\project\externals\imgui\imgui.vcxproj" からのターゲット "_SplitProjectReferencesByFileExistence" (ターゲット "PrepareProjectReferences" は依存):
false 条件のため、タスク "ResolveNonMSBuildProjectOutput" を省略しました。('$(BuildingInsideVisualStudio)'=='true' and '@(ProjectReferenceWithConfiguration)'!='') は (''=='true' and ''!='') として評価されました。
プロジェクト "imgui.vcxproj" 内のターゲット "_SplitProjectReferencesByFileExistence" のビルドが終了しました。
ファイル "C:\Program Files\Microsoft Visual Studio\2022\Community\MSBuild\Current\Bin\Microsoft.Common.CurrentVersion.targets" 内にある、プロジェクト "C:\Users\bluec\Kamata\TakeCEngine\project\externals\imgui\imgui.vcxproj" からのターゲット "_AddOutputPathToGlobalPropertiesToRemove" (ターゲット "_GetProjectReferenceTargetFrameworkProperties" は依存):
プロジェクト "imgui.vcxproj" 内のターゲット "_AddOutputPathToGlobalPropertiesToRemove" のビルドが終了しました。
ファイル "C:\Program Files\Microsoft Visual Studio\2022\Community\MSBuild\Current\Bin\Microsoft.Common.CurrentVersion.targets" 内にある、プロジェクト "C:\Users\bluec\Kamata\TakeCEngine\project\externals\imgui\imgui.vcxproj" からのターゲット "_GetProjectReferenceTargetFrameworkProperties" (ターゲット "PrepareProjectReferences" は依存):
タスク "MSBuild"
タスク "MSBuild" の実行が終了しました。
false 条件のため、タスク "MSBuild" を省略しました。('%(_MSBuildProjectReferenceExistent.SkipGetTargetFrameworkProperties)' != 'true' and '$(EnableDynamicPlatformResolution)' == 'true') は ('' != 'true' and '' == 'true') として評価されました。
false 条件のため、タスク "GetReferenceNearestTargetFrameworkTask" を省略しました。('@(_ProjectReferenceTargetFrameworkPossibilities)' != '' and '$(ReferringTargetFrameworkForProjectReferences)' != ''
                                                        And '$(GetReferenceNearestTargetFrameworkTaskSupportsTargetPlatformParameter)' == 'true' and '%(_ProjectReferenceTargetFrameworkPossibilities.IsVcxOrNativeProj)' != 'true') は ('' != '' and '' != ''
                                                        And 'true' == 'true' and '' != 'true') として評価されました。
false 条件のため、タスク "GetReferenceNearestTargetFrameworkTask" を省略しました。('@(_ProjectReferenceTargetFrameworkPossibilities)' != '' and '$(ReferringTargetFrameworkForProjectReferences)' != ''
                                                        And '$(GetReferenceNearestTargetFrameworkTaskSupportsTargetPlatformParameter)' != 'true' and '%(_ProjectReferenceTargetFrameworkPossibilities.IsVcxOrNativeProj)' != 'true') は ('' != '' and '' != ''
                                                        And 'true' != 'true' and '' != 'true') として評価されました。
タスク "SetRidAgnosticValueForProjects"
タスク "SetRidAgnosticValueForProjects" の実行が終了しました。
プロジェクト "imgui.vcxproj" 内のターゲット "_GetProjectReferenceTargetFrameworkProperties" のビルドが終了しました。
false 条件により、ターゲット "_GetProjectReferencePlatformProperties" を省略しました。('$(EnableDynamicPlatformResolution)' == 'true'
                     and '@(_MSBuildProjectReferenceExistent)' != '') は ('' == 'true'
                     and '' != '') として評価されました。
ファイル "C:\Program Files\Microsoft Visual Studio\2022\Community\MSBuild\Current\Bin\Microsoft.Common.CurrentVersion.targets" 内にある、プロジェクト "C:\Users\bluec\Kamata\TakeCEngine\project\externals\imgui\imgui.vcxproj" からのターゲット "PrepareProjectReferences" (ターゲット "ResolveProjectReferences" は依存):
プロジェクト "imgui.vcxproj" 内のターゲット "PrepareProjectReferences" のビルドが終了しました。
false 条件により、ターゲット "_RemoveNameMetadataFromProjectReferenceItems" を省略しました。('@(ProjectReference)'!='') は (''!='') として評価されました。
false 条件により、ターゲット "UpdateProjectReferenceBuildTargets" を省略しました。('@(_MSBuildProjectReferenceExistent)' != '' and '$(BuildingXReferences)' == 'true') は ('' != '' and '' == 'true') として評価されました。
ファイル "C:\Program Files\Microsoft Visual Studio\2022\Community\MSBuild\Current\Bin\Microsoft.Common.CurrentVersion.targets" 内にある、プロジェクト "C:\Users\bluec\Kamata\TakeCEngine\project\externals\imgui\imgui.vcxproj" からのターゲット "ResolveProjectReferences" (ターゲット "ResolveReferences" は依存):
false 条件のため、タスク "MSBuild" を省略しました。('%(_MSBuildProjectReferenceExistent.BuildReference)' == 'true' and '@(ProjectReferenceWithConfiguration)' != '' and ('$(BuildingInsideVisualStudio)' == 'true' or '$(BuildProjectReferences)' != 'true') and '$(VisualStudioVersion)' != '10.0' and '@(_MSBuildProjectReferenceExistent)' != '') は ('' == 'true' and '' != '' and ('' == 'true' or 'true' != 'true') and '17.0' != '10.0' and '' != '') として評価されました。
false 条件のため、タスク "MSBuild" を省略しました。('%(_MSBuildProjectReferenceExistent.BuildReference)' == 'true' and '@(ProjectReferenceWithConfiguration)' != '' and '$(BuildingInsideVisualStudio)' != 'true' and '$(BuildProjectReferences)' == 'true' and '@(_MSBuildProjectReferenceExistent)' != '') は ('' == 'true' and '' != '' and '' != 'true' and 'true' == 'true' and '' != '') として評価されました。
false 条件のため、タスク "MSBuild" を省略しました。('%(_MSBuildProjectReferenceExistent.BuildReference)' == 'true' and '@(ProjectReferenceWithConfiguration)' != '' and '$(BuildingProject)' == 'true' and '@(_MSBuildProjectReferenceExistent)' != '') は ('' == 'true' and '' != '' and 'true' == 'true' and '' != '') として評価されました。
false 条件のため、タスク "MSBuildInternalMessage" を省略しました。('$(_NonExistentProjectReferenceSeverity)' != '') は ('' != '') として評価されました。
プロジェクト "imgui.vcxproj" 内のターゲット "ResolveProjectReferences" のビルドが終了しました。
false 条件により、ターゲット "FindInvalidProjectReferences" を省略しました。('$(FindInvalidProjectReferences)' == 'true') は ('' == 'true') として評価されました。
false 条件により、ターゲット "ResolveNativeReferences" を省略しました。('@(NativeReference)'!='') は (''!='') として評価されました。
ターゲット "_PrepareForReferenceResolution" を省略しました。以前に正しくビルドされていました。
ターゲット "ResolveProjectReferences" を省略しました。以前に正しくビルドされていました。
false 条件により、ターゲット "FindInvalidProjectReferences" を省略しました。('$(FindInvalidProjectReferences)' == 'true') は ('' == 'true') として評価されました。
ファイル "C:\Program Files\Microsoft Visual Studio\2022\Community\MSBuild\Current\Bin\Microsoft.Common.CurrentVersion.targets" 内にある、プロジェクト "C:\Users\bluec\Kamata\TakeCEngine\project\externals\imgui\imgui.vcxproj" からのターゲット "GetFrameworkPaths" (ターゲット "ResolveAssemblyReferences" は依存):
プロジェクト "imgui.vcxproj" 内のターゲット "GetFrameworkPaths" のビルドが終了しました。
ターゲット "_PrepareForReferenceResolution" を省略しました。以前に正しくビルドされていました。
ターゲット "GetFrameworkPaths" を省略しました。以前に正しくビルドされていました。
ファイル "C:\Program Files\Microsoft Visual Studio\2022\Community\MSBuild\Current\Bin\Microsoft.Common.CurrentVersion.targets" 内にある、プロジェクト "C:\Users\bluec\Kamata\TakeCEngine\project\externals\imgui\imgui.vcxproj" からのターゲット "GetReferenceAssemblyPaths" (ターゲット "ResolveAssemblyReferences" は依存):
false 条件のため、タスク "GetReferenceAssemblyPaths" を省略しました。('$(TargetFrameworkMoniker)' != '' and ('$(_TargetFrameworkDirectories)' == '' or '$(_FullFrameworkReferenceAssemblyPaths)' == '')) は ('' != '' and ('' == '' or '' == '')) として評価されました。
C:\Program Files\Microsoft Visual Studio\2022\Community\MSBuild\Current\Bin\Microsoft.Common.CurrentVersion.targets(1284,7): message : プロパティの再代入: $(AssemblySearchPaths)="{CandidateAssemblyFiles};C:\Program Files\Microsoft Visual Studio\2022\Community\VC\Tools\MSVC\14.44.35207\atlmfc\lib\x64;;C:\Program Files\Microsoft Visual Studio\2022\Community\VC\Tools\MSVC\14.44.35207\lib\x64;;{HintPathFromItem};{TargetFrameworkDirectory};{AssemblyFoldersFromConfig:C:\Program Files\Microsoft Visual Studio\2022\Community\MSBuild\Current\Bin\AssemblyFolders.config,};;{Registry:Software\Microsoft\,,AssemblyFoldersEx};;{GAC};{RawFileName};C:\Users\bluec\Kamata\TakeCEngine\project\..\generated\outputs\Debug\" (以前の値: "{CandidateAssemblyFiles};C:\Program Files\Microsoft Visual Studio\2022\Community\VC\Tools\MSVC\14.44.35207\atlmfc\lib\x64;;C:\Program Files\Microsoft Visual Studio\2022\Community\VC\Tools\MSVC\14.44.35207\lib\x64;;{HintPathFromItem};{TargetFrameworkDirectory};{AssemblyFoldersFromConfig:C:\Program Files\Microsoft Visual Studio\2022\Community\MSBuild\Current\Bin\AssemblyFolders.config,};;{Registry:Software\Microsoft\,,AssemblyFoldersEx};{AssemblyFolders};{GAC};{RawFileName};C:\Users\bluec\Kamata\TakeCEngine\project\..\generated\outputs\Debug\") C:\Program Files\Microsoft Visual Studio\2022\Community\MSBuild\Current\Bin\Microsoft.Common.CurrentVersion.targets (1284,7) [C:\Users\bluec\Kamata\TakeCEngine\project\externals\imgui\imgui.vcxproj]
プロジェクト "imgui.vcxproj" 内のターゲット "GetReferenceAssemblyPaths" のビルドが終了しました。
ファイル "C:\Program Files\Microsoft Visual Studio\2022\Community\MSBuild\Microsoft\VC\v170\Microsoft.Cpp.Current.targets" 内にある、プロジェクト "C:\Users\bluec\Kamata\TakeCEngine\project\externals\imgui\imgui.vcxproj" からのターゲット "AddExternalIncludDirectoriesToPaths" (ターゲット "SetBuildDefaultEnvironmentVariables" は依存):
プロジェクト "imgui.vcxproj" 内のターゲット "AddExternalIncludDirectoriesToPaths" のビルドが終了しました。
ファイル "C:\Program Files\Microsoft Visual Studio\2022\Community\MSBuild\Microsoft\VC\v170\Microsoft.Cpp.Current.targets" 内にある、プロジェクト "C:\Users\bluec\Kamata\TakeCEngine\project\externals\imgui\imgui.vcxproj" からのターゲット "SetBuildDefaultEnvironmentVariables" (ターゲット "PrepareForBuild" は依存):
タスク "SetEnv"
  PATH=C:\Program Files\Microsoft Visual Studio\2022\Community\VC\Tools\MSVC\14.44.35207\bin\HostX86\x64;C:\Program Files\Microsoft Visual Studio\2022\Community\VC\Tools\MSVC\14.44.35207\bin\HostX86\x86;C:\Program Files (x86)\Windows Kits\10\bin\10.0.26100.0\x86;;C:\Program Files (x86)\Microsoft SDKs\Windows\v10.0A\bin\NETFX 4.8.1 Tools;C:\Program Files\Microsoft Visual Studio\2022\Community\Common7\tools;C:\Program Files\Microsoft Visual Studio\2022\Community\Common7\ide;C:\Program Files (x86)\HTML Help Workshop;;C:\Program Files\Microsoft Visual Studio\2022\Community\MSBuild\Current\Bin;C:\WINDOWS\Microsoft.NET\Framework\v4.0.30319\;;C:\Program Files\PowerShell\7;C:\Windows\system32;C:\Windows;C:\Windows\System32\Wbem;C:\Windows\System32\WindowsPowerShell\v1.0\;C:\Windows\System32\OpenSSH\;C:\Program Files (x86)\NVIDIA Corporation\PhysX\Common;C:\WINDOWS\system32;C:\WINDOWS;C:\WINDOWS\System32\Wbem;C:\WINDOWS\System32\WindowsPowerShell\v1.0\;C:\WINDOWS\System32\OpenSSH\;C:\Program Files\dotnet\;C:\Program Files\Microsoft SQL Server\150\Tools\Binn\;C:\Program Files\Microsoft SQL Server\Client SDK\ODBC\170\Tools\Binn\;C:\Program Files (x86)\Windows Kits\10\Windows Performance Toolkit\;C:\Program Files\Git\cmd;C:\Program Files\NVIDIA Corporation\NVIDIA App\NvDLISR;C:\Program Files\PowerShell\7\;C:\Users\bluec\AppData\Local\Programs\Python\Launcher\;C:\Users\bluec\AppData\Local\Microsoft\WindowsApps;C:\Users\bluec\AppData\Local\Programs\Microsoft VS Code\bin;C:\Users\bluec\AppData\Local\GitHubDesktop\bin;C:\Users\bluec\AppData\Local\Programs\Antigravity\bin;C:\Users\bluec\.dotnet\tools;c:\Users\bluec\.antigravity\extensions\ms-python.debugpy-2025.14.1-win32-x64\bundled\scripts\noConfigScripts;
C:\Program Files\Microsoft Visual Studio\2022\Community\MSBuild\Microsoft\VC\v170\Microsoft.Cpp.Current.targets(101,7): message : プロパティの再代入: $(Path)="C:\Program Files\Microsoft Visual Studio\2022\Community\VC\Tools\MSVC\14.44.35207\bin\HostX86\x64%3bC:\Program Files\Microsoft Visual Studio\2022\Community\VC\Tools\MSVC\14.44.35207\bin\HostX86\x86%3bC:\Program Files %28x86%29\Windows Kits\10\bin\10.0.26100.0\x86%3b%3bC:\Program Files %28x86%29\Microsoft SDKs\Windows\v10.0A\bin\NETFX 4.8.1 Tools%3bC:\Program Files\Microsoft Visual Studio\2022\Community\Common7\tools%3bC:\Program Files\Microsoft Visual Studio\2022\Community\Common7\ide%3bC:\Program Files %28x86%29\HTML Help Workshop%3b%3bC:\Program Files\Microsoft Visual Studio\2022\Community\MSBuild\Current\Bin%3bC:\WINDOWS\Microsoft.NET\Framework\v4.0.30319\%3b%3bC:\Program Files\PowerShell\7%3bC:\Windows\system32%3bC:\Windows%3bC:\Windows\System32\Wbem%3bC:\Windows\System32\WindowsPowerShell\v1.0\%3bC:\Windows\System32\OpenSSH\%3bC:\Program Files %28x86%29\NVIDIA Corporation\PhysX\Common%3bC:\WINDOWS\system32%3bC:\WINDOWS%3bC:\WINDOWS\System32\Wbem%3bC:\WINDOWS\System32\WindowsPowerShell\v1.0\%3bC:\WINDOWS\System32\OpenSSH\%3bC:\Program Files\dotnet\%3bC:\Program Files\Microsoft SQL Server\150\Tools\Binn\%3bC:\Program Files\Microsoft SQL Server\Client SDK\ODBC\170\Tools\Binn\%3bC:\Program Files %28x86%29\Windows Kits\10\Windows Performance Toolkit\%3bC:\Program Files\Git\cmd%3bC:\Program Files\NVIDIA Corporation\NVIDIA App\NvDLISR%3bC:\Program Files\PowerShell\7\%3bC:\Users\bluec\AppData\Local\Programs\Python\Launcher\%3bC:\Users\bluec\AppData\Local\Microsoft\WindowsApps%3bC:\Users\bluec\AppData\Local\Programs\Microsoft VS Code\bin%3bC:\Users\bluec\AppData\Local\GitHubDesktop\bin%3bC:\Users\bluec\AppData\Local\Programs\Antigravity\bin%3bC:\Users\bluec\.dotnet\tools%3bc:\Users\bluec\.antigravity\extensions\ms-python.debugpy-2025.14.1-win32-x64\bundled\scripts\noConfigScripts%3b" (以前の値: "C:\Program Files\PowerShell\7;C:\Windows\system32;C:\Windows;C:\Windows\System32\Wbem;C:\Windows\System32\WindowsPowerShell\v1.0\;C:\Windows\System32\OpenSSH\;C:\Program Files (x86)\NVIDIA Corporation\PhysX\Common;C:\WINDOWS\system32;C:\WINDOWS;C:\WINDOWS\System32\Wbem;C:\WINDOWS\System32\WindowsPowerShell\v1.0\;C:\WINDOWS\System32\OpenSSH\;C:\Program Files\dotnet\;C:\Program Files\Microsoft SQL Server\150\Tools\Binn\;C:\Program Files\Microsoft SQL Server\Client SDK\ODBC\170\Tools\Binn\;C:\Program Files (x86)\Windows Kits\10\Windows Performance Toolkit\;C:\Program Files\Git\cmd;C:\Program Files\NVIDIA Corporation\NVIDIA App\NvDLISR;C:\Program Files\PowerShell\7\;C:\Users\bluec\AppData\Local\Programs\Python\Launcher\;C:\Users\bluec\AppData\Local\Microsoft\WindowsApps;C:\Users\bluec\AppData\Local\Programs\Microsoft VS Code\bin;C:\Users\bluec\AppData\Local\GitHubDesktop\bin;C:\Users\bluec\AppData\Local\Programs\Antigravity\bin;C:\Users\bluec\.dotnet\tools;c:\Users\bluec\.antigravity\extensions\ms-python.debugpy-2025.14.1-win32-x64\bundled\scripts\noConfigScripts") C:\Program Files\Microsoft Visual Studio\2022\Community\MSBuild\Microsoft\VC\v170\Microsoft.Cpp.Current.targets (101,7) [C:\Users\bluec\Kamata\TakeCEngine\project\externals\imgui\imgui.vcxproj]
タスク "SetEnv" の実行が終了しました。
タスク "SetEnv"
  LIB=C:\Program Files\Microsoft Visual Studio\2022\Community\VC\Tools\MSVC\14.44.35207\lib\x64;;C:\Program Files\Microsoft Visual Studio\2022\Community\VC\Tools\MSVC\14.44.35207\atlmfc\lib\x64;;C:\Program Files\Microsoft Visual Studio\2022\Community\VC\Auxiliary\VS\lib\x64;;C:\Program Files (x86)\Windows Kits\10\lib\10.0.26100.0\ucrt\x64;;;C:\Program Files (x86)\Windows Kits\10\lib\10.0.26100.0\um\x64;C:\Program Files (x86)\Windows Kits\NETFXSDK\4.8.1\lib\um\x64;
タスク "SetEnv" の実行が終了しました。
タスク "SetEnv"
  LIBPATH=C:\Program Files\Microsoft Visual Studio\2022\Community\VC\Tools\MSVC\14.44.35207\atlmfc\lib\x64;;C:\Program Files\Microsoft Visual Studio\2022\Community\VC\Tools\MSVC\14.44.35207\lib\x64;
タスク "SetEnv" の実行が終了しました。
タスク "SetEnv"
  INCLUDE=C:\Program Files\Microsoft Visual Studio\2022\Community\VC\Tools\MSVC\14.44.35207\include;;C:\Program Files\Microsoft Visual Studio\2022\Community\VC\Tools\MSVC\14.44.35207\atlmfc\include;;C:\Program Files\Microsoft Visual Studio\2022\Community\VC\Auxiliary\VS\include;;C:\Program Files (x86)\Windows Kits\10\Include\10.0.26100.0\ucrt;;;C:\Program Files (x86)\Windows Kits\10\Include\10.0.26100.0\um;C:\Program Files (x86)\Windows Kits\10\Include\10.0.26100.0\shared;C:\Program Files (x86)\Windows Kits\10\Include\10.0.26100.0\winrt;C:\Program Files (x86)\Windows Kits\10\Include\10.0.26100.0\cppwinrt;C:\Program Files (x86)\Windows Kits\NETFXSDK\4.8.1\Include\um;
タスク "SetEnv" の実行が終了しました。
タスク "SetEnv"
  EXTERNAL_INCLUDE=C:\Program Files\Microsoft Visual Studio\2022\Community\VC\Tools\MSVC\14.44.35207\include;;C:\Program Files\Microsoft Visual Studio\2022\Community\VC\Tools\MSVC\14.44.35207\atlmfc\include;;C:\Program Files\Microsoft Visual Studio\2022\Community\VC\Auxiliary\VS\include;;C:\Program Files (x86)\Windows Kits\10\Include\10.0.26100.0\ucrt;;;C:\Program Files (x86)\Windows Kits\10\Include\10.0.26100.0\um;C:\Program Files (x86)\Windows Kits\10\Include\10.0.26100.0\shared;C:\Program Files (x86)\Windows Kits\10\Include\10.0.26100.0\winrt;C:\Program Files (x86)\Windows Kits\10\Include\10.0.26100.0\cppwinrt;C:\Program Files (x86)\Windows Kits\NETFXSDK\4.8.1\Include\um;
タスク "SetEnv" の実行が終了しました。
プロジェクト "imgui.vcxproj" 内のターゲット "SetBuildDefaultEnvironmentVariables" のビルドが終了しました。
false 条件により、ターゲット "SetUserMacroEnvironmentVariables" を省略しました。('@(BuildMacro)' != '' and '$(DesignTimeBuild)' != 'true') は ('' != '' and '' != 'true') として評価されました。
ターゲット "_PrepareForReferenceResolution" を省略しました。以前に正しくビルドされていました。
ファイル "C:\Program Files\Microsoft Visual Studio\2022\Community\MSBuild\Microsoft\VC\v170\Microsoft.CppBuild.targets" 内にある、プロジェクト "C:\Users\bluec\Kamata\TakeCEngine\project\externals\imgui\imgui.vcxproj" からのターゲット "GetResolvedWinMD" (ターゲット "PrepareForBuild" は依存):
プロジェクト "imgui.vcxproj" 内のターゲット "GetResolvedWinMD" のビルドが終了しました。
ファイル "C:\Program Files\Microsoft Visual Studio\2022\Community\MSBuild\Microsoft\VC\v170\Microsoft.Cpp.WindowsSDK.targets" 内にある、プロジェクト "C:\Users\bluec\Kamata\TakeCEngine\project\externals\imgui\imgui.vcxproj" からのターゲット "_CheckWindowsSDKInstalled" (ターゲット "PrepareForBuild" は依存):
false 条件のため、タスク "VCMessage" を省略しました。('$(WindowsSDKInstalled)' != 'true') は ('true' != 'true') として評価されました。
false 条件のため、タスク "VCMessage" を省略しました。('$(Platform)' == 'ARM' and $([MSBuild]::VersionGreaterThanOrEquals('$(TargetPlatformVersion)','$(WindowsSdkVersionARMSupportRemoved)'))) は ('x64' == 'ARM' and True) として評価されました。
false 条件のため、タスク "VCMessage" を省略しました。('$(WindowsAppContainer)' != 'true' and '$(WindowsSDK_Desktop_Support)' != true) は ('false' != 'true' and 'true' != true) として評価されました。
プロジェクト "imgui.vcxproj" 内のターゲット "_CheckWindowsSDKInstalled" のビルドが終了しました。
ターゲット "GetFrameworkPaths" を省略しました。以前に正しくビルドされていました。
ターゲット "GetReferenceAssemblyPaths" を省略しました。以前に正しくビルドされていました。
false 条件により、ターゲット "AssignLinkMetadata" を省略しました。( '$(SynthesizeLinkMetadata)' == 'true' ) は ( '' == 'true' ) として評価されました。
ファイル "C:\Program Files\Microsoft Visual Studio\2022\Community\MSBuild\Microsoft\VisualStudio\v17.0\CodeAnalysis\Microsoft.CodeAnalysis.targets" 内にある、プロジェクト "C:\Users\bluec\Kamata\TakeCEngine\project\externals\imgui\imgui.vcxproj" からのターゲット "SetCABuildNativeEnvironmentVariables" (ターゲット "PrepareForBuild" は依存):
タスク "SetEnv"
  CAExcludePath=C:\Program Files\Microsoft Visual Studio\2022\Community\VC\Tools\MSVC\14.44.35207\atlmfc\include;C:\Program Files\Microsoft Visual Studio\2022\Community\VC\Tools\MSVC\14.44.35207\include;C:\Program Files (x86)\Windows Kits\10\Include\10.0.26100.0\ucrt;;C:\Program Files (x86)\Windows Kits\10\Include\10.0.26100.0\um;C:\Program Files (x86)\Windows Kits\10\Include\10.0.26100.0\shared;C:\Program Files (x86)\Windows Kits\10\Include\10.0.26100.0\winrt;C:\Program Files (x86)\Windows Kits\10\Include\10.0.26100.0\cppwinrt;C:\Program Files (x86)\Windows Kits\NETFXSDK\4.8.1\Include\um;
タスク "SetEnv" の実行が終了しました。
false 条件のため、タスク "SetEnv" を省略しました。('$(RunMsvcAnalysis)'=='true' and '$(VCCodeAnalysisUX)'=='true') は ('false'=='true' and ''=='true') として評価されました。
プロジェクト "imgui.vcxproj" 内のターゲット "SetCABuildNativeEnvironmentVariables" のビルドが終了しました。
ファイル "C:\Program Files\Microsoft Visual Studio\2022\Community\MSBuild\Microsoft\VC\v170\Microsoft.CppBuild.targets" 内にある、プロジェクト "C:\Users\bluec\Kamata\TakeCEngine\project\externals\imgui\imgui.vcxproj" からのターゲット "PrepareForBuild" (ターゲット "ResolveAssemblyReferences" は依存):
C:\Program Files\Microsoft Visual Studio\2022\Community\MSBuild\Microsoft\VC\v170\Microsoft.CppBuild.targets(429,7): message : プロパティの再代入: $(BuildProjectReferences)="false" (以前の値: "true") C:\Program Files\Microsoft Visual Studio\2022\Community\MSBuild\Microsoft\VC\v170\Microsoft.CppBuild.targets (429,7) [C:\Users\bluec\Kamata\TakeCEngine\project\externals\imgui\imgui.vcxproj]
false 条件のため、タスク "VCMessage" を省略しました。('$(PlatformToolset)' == '' and '$(DesignTimeBuild)' != 'true' and '$(_ToolsetFound)' != 'true') は ('v143' == '' and '' != 'true' and 'true' != 'true') として評価されました。
false 条件のため、タスク "VCMessage" を省略しました。('$(DesignTimeBuild)' != 'true' and '$(ConfigurationPlatformExists)' != 'true') は ('' != 'true' and 'true' != 'true') として評価されました。
false 条件のため、タスク "VCMessage" を省略しました。('$(ApplicationType)' == '' and '$(DesignTimeBuild)' != 'true' and '$(_ToolsetFound)' != 'true') は ('' == '' and '' != 'true' and 'true' != 'true') として評価されました。
false 条件のため、タスク "VCMessage" を省略しました。('$(ApplicationType)' != '' and '$(DesignTimeBuild)' != 'true' and '$(_ToolsetFound)' != 'true') は ('' != '' and '' != 'true' and 'true' != 'true') として評価されました。
タスク "MakeDir"
タスク "MakeDir" の実行が終了しました。
false 条件のため、タスク "VCMessage" を省略しました。('$(DesignTimeBuild)'!='true' and '$(WindowsAppContainer)'=='true' and '$(ConfigurationType)'!='Application' and '$(ConfigurationType)'!='DynamicLibrary' and '$(ConfigurationType)'!='StaticLibrary') は (''!='true' and 'false'=='true' and 'StaticLibrary'!='Application' and 'StaticLibrary'!='DynamicLibrary' and 'StaticLibrary'!='StaticLibrary') として評価されました。
false 条件のため、タスク "VCMessage" を省略しました。('$(DesignTimeBuild)'!='true' and '$(VCToolsInstallDir)'=='' and '$(UseEnv)' != 'true' and ('$(TargetFrameworkVersion)'=='v3.5' or '$(TargetFrameworkVersion)'=='v3.0' or '$(TargetFrameworkVersion)'=='v2.0' )) は (''!='true' and 'C:\Program Files\Microsoft Visual Studio\2022\Community\VC\Tools\MSVC\14.44.35207\'=='' and '' != 'true' and (''=='v3.5' or ''=='v3.0' or ''=='v2.0' )) として評価されました。
false 条件のため、タスク "VCMessage" を省略しました。('$(DesignTimeBuild)'!='true' and '$(VCToolsInstallDir)'=='' and '$(UseEnv)' != 'true' and '$(PlatformToolset)'=='v90') は (''!='true' and 'C:\Program Files\Microsoft Visual Studio\2022\Community\VC\Tools\MSVC\14.44.35207\'=='' and '' != 'true' and 'v143'=='v90') として評価されました。
"CheckVCToolsetVersion" タスクをアセンブリ "C:\Program Files\Microsoft Visual Studio\2022\Community\MSBuild\Microsoft\VC\v170\Microsoft.Build.CppTasks.Common.dll" から使用しています。
タスク "CheckVCToolsetVersion"
タスク "CheckVCToolsetVersion" の実行が終了しました。
false 条件のため、タスク "VCMessage" を省略しました。('$(CheckMFCInstalled)' == 'true' and !Exists($(MFC_KeyFile)) and '$(SpectreLibs)' == '') は ('' == 'true' and !Exists(C:\Program Files\Microsoft Visual Studio\2022\Community\VC\Tools\MSVC\14.44.35207\atlmfc\lib\x64\mfcs140.lib) and '' == '') として評価されました。
false 条件のため、タスク "VCMessage" を省略しました。('$(CheckMFCInstalled)' == 'true' and !Exists($(MFC_KeyFile)) and '$(SpectreLibs)' != '') は ('' == 'true' and !Exists(C:\Program Files\Microsoft Visual Studio\2022\Community\VC\Tools\MSVC\14.44.35207\atlmfc\lib\x64\mfcs140.lib) and '' != '') として評価されました。
false 条件のため、タスク "VCMessage" を省略しました。('$(CheckATLInstalled)' == 'true' and !Exists($(ATL_KeyFile)) and '$(SpectreLibs)' == '') は ('' == 'true' and !Exists(C:\Program Files\Microsoft Visual Studio\2022\Community\VC\Tools\MSVC\14.44.35207\atlmfc\lib\x64\atls.lib) and '' == '') として評価されました。
false 条件のため、タスク "VCMessage" を省略しました。('$(CheckATLInstalled)' == 'true' and !Exists($(ATL_KeyFile)) and '$(SpectreLibs)' != '') は ('' == 'true' and !Exists(C:\Program Files\Microsoft Visual Studio\2022\Community\VC\Tools\MSVC\14.44.35207\atlmfc\lib\x64\atls.lib) and '' != '') として評価されました。
false 条件のため、タスク "VCMessage" を省略しました。('$(DesignTimeBuild)' != 'true' and
                                                        '$(CheckMSVCComponents)'=='true' and
                                                        '$(SpectreMitigation)' != '' and
                                                        '$(SpectreMitigation)' != 'false' and
                                                        (('$(VC_Target_Library_Platform)' == 'OneCore' and !Exists('$(VC_LibraryPath_VC_OneCore_CurrentPlatform_spectre)')) or
                                                         ('$(VC_Target_Library_Platform)' == 'Desktop' and !Exists('$(VC_LibraryPath_VC_Desktop_CurrentPlatform_spectre)')))) は ('' != 'true' and
                                                        'true'=='true' and
                                                        'false' != '' and
                                                        'false' != 'false' and
                                                        (('Desktop' == 'OneCore' and !Exists('C:\Program Files\Microsoft Visual Studio\2022\Community\VC\Tools\MSVC\14.44.35207\lib\spectre\onecore\x64')) or
                                                         ('Desktop' == 'Desktop' and !Exists('C:\Program Files\Microsoft Visual Studio\2022\Community\VC\Tools\MSVC\14.44.35207\lib\spectre\x64')))) として評価されました。
false 条件のため、タスク "VCMessage" を省略しました。('$(DesignTimeBuild)'!='true' and '$(VCToolsInstallDir)'=='' and '$(UseEnv)' != 'true'  and '$(CheckMSVCComponents)'=='true') は (''!='true' and 'C:\Program Files\Microsoft Visual Studio\2022\Community\VC\Tools\MSVC\14.44.35207\'=='' and '' != 'true'  and 'true'=='true') として評価されました。
false 条件のため、タスク "VCMessage" を省略しました。('$(DesignTimeBuild)'!='true' and '$(WindowsSDKDir)'=='' and '$(UseEnv)' != 'true') は (''!='true' and 'C:\Program Files (x86)\Windows Kits\10\'=='' and '' != 'true') として評価されました。
false 条件のため、タスク "VCMessage" を省略しました。('$(DesignTimeBuild)'!='true' and '$(IntDirTrailingSlashWarning)'=='true') は (''!='true' and ''=='true') として評価されました。
false 条件のため、タスク "VCMessage" を省略しました。('$(DesignTimeBuild)'!='true' and '$(OutDirTrailingSlashWarning)'=='true') は (''!='true' and ''=='true') として評価されました。
false 条件のため、タスク "VCMessage" を省略しました。('%(CompatibilityIssues.Identity)' != '' and '$(DesignTimeBuild)'!='true') は ('' != '' and ''!='true') として評価されました。
false 条件のため、タスク "VCMessage" を省略しました。('$(IgnoreWarnIntDirSharingDetected)' != 'true' and '$(IntDirSharingDetected)' == 'true') は ('' != 'true' and '' == 'true') として評価されました。
C:\Program Files\Microsoft Visual Studio\2022\Community\MSBuild\Microsoft\VC\v170\Microsoft.CppBuild.targets(543,7): message : 環境から展開された 'C:\Users\bluec\AppData\Local\Temp' 値を持つプロパティ 'TMP'。 [C:\Users\bluec\Kamata\TakeCEngine\project\externals\imgui\imgui.vcxproj]
C:\Program Files\Microsoft Visual Studio\2022\Community\MSBuild\Microsoft\VC\v170\Microsoft.CppBuild.targets(544,7): message : 環境から展開された 'C:\Users\bluec\AppData\Local\Temp' 値を持つプロパティ 'TEMP'。 [C:\Users\bluec\Kamata\TakeCEngine\project\externals\imgui\imgui.vcxproj]
false 条件のため、タスク "VCMessage" を省略しました。('$(DesignTimeBuild)'!='true' and '$(IgnoreWarnIntDirInTempDetected)' != 'true' and ('$(IntDirFullPath.StartsWith($(_Tmp), true, null))' == 'true' or '$(IntDirFullPath.StartsWith($(_Temp), true, null))' == 'true' or '$(OutDirFullPath.StartsWith($(_Tmp), true, null))' == 'true' or '$(OutDirFullPath.StartsWith($(_Temp), true, null))' == 'true')) は (''!='true' and '' != 'true' and ('False' == 'true' or 'False' == 'true' or 'False' == 'true' or 'False' == 'true')) として評価されました。
"VCMessage" タスクをアセンブリ "C:\Program Files\Microsoft Visual Studio\2022\Community\MSBuild\Microsoft\VC\v170\Microsoft.Build.CppTasks.Common.dll" から使用しています。
タスク "VCMessage"
  構造化出力が有効になっています。コンパイラ診断の書式設定にはエラー階層が反映されます。詳細については、https://aka.ms/cpp/structured-output を参照してください。
タスク "VCMessage" の実行が終了しました。
タスク "MakeDir"
タスク "MakeDir" の実行が終了しました。
プロジェクト "imgui.vcxproj" 内のターゲット "PrepareForBuild" のビルドが終了しました。
ターゲット "_PrepareForReferenceResolution" を省略しました。以前に正しくビルドされていました。
false 条件により、ターゲット "ComputeCrtSDKReference" を省略しました。('@(ClCompile)'!='' and '$(WindowsAppContainer)'=='true' and '$(UseCrtSDKReference)' != 'false') は ('imgui.cpp;imgui_demo.cpp;imgui_draw.cpp;...'!='' and 'false'=='true' and '' != 'false') として評価されました。
false 条件により、ターゲット "GetInstalledSDKLocations" を省略しました。('@(SDKReference)' != '') は ('' != '') として評価されました。
ファイル "C:\Program Files\Microsoft Visual Studio\2022\Community\MSBuild\Current\Bin\Microsoft.Common.CurrentVersion.targets" 内にある、プロジェクト "C:\Users\bluec\Kamata\TakeCEngine\project\externals\imgui\imgui.vcxproj" からのターゲット "ResolveSDKReferences" (ターゲット "ResolveAssemblyReferences" は依存):
false 条件のため、タスク "ResolveSDKReference" を省略しました。('@(SDKReference)'!='') は (''!='') として評価されました。
プロジェクト "imgui.vcxproj" 内のターゲット "ResolveSDKReferences" のビルドが終了しました。
ターゲット "ResolveSDKReferences" を省略しました。以前に正しくビルドされていました。
ファイル "C:\Program Files\Microsoft Visual Studio\2022\Community\MSBuild\Current\Bin\Microsoft.Common.CurrentVersion.targets" 内にある、プロジェクト "C:\Users\bluec\Kamata\TakeCEngine\project\externals\imgui\imgui.vcxproj" からのターゲット "ExpandSDKReferences" (ターゲット "ResolveAssemblyReferences" は依存):
false 条件のため、タスク "GetSDKReferenceFiles" を省略しました。('@(ResolvedSDKReference)'!='') は (''!='') として評価されました。
プロジェクト "imgui.vcxproj" 内のターゲット "ExpandSDKReferences" のビルドが終了しました。
false 条件により、ターゲット "ResolveNuGetPackageAssets" を省略しました。('$(ResolveNuGetPackages)' == 'true' and exists('$(ProjectLockFile)')) は ('true' == 'true' and exists('obj\project.assets.json')) として評価されました。
ファイル "C:\Program Files\Microsoft Visual Studio\2022\Community\MSBuild\Current\Bin\Microsoft.Common.CurrentVersion.targets" 内にある、プロジェクト "C:\Users\bluec\Kamata\TakeCEngine\project\externals\imgui\imgui.vcxproj" からのターゲット "ResolveAssemblyReferences" (ターゲット "ResolveReferences" は依存):
false 条件のため、タスク "ResolveAssemblyReference" を省略しました。('@(Reference)'!='' or '@(_ResolvedProjectReferencePaths)'!='' or '@(_ExplicitReference)' != '') は (''!='' or ''!='' or '' != '') として評価されました。
プロジェクト "imgui.vcxproj" 内のターゲット "ResolveAssemblyReferences" のビルドが終了しました。
false 条件により、ターゲット "GenerateBindingRedirects" を省略しました。('$(AutoGenerateBindingRedirects)' == 'true' and '$(GenerateBindingRedirectsOutputType)' == 'true' and '@(SuggestedBindingRedirects)' != '' and '$(DesignTimeBuild)' != 'true' and '$(BuildingProject)' == 'true') は ('' == 'true' and '' == 'true' and '' != '' and '' != 'true' and 'true' == 'true') として評価されました。
false 条件により、ターゲット "GenerateBindingRedirectsUpdateAppConfig" を省略しました。('$(AutoGenerateBindingRedirects)' == 'true' and '$(GenerateBindingRedirectsOutputType)' == 'true') は ('' == 'true' and '' == 'true') として評価されました。
false 条件により、ターゲット "ResolveComReferences" を省略しました。('@(COMReference)'!='' or '@(COMFileReference)'!='') は (''!='' or ''!='') として評価されました。
ファイル "C:\Program Files\Microsoft Visual Studio\2022\Community\MSBuild\Current\Bin\Microsoft.Common.CurrentVersion.targets" 内にある、プロジェクト "C:\Users\bluec\Kamata\TakeCEngine\project\externals\imgui\imgui.vcxproj" からのターゲット "AfterResolveReferences" (ターゲット "ResolveReferences" は依存):
プロジェクト "imgui.vcxproj" 内のターゲット "AfterResolveReferences" のビルドが終了しました。
false 条件により、ターゲット "ResolveTestReferences" を省略しました。('@(Shadow)'!='') は (''!='') として評価されました。
ファイル "C:\Program Files\Microsoft Visual Studio\2022\Community\MSBuild\Current\Bin\Microsoft.Common.CurrentVersion.targets" 内にある、プロジェクト "C:\Users\bluec\Kamata\TakeCEngine\project\externals\imgui\imgui.vcxproj" からのターゲット "ResolveReferences" (ターゲット "Build" は依存):
プロジェクト "imgui.vcxproj" 内のターゲット "ResolveReferences" のビルドが終了しました。
ターゲット "PrepareForBuild" を省略しました。以前に正しくビルドされていました。
ターゲット "PrepareForBuild" を省略しました。以前に正しくビルドされていました。
ファイル "C:\Program Files\Microsoft Visual Studio\2022\Community\MSBuild\Microsoft\VC\v170\Microsoft.CppBuild.targets" 内にある、プロジェクト "C:\Users\bluec\Kamata\TakeCEngine\project\externals\imgui\imgui.vcxproj" からのターゲット "InitializeBuildStatus" (ターゲット "Build" は依存):
タスク "ReadLinesFromFile"
タスク "ReadLinesFromFile" の実行が終了しました。
タスク "WriteLinesToFile"
タスク "WriteLinesToFile" の実行が終了しました。
タスク "Touch"
  "AlwaysCreate" が指定されたため "C:\Users\bluec\Kamata\TakeCEngine\project\..\generated\obj\imgui\Debug\imgui.tlog\unsuccessfulbuild" を作成しています。
  "C:\Users\bluec\Kamata\TakeCEngine\project\..\generated\obj\imgui\Debug\imgui.tlog\unsuccessfulbuild" のタッチ タスクを実行しています。
タスク "Touch" の実行が終了しました。
プロジェクト "imgui.vcxproj" 内のターゲット "InitializeBuildStatus" のビルドが終了しました。
ターゲット "PrepareProjectReferences" を省略しました。以前に正しくビルドされていました。
ファイル "C:\Program Files\Microsoft Visual Studio\2022\Community\MSBuild\Current\Bin\Microsoft.Common.CurrentVersion.targets" 内にある、プロジェクト "C:\Users\bluec\Kamata\TakeCEngine\project\externals\imgui\imgui.vcxproj" からのターゲット "BuildGenerateSourcesTraverse" (ターゲット "BuildGenerateSources" は依存):
false 条件のため、タスク "MSBuild" を省略しました。('$(BuildPassReferences)' == 'true' and '@(ProjectReferenceWithConfiguration)' != '' and '@(_MSBuildProjectReferenceExistent)' != '' and '%(_MSBuildProjectReferenceExistent.BuildReference)' == 'true') は ('' == 'true' and '' != '' and '' != '' and '' == 'true') として評価されました。
プロジェクト "imgui.vcxproj" 内のターゲット "BuildGenerateSourcesTraverse" のビルドが終了しました。
ターゲット "PrepareForBuild" を省略しました。以前に正しくビルドされていました。
ターゲット "ResolveReferences" を省略しました。以前に正しくビルドされていました。
ファイル "C:\Program Files\Microsoft Visual Studio\2022\Community\MSBuild\Microsoft\VC\v170\Microsoft.BuildSteps.Targets" 内にある、プロジェクト "C:\Users\bluec\Kamata\TakeCEngine\project\externals\imgui\imgui.vcxproj" からのターゲット "BeforeBuildGenerateSources" (ターゲット "_BuildGenerateSourcesAction" は依存):
プロジェクト "imgui.vcxproj" 内のターゲット "BeforeBuildGenerateSources" のビルドが終了しました。
ファイル "C:\Program Files\Microsoft Visual Studio\2022\Community\MSBuild\Microsoft\VC\v170\Microsoft.CppCommon.targets" 内にある、プロジェクト "C:\Users\bluec\Kamata\TakeCEngine\project\externals\imgui\imgui.vcxproj" からのターゲット "PreBuildEvent" (ターゲット "_BuildGenerateSourcesAction" は依存):
false 条件のため、タスク "Message" を省略しました。('%(PreBuildEvent.Message)' != '' and '%(PreBuildEvent.Command)' != '') は ('' != '' and '' != '') として評価されました。
false 条件のため、タスク "Exec" を省略しました。('%(PreBuildEvent.Command)' != '') は ('' != '') として評価されました。
プロジェクト "imgui.vcxproj" 内のターゲット "PreBuildEvent" のビルドが終了しました。
ターゲット "PrepareForBuild" を省略しました。以前に正しくビルドされていました。
ターゲット "InitializeBuildStatus" を省略しました。以前に正しくビルドされていました。
ターゲット "SetBuildDefaultEnvironmentVariables" を省略しました。以前に正しくビルドされていました。
false 条件により、ターゲット "SetUserMacroEnvironmentVariables" を省略しました。('@(BuildMacro)' != '' and '$(DesignTimeBuild)' != 'true') は ('' != '' and '' != 'true') として評価されました。
ファイル "C:\Program Files\Microsoft Visual Studio\2022\Community\MSBuild\Microsoft\VC\v170\Microsoft.CppBuild.targets" 内にある、プロジェクト "C:\Users\bluec\Kamata\TakeCEngine\project\externals\imgui\imgui.vcxproj" からのターゲット "_SelectedFiles" (ターゲット "SelectCustomBuild" は依存):
プロジェクト "imgui.vcxproj" 内のターゲット "_SelectedFiles" のビルドが終了しました。
ファイル "C:\Program Files\Microsoft Visual Studio\2022\Community\MSBuild\Microsoft\VC\v170\Microsoft.CppBuild.targets" 内にある、プロジェクト "C:\Users\bluec\Kamata\TakeCEngine\project\externals\imgui\imgui.vcxproj" からのターゲット "SelectCustomBuild" (ターゲット "CustomBuild" は依存):
プロジェクト "imgui.vcxproj" 内のターゲット "SelectCustomBuild" のビルドが終了しました。
ファイル "C:\Program Files\Microsoft Visual Studio\2022\Community\MSBuild\Microsoft\VC\v170\Microsoft.CppBuild.targets" 内にある、プロジェクト "C:\Users\bluec\Kamata\TakeCEngine\project\externals\imgui\imgui.vcxproj" からのターゲット "ComputeCustomBuildOutput" (ターゲット "CustomBuild" は依存):
false 条件のため、タスク "CreateItem" を省略しました。('%(CustomBuildOutputs.OutputItemType)'!='') は (''!='') として評価されました。
タスク "MakeDir"
タスク "MakeDir" の実行が終了しました。
プロジェクト "imgui.vcxproj" 内のターゲット "ComputeCustomBuildOutput" のビルドが終了しました。
ファイル "C:\Program Files\Microsoft Visual Studio\2022\Community\MSBuild\Microsoft\VC\v170\Microsoft.CppCommon.targets" 内にある、プロジェクト "C:\Users\bluec\Kamata\TakeCEngine\project\externals\imgui\imgui.vcxproj" からのターゲット "CustomBuild" (ターゲット "_BuildGenerateSourcesAction" は依存):
"GetOutOfDateItems" タスクをアセンブリ "C:\Program Files\Microsoft Visual Studio\2022\Community\MSBuild\Microsoft\VC\v170\Microsoft.Build.CppTasks.Common.dll" から使用しています。
タスク "GetOutOfDateItems"
タスク "GetOutOfDateItems" の実行が終了しました。
タスク "GetOutOfDateItems"
タスク "GetOutOfDateItems" の実行が終了しました。
false 条件のため、タスク "ParallelCustomBuild" を省略しました。('@(_ParallelCustomBuild)' != '') は ('' != '') として評価されました。
false 条件のため、タスク "CustomBuild" を省略しました。('@(_CustomBuild)' != '') は ('' != '') として評価されました。
プロジェクト "imgui.vcxproj" 内のターゲット "CustomBuild" のビルドが終了しました。
false 条件により、ターゲット "FxExport" を省略しました。('@(FxCompile)' != '') は ('' != '') として評価されました。
false 条件により、ターゲット "FxCompile" を省略しました。('@(FxCompile)' != '') は ('' != '') として評価されました。
false 条件により、ターゲット "_CreateCopyFileItems" を省略しました。('@(CopyFileToFolders)' != '') は ('' != '') として評価されました。
ターゲット "_SelectedFiles" を省略しました。以前に正しくビルドされていました。
ファイル "C:\Program Files\Microsoft Visual Studio\2022\Community\MSBuild\Microsoft\VC\v170\Microsoft.CppCommon.targets" 内にある、プロジェクト "C:\Users\bluec\Kamata\TakeCEngine\project\externals\imgui\imgui.vcxproj" からのターゲット "CopyFileToFolders" (ターゲット "_BuildGenerateSourcesAction" は依存):
タスク "GetOutOfDateItems"
タスク "GetOutOfDateItems" の実行が終了しました。
false 条件のため、タスク "Copy" を省略しました。('@(_OutOfDateCopyFile)' != '') は ('' != '') として評価されました。
プロジェクト "imgui.vcxproj" 内のターゲット "CopyFileToFolders" のビルドが終了しました。
false 条件により、ターゲット "Xsd" を省略しました。('@(Xsd)' != '') は ('' != '') として評価されました。
ファイル "C:\Program Files\Microsoft Visual Studio\2022\Community\MSBuild\Microsoft\VC\v170\Microsoft.CppBuild.targets" 内にある、プロジェクト "C:\Users\bluec\Kamata\TakeCEngine\project\externals\imgui\imgui.vcxproj" からのターゲット "_Xsd" (ターゲット "_BuildGenerateSourcesAction" は依存):
プロジェクト "imgui.vcxproj" 内のターゲット "_Xsd" のビルドが終了しました。
ファイル "C:\Program Files\Microsoft Visual Studio\2022\Community\MSBuild\Microsoft\VC\v170\Microsoft.CppBuild.targets" 内にある、プロジェクト "C:\Users\bluec\Kamata\TakeCEngine\project\externals\imgui\imgui.vcxproj" からのターゲット "MakeDirsForMidl" (ターゲット "_Midl" は依存):
タスク "Makedir"
タスク "Makedir" の実行が終了しました。
プロジェクト "imgui.vcxproj" 内のターゲット "MakeDirsForMidl" のビルドが終了しました。
false 条件により、ターゲット "Midl" を省略しました。('@(Midl)' != '') は ('' != '') として評価されました。
false 条件により、ターゲット "FxExport" を省略しました。('@(FxCompile)' != '') は ('' != '') として評価されました。
false 条件により、ターゲット "FxCompile" を省略しました。('@(FxCompile)' != '') は ('' != '') として評価されました。
ファイル "C:\Program Files\Microsoft Visual Studio\2022\Community\MSBuild\Microsoft\VC\v170\Microsoft.CppBuild.targets" 内にある、プロジェクト "C:\Users\bluec\Kamata\TakeCEngine\project\externals\imgui\imgui.vcxproj" からのターゲット "ComputeMIDLGeneratedCompileInputs" (ターゲット "_Midl" は依存):
プロジェクト "imgui.vcxproj" 内のターゲット "ComputeMIDLGeneratedCompileInputs" のビルドが終了しました。
ファイル "C:\Program Files\Microsoft Visual Studio\2022\Community\MSBuild\Microsoft\VC\v170\Microsoft.CppBuild.targets" 内にある、プロジェクト "C:\Users\bluec\Kamata\TakeCEngine\project\externals\imgui\imgui.vcxproj" からのターゲット "AfterMidl" (ターゲット "_Midl" は依存):
プロジェクト "imgui.vcxproj" 内のターゲット "AfterMidl" のビルドが終了しました。
ファイル "C:\Program Files\Microsoft Visual Studio\2022\Community\MSBuild\Microsoft\VC\v170\Microsoft.CppBuild.targets" 内にある、プロジェクト "C:\Users\bluec\Kamata\TakeCEngine\project\externals\imgui\imgui.vcxproj" からのターゲット "_Midl" (ターゲット "_BuildGenerateSourcesAction" は依存):
プロジェクト "imgui.vcxproj" 内のターゲット "_Midl" のビルドが終了しました。
ファイル "C:\Program Files\Microsoft Visual Studio\2022\Community\MSBuild\Microsoft\VC\v170\Microsoft.BuildSteps.Targets" 内にある、プロジェクト "C:\Users\bluec\Kamata\TakeCEngine\project\externals\imgui\imgui.vcxproj" からのターゲット "AfterBuildGenerateSources" (ターゲット "_BuildGenerateSourcesAction" は依存):
プロジェクト "imgui.vcxproj" 内のターゲット "AfterBuildGenerateSources" のビルドが終了しました。
ファイル "C:\Program Files\Microsoft Visual Studio\2022\Community\MSBuild\Microsoft\VC\v170\Microsoft.CppBuild.targets" 内にある、プロジェクト "C:\Users\bluec\Kamata\TakeCEngine\project\externals\imgui\imgui.vcxproj" からのターゲット "AfterBuildGenerateSourcesEvent" (ターゲット "_BuildGenerateSourcesAction" は依存):
プロジェクト "imgui.vcxproj" 内のターゲット "AfterBuildGenerateSourcesEvent" のビルドが終了しました。
ファイル "C:\Program Files\Microsoft Visual Studio\2022\Community\MSBuild\Microsoft\VC\v170\Microsoft.CppBuild.targets" 内にある、プロジェクト "C:\Users\bluec\Kamata\TakeCEngine\project\externals\imgui\imgui.vcxproj" からのターゲット "_BuildGenerateSourcesAction" (ターゲット "BuildGenerateSources" は依存):
プロジェクト "imgui.vcxproj" 内のターゲット "_BuildGenerateSourcesAction" のビルドが終了しました。
ファイル "C:\Program Files\Microsoft Visual Studio\2022\Community\MSBuild\Current\Bin\Microsoft.Common.CurrentVersion.targets" 内にある、プロジェクト "C:\Users\bluec\Kamata\TakeCEngine\project\externals\imgui\imgui.vcxproj" からのターゲット "BuildGenerateSources" (ターゲット "Build" は依存):
プロジェクト "imgui.vcxproj" 内のターゲット "BuildGenerateSources" のビルドが終了しました。
ターゲット "PrepareProjectReferences" を省略しました。以前に正しくビルドされていました。
ファイル "C:\Program Files\Microsoft Visual Studio\2022\Community\MSBuild\Current\Bin\Microsoft.Common.CurrentVersion.targets" 内にある、プロジェクト "C:\Users\bluec\Kamata\TakeCEngine\project\externals\imgui\imgui.vcxproj" からのターゲット "BuildCompileTraverse" (ターゲット "BuildCompile" は依存):
false 条件のため、タスク "MSBuild" を省略しました。('$(BuildPassReferences)' == 'true' and '@(ProjectReferenceWithConfiguration)' != '' and '@(_MSBuildProjectReferenceExistent)' != ''  and '%(_MSBuildProjectReferenceExistent.BuildReference)' == 'true') は ('' == 'true' and '' != '' and '' != ''  and '' == 'true') として評価されました。
プロジェクト "imgui.vcxproj" 内のターゲット "BuildCompileTraverse" のビルドが終了しました。
ターゲット "PrepareForBuild" を省略しました。以前に正しくビルドされていました。
ターゲット "ResolveReferences" を省略しました。以前に正しくビルドされていました。
ファイル "C:\Program Files\Microsoft Visual Studio\2022\Community\MSBuild\Microsoft\VC\v170\Microsoft.CppBuild.targets" 内にある、プロジェクト "C:\Users\bluec\Kamata\TakeCEngine\project\externals\imgui\imgui.vcxproj" からのターゲット "BeforeClCompile" (ターゲット "_ClCompile" は依存):
プロジェクト "imgui.vcxproj" 内のターゲット "BeforeClCompile" のビルドが終了しました。
false 条件により、ターゲット "GenerateTargetFrameworkMonikerAttribute" を省略しました。('$(GenerateTargetFrameworkAttribute)' == 'true') は ('false' == 'true') として評価されました。
ターゲット "ComputeMIDLGeneratedCompileInputs" を省略しました。以前に正しくビルドされていました。
ファイル "C:\Program Files\Microsoft Visual Studio\2022\Community\MSBuild\Microsoft\VC\v170\Microsoft.CppBuild.targets" 内にある、プロジェクト "C:\Users\bluec\Kamata\TakeCEngine\project\externals\imgui\imgui.vcxproj" からのターゲット "ComputeCLInputPDBName" (ターゲット "_ClCompile" は依存):
プロジェクト "imgui.vcxproj" 内のターゲット "ComputeCLInputPDBName" のビルドが終了しました。
ターゲット "ResolveReferences" を省略しました。以前に正しくビルドされていました。
ファイル "C:\Program Files\Microsoft Visual Studio\2022\Community\MSBuild\Current\Bin\Microsoft.Common.CurrentVersion.targets" 内にある、プロジェクト "C:\Users\bluec\Kamata\TakeCEngine\project\externals\imgui\imgui.vcxproj" からのターゲット "FindReferenceAssembliesForReferences" (ターゲット "ComputeReferenceCLInput" は依存):
プロジェクト "imgui.vcxproj" 内のターゲット "FindReferenceAssembliesForReferences" のビルドが終了しました。
ファイル "C:\Program Files\Microsoft Visual Studio\2022\Community\MSBuild\Microsoft\VC\v170\Microsoft.CppBuild.targets" 内にある、プロジェクト "C:\Users\bluec\Kamata\TakeCEngine\project\externals\imgui\imgui.vcxproj" からのターゲット "GetReferencedVCProjectsInfo" (ターゲット "ComputeReferenceCLInput" は依存):
false 条件のため、タスク "MSBuild" を省略しました。('%(_MSBuildProjectReferenceExistent.Extension)' == '.vcxproj' and '@(ProjectReferenceWithConfiguration)' != '' and '@(_MSBuildProjectReferenceExistent)' != '') は ('' == '.vcxproj' and '' != '' and '' != '') として評価されました。
プロジェクト "imgui.vcxproj" 内のターゲット "GetReferencedVCProjectsInfo" のビルドが終了しました。
ファイル "C:\Program Files\Microsoft Visual Studio\2022\Community\MSBuild\Microsoft\VC\v170\Microsoft.CppBuild.targets" 内にある、プロジェクト "C:\Users\bluec\Kamata\TakeCEngine\project\externals\imgui\imgui.vcxproj" からのターゲット "ComputeReferenceCLInput" (ターゲット "_ClCompile" は依存):
false 条件のため、タスク "WriteLinesToFile" を省略しました。('@(_ReferenceOutputsToCopyLocally)'!='' and '$(DesignTimeBuild)' != 'true' and '$(TrackFileAccess)' == 'true') は (''!='' and '' != 'true' and 'true' == 'true') として評価されました。
false 条件のため、タスク "WriteLinesToFile" を省略しました。('@(_ReferenceOutputsToCopyLocally)'!='' and '$(DesignTimeBuild)' != 'true' and '$(TrackFileAccess)' == 'true') は (''!='' and '' != 'true' and 'true' == 'true') として評価されました。
false 条件のため、タスク "Message" を省略しました。('$(_REFERENCE_DEBUG)'=='true') は (''=='true') として評価されました。
プロジェクト "imgui.vcxproj" 内のターゲット "ComputeReferenceCLInput" のビルドが終了しました。
ファイル "C:\Program Files\Microsoft Visual Studio\2022\Community\MSBuild\Microsoft\VC\v170\Microsoft.CppBuild.targets" 内にある、プロジェクト "C:\Users\bluec\Kamata\TakeCEngine\project\externals\imgui\imgui.vcxproj" からのターゲット "WarnCompileDuplicatedFilename" (ターゲット "_ClCompile" は依存):
false 条件のため、タスク "VCMessage" を省略しました。('%(ClCompile.ExcludedFromBuild)' != 'true' and '%(Filename)%(Extension)' != '@(ClCompile->'%(Filename)%(Extension)')' and '%(ObjectFileName)' == '@(ClCompile->Metadata(ObjectFileName)->Distinct())') は ('' != 'true' and 'imgui.cpp' != 'imgui.cpp' and 'C:\Users\bluec\Kamata\TakeCEngine\project\..\generated\obj\imgui\Debug\' == 'C:\Users\bluec\Kamata\TakeCEngine\project\..\generated\obj\imgui\Debug\') として評価されました。
false 条件のため、タスク "VCMessage" を省略しました。('%(ClCompile.ExcludedFromBuild)' != 'true' and '%(Filename)%(Extension)' != '@(ClCompile->'%(Filename)%(Extension)')' and '%(ObjectFileName)' == '@(ClCompile->Metadata(ObjectFileName)->Distinct())') は ('' != 'true' and 'imgui_demo.cpp' != 'imgui_demo.cpp' and 'C:\Users\bluec\Kamata\TakeCEngine\project\..\generated\obj\imgui\Debug\' == 'C:\Users\bluec\Kamata\TakeCEngine\project\..\generated\obj\imgui\Debug\') として評価されました。
false 条件のため、タスク "VCMessage" を省略しました。('%(ClCompile.ExcludedFromBuild)' != 'true' and '%(Filename)%(Extension)' != '@(ClCompile->'%(Filename)%(Extension)')' and '%(ObjectFileName)' == '@(ClCompile->Metadata(ObjectFileName)->Distinct())') は ('' != 'true' and 'imgui_draw.cpp' != 'imgui_draw.cpp' and 'C:\Users\bluec\Kamata\TakeCEngine\project\..\generated\obj\imgui\Debug\' == 'C:\Users\bluec\Kamata\TakeCEngine\project\..\generated\obj\imgui\Debug\') として評価されました。
false 条件のため、タスク "VCMessage" を省略しました。('%(ClCompile.ExcludedFromBuild)' != 'true' and '%(Filename)%(Extension)' != '@(ClCompile->'%(Filename)%(Extension)')' and '%(ObjectFileName)' == '@(ClCompile->Metadata(ObjectFileName)->Distinct())') は ('' != 'true' and 'imgui_impl_dx12.cpp' != 'imgui_impl_dx12.cpp' and 'C:\Users\bluec\Kamata\TakeCEngine\project\..\generated\obj\imgui\Debug\' == 'C:\Users\bluec\Kamata\TakeCEngine\project\..\generated\obj\imgui\Debug\') として評価されました。
false 条件のため、タスク "VCMessage" を省略しました。('%(ClCompile.ExcludedFromBuild)' != 'true' and '%(Filename)%(Extension)' != '@(ClCompile->'%(Filename)%(Extension)')' and '%(ObjectFileName)' == '@(ClCompile->Metadata(ObjectFileName)->Distinct())') は ('' != 'true' and 'imgui_impl_win32.cpp' != 'imgui_impl_win32.cpp' and 'C:\Users\bluec\Kamata\TakeCEngine\project\..\generated\obj\imgui\Debug\' == 'C:\Users\bluec\Kamata\TakeCEngine\project\..\generated\obj\imgui\Debug\') として評価されました。
false 条件のため、タスク "VCMessage" を省略しました。('%(ClCompile.ExcludedFromBuild)' != 'true' and '%(Filename)%(Extension)' != '@(ClCompile->'%(Filename)%(Extension)')' and '%(ObjectFileName)' == '@(ClCompile->Metadata(ObjectFileName)->Distinct())') は ('' != 'true' and 'imgui_tables.cpp' != 'imgui_tables.cpp' and 'C:\Users\bluec\Kamata\TakeCEngine\project\..\generated\obj\imgui\Debug\' == 'C:\Users\bluec\Kamata\TakeCEngine\project\..\generated\obj\imgui\Debug\') として評価されました。
false 条件のため、タスク "VCMessage" を省略しました。('%(ClCompile.ExcludedFromBuild)' != 'true' and '%(Filename)%(Extension)' != '@(ClCompile->'%(Filename)%(Extension)')' and '%(ObjectFileName)' == '@(ClCompile->Metadata(ObjectFileName)->Distinct())') は ('' != 'true' and 'imgui_widgets.cpp' != 'imgui_widgets.cpp' and 'C:\Users\bluec\Kamata\TakeCEngine\project\..\generated\obj\imgui\Debug\' == 'C:\Users\bluec\Kamata\TakeCEngine\project\..\generated\obj\imgui\Debug\') として評価されました。
プロジェクト "imgui.vcxproj" 内のターゲット "WarnCompileDuplicatedFilename" のビルドが終了しました。
ファイル "C:\Program Files\Microsoft Visual Studio\2022\Community\MSBuild\Microsoft\VC\v170\Microsoft.CppCommon.targets" 内にある、プロジェクト "C:\Users\bluec\Kamata\TakeCEngine\project\externals\imgui\imgui.vcxproj" からのターゲット "SetCppLanguageStandardCapabilities" (ターゲット "ComputeStdModulesCompileInputs" は依存):
プロジェクト "imgui.vcxproj" 内のターゲット "SetCppLanguageStandardCapabilities" のビルドが終了しました。
ファイル "C:\Program Files\Microsoft Visual Studio\2022\Community\MSBuild\Microsoft\VC\v170\Microsoft.CppCommon.targets" 内にある、プロジェクト "C:\Users\bluec\Kamata\TakeCEngine\project\externals\imgui\imgui.vcxproj" からのターゲット "ComputeStdModulesCompileInputs" (ターゲット "_ClCompile" は依存):
false 条件のため、タスク "GetLibraryModuleSources" を省略しました。('@(LibraryManifests)' != '') は ('' != '') として評価されました。
プロジェクト "imgui.vcxproj" 内のターゲット "ComputeStdModulesCompileInputs" のビルドが終了しました。
ターゲット "SetCppLanguageStandardCapabilities" を省略しました。以前に正しくビルドされていました。
ファイル "C:\Program Files\Microsoft Visual Studio\2022\Community\MSBuild\Microsoft\VC\v170\Microsoft.CppCommon.targets" 内にある、プロジェクト "C:\Users\bluec\Kamata\TakeCEngine\project\externals\imgui\imgui.vcxproj" からのターゲット "FixupCLCompileOptions" (ターゲット "_ClCompile" は依存):
プロジェクト "imgui.vcxproj" 内のターゲット "FixupCLCompileOptions" のビルドが終了しました。
false 条件により、ターゲット "SetModuleDependencies" を省略しました。('$(DesignTimeBuild)' != 'true' and '$(EnableCppModules)' == 'true') は ('' != 'true' and '' == 'true') として評価されました。
ファイル "C:\Program Files\Microsoft Visual Studio\2022\Community\MSBuild\Microsoft\VC\v170\Microsoft.CppBuild.targets" 内にある、プロジェクト "C:\Users\bluec\Kamata\TakeCEngine\project\externals\imgui\imgui.vcxproj" からのターゲット "MakeDirsForCl" (ターゲット "_ClCompile" は依存):
タスク "MakeDir"
タスク "MakeDir" の実行が終了しました。
プロジェクト "imgui.vcxproj" 内のターゲット "MakeDirsForCl" のビルドが終了しました。
ターゲット "_SelectedFiles" を省略しました。以前に正しくビルドされていました。
false 条件により、ターゲット "GenerateTargetFrameworkMonikerAttribute" を省略しました。('$(GenerateTargetFrameworkAttribute)' == 'true') は ('false' == 'true') として評価されました。
ターゲット "ComputeMIDLGeneratedCompileInputs" を省略しました。以前に正しくビルドされていました。
ターゲット "ComputeCLInputPDBName" を省略しました。以前に正しくビルドされていました。
ターゲット "ComputeReferenceCLInput" を省略しました。以前に正しくビルドされていました。
ターゲット "WarnCompileDuplicatedFilename" を省略しました。以前に正しくビルドされていました。
ターゲット "ComputeStdModulesCompileInputs" を省略しました。以前に正しくビルドされていました。
ターゲット "FixupCLCompileOptions" を省略しました。以前に正しくビルドされていました。
false 条件により、ターゲット "SetModuleDependencies" を省略しました。('$(DesignTimeBuild)' != 'true' and '$(EnableCppModules)' == 'true') は ('' != 'true' and '' == 'true') として評価されました。
ターゲット "SelectCustomBuild" を省略しました。以前に正しくビルドされていました。
false 条件により、ターゲット "SetModuleDependencies" を省略しました。('$(DesignTimeBuild)' != 'true' and '$(EnableCppModules)' == 'true') は ('' != 'true' and '' == 'true') として評価されました。
ファイル "C:\Program Files\Microsoft Visual Studio\2022\Community\MSBuild\Microsoft\VC\v170\Microsoft.CppBuild.targets" 内にある、プロジェクト "C:\Users\bluec\Kamata\TakeCEngine\project\externals\imgui\imgui.vcxproj" からのターゲット "SelectClCompile" (ターゲット "ClCompile" は依存):
プロジェクト "imgui.vcxproj" 内のターゲット "SelectClCompile" のビルドが終了しました。
false 条件により、ターゲット "SelectAnalysisManifest" を省略しました。('$(RunMsvcAnalysis)'=='true' and '$(SelectedFiles)'!='') は ('false'=='true' and ''!='') として評価されました。
false 条件により、ターゲット "ManagedIncrementalBuildPreProcessDependencyGraph" を省略しました。('@(ClCompile)' != '' and '$(EnableManagedIncrementalBuild)' == 'True') は ('imgui.cpp;imgui_demo.cpp;imgui_draw.cpp;...' != '' and 'false' == 'True') として評価されました。
ファイル "C:\Program Files\Microsoft Visual Studio\2022\Community\MSBuild\Microsoft\VC\v170\Microsoft.CppCommon.targets" 内にある、プロジェクト "C:\Users\bluec\Kamata\TakeCEngine\project\externals\imgui\imgui.vcxproj" からのターゲット "ClCompile" (ターゲット "_ClCompile" は依存):
false 条件のため、タスク "Delete" を省略しました。('%(ClCompile.DebugInformationFormat)' != '' and '%(ClCompile.DebugInformationFormat)' != 'None' and '%(ClCompile.DebugInformationFormat)' != 'OldStyle' and '%(ClCompile.ProgramDataBaseFileName)' != '' and !Exists(%(ClCompile.ProgramDataBaseFileName))) は ('EditAndContinue' != '' and 'EditAndContinue' != 'None' and 'EditAndContinue' != 'OldStyle' and 'C:\Users\bluec\Kamata\TakeCEngine\project\..\generated\outputs\Debug\imgui.pdb' != '' and !Exists(C:\Users\bluec\Kamata\TakeCEngine\project\..\generated\outputs\Debug\imgui.pdb)) として評価されました。
false 条件のため、タスク "MultiToolTask" を省略しました。('%(ClCompile.CompilerIteration)' == 'Modules') は ('' == 'Modules') として評価されました。
false 条件のため、タスク "MultiToolTask" を省略しました。('%(ClCompile.CompilerIteration)' == '' and '$(MultiProcCL)' == 'true') は ('' == '' and 'false' == 'true') として評価されました。
false 条件のため、タスク "CL" を省略しました。('%(ClCompile.PrecompiledHeader)' == 'Create' and '%(ClCompile.CompilerIteration)' == '' and '$(MultiProcCL)' != 'true') は ('NotUsing' == 'Create' and '' == '' and 'false' != 'true') として評価されました。
"CL" タスクをアセンブリ "C:\Program Files\Microsoft Visual Studio\2022\Community\MSBuild\Microsoft\VC\v170\Microsoft.Build.CppTasks.Common.dll" から使用しています。
タスク "CL"
  読み取り追跡ログ:
  	C:\Users\bluec\Kamata\TakeCEngine\project\..\generated\obj\imgui\Debug\imgui.tlog\CL.read.1.tlog
  C:\USERS\BLUEC\KAMATA\TAKECENGINE\PROJECT\EXTERNALS\IMGUI\IMGUI.CPP|C:\USERS\BLUEC\KAMATA\TAKECENGINE\PROJECT\EXTERNALS\IMGUI\IMGUI_DEMO.CPP|C:\USERS\BLUEC\KAMATA\TAKECENGINE\PROJECT\EXTERNALS\IMGUI\IMGUI_DRAW.CPP|C:\USERS\BLUEC\KAMATA\TAKECENGINE\PROJECT\EXTERNALS\IMGUI\IMGUI_IMPL_DX12.CPP|C:\USERS\BLUEC\KAMATA\TAKECENGINE\PROJECT\EXTERNALS\IMGUI\IMGUI_IMPL_WIN32.CPP|C:\USERS\BLUEC\KAMATA\TAKECENGINE\PROJECT\EXTERNALS\IMGUI\IMGUI_TABLES.CPP|C:\USERS\BLUEC\KAMATA\TAKECENGINE\PROJECT\EXTERNALS\IMGUI\IMGUI_WIDGETS.CPP に対する出力:
  	C:\USERS\BLUEC\KAMATA\TAKECENGINE\GENERATED\OBJ\IMGUI\DEBUG\IMGUI.OBJ
  	C:\USERS\BLUEC\KAMATA\TAKECENGINE\GENERATED\OBJ\IMGUI\DEBUG\IMGUI_DEMO.OBJ
  	C:\USERS\BLUEC\KAMATA\TAKECENGINE\GENERATED\OBJ\IMGUI\DEBUG\IMGUI_DRAW.OBJ
  	C:\USERS\BLUEC\KAMATA\TAKECENGINE\GENERATED\OBJ\IMGUI\DEBUG\IMGUI_IMPL_DX12.OBJ
  	C:\USERS\BLUEC\KAMATA\TAKECENGINE\GENERATED\OBJ\IMGUI\DEBUG\IMGUI_IMPL_WIN32.OBJ
  	C:\USERS\BLUEC\KAMATA\TAKECENGINE\GENERATED\OBJ\IMGUI\DEBUG\IMGUI_TABLES.OBJ
  	C:\USERS\BLUEC\KAMATA\TAKECENGINE\GENERATED\OBJ\IMGUI\DEBUG\IMGUI_WIDGETS.OBJ
  すべての出力が最新のものです。
タスク "CL" の実行が終了しました。
プロジェクト "imgui.vcxproj" 内のターゲット "ClCompile" のビルドが終了しました。
false 条件により、ターゲット "RunSelectedFileNativeCodeAnalysis" を省略しました。('$(RunMsvcAnalysis)'=='true' and '$(SelectedFiles)'!='') は ('false'=='true' and ''!='') として評価されました。
false 条件により、ターゲット "ManagedIncrementalBuildPostProcessDependencyGraph" を省略しました。('@(ClCompile)' != '' and '$(EnableManagedIncrementalBuild)' == 'True') は ('imgui.cpp;imgui_demo.cpp;imgui_draw.cpp;...' != '' and 'false' == 'True') として評価されました。
false 条件により、ターゲット "NoAnalysisToolEnabledWarning" を省略しました。('$(RunCppAnalysis)'=='true' AND '$(EnableMicrosoftCodeAnalysis)'=='false' AND '$(EnableClangTidyCodeAnalysis)'=='false') は ('false'=='true' AND 'true'=='false' AND 'false'=='false') として評価されました。
false 条件により、ターゲット "RunSelectedFileClangTidy" を省略しました。('$(RunClangCppAnalysis)'=='true' AND '$(SelectedFiles)'!='') は ('false'=='true' AND ''!='') として評価されました。
false 条件により、ターゲット "MicrosoftAnalysisIncompatiableWithClangCl" を省略しました。('$(RunCppAnalysis)'=='true' AND '$(EnableMicrosoftCodeAnalysis)'=='true' AND '$(UseClangCl)'=='true') は ('false'=='true' AND 'true'=='true' AND ''=='true') として評価されました。
ファイル "C:\Program Files\Microsoft Visual Studio\2022\Community\MSBuild\Microsoft\VC\v170\Microsoft.CppBuild.targets" 内にある、プロジェクト "C:\Users\bluec\Kamata\TakeCEngine\project\externals\imgui\imgui.vcxproj" からのターゲット "AfterClCompile" (ターゲット "_ClCompile" は依存):
プロジェクト "imgui.vcxproj" 内のターゲット "AfterClCompile" のビルドが終了しました。
ファイル "C:\Program Files\Microsoft Visual Studio\2022\Community\MSBuild\Microsoft\VC\v170\Microsoft.CppBuild.targets" 内にある、プロジェクト "C:\Users\bluec\Kamata\TakeCEngine\project\externals\imgui\imgui.vcxproj" からのターゲット "_ClCompile" (ターゲット "_BuildCompileAction" は依存):
プロジェクト "imgui.vcxproj" 内のターゲット "_ClCompile" のビルドが終了しました。
false 条件により、ターゲット "_ResGen" を省略しました。('@(EmbeddedResource)'!='') は (''!='') として評価されました。
ファイル "C:\Program Files\Microsoft Visual Studio\2022\Community\MSBuild\Microsoft\VC\v170\Microsoft.CppBuild.targets" 内にある、プロジェクト "C:\Users\bluec\Kamata\TakeCEngine\project\externals\imgui\imgui.vcxproj" からのターゲット "BeforeResourceCompile" (ターゲット "_ResourceCompile" は依存):
プロジェクト "imgui.vcxproj" 内のターゲット "BeforeResourceCompile" のビルドが終了しました。
ファイル "C:\Program Files\Microsoft Visual Studio\2022\Community\MSBuild\Microsoft\VC\v170\Microsoft.CppBuild.targets" 内にある、プロジェクト "C:\Users\bluec\Kamata\TakeCEngine\project\externals\imgui\imgui.vcxproj" からのターゲット "MakeDirsForResourceCompile" (ターゲット "_ResourceCompile" は依存):
タスク "MakeDir"
タスク "MakeDir" の実行が終了しました。
プロジェクト "imgui.vcxproj" 内のターゲット "MakeDirsForResourceCompile" のビルドが終了しました。
false 条件により、ターゲット "ResourceCompile" を省略しました。('@(ResourceCompile)' != '') は ('' != '') として評価されました。
ファイル "C:\Program Files\Microsoft Visual Studio\2022\Community\MSBuild\Microsoft\VC\v170\Microsoft.CppBuild.targets" 内にある、プロジェクト "C:\Users\bluec\Kamata\TakeCEngine\project\externals\imgui\imgui.vcxproj" からのターゲット "AfterResourceCompile" (ターゲット "_ResourceCompile" は依存):
プロジェクト "imgui.vcxproj" 内のターゲット "AfterResourceCompile" のビルドが終了しました。
ファイル "C:\Program Files\Microsoft Visual Studio\2022\Community\MSBuild\Microsoft\VC\v170\Microsoft.CppBuild.targets" 内にある、プロジェクト "C:\Users\bluec\Kamata\TakeCEngine\project\externals\imgui\imgui.vcxproj" からのターゲット "_ResourceCompile" (ターゲット "_BuildCompileAction" は依存):
プロジェクト "imgui.vcxproj" 内のターゲット "_ResourceCompile" のビルドが終了しました。
false 条件により、ターゲット "_ImpLib" を省略しました。('$(ImpLibCompiled)' == 'true') は ('' == 'true') として評価されました。
ファイル "C:\Program Files\Microsoft Visual Studio\2022\Community\MSBuild\Microsoft\VC\v170\Microsoft.CppBuild.targets" 内にある、プロジェクト "C:\Users\bluec\Kamata\TakeCEngine\project\externals\imgui\imgui.vcxproj" からのターゲット "BeforeLib" (ターゲット "_Lib" は依存):
プロジェクト "imgui.vcxproj" 内のターゲット "BeforeLib" のビルドが終了しました。
ファイル "C:\Program Files\Microsoft Visual Studio\2022\Community\MSBuild\Microsoft\VC\v170\Microsoft.CppBuild.targets" 内にある、プロジェクト "C:\Users\bluec\Kamata\TakeCEngine\project\externals\imgui\imgui.vcxproj" からのターゲット "ComputeLibAdditionalOptions" (ターゲット "_Lib" は依存):
プロジェクト "imgui.vcxproj" 内のターゲット "ComputeLibAdditionalOptions" のビルドが終了しました。
ファイル "C:\Program Files\Microsoft Visual Studio\2022\Community\MSBuild\Microsoft\VC\v170\Microsoft.CppBuild.targets" 内にある、プロジェクト "C:\Users\bluec\Kamata\TakeCEngine\project\externals\imgui\imgui.vcxproj" からのターゲット "ComputeRCOutputs" (ターゲット "ComputeRCGeneratedLibInputs" は依存):
プロジェクト "imgui.vcxproj" 内のターゲット "ComputeRCOutputs" のビルドが終了しました。
ファイル "C:\Program Files\Microsoft Visual Studio\2022\Community\MSBuild\Microsoft\VC\v170\Microsoft.CppBuild.targets" 内にある、プロジェクト "C:\Users\bluec\Kamata\TakeCEngine\project\externals\imgui\imgui.vcxproj" からのターゲット "ComputeRCGeneratedLibInputs" (ターゲット "_Lib" は依存):
プロジェクト "imgui.vcxproj" 内のターゲット "ComputeRCGeneratedLibInputs" のビルドが終了しました。
ターゲット "ComputeCustomBuildOutput" を省略しました。以前に正しくビルドされていました。
false 条件により、ターゲット "GenerateTargetFrameworkMonikerAttribute" を省略しました。('$(GenerateTargetFrameworkAttribute)' == 'true') は ('false' == 'true') として評価されました。
ターゲット "ComputeMIDLGeneratedCompileInputs" を省略しました。以前に正しくビルドされていました。
ターゲット "ComputeCLInputPDBName" を省略しました。以前に正しくビルドされていました。
ターゲット "ComputeReferenceCLInput" を省略しました。以前に正しくビルドされていました。
ターゲット "WarnCompileDuplicatedFilename" を省略しました。以前に正しくビルドされていました。
ターゲット "ComputeStdModulesCompileInputs" を省略しました。以前に正しくビルドされていました。
ターゲット "FixupCLCompileOptions" を省略しました。以前に正しくビルドされていました。
false 条件により、ターゲット "SetModuleDependencies" を省略しました。('$(DesignTimeBuild)' != 'true' and '$(EnableCppModules)' == 'true') は ('' != 'true' and '' == 'true') として評価されました。
false 条件により、ターゲット "SetModuleDependencies" を省略しました。('$(DesignTimeBuild)' != 'true' and '$(EnableCppModules)' == 'true') は ('' != 'true' and '' == 'true') として評価されました。
ファイル "C:\Program Files\Microsoft Visual Studio\2022\Community\MSBuild\Microsoft\VC\v170\Microsoft.CppBuild.targets" 内にある、プロジェクト "C:\Users\bluec\Kamata\TakeCEngine\project\externals\imgui\imgui.vcxproj" からのターゲット "ComputeCLOutputs" (ターゲット "ComputeCLGeneratedLibInputs" は依存):
プロジェクト "imgui.vcxproj" 内のターゲット "ComputeCLOutputs" のビルドが終了しました。
ファイル "C:\Program Files\Microsoft Visual Studio\2022\Community\MSBuild\Microsoft\VC\v170\Microsoft.CppBuild.targets" 内にある、プロジェクト "C:\Users\bluec\Kamata\TakeCEngine\project\externals\imgui\imgui.vcxproj" からのターゲット "ComputeCLGeneratedLibInputs" (ターゲット "_Lib" は依存):
プロジェクト "imgui.vcxproj" 内のターゲット "ComputeCLGeneratedLibInputs" のビルドが終了しました。
ファイル "C:\Program Files\Microsoft Visual Studio\2022\Community\MSBuild\Microsoft\VC\v170\Microsoft.CppBuild.targets" 内にある、プロジェクト "C:\Users\bluec\Kamata\TakeCEngine\project\externals\imgui\imgui.vcxproj" からのターゲット "ComputeLibInputsFromProject" (ターゲット "_Lib" は依存):
プロジェクト "imgui.vcxproj" 内のターゲット "ComputeLibInputsFromProject" のビルドが終了しました。
false 条件により、ターゲット "ComputeReferenceLibInputs" を省略しました。(@(ProjectReference) != '') は ( != '') として評価されました。
ファイル "C:\Program Files\Microsoft Visual Studio\2022\Community\MSBuild\Microsoft\VC\v170\Microsoft.CppBuild.targets" 内にある、プロジェクト "C:\Users\bluec\Kamata\TakeCEngine\project\externals\imgui\imgui.vcxproj" からのターゲット "MakeDirsForLib" (ターゲット "_Lib" は依存):
タスク "MakeDir"
タスク "MakeDir" の実行が終了しました。
プロジェクト "imgui.vcxproj" 内のターゲット "MakeDirsForLib" のビルドが終了しました。
ファイル "C:\Program Files\Microsoft Visual Studio\2022\Community\MSBuild\Microsoft\VC\v170\Microsoft.CppBuild.targets" 内にある、プロジェクト "C:\Users\bluec\Kamata\TakeCEngine\project\externals\imgui\imgui.vcxproj" からのターゲット "DoLibOutputFilesMatch" (ターゲット "_Lib" は依存):
false 条件のため、タスク "VCMessage" を省略しました。('@(_OutputFileFromLib)' == '') は ('C:\Users\bluec\Kamata\TakeCEngine\project\..\generated\outputs\Debug\imgui.lib' == '') として評価されました。
false 条件のため、タスク "VCMessage" を省略しました。('@(_OutputFileFromLib)' != '' and '%(_OutputFileFromLib.FullPath)' != '$([System.IO.Path]::GetFullPath($(TargetPath)))') は ('C:\Users\bluec\Kamata\TakeCEngine\project\..\generated\outputs\Debug\imgui.lib' != '' and 'C:\Users\bluec\Kamata\TakeCEngine\generated\outputs\Debug\imgui.lib' != 'C:\Users\bluec\Kamata\TakeCEngine\generated\outputs\Debug\imgui.lib') として評価されました。
false 条件のため、タスク "VCMessage" を省略しました。('@(_OutputFileFromLib)' != '' and '%(_OutputFileFromLib.Extension)' != '' and '%(_OutputFileFromLib.Extension)' != '$(TargetExt)') は ('C:\Users\bluec\Kamata\TakeCEngine\project\..\generated\outputs\Debug\imgui.lib' != '' and '.lib' != '' and '.lib' != '.lib') として評価されました。
false 条件のため、タスク "VCMessage" を省略しました。('@(_OutputFileFromLib)' != '' and '%(_OutputFileFromLib.Filename)' !=  '' and '%(_OutputFileFromLib.Filename)' != '$(TargetName)') は ('C:\Users\bluec\Kamata\TakeCEngine\project\..\generated\outputs\Debug\imgui.lib' != '' and 'imgui' !=  '' and 'imgui' != 'imgui') として評価されました。
プロジェクト "imgui.vcxproj" 内のターゲット "DoLibOutputFilesMatch" のビルドが終了しました。
ファイル "C:\Program Files\Microsoft Visual Studio\2022\Community\MSBuild\Microsoft\VC\v170\Microsoft.CppCommon.targets" 内にある、プロジェクト "C:\Users\bluec\Kamata\TakeCEngine\project\externals\imgui\imgui.vcxproj" からのターゲット "PreLinkEvent" (ターゲット "_Lib" は依存):
false 条件のため、タスク "Message" を省略しました。('%(PreLinkEvent.Message)' != '' and '%(PreLinkEvent.Command)' != '') は ('' != '' and '' != '') として評価されました。
false 条件のため、タスク "Exec" を省略しました。('%(PreLinkEvent.Command)' != '') は ('' != '') として評価されました。
プロジェクト "imgui.vcxproj" 内のターゲット "PreLinkEvent" のビルドが終了しました。
ファイル "C:\Program Files\Microsoft Visual Studio\2022\Community\MSBuild\Microsoft\VC\v170\Microsoft.CppCommon.targets" 内にある、プロジェクト "C:\Users\bluec\Kamata\TakeCEngine\project\externals\imgui\imgui.vcxproj" からのターゲット "Lib" (ターゲット "_Lib" は依存):
"LIB" タスクをアセンブリ "C:\Program Files\Microsoft Visual Studio\2022\Community\MSBuild\Microsoft\VC\v170\Microsoft.Build.CppTasks.Common.dll" から使用しています。
タスク "LIB"
  書き込み追跡ログ:
  	C:\Users\bluec\Kamata\TakeCEngine\project\..\generated\obj\imgui\Debug\imgui.tlog\Lib-link.write.1.tlog
  読み取り追跡ログ:
  	C:\Users\bluec\Kamata\TakeCEngine\project\..\generated\obj\imgui\Debug\imgui.tlog\Lib.read.1.tlog
  C:\USERS\BLUEC\KAMATA\TAKECENGINE\GENERATED\OBJ\IMGUI\DEBUG\IMGUI.OBJ|C:\USERS\BLUEC\KAMATA\TAKECENGINE\GENERATED\OBJ\IMGUI\DEBUG\IMGUI_DEMO.OBJ|C:\USERS\BLUEC\KAMATA\TAKECENGINE\GENERATED\OBJ\IMGUI\DEBUG\IMGUI_DRAW.OBJ|C:\USERS\BLUEC\KAMATA\TAKECENGINE\GENERATED\OBJ\IMGUI\DEBUG\IMGUI_IMPL_DX12.OBJ|C:\USERS\BLUEC\KAMATA\TAKECENGINE\GENERATED\OBJ\IMGUI\DEBUG\IMGUI_IMPL_WIN32.OBJ|C:\USERS\BLUEC\KAMATA\TAKECENGINE\GENERATED\OBJ\IMGUI\DEBUG\IMGUI_TABLES.OBJ|C:\USERS\BLUEC\KAMATA\TAKECENGINE\GENERATED\OBJ\IMGUI\DEBUG\IMGUI_WIDGETS.OBJ に対する出力:
  	C:\USERS\BLUEC\KAMATA\TAKECENGINE\GENERATED\OUTPUTS\DEBUG\IMGUI.LIB
  すべての出力が最新のものです。
タスク "LIB" の実行が終了しました。
false 条件のため、タスク "Copy" を省略しました。('$(_BuiltPdb)' != '' and
                     '$(_BuiltPdb)' != '$(_LibPdb)' and
                     ('%(ClCompile.DebugInformationFormat)' == 'ProgramDatabase' or '%(ClCompile.DebugInformationFormat)' == 'EditAndContinue') and
                     Exists($(_BuiltPdb))) は ('C:\Users\bluec\Kamata\TakeCEngine\generated\outputs\Debug\imgui.pdb' != '' and
                     'C:\Users\bluec\Kamata\TakeCEngine\generated\outputs\Debug\imgui.pdb' != 'C:\Users\bluec\Kamata\TakeCEngine\generated\outputs\Debug\imgui.pdb' and
                     ('EditAndContinue' == 'ProgramDatabase' or 'EditAndContinue' == 'EditAndContinue') and
                     Exists(C:\Users\bluec\Kamata\TakeCEngine\generated\outputs\Debug\imgui.pdb)) として評価されました。
タスク "Message"
  imgui.vcxproj -> C:\Users\bluec\Kamata\TakeCEngine\generated\outputs\Debug\imgui.lib
タスク "Message" の実行が終了しました。
プロジェクト "imgui.vcxproj" 内のターゲット "Lib" のビルドが終了しました。
ファイル "C:\Program Files\Microsoft Visual Studio\2022\Community\MSBuild\Microsoft\VC\v170\Microsoft.CppBuild.targets" 内にある、プロジェクト "C:\Users\bluec\Kamata\TakeCEngine\project\externals\imgui\imgui.vcxproj" からのターゲット "AfterLib" (ターゲット "_Lib" は依存):
プロジェクト "imgui.vcxproj" 内のターゲット "AfterLib" のビルドが終了しました。
ファイル "C:\Program Files\Microsoft Visual Studio\2022\Community\MSBuild\Microsoft\VC\v170\Microsoft.CppBuild.targets" 内にある、プロジェクト "C:\Users\bluec\Kamata\TakeCEngine\project\externals\imgui\imgui.vcxproj" からのターゲット "_Lib" (ターゲット "_BuildCompileAction" は依存):
プロジェクト "imgui.vcxproj" 内のターゲット "_Lib" のビルドが終了しました。
ファイル "C:\Program Files\Microsoft Visual Studio\2022\Community\MSBuild\Microsoft\VC\v170\Microsoft.CppBuild.targets" 内にある、プロジェクト "C:\Users\bluec\Kamata\TakeCEngine\project\externals\imgui\imgui.vcxproj" からのターゲット "AfterBuildCompileEvent" (ターゲット "_BuildCompileAction" は依存):
プロジェクト "imgui.vcxproj" 内のターゲット "AfterBuildCompileEvent" のビルドが終了しました。
ファイル "C:\Program Files\Microsoft Visual Studio\2022\Community\MSBuild\Microsoft\VC\v170\Microsoft.CppBuild.targets" 内にある、プロジェクト "C:\Users\bluec\Kamata\TakeCEngine\project\externals\imgui\imgui.vcxproj" からのターゲット "_BuildCompileAction" (ターゲット "BuildCompile" は依存):
プロジェクト "imgui.vcxproj" 内のターゲット "_BuildCompileAction" のビルドが終了しました。
ファイル "C:\Program Files\Microsoft Visual Studio\2022\Community\MSBuild\Current\Bin\Microsoft.Common.CurrentVersion.targets" 内にある、プロジェクト "C:\Users\bluec\Kamata\TakeCEngine\project\externals\imgui\imgui.vcxproj" からのターゲット "BuildCompile" (ターゲット "Build" は依存):
プロジェクト "imgui.vcxproj" 内のターゲット "BuildCompile" のビルドが終了しました。
ターゲット "PrepareProjectReferences" を省略しました。以前に正しくビルドされていました。
ファイル "C:\Program Files\Microsoft Visual Studio\2022\Community\MSBuild\Current\Bin\Microsoft.Common.CurrentVersion.targets" 内にある、プロジェクト "C:\Users\bluec\Kamata\TakeCEngine\project\externals\imgui\imgui.vcxproj" からのターゲット "BuildLinkTraverse" (ターゲット "BuildLink" は依存):
false 条件のため、タスク "MSBuild" を省略しました。('$(BuildPassReferences)' == 'true' and '@(ProjectReferenceWithConfiguration)' != '' and '@(_MSBuildProjectReferenceExistent)' != ''  and '%(_MSBuildProjectReferenceExistent.BuildReference)' == 'true') は ('' == 'true' and '' != '' and '' != ''  and '' == 'true') として評価されました。
プロジェクト "imgui.vcxproj" 内のターゲット "BuildLinkTraverse" のビルドが終了しました。
ターゲット "PrepareForBuild" を省略しました。以前に正しくビルドされていました。
ターゲット "ResolveReferences" を省略しました。以前に正しくビルドされていました。
ファイル "C:\Program Files\Microsoft Visual Studio\2022\Community\MSBuild\Microsoft\VC\v170\Microsoft.CppBuild.targets" 内にある、プロジェクト "C:\Users\bluec\Kamata\TakeCEngine\project\externals\imgui\imgui.vcxproj" からのターゲット "ComputeLegacyManifestEmbedding" (ターゲット "_BuildLinkAction" は依存):
false 条件のため、タスク "VCMessage" を省略しました。('$(RevertManifestEmbedding)' == 'true' and '$(_LegacyManifestEmbeddingDebug)' == 'true') は ('' == 'true' and '' == 'true') として評価されました。
プロジェクト "imgui.vcxproj" 内のターゲット "ComputeLegacyManifestEmbedding" のビルドが終了しました。
false 条件により、ターゲット "_Link" を省略しました。('$(LinkCompiled)' == 'true') は ('' == 'true') として評価されました。
ファイル "C:\Program Files\Microsoft Visual Studio\2022\Community\MSBuild\Microsoft\VC\v170\Microsoft.CppBuild.targets" 内にある、プロジェクト "C:\Users\bluec\Kamata\TakeCEngine\project\externals\imgui\imgui.vcxproj" からのターゲット "_ALink" (ターゲット "_BuildLinkAction" は依存):
プロジェクト "imgui.vcxproj" 内のターゲット "_ALink" のビルドが終了しました。
ターゲット "ComputeLegacyManifestEmbedding" を省略しました。以前に正しくビルドされていました。
ファイル "C:\Program Files\Microsoft Visual Studio\2022\Community\MSBuild\Microsoft\VC\v170\Microsoft.CppBuild.targets" 内にある、プロジェクト "C:\Users\bluec\Kamata\TakeCEngine\project\externals\imgui\imgui.vcxproj" からのターゲット "_Manifest" (ターゲット "_BuildLinkAction" は依存):
false 条件のため、タスク "CallTarget" を省略しました。('$(LegacyManifestEmbedding)' == 'true') は ('' == 'true') として評価されました。
プロジェクト "imgui.vcxproj" 内のターゲット "_Manifest" のビルドが終了しました。
C:\Program Files\Microsoft Visual Studio\2022\Community\MSBuild\Microsoft\VC\v170\Microsoft.CppCommon.targets(2450,11): message : 環境から展開された 'AMD64' 値を持つプロパティ 'PROCESSOR_ARCHITEW6432'。 [C:\Users\bluec\Kamata\TakeCEngine\project\externals\imgui\imgui.vcxproj]
ファイル "C:\Program Files\Microsoft Visual Studio\2022\Community\MSBuild\Microsoft\VC\v170\Microsoft.CppCommon.targets" 内にある、プロジェクト "C:\Users\bluec\Kamata\TakeCEngine\project\externals\imgui\imgui.vcxproj" からのターゲット "RegisterOutput" (ターゲット "_BuildLinkAction" は依存):
false 条件のため、タスク "Exec" を省略しました。('$(ConfigurationType)'=='DynamicLibrary' and '%(Link.RegisterOutput)'=='true' and '%(Link.PerUserRedirection)'!='true') は ('StaticLibrary'=='DynamicLibrary' and ''=='true' and ''!='true') として評価されました。
false 条件のため、タスク "Exec" を省略しました。('$(ConfigurationType)'=='DynamicLibrary' and '%(Link.RegisterOutput)'=='true' and '%(Link.PerUserRedirection)'=='true') は ('StaticLibrary'=='DynamicLibrary' and ''=='true' and ''=='true') として評価されました。
false 条件のため、タスク "Exec" を省略しました。('$(ConfigurationType)'=='Application' and '%(Link.RegisterOutput)'=='true' and '%(Link.PerUserRedirection)'!='true') は ('StaticLibrary'=='Application' and ''=='true' and ''!='true') として評価されました。
false 条件のため、タスク "Exec" を省略しました。('$(ConfigurationType)'=='Application' and '%(Link.RegisterOutput)'=='true' and '%(Link.PerUserRedirection)'=='true') は ('StaticLibrary'=='Application' and ''=='true' and ''=='true') として評価されました。
false 条件のため、タスク "VCMessage" を省略しました。('$(_RegisterOutputExitCode)' != '' and '$(_RegisterOutputExitCode)' != '0') は ('' != '' and '' != '0') として評価されました。
プロジェクト "imgui.vcxproj" 内のターゲット "RegisterOutput" のビルドが終了しました。
ターゲット "PrepareForBuild" を省略しました。以前に正しくビルドされていました。
ターゲット "ResolveReferences" を省略しました。以前に正しくビルドされていました。
ファイル "C:\Program Files\Microsoft Visual Studio\2022\Community\MSBuild\Microsoft\VC\v170\Microsoft.CppBuild.targets" 内にある、プロジェクト "C:\Users\bluec\Kamata\TakeCEngine\project\externals\imgui\imgui.vcxproj" からのターゲット "ResolvedXDCMake" (ターゲット "_XdcMake" は依存):
false 条件のため、タスク "MSBuild" を省略しました。('%(_MSBuildProjectReferenceExistent.Extension)' == '.vcxproj' and '@(ProjectReferenceWithConfiguration)' != '' and '@(_MSBuildProjectReferenceExistent)' != '' and '$(_ClCompileGenerateXMLDocumentationFiles)' == 'true') は ('' == '.vcxproj' and '' != '' and '' != '' and '' == 'true') として評価されました。
プロジェクト "imgui.vcxproj" 内のターゲット "ResolvedXDCMake" のビルドが終了しました。
ファイル "C:\Program Files\Microsoft Visual Studio\2022\Community\MSBuild\Microsoft\VC\v170\Microsoft.CppBuild.targets" 内にある、プロジェクト "C:\Users\bluec\Kamata\TakeCEngine\project\externals\imgui\imgui.vcxproj" からのターゲット "ComputeCLCompileGeneratedXDCFiles" (ターゲット "_XdcMake" は依存):
プロジェクト "imgui.vcxproj" 内のターゲット "ComputeCLCompileGeneratedXDCFiles" のビルドが終了しました。
ファイル "C:\Program Files\Microsoft Visual Studio\2022\Community\MSBuild\Microsoft\VC\v170\Microsoft.CppBuild.targets" 内にある、プロジェクト "C:\Users\bluec\Kamata\TakeCEngine\project\externals\imgui\imgui.vcxproj" からのターゲット "MakeDirsForXdcMake" (ターゲット "_XdcMake" は依存):
タスク "MakeDir"
タスク "MakeDir" の実行が終了しました。
プロジェクト "imgui.vcxproj" 内のターゲット "MakeDirsForXdcMake" のビルドが終了しました。
false 条件により、ターゲット "XdcMake" を省略しました。('@(XdcMake)' != '') は ('' != '') として評価されました。
ファイル "C:\Program Files\Microsoft Visual Studio\2022\Community\MSBuild\Microsoft\VC\v170\Microsoft.CppBuild.targets" 内にある、プロジェクト "C:\Users\bluec\Kamata\TakeCEngine\project\externals\imgui\imgui.vcxproj" からのターゲット "_XdcMake" (ターゲット "_BuildLinkAction" は依存):
プロジェクト "imgui.vcxproj" 内のターゲット "_XdcMake" のビルドが終了しました。
ファイル "C:\Program Files\Microsoft Visual Studio\2022\Community\MSBuild\Microsoft\VC\v170\Microsoft.CppBuild.targets" 内にある、プロジェクト "C:\Users\bluec\Kamata\TakeCEngine\project\externals\imgui\imgui.vcxproj" からのターゲット "ComputeCLCompileGeneratedSbrFiles" (ターゲット "_BscMake" は依存):
プロジェクト "imgui.vcxproj" 内のターゲット "ComputeCLCompileGeneratedSbrFiles" のビルドが終了しました。
ファイル "C:\Program Files\Microsoft Visual Studio\2022\Community\MSBuild\Microsoft\VC\v170\Microsoft.CppBuild.targets" 内にある、プロジェクト "C:\Users\bluec\Kamata\TakeCEngine\project\externals\imgui\imgui.vcxproj" からのターゲット "MakeDirsForBscMake" (ターゲット "_BscMake" は依存):
タスク "MakeDir"
タスク "MakeDir" の実行が終了しました。
プロジェクト "imgui.vcxproj" 内のターゲット "MakeDirsForBscMake" のビルドが終了しました。
false 条件により、ターゲット "BscMake" を省略しました。('@(BscMake)' != '') は ('' != '') として評価されました。
false 条件により、ターゲット "CustomBuildStep" を省略しました。('@(CustomBuildStep)' != '' and '$(SelectedFiles)'=='') は ('' != '' and ''=='') として評価されました。
ファイル "C:\Program Files\Microsoft Visual Studio\2022\Community\MSBuild\Microsoft\VC\v170\Microsoft.CppBuild.targets" 内にある、プロジェクト "C:\Users\bluec\Kamata\TakeCEngine\project\externals\imgui\imgui.vcxproj" からのターゲット "_BscMake" (ターゲット "_BuildLinkAction" は依存):
プロジェクト "imgui.vcxproj" 内のターゲット "_BscMake" のビルドが終了しました。
ターゲット "PrepareForBuild" を省略しました。以前に正しくビルドされていました。
ファイル "C:\Program Files\Microsoft Visual Studio\2022\Community\MSBuild\Microsoft\VC\v170\Microsoft.CppBuild.targets" 内にある、プロジェクト "C:\Users\bluec\Kamata\TakeCEngine\project\externals\imgui\imgui.vcxproj" からのターゲット "BuiltProjectOutputGroup" (ターゲット "CreateRecipeFile" は依存):
プロジェクト "imgui.vcxproj" 内のターゲット "BuiltProjectOutputGroup" のビルドが終了しました。
ターゲット "PrepareForBuild" を省略しました。以前に正しくビルドされていました。
ファイル "C:\Program Files\Microsoft Visual Studio\2022\Community\MSBuild\Current\Bin\Microsoft.Common.CurrentVersion.targets" 内にある、プロジェクト "C:\Users\bluec\Kamata\TakeCEngine\project\externals\imgui\imgui.vcxproj" からのターゲット "AssignTargetPaths" (ターゲット "PrepareResourceNames" は依存):
タスク "AssignTargetPath"
タスク "AssignTargetPath" の実行が終了しました。
タスク "AssignTargetPath"
タスク "AssignTargetPath" の実行が終了しました。
タスク "AssignTargetPath"
タスク "AssignTargetPath" の実行が終了しました。
タスク "AssignTargetPath"
タスク "AssignTargetPath" の実行が終了しました。
false 条件のため、タスク "AssignTargetPath" を省略しました。('@(_DeploymentBaseManifestWithTargetPath)'=='' and '%(None.Extension)'=='.manifest') は (''=='' and ''=='.manifest') として評価されました。
プロジェクト "imgui.vcxproj" 内のターゲット "AssignTargetPaths" のビルドが終了しました。
ターゲット "AssignTargetPaths" を省略しました。以前に正しくビルドされていました。
ファイル "C:\Program Files\Microsoft Visual Studio\2022\Community\MSBuild\Current\Bin\Microsoft.Common.CurrentVersion.targets" 内にある、プロジェクト "C:\Users\bluec\Kamata\TakeCEngine\project\externals\imgui\imgui.vcxproj" からのターゲット "SplitResourcesByCulture" (ターゲット "PrepareResourceNames" は依存):
false 条件のため、タスク "MSBuildInternalMessage" を省略しました。('@(ResxWithNoCulture)'!='') は (''!='') として評価されました。
false 条件のため、タスク "MSBuildInternalMessage" を省略しました。('@(ResxWithCulture)'!='') は (''!='') として評価されました。
false 条件のため、タスク "MSBuildInternalMessage" を省略しました。('@(NonResxWithCulture)'!='') は (''!='') として評価されました。
false 条件のため、タスク "MSBuildInternalMessage" を省略しました。('@(NonResxWithNoCulture)'!='') は (''!='') として評価されました。
タスク "AssignCulture"
タスク "AssignCulture" の実行が終了しました。
プロジェクト "imgui.vcxproj" 内のターゲット "SplitResourcesByCulture" のビルドが終了しました。
false 条件により、ターゲット "CreateManifestResourceNames" を省略しました。('@(EmbeddedResource)' != '') は ('' != '') として評価されました。
ファイル "C:\Program Files\Microsoft Visual Studio\2022\Community\MSBuild\Current\Bin\Microsoft.Common.CurrentVersion.targets" 内にある、プロジェクト "C:\Users\bluec\Kamata\TakeCEngine\project\externals\imgui\imgui.vcxproj" からのターゲット "CreateCustomManifestResourceNames" (ターゲット "PrepareResourceNames" は依存):
プロジェクト "imgui.vcxproj" 内のターゲット "CreateCustomManifestResourceNames" のビルドが終了しました。
ファイル "C:\Program Files\Microsoft Visual Studio\2022\Community\MSBuild\Current\Bin\Microsoft.Common.CurrentVersion.targets" 内にある、プロジェクト "C:\Users\bluec\Kamata\TakeCEngine\project\externals\imgui\imgui.vcxproj" からのターゲット "PrepareResourceNames" (ターゲット "SatelliteDllsProjectOutputGroup" は依存):
プロジェクト "imgui.vcxproj" 内のターゲット "PrepareResourceNames" のビルドが終了しました。
ファイル "C:\Program Files\Microsoft Visual Studio\2022\Community\MSBuild\Current\Bin\Microsoft.Common.CurrentVersion.targets" 内にある、プロジェクト "C:\Users\bluec\Kamata\TakeCEngine\project\externals\imgui\imgui.vcxproj" からのターゲット "SatelliteDllsProjectOutputGroup" (ターゲット "CreateRecipeFile" は依存):
プロジェクト "imgui.vcxproj" 内のターゲット "SatelliteDllsProjectOutputGroup" のビルドが終了しました。
ターゲット "PrepareForBuild" を省略しました。以前に正しくビルドされていました。
ターゲット "AssignTargetPaths" を省略しました。以前に正しくビルドされていました。
ターゲット "PrepareForBuild" を省略しました。以前に正しくビルドされていました。
ターゲット "AssignTargetPaths" を省略しました。以前に正しくビルドされていました。
ファイル "C:\Program Files\Microsoft Visual Studio\2022\Community\MSBuild\Microsoft\VC\v170\Microsoft.CppBuild.targets" 内にある、プロジェクト "C:\Users\bluec\Kamata\TakeCEngine\project\externals\imgui\imgui.vcxproj" からのターゲット "MakeDirsForFxc" (ターゲット "ContentFilesProjectOutputGroup" は依存):
タスク "MakeDir"
タスク "MakeDir" の実行が終了しました。
プロジェクト "imgui.vcxproj" 内のターゲット "MakeDirsForFxc" のビルドが終了しました。
false 条件により、ターゲット "_CreateCopyFileItems" を省略しました。('@(CopyFileToFolders)' != '') は ('' != '') として評価されました。
ファイル "C:\Program Files\Microsoft Visual Studio\2022\Community\MSBuild\Microsoft\VC\v170\Microsoft.CppBuild.targets" 内にある、プロジェクト "C:\Users\bluec\Kamata\TakeCEngine\project\externals\imgui\imgui.vcxproj" からのターゲット "ContentFilesProjectOutputGroup" (ターゲット "CreateRecipeFile" は依存):
false 条件のため、タスク "AssignTargetPath" を省略しました。('@(ContentFilesProjectOutputGroupOutputFullPath)' != '' and '%(ContentFilesProjectOutputGroupOutputFullPath.RootFolder)' != '') は ('' != '' and '' != '') として評価されました。
false 条件のため、タスク "AssignTargetPath" を省略しました。('@(ContentFilesProjectOutputGroupOutputFullPath)' != '' and '%(ContentFilesProjectOutputGroupOutputFullPath.RootFolder)' == '') は ('' != '' and '' == '') として評価されました。
プロジェクト "imgui.vcxproj" 内のターゲット "ContentFilesProjectOutputGroup" のビルドが終了しました。
ターゲット "GetReferencedVCProjectsInfo" を省略しました。以前に正しくビルドされていました。
ファイル "C:\Program Files\Microsoft Visual Studio\2022\Community\MSBuild\Microsoft\VC\v170\Microsoft.CppBuild.targets" 内にある、プロジェクト "C:\Users\bluec\Kamata\TakeCEngine\project\externals\imgui\imgui.vcxproj" からのターゲット "CreateRecipeFile" (ターゲット "_BuildLinkAction" は依存):
"GenerateDesktopDeployRecipe" タスクをアセンブリ "C:\Program Files\Microsoft Visual Studio\2022\Community\MSBuild\Microsoft\VC\v170\Microsoft.Build.CppTasks.Common.dll" から使用しています。
タスク "GenerateDesktopDeployRecipe"
タスク "GenerateDesktopDeployRecipe" の実行が終了しました。
プロジェクト "imgui.vcxproj" 内のターゲット "CreateRecipeFile" のビルドが終了しました。
ファイル "C:\Program Files\Microsoft Visual Studio\2022\Community\MSBuild\Current\Bin\Microsoft.Common.CurrentVersion.targets" 内にある、プロジェクト "C:\Users\bluec\Kamata\TakeCEngine\project\externals\imgui\imgui.vcxproj" からのターゲット "_GenerateSatelliteAssemblyInputs" (ターゲット "CreateSatelliteAssemblies" は依存):
false 条件のため、タスク "MSBuildInternalMessage" を省略しました。('@(ManifestResourceWithCulture)'!='' and '%(ManifestResourceWithCulture.EmittedForCompatibilityOnly)'=='') は (''!='' and ''=='') として評価されました。
false 条件のため、タスク "MSBuildInternalMessage" を省略しました。('@(ManifestNonResxWithCultureOnDisk)'!='' and '%(ManifestNonResxWithCultureOnDisk.EmittedForCompatibilityOnly)'=='') は (''!='' and ''=='') として評価されました。
プロジェクト "imgui.vcxproj" 内のターゲット "_GenerateSatelliteAssemblyInputs" のビルドが終了しました。
false 条件により、ターゲット "ComputeIntermediateSatelliteAssemblies" を省略しました。(@(ReferenceSatellitePaths->'%(DestinationSubDirectory)') != '') は ( != '') として評価されました。
false 条件により、ターゲット "GenerateSatelliteAssemblies" を省略しました。('@(_SatelliteAssemblyResourceInputs)' != '') は ('' != '') として評価されました。
ファイル "C:\Program Files\Microsoft Visual Studio\2022\Community\MSBuild\Current\Bin\Microsoft.Common.CurrentVersion.targets" 内にある、プロジェクト "C:\Users\bluec\Kamata\TakeCEngine\project\externals\imgui\imgui.vcxproj" からのターゲット "CreateSatelliteAssemblies" (ターゲット "_BuildLinkAction" は依存):
プロジェクト "imgui.vcxproj" 内のターゲット "CreateSatelliteAssemblies" のビルドが終了しました。
false 条件により、ターゲット "CopyLocalNativeReference" を省略しました。('$(CopyLocalProjectReference)' == 'true') は ('false' == 'true') として評価されました。
ファイル "C:\Program Files\Microsoft Visual Studio\2022\Community\MSBuild\Microsoft\VC\v170\Microsoft.CppBuild.targets" 内にある、プロジェクト "C:\Users\bluec\Kamata\TakeCEngine\project\externals\imgui\imgui.vcxproj" からのターゲット "_Appverifier" (ターゲット "_BuildLinkAction" は依存):
プロジェクト "imgui.vcxproj" 内のターゲット "_Appverifier" のビルドが終了しました。
ファイル "C:\Program Files\Microsoft Visual Studio\2022\Community\MSBuild\Microsoft\VC\v170\Microsoft.CppBuild.targets" 内にある、プロジェクト "C:\Users\bluec\Kamata\TakeCEngine\project\externals\imgui\imgui.vcxproj" からのターゲット "_Deploy" (ターゲット "_BuildLinkAction" は依存):
プロジェクト "imgui.vcxproj" 内のターゲット "_Deploy" のビルドが終了しました。
false 条件により、ターゲット "ComputeIntermediateSatelliteAssemblies" を省略しました。(@(ReferenceSatellitePaths->'%(DestinationSubDirectory)') != '') は ( != '') として評価されました。
false 条件により、ターゲット "_CopyFilesMarkedCopyLocal" を省略しました。('@(ReferenceCopyLocalPaths)' != '') は ('' != '') として評価されました。
ターゲット "AssignTargetPaths" を省略しました。以前に正しくビルドされていました。
ターゲット "AssignProjectConfiguration" を省略しました。以前に正しくビルドされていました。
ターゲット "_SplitProjectReferencesByFileExistence" を省略しました。以前に正しくビルドされていました。
ターゲット "_GetProjectReferenceTargetFrameworkProperties" を省略しました。以前に正しくビルドされていました。
ファイル "C:\Program Files\Microsoft Visual Studio\2022\Community\MSBuild\Current\Bin\Microsoft.Common.CurrentVersion.targets" 内にある、プロジェクト "C:\Users\bluec\Kamata\TakeCEngine\project\externals\imgui\imgui.vcxproj" からのターゲット "_PopulateCommonStateForGetCopyToOutputDirectoryItems" (ターゲット "GetCopyToOutputDirectoryItems" は依存):
プロジェクト "imgui.vcxproj" 内のターゲット "_PopulateCommonStateForGetCopyToOutputDirectoryItems" のビルドが終了しました。
ファイル "C:\WINDOWS\Microsoft.NET\Framework\v4.0.30319\Microsoft.Xaml.targets" 内にある、プロジェクト "C:\Users\bluec\Kamata\TakeCEngine\project\externals\imgui\imgui.vcxproj" からのターゲット "GetCopyToOutputDirectoryXamlAppDefs" (ターゲット "GetCopyToOutputDirectoryItems" は依存):
タスク "AssignTargetPath"
タスク "AssignTargetPath" の実行が終了しました。
プロジェクト "imgui.vcxproj" 内のターゲット "GetCopyToOutputDirectoryXamlAppDefs" のビルドが終了しました。
ファイル "C:\Program Files\Microsoft Visual Studio\2022\Community\MSBuild\Current\Bin\Microsoft.Common.CurrentVersion.targets" 内にある、プロジェクト "C:\Users\bluec\Kamata\TakeCEngine\project\externals\imgui\imgui.vcxproj" からのターゲット "GetCopyToOutputDirectoryItems" (ターゲット "_CopySourceItemsToOutputDirectory" は依存):
タスク "CallTarget"
ターゲット "_PopulateCommonStateForGetCopyToOutputDirectoryItems" を省略しました。以前に正しくビルドされていました。
ターゲット "_AddOutputPathToGlobalPropertiesToRemove" を省略しました。以前に正しくビルドされていました。
ファイル "C:\Program Files\Microsoft Visual Studio\2022\Community\MSBuild\Current\Bin\Microsoft.Common.CurrentVersion.targets" 内にある、プロジェクト "C:\Users\bluec\Kamata\TakeCEngine\project\externals\imgui\imgui.vcxproj" からのターゲット "_GetCopyToOutputDirectoryItemsFromTransitiveProjectReferences" (ターゲット "GetCopyToOutputDirectoryItems" は依存):
false 条件のため、タスク "MSBuild" を省略しました。('@(_MSBuildProjectReferenceExistent)' != '' and '$(_GetChildProjectCopyToOutputDirectoryItems)' == 'true' and '%(_MSBuildProjectReferenceExistent.Private)' != 'false' and '$(UseCommonOutputDirectory)' != 'true') は ('' != '' and 'true' == 'true' and '' != 'false' and 'false' != 'true') として評価されました。
タスク "AssignTargetPath"
タスク "AssignTargetPath" の実行が終了しました。
プロジェクト "imgui.vcxproj" 内のターゲット "_GetCopyToOutputDirectoryItemsFromTransitiveProjectReferences" のビルドが終了しました。
タスク "CallTarget" の実行が終了しました。
タスク "CallTarget"
ターゲット "AssignTargetPaths" を省略しました。以前に正しくビルドされていました。
ターゲット "_PopulateCommonStateForGetCopyToOutputDirectoryItems" を省略しました。以前に正しくビルドされていました。
ファイル "C:\Program Files\Microsoft Visual Studio\2022\Community\MSBuild\Current\Bin\Microsoft.Common.CurrentVersion.targets" 内にある、プロジェクト "C:\Users\bluec\Kamata\TakeCEngine\project\externals\imgui\imgui.vcxproj" からのターゲット "_GetCopyToOutputDirectoryItemsFromThisProject" (ターゲット "GetCopyToOutputDirectoryItems" は依存):
タスク "AssignTargetPath"
タスク "AssignTargetPath" の実行が終了しました。
プロジェクト "imgui.vcxproj" 内のターゲット "_GetCopyToOutputDirectoryItemsFromThisProject" のビルドが終了しました。
タスク "CallTarget" の実行が終了しました。
プロジェクト "imgui.vcxproj" 内のターゲット "GetCopyToOutputDirectoryItems" のビルドが終了しました。
false 条件により、ターゲット "_CopyOutOfDateSourceItemsToOutputDirectory" を省略しました。( '@(_SourceItemsToCopyToOutputDirectory)' != '' ) は ( '' != '' ) として評価されました。
false 条件により、ターゲット "_CopyOutOfDateSourceItemsToOutputDirectoryAlways" を省略しました。( '@(_SourceItemsToCopyToOutputDirectoryAlways)' != '' ) は ( '' != '' ) として評価されました。
false 条件により、ターゲット "_CopyDifferingSourceItemsToOutputDirectory" を省略しました。( '@(_SourceItemsToCopyToOutputDirectoryIfDifferent)' != '' ) は ( '' != '' ) として評価されました。
ファイル "C:\Program Files\Microsoft Visual Studio\2022\Community\MSBuild\Current\Bin\Microsoft.Common.CurrentVersion.targets" 内にある、プロジェクト "C:\Users\bluec\Kamata\TakeCEngine\project\externals\imgui\imgui.vcxproj" からのターゲット "_CopySourceItemsToOutputDirectory" (ターゲット "CopyFilesToOutputDirectory" は依存):
プロジェクト "imgui.vcxproj" 内のターゲット "_CopySourceItemsToOutputDirectory" のビルドが終了しました。
false 条件により、ターゲット "_CopyAppConfigFile" を省略しました。( '@(AppConfigWithTargetPath)' != '' ) は ( '' != '' ) として評価されました。
false 条件により、ターゲット "_CopyManifestFiles" を省略しました。( '$(_DeploymentCopyApplicationManifest)'=='true' or '$(GenerateClickOnceManifests)'=='true' ) は ( ''=='true' or ''=='true' ) として評価されました。
ファイル "C:\Program Files\Microsoft Visual Studio\2022\Community\MSBuild\Current\Bin\Microsoft.Common.CurrentVersion.targets" 内にある、プロジェクト "C:\Users\bluec\Kamata\TakeCEngine\project\externals\imgui\imgui.vcxproj" からのターゲット "_CheckForCompileOutputs" (ターゲット "CopyFilesToOutputDirectory" は依存):
プロジェクト "imgui.vcxproj" 内のターゲット "_CheckForCompileOutputs" のビルドが終了しました。
false 条件により、ターゲット "_SGenCheckForOutputs" を省略しました。('$(_SGenGenerateSerializationAssembliesConfig)' == 'On' or ('@(WebReferenceUrl)'!='' and '$(_SGenGenerateSerializationAssembliesConfig)' == 'Auto')) は ('Off' == 'On' or (''!='' and 'Off' == 'Auto')) として評価されました。
ファイル "C:\Program Files\Microsoft Visual Studio\2022\Community\MSBuild\Current\Bin\Microsoft.Common.CurrentVersion.targets" 内にある、プロジェクト "C:\Users\bluec\Kamata\TakeCEngine\project\externals\imgui\imgui.vcxproj" からのターゲット "CopyFilesToOutputDirectory" (ターゲット "PrepareForRun" は依存):
false 条件のため、タスク "Copy" を省略しました。('$(CopyBuildOutputToOutputDirectory)' == 'true' and '$(SkipCopyBuildProduct)' != 'true') は ('true' == 'true' and 'true' != 'true') として評価されました。
false 条件のため、タスク "CopyRefAssembly" を省略しました。('$(ProduceReferenceAssembly)' == 'true' and '$(CopyBuildOutputToOutputDirectory)' == 'true' and '$(SkipCopyBuildProduct)' != 'true') は ('false' == 'true' and 'true' == 'true' and 'true' != 'true') として評価されました。
false 条件のため、タスク "Message" を省略しました。('$(CopyBuildOutputToOutputDirectory)' == 'true' and '$(SkipCopyBuildProduct)'!='true') は ('true' == 'true' and 'true'!='true') として評価されました。
false 条件のため、タスク "Copy" を省略しました。('@(AddModules)' != '') は ('' != '') として評価されました。
false 条件のため、タスク "Copy" を省略しました。('$(_SGenDllCreated)'=='true') は ('false'=='true') として評価されました。
false 条件のため、タスク "Copy" を省略しました。('$(_DebugSymbolsProduced)'=='true' and '$(SkipCopyingSymbolsToOutputDirectory)' != 'true' and '$(CopyOutputSymbolsToOutputDirectory)'=='true') は ('false'=='true' and '' != 'true' and 'true'=='true') として評価されました。
false 条件のため、タスク "Copy" を省略しました。('$(_DocumentationFileProduced)'=='true' and '$(CopyDocumentationFileToOutputDirectory)'=='true') は ('false'=='true' and 'true'=='true') として評価されました。
false 条件のため、タスク "Copy" を省略しました。('@(IntermediateSatelliteAssembliesWithTargetPath)' != '') は ('' != '') として評価されました。
false 条件のため、タスク "Copy" を省略しました。('@(ReferenceComWrappersToCopyLocal)' != '' or '@(ResolvedIsolatedComModules)' != '' or '@(_DeploymentLooseManifestFile)' != '' or '@(NativeReferenceFile)' != '' ) は ('' != '' or '' != '' or '' != '' or '' != '' ) として評価されました。
false 条件のため、タスク "Copy" を省略しました。('$(SkipCopyWinMDArtifact)' != 'true' and '@(WinMDExpArtifacts)' != '') は ('' != 'true' and '' != '') として評価されました。
false 条件のため、タスク "Message" を省略しました。('$(SkipCopyWinMDArtifact)' != 'true' and '$(_WindowsMetadataOutputPath)' != '') は ('' != 'true' and '' != '') として評価されました。
プロジェクト "imgui.vcxproj" 内のターゲット "CopyFilesToOutputDirectory" のビルドが終了しました。
ファイル "C:\Program Files\Microsoft Visual Studio\2022\Community\MSBuild\Current\Bin\Microsoft.Common.CurrentVersion.targets" 内にある、プロジェクト "C:\Users\bluec\Kamata\TakeCEngine\project\externals\imgui\imgui.vcxproj" からのターゲット "PrepareForRun" (ターゲット "_BuildLinkAction" は依存):
プロジェクト "imgui.vcxproj" 内のターゲット "PrepareForRun" のビルドが終了しました。
false 条件により、ターゲット "CustomBuildStep" を省略しました。('@(CustomBuildStep)' != '' and '$(SelectedFiles)'=='') は ('' != '' and ''=='') として評価されました。
ファイル "C:\Program Files\Microsoft Visual Studio\2022\Community\MSBuild\Microsoft\VC\v170\Microsoft.CppCommon.targets" 内にある、プロジェクト "C:\Users\bluec\Kamata\TakeCEngine\project\externals\imgui\imgui.vcxproj" からのターゲット "PostBuildEvent" (ターゲット "_BuildLinkAction" は依存):
false 条件のため、タスク "Message" を省略しました。('%(PostBuildEvent.Message)' != '' and '%(PostBuildEvent.Command)' != '') は ('' != '' and '' != '') として評価されました。
false 条件のため、タスク "Exec" を省略しました。('%(PostBuildEvent.Command)' != '') は ('' != '') として評価されました。
プロジェクト "imgui.vcxproj" 内のターゲット "PostBuildEvent" のビルドが終了しました。
ファイル "C:\Program Files\Microsoft Visual Studio\2022\Community\MSBuild\Microsoft\VC\v170\Microsoft.CppBuild.targets" 内にある、プロジェクト "C:\Users\bluec\Kamata\TakeCEngine\project\externals\imgui\imgui.vcxproj" からのターゲット "_BuildLinkAction" (ターゲット "BuildLink" は依存):
プロジェクト "imgui.vcxproj" 内のターゲット "_BuildLinkAction" のビルドが終了しました。
ファイル "C:\Program Files\Microsoft Visual Studio\2022\Community\MSBuild\Current\Bin\Microsoft.Common.CurrentVersion.targets" 内にある、プロジェクト "C:\Users\bluec\Kamata\TakeCEngine\project\externals\imgui\imgui.vcxproj" からのターゲット "BuildLink" (ターゲット "Build" は依存):
プロジェクト "imgui.vcxproj" 内のターゲット "BuildLink" のビルドが終了しました。
ファイル "C:\Program Files\Microsoft Visual Studio\2022\Community\MSBuild\Microsoft\VC\v170\Microsoft.BuildSteps.Targets" 内にある、プロジェクト "C:\Users\bluec\Kamata\TakeCEngine\project\externals\imgui\imgui.vcxproj" からのターゲット "AfterBuild" (ターゲット "Build" は依存):
プロジェクト "imgui.vcxproj" 内のターゲット "AfterBuild" のビルドが終了しました。
ターゲット "_CheckForCompileOutputs" を省略しました。以前に正しくビルドされていました。
false 条件により、ターゲット "_SGenCheckForOutputs" を省略しました。('$(_SGenGenerateSerializationAssembliesConfig)' == 'On' or ('@(WebReferenceUrl)'!='' and '$(_SGenGenerateSerializationAssembliesConfig)' == 'Auto')) は ('Off' == 'On' or (''!='' and 'Off' == 'Auto')) として評価されました。
ファイル "C:\Program Files\Microsoft Visual Studio\2022\Community\MSBuild\Current\Bin\Microsoft.Common.CurrentVersion.targets" 内にある、プロジェクト "C:\Users\bluec\Kamata\TakeCEngine\project\externals\imgui\imgui.vcxproj" からのターゲット "_CleanGetCurrentAndPriorFileWrites" (ターゲット "IncrementalClean" は依存):
タスク "ReadLinesFromFile"
タスク "ReadLinesFromFile" の実行が終了しました。
タスク "ConvertToAbsolutePath"
タスク "ConvertToAbsolutePath" の実行が終了しました。
タスク "FindUnderPath"
  比較パスは "C:\Users\bluec\Kamata\TakeCEngine\project\externals\imgui" です。
タスク "FindUnderPath" の実行が終了しました。
タスク "FindUnderPath"
  比較パスは "C:\Users\bluec\Kamata\TakeCEngine\project\..\generated\outputs\Debug\" です。
タスク "FindUnderPath" の実行が終了しました。
タスク "FindUnderPath"
  比較パスは "C:\Users\bluec\Kamata\TakeCEngine\project\..\generated\obj\imgui\Debug\" です。
タスク "FindUnderPath" の実行が終了しました。
タスク "RemoveDuplicates"
タスク "RemoveDuplicates" の実行が終了しました。
プロジェクト "imgui.vcxproj" 内のターゲット "_CleanGetCurrentAndPriorFileWrites" のビルドが終了しました。
ファイル "C:\Program Files\Microsoft Visual Studio\2022\Community\MSBuild\Current\Bin\Microsoft.Common.CurrentVersion.targets" 内にある、プロジェクト "C:\Users\bluec\Kamata\TakeCEngine\project\externals\imgui\imgui.vcxproj" からのターゲット "IncrementalClean" (ターゲット "Build" は依存):
タスク "FindUnderPath"
  比較パスは "C:\Users\bluec\Kamata\TakeCEngine\project\..\generated\outputs\Debug\" です。
タスク "FindUnderPath" の実行が終了しました。
タスク "FindUnderPath"
  比較パスは "C:\Users\bluec\Kamata\TakeCEngine\project\..\generated\obj\imgui\Debug\" です。
タスク "FindUnderPath" の実行が終了しました。
タスク "Delete"
タスク "Delete" の実行が終了しました。
タスク "RemoveDuplicates"
タスク "RemoveDuplicates" の実行が終了しました。
false 条件のため、タスク "WriteLinesToFile" を省略しました。('@(_CleanUnfilteredPriorFileWrites)'!='@(_CleanUniqueRemainingFileWritesAfterIncrementalClean)') は (''!='') として評価されました。
プロジェクト "imgui.vcxproj" 内のターゲット "IncrementalClean" のビルドが終了しました。
ファイル "C:\Program Files\Microsoft Visual Studio\2022\Community\MSBuild\Microsoft\VC\v170\Microsoft.CppBuild.targets" 内にある、プロジェクト "C:\Users\bluec\Kamata\TakeCEngine\project\externals\imgui\imgui.vcxproj" からのターゲット "TlogCleanup" (ターゲット "Build" は依存):
"CleanupStaleTlogItems" タスクをアセンブリ "C:\Program Files\Microsoft Visual Studio\2022\Community\MSBuild\Microsoft\VC\v170\Microsoft.Build.CppTasks.Common.dll" から使用しています。
タスク "CleanupStaleTlogItems"
タスク "CleanupStaleTlogItems" の実行が終了しました。
プロジェクト "imgui.vcxproj" 内のターゲット "TlogCleanup" のビルドが終了しました。
ファイル "C:\Program Files\Microsoft Visual Studio\2022\Community\MSBuild\Microsoft\VC\v170\Microsoft.CppBuild.targets" 内にある、プロジェクト "C:\Users\bluec\Kamata\TakeCEngine\project\externals\imgui\imgui.vcxproj" からのターゲット "FinalizeBuildStatus" (ターゲット "Build" は依存):
タスク "Delete"
  ファイル "C:\Users\bluec\Kamata\TakeCEngine\project\..\generated\obj\imgui\Debug\imgui.tlog\unsuccessfulbuild" を削除しています。
タスク "Delete" の実行が終了しました。
タスク "Touch"
  "C:\Users\bluec\Kamata\TakeCEngine\project\..\generated\obj\imgui\Debug\imgui.tlog\imgui.lastbuildstate" のタッチ タスクを実行しています。
タスク "Touch" の実行が終了しました。
プロジェクト "imgui.vcxproj" 内のターゲット "FinalizeBuildStatus" のビルドが終了しました。
ターゲット "_CheckForInvalidConfigurationAndPlatform" を省略しました。以前に正しくビルドされていました。
ターゲット "_CheckForInvalidConfigurationAndPlatform" を省略しました。以前に正しくビルドされていました。
ファイル "C:\Program Files\Microsoft Visual Studio\2022\Community\MSBuild\Microsoft\VC\v170\Microsoft.BuildSteps.Targets" 内にある、プロジェクト "C:\Users\bluec\Kamata\TakeCEngine\project\externals\imgui\imgui.vcxproj" からのターゲット "Build" (エントリ ポイント):
プロジェクト "imgui.vcxproj" 内のターゲット "Build" のビルドが終了しました。
false 条件により、ターゲット "CallPublishContainerSdkContainerProfile" を省略しました。('$(EnableSdkContainerDebugging)' == 'true' AND '$(SdkContainerPublishOnBuild)' == 'true') は ('' == 'true' AND '' == 'true') として評価されました。
プロジェクト "C:\Users\bluec\Kamata\TakeCEngine\project\externals\imgui\imgui.vcxproj" (既定のターゲット) のビルドが完了しました。

プロジェクト "C:\Users\bluec\Kamata\TakeCEngine\project\DirectXGame.sln" (1) は、ノード 1 上に "C:\Users\bluec\Kamata\TakeCEngine\project\externals\imgui\imgui.vcxproj" (4:2) をビルドしています (既定のターゲット)。
ターゲット "Build" を省略しました。以前に正しくビルドされていました。
プロジェクト "C:\Users\bluec\Kamata\TakeCEngine\project\externals\imgui\imgui.vcxproj" (既定のターゲット) のビルドが完了しました。

タスク "MSBuild" の実行が終了しました。
タスク "MSBuild"
  グローバル プロパティ:
    Configuration=Debug
    Platform=x64
  プロジェクト "externals\DirectXTex\DirectXTex_Desktop_2022_Win10.vcxproj" のプロパティの削除:
    TargetFramework
  プロジェクト "externals\imgui\imgui.vcxproj" のプロパティの削除:
    TargetFramework
プロジェクト "C:\Users\bluec\Kamata\TakeCEngine\project\DirectXGame.vcxproj" (2) は、ノード 1 上に "C:\Users\bluec\Kamata\TakeCEngine\project\externals\DirectXTex\DirectXTex_Desktop_2022_Win10.vcxproj" (3:3) をビルドしています (GetNativeManifest ターゲット)。
プロジェクト ファイルに ToolsVersion="15.0" が含まれています。このツールセットは不明であるか存在しません。この場合、適切なバージョンの MSBuild をインストールすることによって、この問題を解決できる可能性があります。または、ポリシー上の理由で、ビルドが特定の ToolsVersion に強制的に追加された可能性があります。プロジェクトを ToolsVersion="Current" として扱います。詳細については、http://go.microsoft.com/fwlink/?LinkId=293424 を参照してください。
ファイル "C:\Program Files\Microsoft Visual Studio\2022\Community\MSBuild\Microsoft\VC\v170\Microsoft.CppCommon.targets" 内にある、プロジェクト "C:\Users\bluec\Kamata\TakeCEngine\project\externals\DirectXTex\DirectXTex_Desktop_2022_Win10.vcxproj" からのターゲット "GetNativeManifest" (エントリ ポイント):
プロジェクト "DirectXTex_Desktop_2022_Win10.vcxproj" 内のターゲット "GetNativeManifest" のビルドが終了しました。
プロジェクト "C:\Users\bluec\Kamata\TakeCEngine\project\externals\DirectXTex\DirectXTex_Desktop_2022_Win10.vcxproj" (GetNativeManifest ターゲット) のビルドが完了しました。

プロジェクト "C:\Users\bluec\Kamata\TakeCEngine\project\DirectXGame.vcxproj" (2) は、ノード 1 上に "C:\Users\bluec\Kamata\TakeCEngine\project\externals\imgui\imgui.vcxproj" (4:3) をビルドしています (GetNativeManifest ターゲット)。
ファイル "C:\Program Files\Microsoft Visual Studio\2022\Community\MSBuild\Microsoft\VC\v170\Microsoft.CppCommon.targets" 内にある、プロジェクト "C:\Users\bluec\Kamata\TakeCEngine\project\externals\imgui\imgui.vcxproj" からのターゲット "GetNativeManifest" (エントリ ポイント):
プロジェクト "imgui.vcxproj" 内のターゲット "GetNativeManifest" のビルドが終了しました。
プロジェクト "C:\Users\bluec\Kamata\TakeCEngine\project\externals\imgui\imgui.vcxproj" (GetNativeManifest ターゲット) のビルドが完了しました。

タスク "MSBuild" の実行が終了しました。
false 条件のため、タスク "MSBuildInternalMessage" を省略しました。('$(_NonExistentProjectReferenceSeverity)' != '') は ('' != '') として評価されました。
プロジェクト "DirectXGame.vcxproj" 内のターゲット "ResolveProjectReferences" のビルドが終了しました。
false 条件により、ターゲット "FindInvalidProjectReferences" を省略しました。('$(FindInvalidProjectReferences)' == 'true') は ('' == 'true') として評価されました。
false 条件により、ターゲット "ResolveNativeReferences" を省略しました。('@(NativeReference)'!='') は (''!='') として評価されました。
ターゲット "_PrepareForReferenceResolution" を省略しました。以前に正しくビルドされていました。
ターゲット "ResolveProjectReferences" を省略しました。以前に正しくビルドされていました。
false 条件により、ターゲット "FindInvalidProjectReferences" を省略しました。('$(FindInvalidProjectReferences)' == 'true') は ('' == 'true') として評価されました。
ファイル "C:\Program Files\Microsoft Visual Studio\2022\Community\MSBuild\Current\Bin\Microsoft.Common.CurrentVersion.targets" 内にある、プロジェクト "C:\Users\bluec\Kamata\TakeCEngine\project\DirectXGame.vcxproj" からのターゲット "GetFrameworkPaths" (ターゲット "ResolveAssemblyReferences" は依存):
プロジェクト "DirectXGame.vcxproj" 内のターゲット "GetFrameworkPaths" のビルドが終了しました。
ターゲット "_PrepareForReferenceResolution" を省略しました。以前に正しくビルドされていました。
ターゲット "GetFrameworkPaths" を省略しました。以前に正しくビルドされていました。
ファイル "C:\Program Files\Microsoft Visual Studio\2022\Community\MSBuild\Current\Bin\Microsoft.Common.CurrentVersion.targets" 内にある、プロジェクト "C:\Users\bluec\Kamata\TakeCEngine\project\DirectXGame.vcxproj" からのターゲット "GetReferenceAssemblyPaths" (ターゲット "ResolveAssemblyReferences" は依存):
false 条件のため、タスク "GetReferenceAssemblyPaths" を省略しました。('$(TargetFrameworkMoniker)' != '' and ('$(_TargetFrameworkDirectories)' == '' or '$(_FullFrameworkReferenceAssemblyPaths)' == '')) は ('' != '' and ('' == '' or '' == '')) として評価されました。
C:\Program Files\Microsoft Visual Studio\2022\Community\MSBuild\Current\Bin\Microsoft.Common.CurrentVersion.targets(1284,7): message : プロパティの再代入: $(AssemblySearchPaths)="{CandidateAssemblyFiles};C:\Program Files\Microsoft Visual Studio\2022\Community\VC\Tools\MSVC\14.44.35207\atlmfc\lib\x64;;C:\Program Files\Microsoft Visual Studio\2022\Community\VC\Tools\MSVC\14.44.35207\lib\x64;;{HintPathFromItem};{TargetFrameworkDirectory};{AssemblyFoldersFromConfig:C:\Program Files\Microsoft Visual Studio\2022\Community\MSBuild\Current\Bin\AssemblyFolders.config,};;{Registry:Software\Microsoft\,,AssemblyFoldersEx};;{GAC};{RawFileName};C:\Users\bluec\Kamata\TakeCEngine\project\..\generated\outputs\Debug\" (以前の値: "{CandidateAssemblyFiles};C:\Program Files\Microsoft Visual Studio\2022\Community\VC\Tools\MSVC\14.44.35207\atlmfc\lib\x64;;C:\Program Files\Microsoft Visual Studio\2022\Community\VC\Tools\MSVC\14.44.35207\lib\x64;;{HintPathFromItem};{TargetFrameworkDirectory};{AssemblyFoldersFromConfig:C:\Program Files\Microsoft Visual Studio\2022\Community\MSBuild\Current\Bin\AssemblyFolders.config,};;{Registry:Software\Microsoft\,,AssemblyFoldersEx};{AssemblyFolders};{GAC};{RawFileName};C:\Users\bluec\Kamata\TakeCEngine\project\..\generated\outputs\Debug\") C:\Program Files\Microsoft Visual Studio\2022\Community\MSBuild\Current\Bin\Microsoft.Common.CurrentVersion.targets (1284,7) [C:\Users\bluec\Kamata\TakeCEngine\project\DirectXGame.vcxproj]
プロジェクト "DirectXGame.vcxproj" 内のターゲット "GetReferenceAssemblyPaths" のビルドが終了しました。
ファイル "C:\Program Files\Microsoft Visual Studio\2022\Community\MSBuild\Microsoft\VC\v170\Microsoft.Cpp.Current.targets" 内にある、プロジェクト "C:\Users\bluec\Kamata\TakeCEngine\project\DirectXGame.vcxproj" からのターゲット "AddExternalIncludDirectoriesToPaths" (ターゲット "SetBuildDefaultEnvironmentVariables" は依存):
C:\Program Files\Microsoft Visual Studio\2022\Community\MSBuild\Microsoft\VC\v170\Microsoft.Cpp.Current.targets(79,7): message : プロパティの再代入: $(IncludePath)="C:\Users\bluec\Kamata\TakeCEngine\project\externals\DirectXTex;C:\Users\bluec\Kamata\TakeCEngine\project\externals\imgui;C:\Users\bluec\Kamata\TakeCEngine\project\externals\nlohmann;C:\Users\bluec\Kamata\TakeCEngine\project\externals\magic_enum;C:\Program Files\Microsoft Visual Studio\2022\Community\VC\Tools\MSVC\14.44.35207\include;C:\Program Files\Microsoft Visual Studio\2022\Community\VC\Tools\MSVC\14.44.35207\atlmfc\include;C:\Program Files\Microsoft Visual Studio\2022\Community\VC\Auxiliary\VS\include;C:\Program Files (x86)\Windows Kits\10\Include\10.0.26100.0\ucrt;C:\Program Files %28x86%29\Windows Kits\10\Include\10.0.26100.0\um;C:\Program Files %28x86%29\Windows Kits\10\Include\10.0.26100.0\shared;C:\Program Files %28x86%29\Windows Kits\10\Include\10.0.26100.0\winrt;C:\Program Files %28x86%29\Windows Kits\10\Include\10.0.26100.0\cppwinrt;C:\Program Files (x86)\Windows Kits\NETFXSDK\4.8.1\Include\um" (以前の値: "C:\Users\bluec\Kamata\TakeCEngine\project\externals\DirectXTex;C:\Users\bluec\Kamata\TakeCEngine\project\externals\imgui;C:\Users\bluec\Kamata\TakeCEngine\project\externals\nlohmann;C:\Users\bluec\Kamata\TakeCEngine\project\externals\magic_enum") C:\Program Files\Microsoft Visual Studio\2022\Community\MSBuild\Microsoft\VC\v170\Microsoft.Cpp.Current.targets (79,7) [C:\Users\bluec\Kamata\TakeCEngine\project\DirectXGame.vcxproj]
プロジェクト "DirectXGame.vcxproj" 内のターゲット "AddExternalIncludDirectoriesToPaths" のビルドが終了しました。
ファイル "C:\Program Files\Microsoft Visual Studio\2022\Community\MSBuild\Microsoft\VC\v170\Microsoft.Cpp.Current.targets" 内にある、プロジェクト "C:\Users\bluec\Kamata\TakeCEngine\project\DirectXGame.vcxproj" からのターゲット "SetBuildDefaultEnvironmentVariables" (ターゲット "PrepareForBuild" は依存):
タスク "SetEnv"
  PATH=C:\Program Files\Microsoft Visual Studio\2022\Community\VC\Tools\MSVC\14.44.35207\bin\HostX86\x64;C:\Program Files\Microsoft Visual Studio\2022\Community\VC\Tools\MSVC\14.44.35207\bin\HostX86\x86;C:\Program Files (x86)\Windows Kits\10\bin\10.0.26100.0\x86;;C:\Program Files (x86)\Microsoft SDKs\Windows\v10.0A\bin\NETFX 4.8.1 Tools;C:\Program Files\Microsoft Visual Studio\2022\Community\Common7\tools;C:\Program Files\Microsoft Visual Studio\2022\Community\Common7\ide;C:\Program Files (x86)\HTML Help Workshop;;C:\Program Files\Microsoft Visual Studio\2022\Community\MSBuild\Current\Bin;C:\WINDOWS\Microsoft.NET\Framework\v4.0.30319\;;C:\Program Files\PowerShell\7;C:\Windows\system32;C:\Windows;C:\Windows\System32\Wbem;C:\Windows\System32\WindowsPowerShell\v1.0\;C:\Windows\System32\OpenSSH\;C:\Program Files (x86)\NVIDIA Corporation\PhysX\Common;C:\WINDOWS\system32;C:\WINDOWS;C:\WINDOWS\System32\Wbem;C:\WINDOWS\System32\WindowsPowerShell\v1.0\;C:\WINDOWS\System32\OpenSSH\;C:\Program Files\dotnet\;C:\Program Files\Microsoft SQL Server\150\Tools\Binn\;C:\Program Files\Microsoft SQL Server\Client SDK\ODBC\170\Tools\Binn\;C:\Program Files (x86)\Windows Kits\10\Windows Performance Toolkit\;C:\Program Files\Git\cmd;C:\Program Files\NVIDIA Corporation\NVIDIA App\NvDLISR;C:\Program Files\PowerShell\7\;C:\Users\bluec\AppData\Local\Programs\Python\Launcher\;C:\Users\bluec\AppData\Local\Microsoft\WindowsApps;C:\Users\bluec\AppData\Local\Programs\Microsoft VS Code\bin;C:\Users\bluec\AppData\Local\GitHubDesktop\bin;C:\Users\bluec\AppData\Local\Programs\Antigravity\bin;C:\Users\bluec\.dotnet\tools;c:\Users\bluec\.antigravity\extensions\ms-python.debugpy-2025.14.1-win32-x64\bundled\scripts\noConfigScripts;
C:\Program Files\Microsoft Visual Studio\2022\Community\MSBuild\Microsoft\VC\v170\Microsoft.Cpp.Current.targets(101,7): message : プロパティの再代入: $(Path)="C:\Program Files\Microsoft Visual Studio\2022\Community\VC\Tools\MSVC\14.44.35207\bin\HostX86\x64%3bC:\Program Files\Microsoft Visual Studio\2022\Community\VC\Tools\MSVC\14.44.35207\bin\HostX86\x86%3bC:\Program Files %28x86%29\Windows Kits\10\bin\10.0.26100.0\x86%3b%3bC:\Program Files %28x86%29\Microsoft SDKs\Windows\v10.0A\bin\NETFX 4.8.1 Tools%3bC:\Program Files\Microsoft Visual Studio\2022\Community\Common7\tools%3bC:\Program Files\Microsoft Visual Studio\2022\Community\Common7\ide%3bC:\Program Files %28x86%29\HTML Help Workshop%3b%3bC:\Program Files\Microsoft Visual Studio\2022\Community\MSBuild\Current\Bin%3bC:\WINDOWS\Microsoft.NET\Framework\v4.0.30319\%3b%3bC:\Program Files\PowerShell\7%3bC:\Windows\system32%3bC:\Windows%3bC:\Windows\System32\Wbem%3bC:\Windows\System32\WindowsPowerShell\v1.0\%3bC:\Windows\System32\OpenSSH\%3bC:\Program Files %28x86%29\NVIDIA Corporation\PhysX\Common%3bC:\WINDOWS\system32%3bC:\WINDOWS%3bC:\WINDOWS\System32\Wbem%3bC:\WINDOWS\System32\WindowsPowerShell\v1.0\%3bC:\WINDOWS\System32\OpenSSH\%3bC:\Program Files\dotnet\%3bC:\Program Files\Microsoft SQL Server\150\Tools\Binn\%3bC:\Program Files\Microsoft SQL Server\Client SDK\ODBC\170\Tools\Binn\%3bC:\Program Files %28x86%29\Windows Kits\10\Windows Performance Toolkit\%3bC:\Program Files\Git\cmd%3bC:\Program Files\NVIDIA Corporation\NVIDIA App\NvDLISR%3bC:\Program Files\PowerShell\7\%3bC:\Users\bluec\AppData\Local\Programs\Python\Launcher\%3bC:\Users\bluec\AppData\Local\Microsoft\WindowsApps%3bC:\Users\bluec\AppData\Local\Programs\Microsoft VS Code\bin%3bC:\Users\bluec\AppData\Local\GitHubDesktop\bin%3bC:\Users\bluec\AppData\Local\Programs\Antigravity\bin%3bC:\Users\bluec\.dotnet\tools%3bc:\Users\bluec\.antigravity\extensions\ms-python.debugpy-2025.14.1-win32-x64\bundled\scripts\noConfigScripts%3b" (以前の値: "C:\Program Files\PowerShell\7;C:\Windows\system32;C:\Windows;C:\Windows\System32\Wbem;C:\Windows\System32\WindowsPowerShell\v1.0\;C:\Windows\System32\OpenSSH\;C:\Program Files (x86)\NVIDIA Corporation\PhysX\Common;C:\WINDOWS\system32;C:\WINDOWS;C:\WINDOWS\System32\Wbem;C:\WINDOWS\System32\WindowsPowerShell\v1.0\;C:\WINDOWS\System32\OpenSSH\;C:\Program Files\dotnet\;C:\Program Files\Microsoft SQL Server\150\Tools\Binn\;C:\Program Files\Microsoft SQL Server\Client SDK\ODBC\170\Tools\Binn\;C:\Program Files (x86)\Windows Kits\10\Windows Performance Toolkit\;C:\Program Files\Git\cmd;C:\Program Files\NVIDIA Corporation\NVIDIA App\NvDLISR;C:\Program Files\PowerShell\7\;C:\Users\bluec\AppData\Local\Programs\Python\Launcher\;C:\Users\bluec\AppData\Local\Microsoft\WindowsApps;C:\Users\bluec\AppData\Local\Programs\Microsoft VS Code\bin;C:\Users\bluec\AppData\Local\GitHubDesktop\bin;C:\Users\bluec\AppData\Local\Programs\Antigravity\bin;C:\Users\bluec\.dotnet\tools;c:\Users\bluec\.antigravity\extensions\ms-python.debugpy-2025.14.1-win32-x64\bundled\scripts\noConfigScripts") C:\Program Files\Microsoft Visual Studio\2022\Community\MSBuild\Microsoft\VC\v170\Microsoft.Cpp.Current.targets (101,7) [C:\Users\bluec\Kamata\TakeCEngine\project\DirectXGame.vcxproj]
タスク "SetEnv" の実行が終了しました。
タスク "SetEnv"
  LIB=C:\Program Files\Microsoft Visual Studio\2022\Community\VC\Tools\MSVC\14.44.35207\lib\x64;;C:\Program Files\Microsoft Visual Studio\2022\Community\VC\Tools\MSVC\14.44.35207\atlmfc\lib\x64;;C:\Program Files\Microsoft Visual Studio\2022\Community\VC\Auxiliary\VS\lib\x64;;C:\Program Files (x86)\Windows Kits\10\lib\10.0.26100.0\ucrt\x64;;;C:\Program Files (x86)\Windows Kits\10\lib\10.0.26100.0\um\x64;C:\Program Files (x86)\Windows Kits\NETFXSDK\4.8.1\lib\um\x64;
タスク "SetEnv" の実行が終了しました。
タスク "SetEnv"
  LIBPATH=C:\Program Files\Microsoft Visual Studio\2022\Community\VC\Tools\MSVC\14.44.35207\atlmfc\lib\x64;;C:\Program Files\Microsoft Visual Studio\2022\Community\VC\Tools\MSVC\14.44.35207\lib\x64;
タスク "SetEnv" の実行が終了しました。
タスク "SetEnv"
  INCLUDE=C:\Users\bluec\Kamata\TakeCEngine\project\externals\DirectXTex;C:\Users\bluec\Kamata\TakeCEngine\project\externals\imgui;C:\Users\bluec\Kamata\TakeCEngine\project\externals\nlohmann;C:\Users\bluec\Kamata\TakeCEngine\project\externals\magic_enum;C:\Program Files\Microsoft Visual Studio\2022\Community\VC\Tools\MSVC\14.44.35207\include;C:\Program Files\Microsoft Visual Studio\2022\Community\VC\Tools\MSVC\14.44.35207\atlmfc\include;C:\Program Files\Microsoft Visual Studio\2022\Community\VC\Auxiliary\VS\include;C:\Program Files (x86)\Windows Kits\10\Include\10.0.26100.0\ucrt;C:\Program Files (x86)\Windows Kits\10\Include\10.0.26100.0\um;C:\Program Files (x86)\Windows Kits\10\Include\10.0.26100.0\shared;C:\Program Files (x86)\Windows Kits\10\Include\10.0.26100.0\winrt;C:\Program Files (x86)\Windows Kits\10\Include\10.0.26100.0\cppwinrt;C:\Program Files (x86)\Windows Kits\NETFXSDK\4.8.1\Include\um
タスク "SetEnv" の実行が終了しました。
タスク "SetEnv"
  EXTERNAL_INCLUDE=C:\Program Files\Microsoft Visual Studio\2022\Community\VC\Tools\MSVC\14.44.35207\include;;C:\Program Files\Microsoft Visual Studio\2022\Community\VC\Tools\MSVC\14.44.35207\atlmfc\include;;C:\Program Files\Microsoft Visual Studio\2022\Community\VC\Auxiliary\VS\include;;C:\Program Files (x86)\Windows Kits\10\Include\10.0.26100.0\ucrt;;;C:\Program Files (x86)\Windows Kits\10\Include\10.0.26100.0\um;C:\Program Files (x86)\Windows Kits\10\Include\10.0.26100.0\shared;C:\Program Files (x86)\Windows Kits\10\Include\10.0.26100.0\winrt;C:\Program Files (x86)\Windows Kits\10\Include\10.0.26100.0\cppwinrt;C:\Program Files (x86)\Windows Kits\NETFXSDK\4.8.1\Include\um;
タスク "SetEnv" の実行が終了しました。
プロジェクト "DirectXGame.vcxproj" 内のターゲット "SetBuildDefaultEnvironmentVariables" のビルドが終了しました。
false 条件により、ターゲット "SetUserMacroEnvironmentVariables" を省略しました。('@(BuildMacro)' != '' and '$(DesignTimeBuild)' != 'true') は ('' != '' and '' != 'true') として評価されました。
ターゲット "_PrepareForReferenceResolution" を省略しました。以前に正しくビルドされていました。
ファイル "C:\Program Files\Microsoft Visual Studio\2022\Community\MSBuild\Microsoft\VC\v170\Microsoft.CppBuild.targets" 内にある、プロジェクト "C:\Users\bluec\Kamata\TakeCEngine\project\DirectXGame.vcxproj" からのターゲット "GetResolvedWinMD" (ターゲット "PrepareForBuild" は依存):
プロジェクト "DirectXGame.vcxproj" 内のターゲット "GetResolvedWinMD" のビルドが終了しました。
ファイル "C:\Program Files\Microsoft Visual Studio\2022\Community\MSBuild\Microsoft\VC\v170\Microsoft.Cpp.WindowsSDK.targets" 内にある、プロジェクト "C:\Users\bluec\Kamata\TakeCEngine\project\DirectXGame.vcxproj" からのターゲット "_CheckWindowsSDKInstalled" (ターゲット "PrepareForBuild" は依存):
false 条件のため、タスク "VCMessage" を省略しました。('$(WindowsSDKInstalled)' != 'true') は ('true' != 'true') として評価されました。
false 条件のため、タスク "VCMessage" を省略しました。('$(Platform)' == 'ARM' and $([MSBuild]::VersionGreaterThanOrEquals('$(TargetPlatformVersion)','$(WindowsSdkVersionARMSupportRemoved)'))) は ('x64' == 'ARM' and True) として評価されました。
false 条件のため、タスク "VCMessage" を省略しました。('$(WindowsAppContainer)' != 'true' and '$(WindowsSDK_Desktop_Support)' != true) は ('false' != 'true' and 'true' != true) として評価されました。
プロジェクト "DirectXGame.vcxproj" 内のターゲット "_CheckWindowsSDKInstalled" のビルドが終了しました。
ターゲット "GetFrameworkPaths" を省略しました。以前に正しくビルドされていました。
ターゲット "GetReferenceAssemblyPaths" を省略しました。以前に正しくビルドされていました。
false 条件により、ターゲット "AssignLinkMetadata" を省略しました。( '$(SynthesizeLinkMetadata)' == 'true' ) は ( '' == 'true' ) として評価されました。
ファイル "C:\Program Files\Microsoft Visual Studio\2022\Community\MSBuild\Microsoft\VisualStudio\v17.0\CodeAnalysis\Microsoft.CodeAnalysis.targets" 内にある、プロジェクト "C:\Users\bluec\Kamata\TakeCEngine\project\DirectXGame.vcxproj" からのターゲット "SetCABuildNativeEnvironmentVariables" (ターゲット "PrepareForBuild" は依存):
タスク "SetEnv"
  CAExcludePath=C:\Program Files\Microsoft Visual Studio\2022\Community\VC\Tools\MSVC\14.44.35207\atlmfc\include;C:\Program Files\Microsoft Visual Studio\2022\Community\VC\Tools\MSVC\14.44.35207\include;C:\Program Files (x86)\Windows Kits\10\Include\10.0.26100.0\ucrt;;C:\Program Files (x86)\Windows Kits\10\Include\10.0.26100.0\um;C:\Program Files (x86)\Windows Kits\10\Include\10.0.26100.0\shared;C:\Program Files (x86)\Windows Kits\10\Include\10.0.26100.0\winrt;C:\Program Files (x86)\Windows Kits\10\Include\10.0.26100.0\cppwinrt;C:\Program Files (x86)\Windows Kits\NETFXSDK\4.8.1\Include\um;
タスク "SetEnv" の実行が終了しました。
false 条件のため、タスク "SetEnv" を省略しました。('$(RunMsvcAnalysis)'=='true' and '$(VCCodeAnalysisUX)'=='true') は ('false'=='true' and ''=='true') として評価されました。
プロジェクト "DirectXGame.vcxproj" 内のターゲット "SetCABuildNativeEnvironmentVariables" のビルドが終了しました。
ファイル "C:\Program Files\Microsoft Visual Studio\2022\Community\MSBuild\Microsoft\VC\v170\Microsoft.CppBuild.targets" 内にある、プロジェクト "C:\Users\bluec\Kamata\TakeCEngine\project\DirectXGame.vcxproj" からのターゲット "PrepareForBuild" (ターゲット "ResolveAssemblyReferences" は依存):
C:\Program Files\Microsoft Visual Studio\2022\Community\MSBuild\Microsoft\VC\v170\Microsoft.CppBuild.targets(429,7): message : プロパティの再代入: $(BuildProjectReferences)="false" (以前の値: "true") C:\Program Files\Microsoft Visual Studio\2022\Community\MSBuild\Microsoft\VC\v170\Microsoft.CppBuild.targets (429,7) [C:\Users\bluec\Kamata\TakeCEngine\project\DirectXGame.vcxproj]
false 条件のため、タスク "VCMessage" を省略しました。('$(PlatformToolset)' == '' and '$(DesignTimeBuild)' != 'true' and '$(_ToolsetFound)' != 'true') は ('v143' == '' and '' != 'true' and 'true' != 'true') として評価されました。
false 条件のため、タスク "VCMessage" を省略しました。('$(DesignTimeBuild)' != 'true' and '$(ConfigurationPlatformExists)' != 'true') は ('' != 'true' and 'true' != 'true') として評価されました。
false 条件のため、タスク "VCMessage" を省略しました。('$(ApplicationType)' == '' and '$(DesignTimeBuild)' != 'true' and '$(_ToolsetFound)' != 'true') は ('' == '' and '' != 'true' and 'true' != 'true') として評価されました。
false 条件のため、タスク "VCMessage" を省略しました。('$(ApplicationType)' != '' and '$(DesignTimeBuild)' != 'true' and '$(_ToolsetFound)' != 'true') は ('' != '' and '' != 'true' and 'true' != 'true') として評価されました。
タスク "MakeDir"
タスク "MakeDir" の実行が終了しました。
false 条件のため、タスク "VCMessage" を省略しました。('$(DesignTimeBuild)'!='true' and '$(WindowsAppContainer)'=='true' and '$(ConfigurationType)'!='Application' and '$(ConfigurationType)'!='DynamicLibrary' and '$(ConfigurationType)'!='StaticLibrary') は (''!='true' and 'false'=='true' and 'Application'!='Application' and 'Application'!='DynamicLibrary' and 'Application'!='StaticLibrary') として評価されました。
false 条件のため、タスク "VCMessage" を省略しました。('$(DesignTimeBuild)'!='true' and '$(VCToolsInstallDir)'=='' and '$(UseEnv)' != 'true' and ('$(TargetFrameworkVersion)'=='v3.5' or '$(TargetFrameworkVersion)'=='v3.0' or '$(TargetFrameworkVersion)'=='v2.0' )) は (''!='true' and 'C:\Program Files\Microsoft Visual Studio\2022\Community\VC\Tools\MSVC\14.44.35207\'=='' and '' != 'true' and (''=='v3.5' or ''=='v3.0' or ''=='v2.0' )) として評価されました。
false 条件のため、タスク "VCMessage" を省略しました。('$(DesignTimeBuild)'!='true' and '$(VCToolsInstallDir)'=='' and '$(UseEnv)' != 'true' and '$(PlatformToolset)'=='v90') は (''!='true' and 'C:\Program Files\Microsoft Visual Studio\2022\Community\VC\Tools\MSVC\14.44.35207\'=='' and '' != 'true' and 'v143'=='v90') として評価されました。
"CheckVCToolsetVersion" タスクをアセンブリ "C:\Program Files\Microsoft Visual Studio\2022\Community\MSBuild\Microsoft\VC\v170\Microsoft.Build.CppTasks.Common.dll" から使用しています。
タスク "CheckVCToolsetVersion"
タスク "CheckVCToolsetVersion" の実行が終了しました。
false 条件のため、タスク "VCMessage" を省略しました。('$(CheckMFCInstalled)' == 'true' and !Exists($(MFC_KeyFile)) and '$(SpectreLibs)' == '') は ('' == 'true' and !Exists(C:\Program Files\Microsoft Visual Studio\2022\Community\VC\Tools\MSVC\14.44.35207\atlmfc\lib\x64\mfcs140.lib) and '' == '') として評価されました。
false 条件のため、タスク "VCMessage" を省略しました。('$(CheckMFCInstalled)' == 'true' and !Exists($(MFC_KeyFile)) and '$(SpectreLibs)' != '') は ('' == 'true' and !Exists(C:\Program Files\Microsoft Visual Studio\2022\Community\VC\Tools\MSVC\14.44.35207\atlmfc\lib\x64\mfcs140.lib) and '' != '') として評価されました。
false 条件のため、タスク "VCMessage" を省略しました。('$(CheckATLInstalled)' == 'true' and !Exists($(ATL_KeyFile)) and '$(SpectreLibs)' == '') は ('' == 'true' and !Exists(C:\Program Files\Microsoft Visual Studio\2022\Community\VC\Tools\MSVC\14.44.35207\atlmfc\lib\x64\atls.lib) and '' == '') として評価されました。
false 条件のため、タスク "VCMessage" を省略しました。('$(CheckATLInstalled)' == 'true' and !Exists($(ATL_KeyFile)) and '$(SpectreLibs)' != '') は ('' == 'true' and !Exists(C:\Program Files\Microsoft Visual Studio\2022\Community\VC\Tools\MSVC\14.44.35207\atlmfc\lib\x64\atls.lib) and '' != '') として評価されました。
false 条件のため、タスク "VCMessage" を省略しました。('$(DesignTimeBuild)' != 'true' and
                                                        '$(CheckMSVCComponents)'=='true' and
                                                        '$(SpectreMitigation)' != '' and
                                                        '$(SpectreMitigation)' != 'false' and
                                                        (('$(VC_Target_Library_Platform)' == 'OneCore' and !Exists('$(VC_LibraryPath_VC_OneCore_CurrentPlatform_spectre)')) or
                                                         ('$(VC_Target_Library_Platform)' == 'Desktop' and !Exists('$(VC_LibraryPath_VC_Desktop_CurrentPlatform_spectre)')))) は ('' != 'true' and
                                                        'true'=='true' and
                                                        'false' != '' and
                                                        'false' != 'false' and
                                                        (('Desktop' == 'OneCore' and !Exists('C:\Program Files\Microsoft Visual Studio\2022\Community\VC\Tools\MSVC\14.44.35207\lib\spectre\onecore\x64')) or
                                                         ('Desktop' == 'Desktop' and !Exists('C:\Program Files\Microsoft Visual Studio\2022\Community\VC\Tools\MSVC\14.44.35207\lib\spectre\x64')))) として評価されました。
false 条件のため、タスク "VCMessage" を省略しました。('$(DesignTimeBuild)'!='true' and '$(VCToolsInstallDir)'=='' and '$(UseEnv)' != 'true'  and '$(CheckMSVCComponents)'=='true') は (''!='true' and 'C:\Program Files\Microsoft Visual Studio\2022\Community\VC\Tools\MSVC\14.44.35207\'=='' and '' != 'true'  and 'true'=='true') として評価されました。
false 条件のため、タスク "VCMessage" を省略しました。('$(DesignTimeBuild)'!='true' and '$(WindowsSDKDir)'=='' and '$(UseEnv)' != 'true') は (''!='true' and 'C:\Program Files (x86)\Windows Kits\10\'=='' and '' != 'true') として評価されました。
false 条件のため、タスク "VCMessage" を省略しました。('$(DesignTimeBuild)'!='true' and '$(IntDirTrailingSlashWarning)'=='true') は (''!='true' and ''=='true') として評価されました。
false 条件のため、タスク "VCMessage" を省略しました。('$(DesignTimeBuild)'!='true' and '$(OutDirTrailingSlashWarning)'=='true') は (''!='true' and ''=='true') として評価されました。
false 条件のため、タスク "VCMessage" を省略しました。('%(CompatibilityIssues.Identity)' != '' and '$(DesignTimeBuild)'!='true') は ('' != '' and ''!='true') として評価されました。
false 条件のため、タスク "VCMessage" を省略しました。('$(IgnoreWarnIntDirSharingDetected)' != 'true' and '$(IntDirSharingDetected)' == 'true') は ('' != 'true' and '' == 'true') として評価されました。
C:\Program Files\Microsoft Visual Studio\2022\Community\MSBuild\Microsoft\VC\v170\Microsoft.CppBuild.targets(543,7): message : 環境から展開された 'C:\Users\bluec\AppData\Local\Temp' 値を持つプロパティ 'TMP'。 [C:\Users\bluec\Kamata\TakeCEngine\project\DirectXGame.vcxproj]
C:\Program Files\Microsoft Visual Studio\2022\Community\MSBuild\Microsoft\VC\v170\Microsoft.CppBuild.targets(544,7): message : 環境から展開された 'C:\Users\bluec\AppData\Local\Temp' 値を持つプロパティ 'TEMP'。 [C:\Users\bluec\Kamata\TakeCEngine\project\DirectXGame.vcxproj]
false 条件のため、タスク "VCMessage" を省略しました。('$(DesignTimeBuild)'!='true' and '$(IgnoreWarnIntDirInTempDetected)' != 'true' and ('$(IntDirFullPath.StartsWith($(_Tmp), true, null))' == 'true' or '$(IntDirFullPath.StartsWith($(_Temp), true, null))' == 'true' or '$(OutDirFullPath.StartsWith($(_Tmp), true, null))' == 'true' or '$(OutDirFullPath.StartsWith($(_Temp), true, null))' == 'true')) は (''!='true' and '' != 'true' and ('False' == 'true' or 'False' == 'true' or 'False' == 'true' or 'False' == 'true')) として評価されました。
"VCMessage" タスクをアセンブリ "C:\Program Files\Microsoft Visual Studio\2022\Community\MSBuild\Microsoft\VC\v170\Microsoft.Build.CppTasks.Common.dll" から使用しています。
タスク "VCMessage"
  構造化出力が有効になっています。コンパイラ診断の書式設定にはエラー階層が反映されます。詳細については、https://aka.ms/cpp/structured-output を参照してください。
タスク "VCMessage" の実行が終了しました。
タスク "MakeDir"
タスク "MakeDir" の実行が終了しました。
プロジェクト "DirectXGame.vcxproj" 内のターゲット "PrepareForBuild" のビルドが終了しました。
ターゲット "_PrepareForReferenceResolution" を省略しました。以前に正しくビルドされていました。
false 条件により、ターゲット "ComputeCrtSDKReference" を省略しました。('@(ClCompile)'!='' and '$(WindowsAppContainer)'=='true' and '$(UseCrtSDKReference)' != 'false') は ('application\Entity\Animation\AnimationMapper.cpp;application\Entity\Behavior\ActionNode.cpp;application\Entity\Behavior\BehaviorTreeEditor.cpp;...'!='' and 'false'=='true' and '' != 'false') として評価されました。
false 条件により、ターゲット "GetInstalledSDKLocations" を省略しました。('@(SDKReference)' != '') は ('' != '') として評価されました。
ファイル "C:\Program Files\Microsoft Visual Studio\2022\Community\MSBuild\Current\Bin\Microsoft.Common.CurrentVersion.targets" 内にある、プロジェクト "C:\Users\bluec\Kamata\TakeCEngine\project\DirectXGame.vcxproj" からのターゲット "ResolveSDKReferences" (ターゲット "ResolveAssemblyReferences" は依存):
false 条件のため、タスク "ResolveSDKReference" を省略しました。('@(SDKReference)'!='') は (''!='') として評価されました。
プロジェクト "DirectXGame.vcxproj" 内のターゲット "ResolveSDKReferences" のビルドが終了しました。
ターゲット "ResolveSDKReferences" を省略しました。以前に正しくビルドされていました。
ファイル "C:\Program Files\Microsoft Visual Studio\2022\Community\MSBuild\Current\Bin\Microsoft.Common.CurrentVersion.targets" 内にある、プロジェクト "C:\Users\bluec\Kamata\TakeCEngine\project\DirectXGame.vcxproj" からのターゲット "ExpandSDKReferences" (ターゲット "ResolveAssemblyReferences" は依存):
false 条件のため、タスク "GetSDKReferenceFiles" を省略しました。('@(ResolvedSDKReference)'!='') は (''!='') として評価されました。
プロジェクト "DirectXGame.vcxproj" 内のターゲット "ExpandSDKReferences" のビルドが終了しました。
false 条件により、ターゲット "ResolveNuGetPackageAssets" を省略しました。('$(ResolveNuGetPackages)' == 'true' and exists('$(ProjectLockFile)')) は ('true' == 'true' and exists('obj\project.assets.json')) として評価されました。
ファイル "C:\Program Files\Microsoft Visual Studio\2022\Community\MSBuild\Current\Bin\Microsoft.Common.CurrentVersion.targets" 内にある、プロジェクト "C:\Users\bluec\Kamata\TakeCEngine\project\DirectXGame.vcxproj" からのターゲット "ResolveAssemblyReferences" (ターゲット "ResolveReferences" は依存):
false 条件のため、タスク "ResolveAssemblyReference" を省略しました。('@(Reference)'!='' or '@(_ResolvedProjectReferencePaths)'!='' or '@(_ExplicitReference)' != '') は (''!='' or ''!='' or '' != '') として評価されました。
プロジェクト "DirectXGame.vcxproj" 内のターゲット "ResolveAssemblyReferences" のビルドが終了しました。
false 条件により、ターゲット "GenerateBindingRedirects" を省略しました。('$(AutoGenerateBindingRedirects)' == 'true' and '$(GenerateBindingRedirectsOutputType)' == 'true' and '@(SuggestedBindingRedirects)' != '' and '$(DesignTimeBuild)' != 'true' and '$(BuildingProject)' == 'true') は ('' == 'true' and 'true' == 'true' and '' != '' and '' != 'true' and 'true' == 'true') として評価されました。
false 条件により、ターゲット "GenerateBindingRedirectsUpdateAppConfig" を省略しました。('$(AutoGenerateBindingRedirects)' == 'true' and '$(GenerateBindingRedirectsOutputType)' == 'true') は ('' == 'true' and 'true' == 'true') として評価されました。
false 条件により、ターゲット "ResolveComReferences" を省略しました。('@(COMReference)'!='' or '@(COMFileReference)'!='') は (''!='' or ''!='') として評価されました。
ファイル "C:\Program Files\Microsoft Visual Studio\2022\Community\MSBuild\Current\Bin\Microsoft.Common.CurrentVersion.targets" 内にある、プロジェクト "C:\Users\bluec\Kamata\TakeCEngine\project\DirectXGame.vcxproj" からのターゲット "AfterResolveReferences" (ターゲット "ResolveReferences" は依存):
プロジェクト "DirectXGame.vcxproj" 内のターゲット "AfterResolveReferences" のビルドが終了しました。
false 条件により、ターゲット "ResolveTestReferences" を省略しました。('@(Shadow)'!='') は (''!='') として評価されました。
ファイル "C:\Program Files\Microsoft Visual Studio\2022\Community\MSBuild\Current\Bin\Microsoft.Common.CurrentVersion.targets" 内にある、プロジェクト "C:\Users\bluec\Kamata\TakeCEngine\project\DirectXGame.vcxproj" からのターゲット "ResolveReferences" (ターゲット "Build" は依存):
プロジェクト "DirectXGame.vcxproj" 内のターゲット "ResolveReferences" のビルドが終了しました。
ターゲット "PrepareForBuild" を省略しました。以前に正しくビルドされていました。
ターゲット "PrepareForBuild" を省略しました。以前に正しくビルドされていました。
ファイル "C:\Program Files\Microsoft Visual Studio\2022\Community\MSBuild\Microsoft\VC\v170\Microsoft.CppBuild.targets" 内にある、プロジェクト "C:\Users\bluec\Kamata\TakeCEngine\project\DirectXGame.vcxproj" からのターゲット "InitializeBuildStatus" (ターゲット "Build" は依存):
タスク "ReadLinesFromFile"
タスク "ReadLinesFromFile" の実行が終了しました。
タスク "WriteLinesToFile"
タスク "WriteLinesToFile" の実行が終了しました。
タスク "Touch"
  "AlwaysCreate" が指定されたため "C:\Users\bluec\Kamata\TakeCEngine\project\..\generated\obj\DirectXGame\Debug\DirectXGame.tlog\unsuccessfulbuild" を作成しています。
  "C:\Users\bluec\Kamata\TakeCEngine\project\..\generated\obj\DirectXGame\Debug\DirectXGame.tlog\unsuccessfulbuild" のタッチ タスクを実行しています。
タスク "Touch" の実行が終了しました。
プロジェクト "DirectXGame.vcxproj" 内のターゲット "InitializeBuildStatus" のビルドが終了しました。
ターゲット "PrepareProjectReferences" を省略しました。以前に正しくビルドされていました。
ファイル "C:\Program Files\Microsoft Visual Studio\2022\Community\MSBuild\Current\Bin\Microsoft.Common.CurrentVersion.targets" 内にある、プロジェクト "C:\Users\bluec\Kamata\TakeCEngine\project\DirectXGame.vcxproj" からのターゲット "BuildGenerateSourcesTraverse" (ターゲット "BuildGenerateSources" は依存):
false 条件のため、タスク "MSBuild" を省略しました。('$(BuildPassReferences)' == 'true' and '@(ProjectReferenceWithConfiguration)' != '' and '@(_MSBuildProjectReferenceExistent)' != '' and '%(_MSBuildProjectReferenceExistent.BuildReference)' == 'true') は ('' == 'true' and 'externals\DirectXTex\DirectXTex_Desktop_2022_Win10.vcxproj;externals\imgui\imgui.vcxproj' != '' and 'externals\DirectXTex\DirectXTex_Desktop_2022_Win10.vcxproj;externals\imgui\imgui.vcxproj' != '' and 'true' == 'true') として評価されました。
プロジェクト "DirectXGame.vcxproj" 内のターゲット "BuildGenerateSourcesTraverse" のビルドが終了しました。
ターゲット "PrepareForBuild" を省略しました。以前に正しくビルドされていました。
ターゲット "ResolveReferences" を省略しました。以前に正しくビルドされていました。
ファイル "C:\Program Files\Microsoft Visual Studio\2022\Community\MSBuild\Microsoft\VC\v170\Microsoft.BuildSteps.Targets" 内にある、プロジェクト "C:\Users\bluec\Kamata\TakeCEngine\project\DirectXGame.vcxproj" からのターゲット "BeforeBuildGenerateSources" (ターゲット "_BuildGenerateSourcesAction" は依存):
プロジェクト "DirectXGame.vcxproj" 内のターゲット "BeforeBuildGenerateSources" のビルドが終了しました。
ファイル "C:\Program Files\Microsoft Visual Studio\2022\Community\MSBuild\Microsoft\VC\v170\Microsoft.CppCommon.targets" 内にある、プロジェクト "C:\Users\bluec\Kamata\TakeCEngine\project\DirectXGame.vcxproj" からのターゲット "PreBuildEvent" (ターゲット "_BuildGenerateSourcesAction" は依存):
false 条件のため、タスク "Message" を省略しました。('%(PreBuildEvent.Message)' != '' and '%(PreBuildEvent.Command)' != '') は ('' != '' and '' != '') として評価されました。
false 条件のため、タスク "Exec" を省略しました。('%(PreBuildEvent.Command)' != '') は ('' != '') として評価されました。
プロジェクト "DirectXGame.vcxproj" 内のターゲット "PreBuildEvent" のビルドが終了しました。
ターゲット "PrepareForBuild" を省略しました。以前に正しくビルドされていました。
ターゲット "InitializeBuildStatus" を省略しました。以前に正しくビルドされていました。
ターゲット "SetBuildDefaultEnvironmentVariables" を省略しました。以前に正しくビルドされていました。
false 条件により、ターゲット "SetUserMacroEnvironmentVariables" を省略しました。('@(BuildMacro)' != '' and '$(DesignTimeBuild)' != 'true') は ('' != '' and '' != 'true') として評価されました。
ファイル "C:\Program Files\Microsoft Visual Studio\2022\Community\MSBuild\Microsoft\VC\v170\Microsoft.CppBuild.targets" 内にある、プロジェクト "C:\Users\bluec\Kamata\TakeCEngine\project\DirectXGame.vcxproj" からのターゲット "_SelectedFiles" (ターゲット "SelectCustomBuild" は依存):
プロジェクト "DirectXGame.vcxproj" 内のターゲット "_SelectedFiles" のビルドが終了しました。
ファイル "C:\Program Files\Microsoft Visual Studio\2022\Community\MSBuild\Microsoft\VC\v170\Microsoft.CppBuild.targets" 内にある、プロジェクト "C:\Users\bluec\Kamata\TakeCEngine\project\DirectXGame.vcxproj" からのターゲット "SelectCustomBuild" (ターゲット "CustomBuild" は依存):
プロジェクト "DirectXGame.vcxproj" 内のターゲット "SelectCustomBuild" のビルドが終了しました。
ファイル "C:\Program Files\Microsoft Visual Studio\2022\Community\MSBuild\Microsoft\VC\v170\Microsoft.CppBuild.targets" 内にある、プロジェクト "C:\Users\bluec\Kamata\TakeCEngine\project\DirectXGame.vcxproj" からのターゲット "ComputeCustomBuildOutput" (ターゲット "CustomBuild" は依存):
false 条件のため、タスク "CreateItem" を省略しました。('%(CustomBuildOutputs.OutputItemType)'!='') は (''!='') として評価されました。
タスク "MakeDir"
タスク "MakeDir" の実行が終了しました。
プロジェクト "DirectXGame.vcxproj" 内のターゲット "ComputeCustomBuildOutput" のビルドが終了しました。
ファイル "C:\Program Files\Microsoft Visual Studio\2022\Community\MSBuild\Microsoft\VC\v170\Microsoft.CppCommon.targets" 内にある、プロジェクト "C:\Users\bluec\Kamata\TakeCEngine\project\DirectXGame.vcxproj" からのターゲット "CustomBuild" (ターゲット "_BuildGenerateSourcesAction" は依存):
"GetOutOfDateItems" タスクをアセンブリ "C:\Program Files\Microsoft Visual Studio\2022\Community\MSBuild\Microsoft\VC\v170\Microsoft.Build.CppTasks.Common.dll" から使用しています。
タスク "GetOutOfDateItems"
タスク "GetOutOfDateItems" の実行が終了しました。
タスク "GetOutOfDateItems"
タスク "GetOutOfDateItems" の実行が終了しました。
false 条件のため、タスク "ParallelCustomBuild" を省略しました。('@(_ParallelCustomBuild)' != '') は ('' != '') として評価されました。
false 条件のため、タスク "CustomBuild" を省略しました。('@(_CustomBuild)' != '') は ('' != '') として評価されました。
プロジェクト "DirectXGame.vcxproj" 内のターゲット "CustomBuild" のビルドが終了しました。
ターゲット "_SelectedFiles" を省略しました。以前に正しくビルドされていました。
ファイル "C:\Program Files\Microsoft Visual Studio\2022\Community\MSBuild\Microsoft\VC\v170\Microsoft.CppBuild.targets" 内にある、プロジェクト "C:\Users\bluec\Kamata\TakeCEngine\project\DirectXGame.vcxproj" からのターゲット "MakeDirsForFxc" (ターゲット "FxExport" は依存):
タスク "MakeDir"
タスク "MakeDir" の実行が終了しました。
プロジェクト "DirectXGame.vcxproj" 内のターゲット "MakeDirsForFxc" のビルドが終了しました。
ファイル "C:\Program Files\Microsoft Visual Studio\2022\Community\MSBuild\Microsoft\VC\v170\Microsoft.CppCommon.targets" 内にある、プロジェクト "C:\Users\bluec\Kamata\TakeCEngine\project\DirectXGame.vcxproj" からのターゲット "FxExport" (ターゲット "_BuildGenerateSourcesAction" は依存):
false 条件のため、タスク "FXC" を省略しました。('@(FxCompile)' != '' and '%(FxCompile.ExcludedFromBuild)'!='true' and '%(FxCompile.CompileD2DCustomEffect)'=='true') は ('Resources\shaders\EmitParticle.CS.hlsl' != '' and 'true'!='true' and ''=='true') として評価されました。
false 条件のため、タスク "FXC" を省略しました。('@(FxCompile)' != '' and '%(FxCompile.ExcludedFromBuild)'!='true' and '%(FxCompile.CompileD2DCustomEffect)'=='true') は ('Resources\shaders\GPUParticle.PS.hlsl' != '' and 'true'!='true' and ''=='true') として評価されました。
false 条件のため、タスク "FXC" を省略しました。('@(FxCompile)' != '' and '%(FxCompile.ExcludedFromBuild)'!='true' and '%(FxCompile.CompileD2DCustomEffect)'=='true') は ('Resources\shaders\GPUParticle.VS.hlsl' != '' and 'true'!='true' and ''=='true') として評価されました。
false 条件のため、タスク "FXC" を省略しました。('@(FxCompile)' != '' and '%(FxCompile.ExcludedFromBuild)'!='true' and '%(FxCompile.CompileD2DCustomEffect)'=='true') は ('Resources\shaders\InitializeParticle.CS.hlsl' != '' and 'true'!='true' and ''=='true') として評価されました。
false 条件のため、タスク "FXC" を省略しました。('@(FxCompile)' != '' and '%(FxCompile.ExcludedFromBuild)'!='true' and '%(FxCompile.CompileD2DCustomEffect)'=='true') は ('Resources\shaders\3d\Object3d.PS.hlsl' != '' and 'true'!='true' and ''=='true') として評価されました。
false 条件のため、タスク "FXC" を省略しました。('@(FxCompile)' != '' and '%(FxCompile.ExcludedFromBuild)'!='true' and '%(FxCompile.CompileD2DCustomEffect)'=='true') は ('Resources\shaders\3d\Object3d.VS.hlsl' != '' and 'true'!='true' and ''=='true') として評価されました。
false 条件のため、タスク "FXC" を省略しました。('@(FxCompile)' != '' and '%(FxCompile.ExcludedFromBuild)'!='true' and '%(FxCompile.CompileD2DCustomEffect)'=='true') は ('Resources\shaders\Particle.PS.hlsl' != '' and 'true'!='true' and ''=='true') として評価されました。
false 条件のため、タスク "FXC" を省略しました。('@(FxCompile)' != '' and '%(FxCompile.ExcludedFromBuild)'!='true' and '%(FxCompile.CompileD2DCustomEffect)'=='true') は ('Resources\shaders\Particle.VS.hlsl' != '' and 'true'!='true' and ''=='true') として評価されました。
false 条件のため、タスク "FXC" を省略しました。('@(FxCompile)' != '' and '%(FxCompile.ExcludedFromBuild)'!='true' and '%(FxCompile.CompileD2DCustomEffect)'=='true') は ('Resources\shaders\PostEffect\BloomBlurHorizontal.CS.hlsl' != '' and 'true'!='true' and ''=='true') として評価されました。
false 条件のため、タスク "FXC" を省略しました。('@(FxCompile)' != '' and '%(FxCompile.ExcludedFromBuild)'!='true' and '%(FxCompile.CompileD2DCustomEffect)'=='true') は ('Resources\shaders\PostEffect\BloomBlurVertical.CS.hlsl' != '' and 'true'!='true' and ''=='true') として評価されました。
false 条件のため、タスク "FXC" を省略しました。('@(FxCompile)' != '' and '%(FxCompile.ExcludedFromBuild)'!='true' and '%(FxCompile.CompileD2DCustomEffect)'=='true') は ('Resources\shaders\PostEffect\BloomBrightPass.CS.hlsl' != '' and 'true'!='true' and ''=='true') として評価されました。
false 条件のため、タスク "FXC" を省略しました。('@(FxCompile)' != '' and '%(FxCompile.ExcludedFromBuild)'!='true' and '%(FxCompile.CompileD2DCustomEffect)'=='true') は ('Resources\shaders\PostEffect\BloomEffect.CS.hlsl' != '' and 'true'!='true' and ''=='true') として評価されました。
false 条件のため、タスク "FXC" を省略しました。('@(FxCompile)' != '' and '%(FxCompile.ExcludedFromBuild)'!='true' and '%(FxCompile.CompileD2DCustomEffect)'=='true') は ('Resources\shaders\PostEffect\BoxFilter.CS.hlsl' != '' and 'true'!='true' and ''=='true') として評価されました。
false 条件のため、タスク "FXC" を省略しました。('@(FxCompile)' != '' and '%(FxCompile.ExcludedFromBuild)'!='true' and '%(FxCompile.CompileD2DCustomEffect)'=='true') は ('Resources\shaders\PostEffect\CopyImage.PS.hlsl' != '' and 'true'!='true' and ''=='true') として評価されました。
false 条件のため、タスク "FXC" を省略しました。('@(FxCompile)' != '' and '%(FxCompile.ExcludedFromBuild)'!='true' and '%(FxCompile.CompileD2DCustomEffect)'=='true') は ('Resources\shaders\PostEffect\DepthBasedOutline.CS.hlsl' != '' and 'true'!='true' and ''=='true') として評価されました。
false 条件のため、タスク "FXC" を省略しました。('@(FxCompile)' != '' and '%(FxCompile.ExcludedFromBuild)'!='true' and '%(FxCompile.CompileD2DCustomEffect)'=='true') は ('Resources\shaders\PostEffect\Dissolve.CS.hlsl' != '' and 'true'!='true' and ''=='true') として評価されました。
false 条件のため、タスク "FXC" を省略しました。('@(FxCompile)' != '' and '%(FxCompile.ExcludedFromBuild)'!='true' and '%(FxCompile.CompileD2DCustomEffect)'=='true') は ('Resources\shaders\PostEffect\FullScreen.VS.hlsl' != '' and 'true'!='true' and ''=='true') として評価されました。
false 条件のため、タスク "FXC" を省略しました。('@(FxCompile)' != '' and '%(FxCompile.ExcludedFromBuild)'!='true' and '%(FxCompile.CompileD2DCustomEffect)'=='true') は ('Resources\shaders\PostEffect\GrayScale.CS.hlsl' != '' and 'true'!='true' and ''=='true') として評価されました。
false 条件のため、タスク "FXC" を省略しました。('@(FxCompile)' != '' and '%(FxCompile.ExcludedFromBuild)'!='true' and '%(FxCompile.CompileD2DCustomEffect)'=='true') は ('Resources\shaders\PostEffect\LuminanceBasedOutline.CS.hlsl' != '' and 'true'!='true' and ''=='true') として評価されました。
false 条件のため、タスク "FXC" を省略しました。('@(FxCompile)' != '' and '%(FxCompile.ExcludedFromBuild)'!='true' and '%(FxCompile.CompileD2DCustomEffect)'=='true') は ('Resources\shaders\PostEffect\RadialBlur.CS.hlsl' != '' and 'true'!='true' and ''=='true') として評価されました。
false 条件のため、タスク "FXC" を省略しました。('@(FxCompile)' != '' and '%(FxCompile.ExcludedFromBuild)'!='true' and '%(FxCompile.CompileD2DCustomEffect)'=='true') は ('Resources\shaders\PostEffect\ShadowMapEffect.CS.hlsl' != '' and 'true'!='true' and ''=='true') として評価されました。
false 条件のため、タスク "FXC" を省略しました。('@(FxCompile)' != '' and '%(FxCompile.ExcludedFromBuild)'!='true' and '%(FxCompile.CompileD2DCustomEffect)'=='true') は ('Resources\shaders\PostEffect\Vignette.CS.hlsl' != '' and 'true'!='true' and ''=='true') として評価されました。
false 条件のため、タスク "FXC" を省略しました。('@(FxCompile)' != '' and '%(FxCompile.ExcludedFromBuild)'!='true' and '%(FxCompile.CompileD2DCustomEffect)'=='true') は ('Resources\shaders\Shadow\ShadowPass.PS.hlsl' != '' and 'true'!='true' and ''=='true') として評価されました。
false 条件のため、タスク "FXC" を省略しました。('@(FxCompile)' != '' and '%(FxCompile.ExcludedFromBuild)'!='true' and '%(FxCompile.CompileD2DCustomEffect)'=='true') は ('Resources\shaders\Shadow\ShadowPass.VS.hlsl' != '' and 'true'!='true' and ''=='true') として評価されました。
false 条件のため、タスク "FXC" を省略しました。('@(FxCompile)' != '' and '%(FxCompile.ExcludedFromBuild)'!='true' and '%(FxCompile.CompileD2DCustomEffect)'=='true') は ('Resources\shaders\3d\Skinning.CS.hlsl' != '' and 'true'!='true' and ''=='true') として評価されました。
false 条件のため、タスク "FXC" を省略しました。('@(FxCompile)' != '' and '%(FxCompile.ExcludedFromBuild)'!='true' and '%(FxCompile.CompileD2DCustomEffect)'=='true') は ('Resources\shaders\3d\SkyBox.PS.hlsl' != '' and 'true'!='true' and ''=='true') として評価されました。
false 条件のため、タスク "FXC" を省略しました。('@(FxCompile)' != '' and '%(FxCompile.ExcludedFromBuild)'!='true' and '%(FxCompile.CompileD2DCustomEffect)'=='true') は ('Resources\shaders\3d\SkyBox.VS.hlsl' != '' and 'true'!='true' and ''=='true') として評価されました。
false 条件のため、タスク "FXC" を省略しました。('@(FxCompile)' != '' and '%(FxCompile.ExcludedFromBuild)'!='true' and '%(FxCompile.CompileD2DCustomEffect)'=='true') は ('Resources\shaders\Sprite\Sprite.PS.hlsl' != '' and 'true'!='true' and ''=='true') として評価されました。
false 条件のため、タスク "FXC" を省略しました。('@(FxCompile)' != '' and '%(FxCompile.ExcludedFromBuild)'!='true' and '%(FxCompile.CompileD2DCustomEffect)'=='true') は ('Resources\shaders\Sprite\Sprite.VS.hlsl' != '' and 'true'!='true' and ''=='true') として評価されました。
false 条件のため、タスク "FXC" を省略しました。('@(FxCompile)' != '' and '%(FxCompile.ExcludedFromBuild)'!='true' and '%(FxCompile.CompileD2DCustomEffect)'=='true') は ('Resources\shaders\UpdateParticle.CS.hlsl' != '' and 'true'!='true' and ''=='true') として評価されました。
false 条件のため、タスク "FXC" を省略しました。('@(FxCompile)' != '' and '%(FxCompile.ExcludedFromBuild)'!='true' and '%(FxCompile.CompileD2DCustomEffect)'=='true') は ('Resources\shaders\WireFrame\WireFrame.PS.hlsl' != '' and 'true'!='true' and ''=='true') として評価されました。
false 条件のため、タスク "FXC" を省略しました。('@(FxCompile)' != '' and '%(FxCompile.ExcludedFromBuild)'!='true' and '%(FxCompile.CompileD2DCustomEffect)'=='true') は ('Resources\shaders\WireFrame\WireFrame.VS.hlsl' != '' and 'true'!='true' and ''=='true') として評価されました。
プロジェクト "DirectXGame.vcxproj" 内のターゲット "FxExport" のビルドが終了しました。
ターゲット "_SelectedFiles" を省略しました。以前に正しくビルドされていました。
ターゲット "MakeDirsForFxc" を省略しました。以前に正しくビルドされていました。
ターゲット "FxExport" を省略しました。以前に正しくビルドされていました。
ファイル "C:\Program Files\Microsoft Visual Studio\2022\Community\MSBuild\Microsoft\VC\v170\Microsoft.CppCommon.targets" 内にある、プロジェクト "C:\Users\bluec\Kamata\TakeCEngine\project\DirectXGame.vcxproj" からのターゲット "FxCompile" (ターゲット "_BuildGenerateSourcesAction" は依存):
false 条件のため、タスク "MultiToolTask" を省略しました。('%(FxCompile.ExcludedFromBuild)'!='true' and '$(MultiProcFXC)' == 'true') は ('true'!='true' and 'false' == 'true') として評価されました。
false 条件のため、タスク "FXC" を省略しました。('@(FxCompile)' != '' and '%(FxCompile.ExcludedFromBuild)'!='true' and '$(MultiProcFXC)' != 'true') は ('Resources\shaders\EmitParticle.CS.hlsl' != '' and 'true'!='true' and 'false' != 'true') として評価されました。
false 条件のため、タスク "FXC" を省略しました。('@(FxCompile)' != '' and '%(FxCompile.ExcludedFromBuild)'!='true' and '$(MultiProcFXC)' != 'true') は ('Resources\shaders\GPUParticle.PS.hlsl' != '' and 'true'!='true' and 'false' != 'true') として評価されました。
false 条件のため、タスク "FXC" を省略しました。('@(FxCompile)' != '' and '%(FxCompile.ExcludedFromBuild)'!='true' and '$(MultiProcFXC)' != 'true') は ('Resources\shaders\GPUParticle.VS.hlsl' != '' and 'true'!='true' and 'false' != 'true') として評価されました。
false 条件のため、タスク "FXC" を省略しました。('@(FxCompile)' != '' and '%(FxCompile.ExcludedFromBuild)'!='true' and '$(MultiProcFXC)' != 'true') は ('Resources\shaders\InitializeParticle.CS.hlsl' != '' and 'true'!='true' and 'false' != 'true') として評価されました。
false 条件のため、タスク "FXC" を省略しました。('@(FxCompile)' != '' and '%(FxCompile.ExcludedFromBuild)'!='true' and '$(MultiProcFXC)' != 'true') は ('Resources\shaders\3d\Object3d.PS.hlsl' != '' and 'true'!='true' and 'false' != 'true') として評価されました。
false 条件のため、タスク "FXC" を省略しました。('@(FxCompile)' != '' and '%(FxCompile.ExcludedFromBuild)'!='true' and '$(MultiProcFXC)' != 'true') は ('Resources\shaders\3d\Object3d.VS.hlsl' != '' and 'true'!='true' and 'false' != 'true') として評価されました。
false 条件のため、タスク "FXC" を省略しました。('@(FxCompile)' != '' and '%(FxCompile.ExcludedFromBuild)'!='true' and '$(MultiProcFXC)' != 'true') は ('Resources\shaders\Particle.PS.hlsl' != '' and 'true'!='true' and 'false' != 'true') として評価されました。
false 条件のため、タスク "FXC" を省略しました。('@(FxCompile)' != '' and '%(FxCompile.ExcludedFromBuild)'!='true' and '$(MultiProcFXC)' != 'true') は ('Resources\shaders\Particle.VS.hlsl' != '' and 'true'!='true' and 'false' != 'true') として評価されました。
false 条件のため、タスク "FXC" を省略しました。('@(FxCompile)' != '' and '%(FxCompile.ExcludedFromBuild)'!='true' and '$(MultiProcFXC)' != 'true') は ('Resources\shaders\PostEffect\BloomBlurHorizontal.CS.hlsl' != '' and 'true'!='true' and 'false' != 'true') として評価されました。
false 条件のため、タスク "FXC" を省略しました。('@(FxCompile)' != '' and '%(FxCompile.ExcludedFromBuild)'!='true' and '$(MultiProcFXC)' != 'true') は ('Resources\shaders\PostEffect\BloomBlurVertical.CS.hlsl' != '' and 'true'!='true' and 'false' != 'true') として評価されました。
false 条件のため、タスク "FXC" を省略しました。('@(FxCompile)' != '' and '%(FxCompile.ExcludedFromBuild)'!='true' and '$(MultiProcFXC)' != 'true') は ('Resources\shaders\PostEffect\BloomBrightPass.CS.hlsl' != '' and 'true'!='true' and 'false' != 'true') として評価されました。
false 条件のため、タスク "FXC" を省略しました。('@(FxCompile)' != '' and '%(FxCompile.ExcludedFromBuild)'!='true' and '$(MultiProcFXC)' != 'true') は ('Resources\shaders\PostEffect\BloomEffect.CS.hlsl' != '' and 'true'!='true' and 'false' != 'true') として評価されました。
false 条件のため、タスク "FXC" を省略しました。('@(FxCompile)' != '' and '%(FxCompile.ExcludedFromBuild)'!='true' and '$(MultiProcFXC)' != 'true') は ('Resources\shaders\PostEffect\BoxFilter.CS.hlsl' != '' and 'true'!='true' and 'false' != 'true') として評価されました。
false 条件のため、タスク "FXC" を省略しました。('@(FxCompile)' != '' and '%(FxCompile.ExcludedFromBuild)'!='true' and '$(MultiProcFXC)' != 'true') は ('Resources\shaders\PostEffect\CopyImage.PS.hlsl' != '' and 'true'!='true' and 'false' != 'true') として評価されました。
false 条件のため、タスク "FXC" を省略しました。('@(FxCompile)' != '' and '%(FxCompile.ExcludedFromBuild)'!='true' and '$(MultiProcFXC)' != 'true') は ('Resources\shaders\PostEffect\DepthBasedOutline.CS.hlsl' != '' and 'true'!='true' and 'false' != 'true') として評価されました。
false 条件のため、タスク "FXC" を省略しました。('@(FxCompile)' != '' and '%(FxCompile.ExcludedFromBuild)'!='true' and '$(MultiProcFXC)' != 'true') は ('Resources\shaders\PostEffect\Dissolve.CS.hlsl' != '' and 'true'!='true' and 'false' != 'true') として評価されました。
false 条件のため、タスク "FXC" を省略しました。('@(FxCompile)' != '' and '%(FxCompile.ExcludedFromBuild)'!='true' and '$(MultiProcFXC)' != 'true') は ('Resources\shaders\PostEffect\FullScreen.VS.hlsl' != '' and 'true'!='true' and 'false' != 'true') として評価されました。
false 条件のため、タスク "FXC" を省略しました。('@(FxCompile)' != '' and '%(FxCompile.ExcludedFromBuild)'!='true' and '$(MultiProcFXC)' != 'true') は ('Resources\shaders\PostEffect\GrayScale.CS.hlsl' != '' and 'true'!='true' and 'false' != 'true') として評価されました。
false 条件のため、タスク "FXC" を省略しました。('@(FxCompile)' != '' and '%(FxCompile.ExcludedFromBuild)'!='true' and '$(MultiProcFXC)' != 'true') は ('Resources\shaders\PostEffect\LuminanceBasedOutline.CS.hlsl' != '' and 'true'!='true' and 'false' != 'true') として評価されました。
false 条件のため、タスク "FXC" を省略しました。('@(FxCompile)' != '' and '%(FxCompile.ExcludedFromBuild)'!='true' and '$(MultiProcFXC)' != 'true') は ('Resources\shaders\PostEffect\RadialBlur.CS.hlsl' != '' and 'true'!='true' and 'false' != 'true') として評価されました。
false 条件のため、タスク "FXC" を省略しました。('@(FxCompile)' != '' and '%(FxCompile.ExcludedFromBuild)'!='true' and '$(MultiProcFXC)' != 'true') は ('Resources\shaders\PostEffect\ShadowMapEffect.CS.hlsl' != '' and 'true'!='true' and 'false' != 'true') として評価されました。
false 条件のため、タスク "FXC" を省略しました。('@(FxCompile)' != '' and '%(FxCompile.ExcludedFromBuild)'!='true' and '$(MultiProcFXC)' != 'true') は ('Resources\shaders\PostEffect\Vignette.CS.hlsl' != '' and 'true'!='true' and 'false' != 'true') として評価されました。
false 条件のため、タスク "FXC" を省略しました。('@(FxCompile)' != '' and '%(FxCompile.ExcludedFromBuild)'!='true' and '$(MultiProcFXC)' != 'true') は ('Resources\shaders\Shadow\ShadowPass.PS.hlsl' != '' and 'true'!='true' and 'false' != 'true') として評価されました。
false 条件のため、タスク "FXC" を省略しました。('@(FxCompile)' != '' and '%(FxCompile.ExcludedFromBuild)'!='true' and '$(MultiProcFXC)' != 'true') は ('Resources\shaders\Shadow\ShadowPass.VS.hlsl' != '' and 'true'!='true' and 'false' != 'true') として評価されました。
false 条件のため、タスク "FXC" を省略しました。('@(FxCompile)' != '' and '%(FxCompile.ExcludedFromBuild)'!='true' and '$(MultiProcFXC)' != 'true') は ('Resources\shaders\3d\Skinning.CS.hlsl' != '' and 'true'!='true' and 'false' != 'true') として評価されました。
false 条件のため、タスク "FXC" を省略しました。('@(FxCompile)' != '' and '%(FxCompile.ExcludedFromBuild)'!='true' and '$(MultiProcFXC)' != 'true') は ('Resources\shaders\3d\SkyBox.PS.hlsl' != '' and 'true'!='true' and 'false' != 'true') として評価されました。
false 条件のため、タスク "FXC" を省略しました。('@(FxCompile)' != '' and '%(FxCompile.ExcludedFromBuild)'!='true' and '$(MultiProcFXC)' != 'true') は ('Resources\shaders\3d\SkyBox.VS.hlsl' != '' and 'true'!='true' and 'false' != 'true') として評価されました。
false 条件のため、タスク "FXC" を省略しました。('@(FxCompile)' != '' and '%(FxCompile.ExcludedFromBuild)'!='true' and '$(MultiProcFXC)' != 'true') は ('Resources\shaders\Sprite\Sprite.PS.hlsl' != '' and 'true'!='true' and 'false' != 'true') として評価されました。
false 条件のため、タスク "FXC" を省略しました。('@(FxCompile)' != '' and '%(FxCompile.ExcludedFromBuild)'!='true' and '$(MultiProcFXC)' != 'true') は ('Resources\shaders\Sprite\Sprite.VS.hlsl' != '' and 'true'!='true' and 'false' != 'true') として評価されました。
false 条件のため、タスク "FXC" を省略しました。('@(FxCompile)' != '' and '%(FxCompile.ExcludedFromBuild)'!='true' and '$(MultiProcFXC)' != 'true') は ('Resources\shaders\UpdateParticle.CS.hlsl' != '' and 'true'!='true' and 'false' != 'true') として評価されました。
false 条件のため、タスク "FXC" を省略しました。('@(FxCompile)' != '' and '%(FxCompile.ExcludedFromBuild)'!='true' and '$(MultiProcFXC)' != 'true') は ('Resources\shaders\WireFrame\WireFrame.PS.hlsl' != '' and 'true'!='true' and 'false' != 'true') として評価されました。
false 条件のため、タスク "FXC" を省略しました。('@(FxCompile)' != '' and '%(FxCompile.ExcludedFromBuild)'!='true' and '$(MultiProcFXC)' != 'true') は ('Resources\shaders\WireFrame\WireFrame.VS.hlsl' != '' and 'true'!='true' and 'false' != 'true') として評価されました。
プロジェクト "DirectXGame.vcxproj" 内のターゲット "FxCompile" のビルドが終了しました。
false 条件により、ターゲット "_CreateCopyFileItems" を省略しました。('@(CopyFileToFolders)' != '') は ('' != '') として評価されました。
ターゲット "_SelectedFiles" を省略しました。以前に正しくビルドされていました。
ファイル "C:\Program Files\Microsoft Visual Studio\2022\Community\MSBuild\Microsoft\VC\v170\Microsoft.CppCommon.targets" 内にある、プロジェクト "C:\Users\bluec\Kamata\TakeCEngine\project\DirectXGame.vcxproj" からのターゲット "CopyFileToFolders" (ターゲット "_BuildGenerateSourcesAction" は依存):
タスク "GetOutOfDateItems"
タスク "GetOutOfDateItems" の実行が終了しました。
false 条件のため、タスク "Copy" を省略しました。('@(_OutOfDateCopyFile)' != '') は ('' != '') として評価されました。
プロジェクト "DirectXGame.vcxproj" 内のターゲット "CopyFileToFolders" のビルドが終了しました。
false 条件により、ターゲット "Xsd" を省略しました。('@(Xsd)' != '') は ('' != '') として評価されました。
ファイル "C:\Program Files\Microsoft Visual Studio\2022\Community\MSBuild\Microsoft\VC\v170\Microsoft.CppBuild.targets" 内にある、プロジェクト "C:\Users\bluec\Kamata\TakeCEngine\project\DirectXGame.vcxproj" からのターゲット "_Xsd" (ターゲット "_BuildGenerateSourcesAction" は依存):
プロジェクト "DirectXGame.vcxproj" 内のターゲット "_Xsd" のビルドが終了しました。
ファイル "C:\Program Files\Microsoft Visual Studio\2022\Community\MSBuild\Microsoft\VC\v170\Microsoft.CppBuild.targets" 内にある、プロジェクト "C:\Users\bluec\Kamata\TakeCEngine\project\DirectXGame.vcxproj" からのターゲット "MakeDirsForMidl" (ターゲット "_Midl" は依存):
タスク "Makedir"
タスク "Makedir" の実行が終了しました。
プロジェクト "DirectXGame.vcxproj" 内のターゲット "MakeDirsForMidl" のビルドが終了しました。
false 条件により、ターゲット "Midl" を省略しました。('@(Midl)' != '') は ('' != '') として評価されました。
ファイル "C:\Program Files\Microsoft Visual Studio\2022\Community\MSBuild\Microsoft\VC\v170\Microsoft.CppBuild.targets" 内にある、プロジェクト "C:\Users\bluec\Kamata\TakeCEngine\project\DirectXGame.vcxproj" からのターゲット "ComputeMIDLGeneratedCompileInputs" (ターゲット "_Midl" は依存):
プロジェクト "DirectXGame.vcxproj" 内のターゲット "ComputeMIDLGeneratedCompileInputs" のビルドが終了しました。
ファイル "C:\Program Files\Microsoft Visual Studio\2022\Community\MSBuild\Microsoft\VC\v170\Microsoft.CppBuild.targets" 内にある、プロジェクト "C:\Users\bluec\Kamata\TakeCEngine\project\DirectXGame.vcxproj" からのターゲット "AfterMidl" (ターゲット "_Midl" は依存):
プロジェクト "DirectXGame.vcxproj" 内のターゲット "AfterMidl" のビルドが終了しました。
ファイル "C:\Program Files\Microsoft Visual Studio\2022\Community\MSBuild\Microsoft\VC\v170\Microsoft.CppBuild.targets" 内にある、プロジェクト "C:\Users\bluec\Kamata\TakeCEngine\project\DirectXGame.vcxproj" からのターゲット "_Midl" (ターゲット "_BuildGenerateSourcesAction" は依存):
プロジェクト "DirectXGame.vcxproj" 内のターゲット "_Midl" のビルドが終了しました。
ファイル "C:\Program Files\Microsoft Visual Studio\2022\Community\MSBuild\Microsoft\VC\v170\Microsoft.BuildSteps.Targets" 内にある、プロジェクト "C:\Users\bluec\Kamata\TakeCEngine\project\DirectXGame.vcxproj" からのターゲット "AfterBuildGenerateSources" (ターゲット "_BuildGenerateSourcesAction" は依存):
プロジェクト "DirectXGame.vcxproj" 内のターゲット "AfterBuildGenerateSources" のビルドが終了しました。
ファイル "C:\Program Files\Microsoft Visual Studio\2022\Community\MSBuild\Microsoft\VC\v170\Microsoft.CppBuild.targets" 内にある、プロジェクト "C:\Users\bluec\Kamata\TakeCEngine\project\DirectXGame.vcxproj" からのターゲット "AfterBuildGenerateSourcesEvent" (ターゲット "_BuildGenerateSourcesAction" は依存):
プロジェクト "DirectXGame.vcxproj" 内のターゲット "AfterBuildGenerateSourcesEvent" のビルドが終了しました。
ファイル "C:\Program Files\Microsoft Visual Studio\2022\Community\MSBuild\Microsoft\VC\v170\Microsoft.CppBuild.targets" 内にある、プロジェクト "C:\Users\bluec\Kamata\TakeCEngine\project\DirectXGame.vcxproj" からのターゲット "_BuildGenerateSourcesAction" (ターゲット "BuildGenerateSources" は依存):
プロジェクト "DirectXGame.vcxproj" 内のターゲット "_BuildGenerateSourcesAction" のビルドが終了しました。
ファイル "C:\Program Files\Microsoft Visual Studio\2022\Community\MSBuild\Current\Bin\Microsoft.Common.CurrentVersion.targets" 内にある、プロジェクト "C:\Users\bluec\Kamata\TakeCEngine\project\DirectXGame.vcxproj" からのターゲット "BuildGenerateSources" (ターゲット "Build" は依存):
プロジェクト "DirectXGame.vcxproj" 内のターゲット "BuildGenerateSources" のビルドが終了しました。
ターゲット "PrepareProjectReferences" を省略しました。以前に正しくビルドされていました。
ファイル "C:\Program Files\Microsoft Visual Studio\2022\Community\MSBuild\Current\Bin\Microsoft.Common.CurrentVersion.targets" 内にある、プロジェクト "C:\Users\bluec\Kamata\TakeCEngine\project\DirectXGame.vcxproj" からのターゲット "BuildCompileTraverse" (ターゲット "BuildCompile" は依存):
false 条件のため、タスク "MSBuild" を省略しました。('$(BuildPassReferences)' == 'true' and '@(ProjectReferenceWithConfiguration)' != '' and '@(_MSBuildProjectReferenceExistent)' != ''  and '%(_MSBuildProjectReferenceExistent.BuildReference)' == 'true') は ('' == 'true' and 'externals\DirectXTex\DirectXTex_Desktop_2022_Win10.vcxproj;externals\imgui\imgui.vcxproj' != '' and 'externals\DirectXTex\DirectXTex_Desktop_2022_Win10.vcxproj;externals\imgui\imgui.vcxproj' != ''  and 'true' == 'true') として評価されました。
プロジェクト "DirectXGame.vcxproj" 内のターゲット "BuildCompileTraverse" のビルドが終了しました。
ターゲット "PrepareForBuild" を省略しました。以前に正しくビルドされていました。
ターゲット "ResolveReferences" を省略しました。以前に正しくビルドされていました。
ファイル "C:\Program Files\Microsoft Visual Studio\2022\Community\MSBuild\Microsoft\VC\v170\Microsoft.CppBuild.targets" 内にある、プロジェクト "C:\Users\bluec\Kamata\TakeCEngine\project\DirectXGame.vcxproj" からのターゲット "BeforeClCompile" (ターゲット "_ClCompile" は依存):
プロジェクト "DirectXGame.vcxproj" 内のターゲット "BeforeClCompile" のビルドが終了しました。
false 条件により、ターゲット "GenerateTargetFrameworkMonikerAttribute" を省略しました。('$(GenerateTargetFrameworkAttribute)' == 'true') は ('false' == 'true') として評価されました。
ターゲット "ComputeMIDLGeneratedCompileInputs" を省略しました。以前に正しくビルドされていました。
ファイル "C:\Program Files\Microsoft Visual Studio\2022\Community\MSBuild\Microsoft\VC\v170\Microsoft.CppBuild.targets" 内にある、プロジェクト "C:\Users\bluec\Kamata\TakeCEngine\project\DirectXGame.vcxproj" からのターゲット "ComputeCLInputPDBName" (ターゲット "_ClCompile" は依存):
プロジェクト "DirectXGame.vcxproj" 内のターゲット "ComputeCLInputPDBName" のビルドが終了しました。
ターゲット "ResolveReferences" を省略しました。以前に正しくビルドされていました。
ファイル "C:\Program Files\Microsoft Visual Studio\2022\Community\MSBuild\Current\Bin\Microsoft.Common.CurrentVersion.targets" 内にある、プロジェクト "C:\Users\bluec\Kamata\TakeCEngine\project\DirectXGame.vcxproj" からのターゲット "FindReferenceAssembliesForReferences" (ターゲット "ComputeReferenceCLInput" は依存):
プロジェクト "DirectXGame.vcxproj" 内のターゲット "FindReferenceAssembliesForReferences" のビルドが終了しました。
ファイル "C:\Program Files\Microsoft Visual Studio\2022\Community\MSBuild\Microsoft\VC\v170\Microsoft.CppBuild.targets" 内にある、プロジェクト "C:\Users\bluec\Kamata\TakeCEngine\project\DirectXGame.vcxproj" からのターゲット "GetReferencedVCProjectsInfo" (ターゲット "ComputeReferenceCLInput" は依存):
タスク "MSBuild"
  グローバル プロパティ:
    Configuration=Debug
    Platform=x64
  プロジェクト "externals\DirectXTex\DirectXTex_Desktop_2022_Win10.vcxproj" のプロパティの削除:
    TargetFramework
  プロジェクト "externals\imgui\imgui.vcxproj" のプロパティの削除:
    TargetFramework
プロジェクト "C:\Users\bluec\Kamata\TakeCEngine\project\DirectXGame.vcxproj" (2) は、ノード 1 上に "C:\Users\bluec\Kamata\TakeCEngine\project\externals\DirectXTex\DirectXTex_Desktop_2022_Win10.vcxproj" (3:4) をビルドしています (GetProjectInfoForReference ターゲット)。
プロジェクト ファイルに ToolsVersion="15.0" が含まれています。このツールセットは不明であるか存在しません。この場合、適切なバージョンの MSBuild をインストールすることによって、この問題を解決できる可能性があります。または、ポリシー上の理由で、ビルドが特定の ToolsVersion に強制的に追加された可能性があります。プロジェクトを ToolsVersion="Current" として扱います。詳細については、http://go.microsoft.com/fwlink/?LinkId=293424 を参照してください。
ファイル "C:\Program Files\Microsoft Visual Studio\2022\Community\MSBuild\Microsoft\VC\v170\Microsoft.CppBuild.targets" 内にある、プロジェクト "C:\Users\bluec\Kamata\TakeCEngine\project\externals\DirectXTex\DirectXTex_Desktop_2022_Win10.vcxproj" からのターゲット "DisableProjectReferenceRecursionForClInputs" (ターゲット "GetProjectInfoForReference" は依存):
プロジェクト "DirectXTex_Desktop_2022_Win10.vcxproj" 内のターゲット "DisableProjectReferenceRecursionForClInputs" のビルドが終了しました。
ターゲット "PrepareForBuild" を省略しました。以前に正しくビルドされていました。
ファイル "C:\Program Files\Microsoft Visual Studio\2022\Community\MSBuild\Microsoft\VC\v170\Microsoft.CppBuild.targets" 内にある、プロジェクト "C:\Users\bluec\Kamata\TakeCEngine\project\externals\DirectXTex\DirectXTex_Desktop_2022_Win10.vcxproj" からのターゲット "GetPublicIncludeDirectories" (ターゲット "AddPublicIncludeDirectoriesToProjectsInfoForReference" は依存):
プロジェクト "DirectXTex_Desktop_2022_Win10.vcxproj" 内のターゲット "GetPublicIncludeDirectories" のビルドが終了しました。
ファイル "C:\Program Files\Microsoft Visual Studio\2022\Community\MSBuild\Microsoft\VC\v170\Microsoft.CppBuild.targets" 内にある、プロジェクト "C:\Users\bluec\Kamata\TakeCEngine\project\externals\DirectXTex\DirectXTex_Desktop_2022_Win10.vcxproj" からのターゲット "AddPublicIncludeDirectoriesToProjectsInfoForReference" (ターゲット "GetProjectInfoForReference" は依存):
プロジェクト "DirectXTex_Desktop_2022_Win10.vcxproj" 内のターゲット "AddPublicIncludeDirectoriesToProjectsInfoForReference" のビルドが終了しました。
false 条件により、ターゲット "GenerateTargetFrameworkMonikerAttribute" を省略しました。('$(GenerateTargetFrameworkAttribute)' == 'true') は ('false' == 'true') として評価されました。
ターゲット "ComputeMIDLGeneratedCompileInputs" を省略しました。以前に正しくビルドされていました。
ターゲット "ComputeCLInputPDBName" を省略しました。以前に正しくビルドされていました。
ターゲット "ComputeReferenceCLInput" を省略しました。以前に正しくビルドされていました。
ターゲット "WarnCompileDuplicatedFilename" を省略しました。以前に正しくビルドされていました。
ターゲット "ComputeStdModulesCompileInputs" を省略しました。以前に正しくビルドされていました。
ターゲット "FixupCLCompileOptions" を省略しました。以前に正しくビルドされていました。
false 条件により、ターゲット "SetModuleDependencies" を省略しました。('$(DesignTimeBuild)' != 'true' and '$(EnableCppModules)' == 'true') は ('' != 'true' and '' == 'true') として評価されました。
false 条件により、ターゲット "SetModuleDependencies" を省略しました。('$(DesignTimeBuild)' != 'true' and '$(EnableCppModules)' == 'true') は ('' != 'true' and '' == 'true') として評価されました。
ターゲット "GetPublicIncludeDirectories" を省略しました。以前に正しくビルドされていました。
ファイル "C:\Program Files\Microsoft Visual Studio\2022\Community\MSBuild\Microsoft\VC\v170\Microsoft.CppBuild.targets" 内にある、プロジェクト "C:\Users\bluec\Kamata\TakeCEngine\project\externals\DirectXTex\DirectXTex_Desktop_2022_Win10.vcxproj" からのターゲット "AddPublicBMIsToProjectsInfoForReference" (ターゲット "GetProjectInfoForReference" は依存):
false 条件のため、タスク "GetOutputFileNameItems" を省略しました。('@(_Modules)' != '') は ('' != '') として評価されました。
false 条件のため、タスク "GetOutputFileNameItems" を省略しました。('@(_HeaderUnits)' != '') は ('' != '') として評価されました。
プロジェクト "DirectXTex_Desktop_2022_Win10.vcxproj" 内のターゲット "AddPublicBMIsToProjectsInfoForReference" のビルドが終了しました。
ファイル "C:\Program Files\Microsoft Visual Studio\2022\Community\MSBuild\Microsoft\VC\v170\Microsoft.CppBuild.targets" 内にある、プロジェクト "C:\Users\bluec\Kamata\TakeCEngine\project\externals\DirectXTex\DirectXTex_Desktop_2022_Win10.vcxproj" からのターゲット "AddDeployRecipeFileToProjectsInfoForReference" (ターゲット "GetProjectInfoForReference" は依存):
プロジェクト "DirectXTex_Desktop_2022_Win10.vcxproj" 内のターゲット "AddDeployRecipeFileToProjectsInfoForReference" のビルドが終了しました。
ターゲット "PrepareForBuild" を省略しました。以前に正しくビルドされていました。
ターゲット "ResolveReferences" を省略しました。以前に正しくビルドされていました。
ターゲット "GetReferencedVCProjectsInfo" を省略しました。以前に正しくビルドされていました。
ファイル "C:\Program Files\Microsoft Visual Studio\2022\Community\MSBuild\Microsoft\VC\v170\Microsoft.CppBuild.targets" 内にある、プロジェクト "C:\Users\bluec\Kamata\TakeCEngine\project\externals\DirectXTex\DirectXTex_Desktop_2022_Win10.vcxproj" からのターゲット "ResolvedLinkLib" (ターゲット "GetResolvedLinkLibs" は依存):
プロジェクト "DirectXTex_Desktop_2022_Win10.vcxproj" 内のターゲット "ResolvedLinkLib" のビルドが終了しました。
ファイル "C:\Program Files\Microsoft Visual Studio\2022\Community\MSBuild\Microsoft\VC\v170\Microsoft.CppBuild.targets" 内にある、プロジェクト "C:\Users\bluec\Kamata\TakeCEngine\project\externals\DirectXTex\DirectXTex_Desktop_2022_Win10.vcxproj" からのターゲット "GetResolvedLinkLibs" (ターゲット "AddLibrariesToProjectsInfoForReference" は依存):
false 条件のため、タスク "Message" を省略しました。('$(_REFERENCE_DEBUG)'=='true') は (''=='true') として評価されました。
プロジェクト "DirectXTex_Desktop_2022_Win10.vcxproj" 内のターゲット "GetResolvedLinkLibs" のビルドが終了しました。
ファイル "C:\Program Files\Microsoft Visual Studio\2022\Community\MSBuild\Microsoft\VC\v170\Microsoft.CppBuild.targets" 内にある、プロジェクト "C:\Users\bluec\Kamata\TakeCEngine\project\externals\DirectXTex\DirectXTex_Desktop_2022_Win10.vcxproj" からのターゲット "AddLibrariesToProjectsInfoForReference" (ターゲット "GetProjectInfoForReference" は依存):
プロジェクト "DirectXTex_Desktop_2022_Win10.vcxproj" 内のターゲット "AddLibrariesToProjectsInfoForReference" のビルドが終了しました。
ファイル "C:\Program Files\Microsoft Visual Studio\2022\Community\MSBuild\Microsoft\VC\v170\Microsoft.CppBuild.targets" 内にある、プロジェクト "C:\Users\bluec\Kamata\TakeCEngine\project\externals\DirectXTex\DirectXTex_Desktop_2022_Win10.vcxproj" からのターゲット "GetProjectInfoForReference" (エントリ ポイント):
プロジェクト "DirectXTex_Desktop_2022_Win10.vcxproj" 内のターゲット "GetProjectInfoForReference" のビルドが終了しました。
プロジェクト "C:\Users\bluec\Kamata\TakeCEngine\project\externals\DirectXTex\DirectXTex_Desktop_2022_Win10.vcxproj" (GetProjectInfoForReference ターゲット) のビルドが完了しました。

プロジェクト "C:\Users\bluec\Kamata\TakeCEngine\project\DirectXGame.vcxproj" (2) は、ノード 1 上に "C:\Users\bluec\Kamata\TakeCEngine\project\externals\imgui\imgui.vcxproj" (4:4) をビルドしています (GetProjectInfoForReference ターゲット)。
ファイル "C:\Program Files\Microsoft Visual Studio\2022\Community\MSBuild\Microsoft\VC\v170\Microsoft.CppBuild.targets" 内にある、プロジェクト "C:\Users\bluec\Kamata\TakeCEngine\project\externals\imgui\imgui.vcxproj" からのターゲット "DisableProjectReferenceRecursionForClInputs" (ターゲット "GetProjectInfoForReference" は依存):
プロジェクト "imgui.vcxproj" 内のターゲット "DisableProjectReferenceRecursionForClInputs" のビルドが終了しました。
ターゲット "PrepareForBuild" を省略しました。以前に正しくビルドされていました。
ファイル "C:\Program Files\Microsoft Visual Studio\2022\Community\MSBuild\Microsoft\VC\v170\Microsoft.CppBuild.targets" 内にある、プロジェクト "C:\Users\bluec\Kamata\TakeCEngine\project\externals\imgui\imgui.vcxproj" からのターゲット "GetPublicIncludeDirectories" (ターゲット "AddPublicIncludeDirectoriesToProjectsInfoForReference" は依存):
プロジェクト "imgui.vcxproj" 内のターゲット "GetPublicIncludeDirectories" のビルドが終了しました。
ファイル "C:\Program Files\Microsoft Visual Studio\2022\Community\MSBuild\Microsoft\VC\v170\Microsoft.CppBuild.targets" 内にある、プロジェクト "C:\Users\bluec\Kamata\TakeCEngine\project\externals\imgui\imgui.vcxproj" からのターゲット "AddPublicIncludeDirectoriesToProjectsInfoForReference" (ターゲット "GetProjectInfoForReference" は依存):
プロジェクト "imgui.vcxproj" 内のターゲット "AddPublicIncludeDirectoriesToProjectsInfoForReference" のビルドが終了しました。
false 条件により、ターゲット "GenerateTargetFrameworkMonikerAttribute" を省略しました。('$(GenerateTargetFrameworkAttribute)' == 'true') は ('false' == 'true') として評価されました。
ターゲット "ComputeMIDLGeneratedCompileInputs" を省略しました。以前に正しくビルドされていました。
ターゲット "ComputeCLInputPDBName" を省略しました。以前に正しくビルドされていました。
ターゲット "ComputeReferenceCLInput" を省略しました。以前に正しくビルドされていました。
ターゲット "WarnCompileDuplicatedFilename" を省略しました。以前に正しくビルドされていました。
ターゲット "ComputeStdModulesCompileInputs" を省略しました。以前に正しくビルドされていました。
ターゲット "FixupCLCompileOptions" を省略しました。以前に正しくビルドされていました。
false 条件により、ターゲット "SetModuleDependencies" を省略しました。('$(DesignTimeBuild)' != 'true' and '$(EnableCppModules)' == 'true') は ('' != 'true' and '' == 'true') として評価されました。
false 条件により、ターゲット "SetModuleDependencies" を省略しました。('$(DesignTimeBuild)' != 'true' and '$(EnableCppModules)' == 'true') は ('' != 'true' and '' == 'true') として評価されました。
ターゲット "GetPublicIncludeDirectories" を省略しました。以前に正しくビルドされていました。
ファイル "C:\Program Files\Microsoft Visual Studio\2022\Community\MSBuild\Microsoft\VC\v170\Microsoft.CppBuild.targets" 内にある、プロジェクト "C:\Users\bluec\Kamata\TakeCEngine\project\externals\imgui\imgui.vcxproj" からのターゲット "AddPublicBMIsToProjectsInfoForReference" (ターゲット "GetProjectInfoForReference" は依存):
false 条件のため、タスク "GetOutputFileNameItems" を省略しました。('@(_Modules)' != '') は ('' != '') として評価されました。
false 条件のため、タスク "GetOutputFileNameItems" を省略しました。('@(_HeaderUnits)' != '') は ('' != '') として評価されました。
プロジェクト "imgui.vcxproj" 内のターゲット "AddPublicBMIsToProjectsInfoForReference" のビルドが終了しました。
ファイル "C:\Program Files\Microsoft Visual Studio\2022\Community\MSBuild\Microsoft\VC\v170\Microsoft.CppBuild.targets" 内にある、プロジェクト "C:\Users\bluec\Kamata\TakeCEngine\project\externals\imgui\imgui.vcxproj" からのターゲット "AddDeployRecipeFileToProjectsInfoForReference" (ターゲット "GetProjectInfoForReference" は依存):
プロジェクト "imgui.vcxproj" 内のターゲット "AddDeployRecipeFileToProjectsInfoForReference" のビルドが終了しました。
ターゲット "PrepareForBuild" を省略しました。以前に正しくビルドされていました。
ターゲット "ResolveReferences" を省略しました。以前に正しくビルドされていました。
ターゲット "GetReferencedVCProjectsInfo" を省略しました。以前に正しくビルドされていました。
ファイル "C:\Program Files\Microsoft Visual Studio\2022\Community\MSBuild\Microsoft\VC\v170\Microsoft.CppBuild.targets" 内にある、プロジェクト "C:\Users\bluec\Kamata\TakeCEngine\project\externals\imgui\imgui.vcxproj" からのターゲット "ResolvedLinkLib" (ターゲット "GetResolvedLinkLibs" は依存):
プロジェクト "imgui.vcxproj" 内のターゲット "ResolvedLinkLib" のビルドが終了しました。
ファイル "C:\Program Files\Microsoft Visual Studio\2022\Community\MSBuild\Microsoft\VC\v170\Microsoft.CppBuild.targets" 内にある、プロジェクト "C:\Users\bluec\Kamata\TakeCEngine\project\externals\imgui\imgui.vcxproj" からのターゲット "GetResolvedLinkLibs" (ターゲット "AddLibrariesToProjectsInfoForReference" は依存):
false 条件のため、タスク "Message" を省略しました。('$(_REFERENCE_DEBUG)'=='true') は (''=='true') として評価されました。
プロジェクト "imgui.vcxproj" 内のターゲット "GetResolvedLinkLibs" のビルドが終了しました。
ファイル "C:\Program Files\Microsoft Visual Studio\2022\Community\MSBuild\Microsoft\VC\v170\Microsoft.CppBuild.targets" 内にある、プロジェクト "C:\Users\bluec\Kamata\TakeCEngine\project\externals\imgui\imgui.vcxproj" からのターゲット "AddLibrariesToProjectsInfoForReference" (ターゲット "GetProjectInfoForReference" は依存):
プロジェクト "imgui.vcxproj" 内のターゲット "AddLibrariesToProjectsInfoForReference" のビルドが終了しました。
ファイル "C:\Program Files\Microsoft Visual Studio\2022\Community\MSBuild\Microsoft\VC\v170\Microsoft.CppBuild.targets" 内にある、プロジェクト "C:\Users\bluec\Kamata\TakeCEngine\project\externals\imgui\imgui.vcxproj" からのターゲット "GetProjectInfoForReference" (エントリ ポイント):
プロジェクト "imgui.vcxproj" 内のターゲット "GetProjectInfoForReference" のビルドが終了しました。
プロジェクト "C:\Users\bluec\Kamata\TakeCEngine\project\externals\imgui\imgui.vcxproj" (GetProjectInfoForReference ターゲット) のビルドが完了しました。

タスク "MSBuild" の実行が終了しました。
プロジェクト "DirectXGame.vcxproj" 内のターゲット "GetReferencedVCProjectsInfo" のビルドが終了しました。
ファイル "C:\Program Files\Microsoft Visual Studio\2022\Community\MSBuild\Microsoft\VC\v170\Microsoft.CppBuild.targets" 内にある、プロジェクト "C:\Users\bluec\Kamata\TakeCEngine\project\DirectXGame.vcxproj" からのターゲット "ComputeReferenceCLInput" (ターゲット "_ClCompile" は依存):
false 条件のため、タスク "WriteLinesToFile" を省略しました。('@(_ReferenceOutputsToCopyLocally)'!='' and '$(DesignTimeBuild)' != 'true' and '$(TrackFileAccess)' == 'true') は (''!='' and '' != 'true' and 'true' == 'true') として評価されました。
false 条件のため、タスク "WriteLinesToFile" を省略しました。('@(_ReferenceOutputsToCopyLocally)'!='' and '$(DesignTimeBuild)' != 'true' and '$(TrackFileAccess)' == 'true') は (''!='' and '' != 'true' and 'true' == 'true') として評価されました。
false 条件のため、タスク "Message" を省略しました。('$(_REFERENCE_DEBUG)'=='true') は (''=='true') として評価されました。
プロジェクト "DirectXGame.vcxproj" 内のターゲット "ComputeReferenceCLInput" のビルドが終了しました。
ファイル "C:\Program Files\Microsoft Visual Studio\2022\Community\MSBuild\Microsoft\VC\v170\Microsoft.CppBuild.targets" 内にある、プロジェクト "C:\Users\bluec\Kamata\TakeCEngine\project\DirectXGame.vcxproj" からのターゲット "WarnCompileDuplicatedFilename" (ターゲット "_ClCompile" は依存):
false 条件のため、タスク "VCMessage" を省略しました。('%(ClCompile.ExcludedFromBuild)' != 'true' and '%(Filename)%(Extension)' != '@(ClCompile->'%(Filename)%(Extension)')' and '%(ObjectFileName)' == '@(ClCompile->Metadata(ObjectFileName)->Distinct())') は ('' != 'true' and 'AnimationMapper.cpp' != 'AnimationMapper.cpp' and 'C:\Users\bluec\Kamata\TakeCEngine\project\..\generated\obj\DirectXGame\Debug\' == 'C:\Users\bluec\Kamata\TakeCEngine\project\..\generated\obj\DirectXGame\Debug\') として評価されました。
false 条件のため、タスク "VCMessage" を省略しました。('%(ClCompile.ExcludedFromBuild)' != 'true' and '%(Filename)%(Extension)' != '@(ClCompile->'%(Filename)%(Extension)')' and '%(ObjectFileName)' == '@(ClCompile->Metadata(ObjectFileName)->Distinct())') は ('' != 'true' and 'ActionNode.cpp' != 'ActionNode.cpp' and 'C:\Users\bluec\Kamata\TakeCEngine\project\..\generated\obj\DirectXGame\Debug\' == 'C:\Users\bluec\Kamata\TakeCEngine\project\..\generated\obj\DirectXGame\Debug\') として評価されました。
false 条件のため、タスク "VCMessage" を省略しました。('%(ClCompile.ExcludedFromBuild)' != 'true' and '%(Filename)%(Extension)' != '@(ClCompile->'%(Filename)%(Extension)')' and '%(ObjectFileName)' == '@(ClCompile->Metadata(ObjectFileName)->Distinct())') は ('' != 'true' and 'BehaviorTreeEditor.cpp' != 'BehaviorTreeEditor.cpp' and 'C:\Users\bluec\Kamata\TakeCEngine\project\..\generated\obj\DirectXGame\Debug\' == 'C:\Users\bluec\Kamata\TakeCEngine\project\..\generated\obj\DirectXGame\Debug\') として評価されました。
false 条件のため、タスク "VCMessage" を省略しました。('%(ClCompile.ExcludedFromBuild)' != 'true' and '%(Filename)%(Extension)' != '@(ClCompile->'%(Filename)%(Extension)')' and '%(ObjectFileName)' == '@(ClCompile->Metadata(ObjectFileName)->Distinct())') は ('' != 'true' and 'Blackboard.cpp' != 'Blackboard.cpp' and 'C:\Users\bluec\Kamata\TakeCEngine\project\..\generated\obj\DirectXGame\Debug\' == 'C:\Users\bluec\Kamata\TakeCEngine\project\..\generated\obj\DirectXGame\Debug\') として評価されました。
false 条件のため、タスク "VCMessage" を省略しました。('%(ClCompile.ExcludedFromBuild)' != 'true' and '%(Filename)%(Extension)' != '@(ClCompile->'%(Filename)%(Extension)')' and '%(ObjectFileName)' == '@(ClCompile->Metadata(ObjectFileName)->Distinct())') は ('' != 'true' and 'ComboFactory.cpp' != 'ComboFactory.cpp' and 'C:\Users\bluec\Kamata\TakeCEngine\project\..\generated\obj\DirectXGame\Debug\' == 'C:\Users\bluec\Kamata\TakeCEngine\project\..\generated\obj\DirectXGame\Debug\') として評価されました。
false 条件のため、タスク "VCMessage" を省略しました。('%(ClCompile.ExcludedFromBuild)' != 'true' and '%(Filename)%(Extension)' != '@(ClCompile->'%(Filename)%(Extension)')' and '%(ObjectFileName)' == '@(ClCompile->Metadata(ObjectFileName)->Distinct())') は ('' != 'true' and 'ConditionNode.cpp' != 'ConditionNode.cpp' and 'C:\Users\bluec\Kamata\TakeCEngine\project\..\generated\obj\DirectXGame\Debug\' == 'C:\Users\bluec\Kamata\TakeCEngine\project\..\generated\obj\DirectXGame\Debug\') として評価されました。
false 条件のため、タスク "VCMessage" を省略しました。('%(ClCompile.ExcludedFromBuild)' != 'true' and '%(Filename)%(Extension)' != '@(ClCompile->'%(Filename)%(Extension)')' and '%(ObjectFileName)' == '@(ClCompile->Metadata(ObjectFileName)->Distinct())') は ('' != 'true' and 'PlannerSelectorNode.cpp' != 'PlannerSelectorNode.cpp' and 'C:\Users\bluec\Kamata\TakeCEngine\project\..\generated\obj\DirectXGame\Debug\' == 'C:\Users\bluec\Kamata\TakeCEngine\project\..\generated\obj\DirectXGame\Debug\') として評価されました。
false 条件のため、タスク "VCMessage" を省略しました。('%(ClCompile.ExcludedFromBuild)' != 'true' and '%(Filename)%(Extension)' != '@(ClCompile->'%(Filename)%(Extension)')' and '%(ObjectFileName)' == '@(ClCompile->Metadata(ObjectFileName)->Distinct())') は ('' != 'true' and 'ScoreConditionNode.cpp' != 'ScoreConditionNode.cpp' and 'C:\Users\bluec\Kamata\TakeCEngine\project\..\generated\obj\DirectXGame\Debug\' == 'C:\Users\bluec\Kamata\TakeCEngine\project\..\generated\obj\DirectXGame\Debug\') として評価されました。
false 条件のため、タスク "VCMessage" を省略しました。('%(ClCompile.ExcludedFromBuild)' != 'true' and '%(Filename)%(Extension)' != '@(ClCompile->'%(Filename)%(Extension)')' and '%(ObjectFileName)' == '@(ClCompile->Metadata(ObjectFileName)->Distinct())') は ('' != 'true' and 'SelectorNode.cpp' != 'SelectorNode.cpp' and 'C:\Users\bluec\Kamata\TakeCEngine\project\..\generated\obj\DirectXGame\Debug\' == 'C:\Users\bluec\Kamata\TakeCEngine\project\..\generated\obj\DirectXGame\Debug\') として評価されました。
false 条件のため、タスク "VCMessage" を省略しました。('%(ClCompile.ExcludedFromBuild)' != 'true' and '%(Filename)%(Extension)' != '@(ClCompile->'%(Filename)%(Extension)')' and '%(ObjectFileName)' == '@(ClCompile->Metadata(ObjectFileName)->Distinct())') は ('' != 'true' and 'SequenceNode.cpp' != 'SequenceNode.cpp' and 'C:\Users\bluec\Kamata\TakeCEngine\project\..\generated\obj\DirectXGame\Debug\' == 'C:\Users\bluec\Kamata\TakeCEngine\project\..\generated\obj\DirectXGame\Debug\') として評価されました。
false 条件のため、タスク "VCMessage" を省略しました。('%(ClCompile.ExcludedFromBuild)' != 'true' and '%(Filename)%(Extension)' != '@(ClCompile->'%(Filename)%(Extension)')' and '%(ObjectFileName)' == '@(ClCompile->Metadata(ObjectFileName)->Distinct())') は ('' != 'true' and 'ActionNodeView.cpp' != 'ActionNodeView.cpp' and 'C:\Users\bluec\Kamata\TakeCEngine\project\..\generated\obj\DirectXGame\Debug\' == 'C:\Users\bluec\Kamata\TakeCEngine\project\..\generated\obj\DirectXGame\Debug\') として評価されました。
false 条件のため、タスク "VCMessage" を省略しました。('%(ClCompile.ExcludedFromBuild)' != 'true' and '%(Filename)%(Extension)' != '@(ClCompile->'%(Filename)%(Extension)')' and '%(ObjectFileName)' == '@(ClCompile->Metadata(ObjectFileName)->Distinct())') は ('' != 'true' and 'ConditionNodeView.cpp' != 'ConditionNodeView.cpp' and 'C:\Users\bluec\Kamata\TakeCEngine\project\..\generated\obj\DirectXGame\Debug\' == 'C:\Users\bluec\Kamata\TakeCEngine\project\..\generated\obj\DirectXGame\Debug\') として評価されました。
false 条件のため、タスク "VCMessage" を省略しました。('%(ClCompile.ExcludedFromBuild)' != 'true' and '%(Filename)%(Extension)' != '@(ClCompile->'%(Filename)%(Extension)')' and '%(ObjectFileName)' == '@(ClCompile->Metadata(ObjectFileName)->Distinct())') は ('' != 'true' and 'PlannerSelectorNodeView.cpp' != 'PlannerSelectorNodeView.cpp' and 'C:\Users\bluec\Kamata\TakeCEngine\project\..\generated\obj\DirectXGame\Debug\' == 'C:\Users\bluec\Kamata\TakeCEngine\project\..\generated\obj\DirectXGame\Debug\') として評価されました。
false 条件のため、タスク "VCMessage" を省略しました。('%(ClCompile.ExcludedFromBuild)' != 'true' and '%(Filename)%(Extension)' != '@(ClCompile->'%(Filename)%(Extension)')' and '%(ObjectFileName)' == '@(ClCompile->Metadata(ObjectFileName)->Distinct())') は ('' != 'true' and 'ScoreConditionNodeView.cpp' != 'ScoreConditionNodeView.cpp' and 'C:\Users\bluec\Kamata\TakeCEngine\project\..\generated\obj\DirectXGame\Debug\' == 'C:\Users\bluec\Kamata\TakeCEngine\project\..\generated\obj\DirectXGame\Debug\') として評価されました。
false 条件のため、タスク "VCMessage" を省略しました。('%(ClCompile.ExcludedFromBuild)' != 'true' and '%(Filename)%(Extension)' != '@(ClCompile->'%(Filename)%(Extension)')' and '%(ObjectFileName)' == '@(ClCompile->Metadata(ObjectFileName)->Distinct())') は ('' != 'true' and 'SelectorNodeView.cpp' != 'SelectorNodeView.cpp' and 'C:\Users\bluec\Kamata\TakeCEngine\project\..\generated\obj\DirectXGame\Debug\' == 'C:\Users\bluec\Kamata\TakeCEngine\project\..\generated\obj\DirectXGame\Debug\') として評価されました。
false 条件のため、タスク "VCMessage" を省略しました。('%(ClCompile.ExcludedFromBuild)' != 'true' and '%(Filename)%(Extension)' != '@(ClCompile->'%(Filename)%(Extension)')' and '%(ObjectFileName)' == '@(ClCompile->Metadata(ObjectFileName)->Distinct())') は ('' != 'true' and 'SequenceNodeView.cpp' != 'SequenceNodeView.cpp' and 'C:\Users\bluec\Kamata\TakeCEngine\project\..\generated\obj\DirectXGame\Debug\' == 'C:\Users\bluec\Kamata\TakeCEngine\project\..\generated\obj\DirectXGame\Debug\') として評価されました。
false 条件のため、タスク "VCMessage" を省略しました。('%(ClCompile.ExcludedFromBuild)' != 'true' and '%(Filename)%(Extension)' != '@(ClCompile->'%(Filename)%(Extension)')' and '%(ObjectFileName)' == '@(ClCompile->Metadata(ObjectFileName)->Distinct())') は ('' != 'true' and 'WeightSelectorNodeView.cpp' != 'WeightSelectorNodeView.cpp' and 'C:\Users\bluec\Kamata\TakeCEngine\project\..\generated\obj\DirectXGame\Debug\' == 'C:\Users\bluec\Kamata\TakeCEngine\project\..\generated\obj\DirectXGame\Debug\') として評価されました。
false 条件のため、タスク "VCMessage" を省略しました。('%(ClCompile.ExcludedFromBuild)' != 'true' and '%(Filename)%(Extension)' != '@(ClCompile->'%(Filename)%(Extension)')' and '%(ObjectFileName)' == '@(ClCompile->Metadata(ObjectFileName)->Distinct())') は ('' != 'true' and 'WeightSelector.cpp' != 'WeightSelector.cpp' and 'C:\Users\bluec\Kamata\TakeCEngine\project\..\generated\obj\DirectXGame\Debug\' == 'C:\Users\bluec\Kamata\TakeCEngine\project\..\generated\obj\DirectXGame\Debug\') として評価されました。
false 条件のため、タスク "VCMessage" を省略しました。('%(ClCompile.ExcludedFromBuild)' != 'true' and '%(Filename)%(Extension)' != '@(ClCompile->'%(Filename)%(Extension)')' and '%(ObjectFileName)' == '@(ClCompile->Metadata(ObjectFileName)->Distinct())') は ('' != 'true' and 'BreakGaugeUtil.cpp' != 'BreakGaugeUtil.cpp' and 'C:\Users\bluec\Kamata\TakeCEngine\project\..\generated\obj\DirectXGame\Debug\' == 'C:\Users\bluec\Kamata\TakeCEngine\project\..\generated\obj\DirectXGame\Debug\') として評価されました。
false 条件のため、タスク "VCMessage" を省略しました。('%(ClCompile.ExcludedFromBuild)' != 'true' and '%(Filename)%(Extension)' != '@(ClCompile->'%(Filename)%(Extension)')' and '%(ObjectFileName)' == '@(ClCompile->Metadata(ObjectFileName)->Distinct())') は ('' != 'true' and 'ActionButtonICon.cpp' != 'ActionButtonICon.cpp' and 'C:\Users\bluec\Kamata\TakeCEngine\project\..\generated\obj\DirectXGame\Debug\' == 'C:\Users\bluec\Kamata\TakeCEngine\project\..\generated\obj\DirectXGame\Debug\') として評価されました。
false 条件のため、タスク "VCMessage" を省略しました。('%(ClCompile.ExcludedFromBuild)' != 'true' and '%(Filename)%(Extension)' != '@(ClCompile->'%(Filename)%(Extension)')' and '%(ObjectFileName)' == '@(ClCompile->Metadata(ObjectFileName)->Distinct())') は ('' != 'true' and 'AIBrainSystem.cpp' != 'AIBrainSystem.cpp' and 'C:\Users\bluec\Kamata\TakeCEngine\project\..\generated\obj\DirectXGame\Debug\' == 'C:\Users\bluec\Kamata\TakeCEngine\project\..\generated\obj\DirectXGame\Debug\') として評価されました。
false 条件のため、タスク "VCMessage" を省略しました。('%(ClCompile.ExcludedFromBuild)' != 'true' and '%(Filename)%(Extension)' != '@(ClCompile->'%(Filename)%(Extension)')' and '%(ObjectFileName)' == '@(ClCompile->Metadata(ObjectFileName)->Distinct())') は ('' != 'true' and 'GameCharacterInfo.cpp' != 'GameCharacterInfo.cpp' and 'C:\Users\bluec\Kamata\TakeCEngine\project\..\generated\obj\DirectXGame\Debug\' == 'C:\Users\bluec\Kamata\TakeCEngine\project\..\generated\obj\DirectXGame\Debug\') として評価されました。
false 条件のため、タスク "VCMessage" を省略しました。('%(ClCompile.ExcludedFromBuild)' != 'true' and '%(Filename)%(Extension)' != '@(ClCompile->'%(Filename)%(Extension)')' and '%(ObjectFileName)' == '@(ClCompile->Metadata(ObjectFileName)->Distinct())') は ('' != 'true' and 'BreakGaugeUI.cpp' != 'BreakGaugeUI.cpp' and 'C:\Users\bluec\Kamata\TakeCEngine\project\..\generated\obj\DirectXGame\Debug\' == 'C:\Users\bluec\Kamata\TakeCEngine\project\..\generated\obj\DirectXGame\Debug\') として評価されました。
false 条件のため、タスク "VCMessage" を省略しました。('%(ClCompile.ExcludedFromBuild)' != 'true' and '%(Filename)%(Extension)' != '@(ClCompile->'%(Filename)%(Extension)')' and '%(ObjectFileName)' == '@(ClCompile->Metadata(ObjectFileName)->Distinct())') は ('' != 'true' and 'RingUI.cpp' != 'RingUI.cpp' and 'C:\Users\bluec\Kamata\TakeCEngine\project\..\generated\obj\DirectXGame\Debug\' == 'C:\Users\bluec\Kamata\TakeCEngine\project\..\generated\obj\DirectXGame\Debug\') として評価されました。
false 条件のため、タスク "VCMessage" を省略しました。('%(ClCompile.ExcludedFromBuild)' != 'true' and '%(Filename)%(Extension)' != '@(ClCompile->'%(Filename)%(Extension)')' and '%(ObjectFileName)' == '@(ClCompile->Metadata(ObjectFileName)->Distinct())') は ('' != 'true' and 'Bazooka.cpp' != 'Bazooka.cpp' and 'C:\Users\bluec\Kamata\TakeCEngine\project\..\generated\obj\DirectXGame\Debug\' == 'C:\Users\bluec\Kamata\TakeCEngine\project\..\generated\obj\DirectXGame\Debug\') として評価されました。
false 条件のため、タスク "VCMessage" を省略しました。('%(ClCompile.ExcludedFromBuild)' != 'true' and '%(Filename)%(Extension)' != '@(ClCompile->'%(Filename)%(Extension)')' and '%(ObjectFileName)' == '@(ClCompile->Metadata(ObjectFileName)->Distinct())') は ('' != 'true' and 'EnergyInfoUI.cpp' != 'EnergyInfoUI.cpp' and 'C:\Users\bluec\Kamata\TakeCEngine\project\..\generated\obj\DirectXGame\Debug\' == 'C:\Users\bluec\Kamata\TakeCEngine\project\..\generated\obj\DirectXGame\Debug\') として評価されました。
false 条件のため、タスク "VCMessage" を省略しました。('%(ClCompile.ExcludedFromBuild)' != 'true' and '%(Filename)%(Extension)' != '@(ClCompile->'%(Filename)%(Extension)')' and '%(ObjectFileName)' == '@(ClCompile->Metadata(ObjectFileName)->Distinct())') は ('' != 'true' and 'BulletCounterUI.cpp' != 'BulletCounterUI.cpp' and 'C:\Users\bluec\Kamata\TakeCEngine\project\..\generated\obj\DirectXGame\Debug\' == 'C:\Users\bluec\Kamata\TakeCEngine\project\..\generated\obj\DirectXGame\Debug\') として評価されました。
false 条件のため、タスク "VCMessage" を省略しました。('%(ClCompile.ExcludedFromBuild)' != 'true' and '%(Filename)%(Extension)' != '@(ClCompile->'%(Filename)%(Extension)')' and '%(ObjectFileName)' == '@(ClCompile->Metadata(ObjectFileName)->Distinct())') は ('' != 'true' and 'BulletCounterGaugeUI.cpp' != 'BulletCounterGaugeUI.cpp' and 'C:\Users\bluec\Kamata\TakeCEngine\project\..\generated\obj\DirectXGame\Debug\' == 'C:\Users\bluec\Kamata\TakeCEngine\project\..\generated\obj\DirectXGame\Debug\') として評価されました。
false 条件のため、タスク "VCMessage" を省略しました。('%(ClCompile.ExcludedFromBuild)' != 'true' and '%(Filename)%(Extension)' != '@(ClCompile->'%(Filename)%(Extension)')' and '%(ObjectFileName)' == '@(ClCompile->Metadata(ObjectFileName)->Distinct())') は ('' != 'true' and 'BaseGameCharacterState.cpp' != 'BaseGameCharacterState.cpp' and 'C:\Users\bluec\Kamata\TakeCEngine\project\..\generated\obj\DirectXGame\Debug\' == 'C:\Users\bluec\Kamata\TakeCEngine\project\..\generated\obj\DirectXGame\Debug\') として評価されました。
false 条件のため、タスク "VCMessage" を省略しました。('%(ClCompile.ExcludedFromBuild)' != 'true' and '%(Filename)%(Extension)' != '@(ClCompile->'%(Filename)%(Extension)')' and '%(ObjectFileName)' == '@(ClCompile->Metadata(ObjectFileName)->Distinct())') は ('' != 'true' and 'StateRunning.cpp' != 'StateRunning.cpp' and 'C:\Users\bluec\Kamata\TakeCEngine\project\..\generated\obj\DirectXGame\Debug\' == 'C:\Users\bluec\Kamata\TakeCEngine\project\..\generated\obj\DirectXGame\Debug\') として評価されました。
false 条件のため、タスク "VCMessage" を省略しました。('%(ClCompile.ExcludedFromBuild)' != 'true' and '%(Filename)%(Extension)' != '@(ClCompile->'%(Filename)%(Extension)')' and '%(ObjectFileName)' == '@(ClCompile->Metadata(ObjectFileName)->Distinct())') は ('' != 'true' and 'StateFloating.cpp' != 'StateFloating.cpp' and 'C:\Users\bluec\Kamata\TakeCEngine\project\..\generated\obj\DirectXGame\Debug\' == 'C:\Users\bluec\Kamata\TakeCEngine\project\..\generated\obj\DirectXGame\Debug\') として評価されました。
false 条件のため、タスク "VCMessage" を省略しました。('%(ClCompile.ExcludedFromBuild)' != 'true' and '%(Filename)%(Extension)' != '@(ClCompile->'%(Filename)%(Extension)')' and '%(ObjectFileName)' == '@(ClCompile->Metadata(ObjectFileName)->Distinct())') は ('' != 'true' and 'EnemyInputProvider.cpp' != 'EnemyInputProvider.cpp' and 'C:\Users\bluec\Kamata\TakeCEngine\project\..\generated\obj\DirectXGame\Debug\' == 'C:\Users\bluec\Kamata\TakeCEngine\project\..\generated\obj\DirectXGame\Debug\') として評価されました。
false 条件のため、タスク "VCMessage" を省略しました。('%(ClCompile.ExcludedFromBuild)' != 'true' and '%(Filename)%(Extension)' != '@(ClCompile->'%(Filename)%(Extension)')' and '%(ObjectFileName)' == '@(ClCompile->Metadata(ObjectFileName)->Distinct())') は ('' != 'true' and 'StateJumping.cpp' != 'StateJumping.cpp' and 'C:\Users\bluec\Kamata\TakeCEngine\project\..\generated\obj\DirectXGame\Debug\' == 'C:\Users\bluec\Kamata\TakeCEngine\project\..\generated\obj\DirectXGame\Debug\') として評価されました。
false 条件のため、タスク "VCMessage" を省略しました。('%(ClCompile.ExcludedFromBuild)' != 'true' and '%(Filename)%(Extension)' != '@(ClCompile->'%(Filename)%(Extension)')' and '%(ObjectFileName)' == '@(ClCompile->Metadata(ObjectFileName)->Distinct())') は ('' != 'true' and 'GameCharacterStateManager.cpp' != 'GameCharacterStateManager.cpp' and 'C:\Users\bluec\Kamata\TakeCEngine\project\..\generated\obj\DirectXGame\Debug\' == 'C:\Users\bluec\Kamata\TakeCEngine\project\..\generated\obj\DirectXGame\Debug\') として評価されました。
false 条件のため、タスク "VCMessage" を省略しました。('%(ClCompile.ExcludedFromBuild)' != 'true' and '%(Filename)%(Extension)' != '@(ClCompile->'%(Filename)%(Extension)')' and '%(ObjectFileName)' == '@(ClCompile->Metadata(ObjectFileName)->Distinct())') は ('' != 'true' and 'StateStepBoost.cpp' != 'StateStepBoost.cpp' and 'C:\Users\bluec\Kamata\TakeCEngine\project\..\generated\obj\DirectXGame\Debug\' == 'C:\Users\bluec\Kamata\TakeCEngine\project\..\generated\obj\DirectXGame\Debug\') として評価されました。
false 条件のため、タスク "VCMessage" を省略しました。('%(ClCompile.ExcludedFromBuild)' != 'true' and '%(Filename)%(Extension)' != '@(ClCompile->'%(Filename)%(Extension)')' and '%(ObjectFileName)' == '@(ClCompile->Metadata(ObjectFileName)->Distinct())') は ('' != 'true' and 'StateDead.cpp' != 'StateDead.cpp' and 'C:\Users\bluec\Kamata\TakeCEngine\project\..\generated\obj\DirectXGame\Debug\' == 'C:\Users\bluec\Kamata\TakeCEngine\project\..\generated\obj\DirectXGame\Debug\') として評価されました。
false 条件のため、タスク "VCMessage" を省略しました。('%(ClCompile.ExcludedFromBuild)' != 'true' and '%(Filename)%(Extension)' != '@(ClCompile->'%(Filename)%(Extension)')' and '%(ObjectFileName)' == '@(ClCompile->Metadata(ObjectFileName)->Distinct())') は ('' != 'true' and 'StateChargeShootStun.cpp' != 'StateChargeShootStun.cpp' and 'C:\Users\bluec\Kamata\TakeCEngine\project\..\generated\obj\DirectXGame\Debug\' == 'C:\Users\bluec\Kamata\TakeCEngine\project\..\generated\obj\DirectXGame\Debug\') として評価されました。
false 条件のため、タスク "VCMessage" を省略しました。('%(ClCompile.ExcludedFromBuild)' != 'true' and '%(Filename)%(Extension)' != '@(ClCompile->'%(Filename)%(Extension)')' and '%(ObjectFileName)' == '@(ClCompile->Metadata(ObjectFileName)->Distinct())') は ('' != 'true' and 'BulletSensor.cpp' != 'BulletSensor.cpp' and 'C:\Users\bluec\Kamata\TakeCEngine\project\..\generated\obj\DirectXGame\Debug\' == 'C:\Users\bluec\Kamata\TakeCEngine\project\..\generated\obj\DirectXGame\Debug\') として評価されました。
false 条件のため、タスク "VCMessage" を省略しました。('%(ClCompile.ExcludedFromBuild)' != 'true' and '%(Filename)%(Extension)' != '@(ClCompile->'%(Filename)%(Extension)')' and '%(ObjectFileName)' == '@(ClCompile->Metadata(ObjectFileName)->Distinct())') は ('' != 'true' and 'BoostEffect.cpp' != 'BoostEffect.cpp' and 'C:\Users\bluec\Kamata\TakeCEngine\project\..\generated\obj\DirectXGame\Debug\' == 'C:\Users\bluec\Kamata\TakeCEngine\project\..\generated\obj\DirectXGame\Debug\') として評価されました。
false 条件のため、タスク "VCMessage" を省略しました。('%(ClCompile.ExcludedFromBuild)' != 'true' and '%(Filename)%(Extension)' != '@(ClCompile->'%(Filename)%(Extension)')' and '%(ObjectFileName)' == '@(ClCompile->Metadata(ObjectFileName)->Distinct())') は ('' != 'true' and 'DeadEffect.cpp' != 'DeadEffect.cpp' and 'C:\Users\bluec\Kamata\TakeCEngine\project\..\generated\obj\DirectXGame\Debug\' == 'C:\Users\bluec\Kamata\TakeCEngine\project\..\generated\obj\DirectXGame\Debug\') として評価されました。
false 条件のため、タスク "VCMessage" を省略しました。('%(ClCompile.ExcludedFromBuild)' != 'true' and '%(Filename)%(Extension)' != '@(ClCompile->'%(Filename)%(Extension)')' and '%(ObjectFileName)' == '@(ClCompile->Metadata(ObjectFileName)->Distinct())') は ('' != 'true' and 'EnemySelectScene.cpp' != 'EnemySelectScene.cpp' and 'C:\Users\bluec\Kamata\TakeCEngine\project\..\generated\obj\DirectXGame\Debug\' == 'C:\Users\bluec\Kamata\TakeCEngine\project\..\generated\obj\DirectXGame\Debug\') として評価されました。
false 条件のため、タスク "VCMessage" を省略しました。('%(ClCompile.ExcludedFromBuild)' != 'true' and '%(Filename)%(Extension)' != '@(ClCompile->'%(Filename)%(Extension)')' and '%(ObjectFileName)' == '@(ClCompile->Metadata(ObjectFileName)->Distinct())') は ('' != 'true' and 'CharacterEditTool.cpp' != 'CharacterEditTool.cpp' and 'C:\Users\bluec\Kamata\TakeCEngine\project\..\generated\obj\DirectXGame\Debug\' == 'C:\Users\bluec\Kamata\TakeCEngine\project\..\generated\obj\DirectXGame\Debug\') として評価されました。
false 条件のため、タスク "VCMessage" を省略しました。('%(ClCompile.ExcludedFromBuild)' != 'true' and '%(Filename)%(Extension)' != '@(ClCompile->'%(Filename)%(Extension)')' and '%(ObjectFileName)' == '@(ClCompile->Metadata(ObjectFileName)->Distinct())') は ('' != 'true' and 'BurstShotInfo.cpp' != 'BurstShotInfo.cpp' and 'C:\Users\bluec\Kamata\TakeCEngine\project\..\generated\obj\DirectXGame\Debug\' == 'C:\Users\bluec\Kamata\TakeCEngine\project\..\generated\obj\DirectXGame\Debug\') として評価されました。
false 条件のため、タスク "VCMessage" を省略しました。('%(ClCompile.ExcludedFromBuild)' != 'true' and '%(Filename)%(Extension)' != '@(ClCompile->'%(Filename)%(Extension)')' and '%(ObjectFileName)' == '@(ClCompile->Metadata(ObjectFileName)->Distinct())') は ('' != 'true' and 'VerticalMissileInfo.cpp' != 'VerticalMissileInfo.cpp' and 'C:\Users\bluec\Kamata\TakeCEngine\project\..\generated\obj\DirectXGame\Debug\' == 'C:\Users\bluec\Kamata\TakeCEngine\project\..\generated\obj\DirectXGame\Debug\') として評価されました。
false 条件のため、タスク "VCMessage" を省略しました。('%(ClCompile.ExcludedFromBuild)' != 'true' and '%(Filename)%(Extension)' != '@(ClCompile->'%(Filename)%(Extension)')' and '%(ObjectFileName)' == '@(ClCompile->Metadata(ObjectFileName)->Distinct())') は ('' != 'true' and 'RifleInfo.cpp' != 'RifleInfo.cpp' and 'C:\Users\bluec\Kamata\TakeCEngine\project\..\generated\obj\DirectXGame\Debug\' == 'C:\Users\bluec\Kamata\TakeCEngine\project\..\generated\obj\DirectXGame\Debug\') として評価されました。
false 条件のため、タスク "VCMessage" を省略しました。('%(ClCompile.ExcludedFromBuild)' != 'true' and '%(Filename)%(Extension)' != '@(ClCompile->'%(Filename)%(Extension)')' and '%(ObjectFileName)' == '@(ClCompile->Metadata(ObjectFileName)->Distinct())') は ('' != 'true' and 'ShotGunInfo.cpp' != 'ShotGunInfo.cpp' and 'C:\Users\bluec\Kamata\TakeCEngine\project\..\generated\obj\DirectXGame\Debug\' == 'C:\Users\bluec\Kamata\TakeCEngine\project\..\generated\obj\DirectXGame\Debug\') として評価されました。
false 条件のため、タスク "VCMessage" を省略しました。('%(ClCompile.ExcludedFromBuild)' != 'true' and '%(Filename)%(Extension)' != '@(ClCompile->'%(Filename)%(Extension)')' and '%(ObjectFileName)' == '@(ClCompile->Metadata(ObjectFileName)->Distinct())') は ('' != 'true' and 'WeaponData.cpp' != 'WeaponData.cpp' and 'C:\Users\bluec\Kamata\TakeCEngine\project\..\generated\obj\DirectXGame\Debug\' == 'C:\Users\bluec\Kamata\TakeCEngine\project\..\generated\obj\DirectXGame\Debug\') として評価されました。
false 条件のため、タスク "VCMessage" を省略しました。('%(ClCompile.ExcludedFromBuild)' != 'true' and '%(Filename)%(Extension)' != '@(ClCompile->'%(Filename)%(Extension)')' and '%(ObjectFileName)' == '@(ClCompile->Metadata(ObjectFileName)->Distinct())') は ('' != 'true' and 'BehaviorNodeView.cpp' != 'BehaviorNodeView.cpp' and 'C:\Users\bluec\Kamata\TakeCEngine\project\..\generated\obj\DirectXGame\Debug\' == 'C:\Users\bluec\Kamata\TakeCEngine\project\..\generated\obj\DirectXGame\Debug\') として評価されました。
false 条件のため、タスク "VCMessage" を省略しました。('%(ClCompile.ExcludedFromBuild)' != 'true' and '%(Filename)%(Extension)' != '@(ClCompile->'%(Filename)%(Extension)')' and '%(ObjectFileName)' == '@(ClCompile->Metadata(ObjectFileName)->Distinct())') は ('' != 'true' and 'BaseUI.cpp' != 'BaseUI.cpp' and 'C:\Users\bluec\Kamata\TakeCEngine\project\..\generated\obj\DirectXGame\Debug\' == 'C:\Users\bluec\Kamata\TakeCEngine\project\..\generated\obj\DirectXGame\Debug\') として評価されました。
false 条件のため、タスク "VCMessage" を省略しました。('%(ClCompile.ExcludedFromBuild)' != 'true' and '%(Filename)%(Extension)' != '@(ClCompile->'%(Filename)%(Extension)')' and '%(ObjectFileName)' == '@(ClCompile->Metadata(ObjectFileName)->Distinct())') は ('' != 'true' and 'EffectEditor.cpp' != 'EffectEditor.cpp' and 'C:\Users\bluec\Kamata\TakeCEngine\project\..\generated\obj\DirectXGame\Debug\' == 'C:\Users\bluec\Kamata\TakeCEngine\project\..\generated\obj\DirectXGame\Debug\') として評価されました。
false 条件のため、タスク "VCMessage" を省略しました。('%(ClCompile.ExcludedFromBuild)' != 'true' and '%(Filename)%(Extension)' != '@(ClCompile->'%(Filename)%(Extension)')' and '%(ObjectFileName)' == '@(ClCompile->Metadata(ObjectFileName)->Distinct())') は ('' != 'true' and 'EffectGroup.cpp' != 'EffectGroup.cpp' and 'C:\Users\bluec\Kamata\TakeCEngine\project\..\generated\obj\DirectXGame\Debug\' == 'C:\Users\bluec\Kamata\TakeCEngine\project\..\generated\obj\DirectXGame\Debug\') として評価されました。
false 条件のため、タスク "VCMessage" を省略しました。('%(ClCompile.ExcludedFromBuild)' != 'true' and '%(Filename)%(Extension)' != '@(ClCompile->'%(Filename)%(Extension)')' and '%(ObjectFileName)' == '@(ClCompile->Metadata(ObjectFileName)->Distinct())') は ('' != 'true' and 'Cylinder.cpp' != 'Cylinder.cpp' and 'C:\Users\bluec\Kamata\TakeCEngine\project\..\generated\obj\DirectXGame\Debug\' == 'C:\Users\bluec\Kamata\TakeCEngine\project\..\generated\obj\DirectXGame\Debug\') として評価されました。
false 条件のため、タスク "VCMessage" を省略しました。('%(ClCompile.ExcludedFromBuild)' != 'true' and '%(Filename)%(Extension)' != '@(ClCompile->'%(Filename)%(Extension)')' and '%(ObjectFileName)' == '@(ClCompile->Metadata(ObjectFileName)->Distinct())') は ('' != 'true' and 'Cone.cpp' != 'Cone.cpp' and 'C:\Users\bluec\Kamata\TakeCEngine\project\..\generated\obj\DirectXGame\Debug\' == 'C:\Users\bluec\Kamata\TakeCEngine\project\..\generated\obj\DirectXGame\Debug\') として評価されました。
false 条件のため、タスク "VCMessage" を省略しました。('%(ClCompile.ExcludedFromBuild)' != 'true' and '%(Filename)%(Extension)' != '@(ClCompile->'%(Filename)%(Extension)')' and '%(ObjectFileName)' == '@(ClCompile->Metadata(ObjectFileName)->Distinct())') は ('' != 'true' and 'Cube.cpp' != 'Cube.cpp' and 'C:\Users\bluec\Kamata\TakeCEngine\project\..\generated\obj\DirectXGame\Debug\' == 'C:\Users\bluec\Kamata\TakeCEngine\project\..\generated\obj\DirectXGame\Debug\') として評価されました。
false 条件のため、タスク "VCMessage" を省略しました。('%(ClCompile.ExcludedFromBuild)' != 'true' and '%(Filename)%(Extension)' != '@(ClCompile->'%(Filename)%(Extension)')' and '%(ObjectFileName)' == '@(ClCompile->Metadata(ObjectFileName)->Distinct())') は ('' != 'true' and 'DsvManager.cpp' != 'DsvManager.cpp' and 'C:\Users\bluec\Kamata\TakeCEngine\project\..\generated\obj\DirectXGame\Debug\' == 'C:\Users\bluec\Kamata\TakeCEngine\project\..\generated\obj\DirectXGame\Debug\') として評価されました。
false 条件のため、タスク "VCMessage" を省略しました。('%(ClCompile.ExcludedFromBuild)' != 'true' and '%(Filename)%(Extension)' != '@(ClCompile->'%(Filename)%(Extension)')' and '%(ObjectFileName)' == '@(ClCompile->Metadata(ObjectFileName)->Distinct())') は ('' != 'true' and 'SpriteConfig.cpp' != 'SpriteConfig.cpp' and 'C:\Users\bluec\Kamata\TakeCEngine\project\..\generated\obj\DirectXGame\Debug\' == 'C:\Users\bluec\Kamata\TakeCEngine\project\..\generated\obj\DirectXGame\Debug\') として評価されました。
false 条件のため、タスク "VCMessage" を省略しました。('%(ClCompile.ExcludedFromBuild)' != 'true' and '%(Filename)%(Extension)' != '@(ClCompile->'%(Filename)%(Extension)')' and '%(ObjectFileName)' == '@(ClCompile->Metadata(ObjectFileName)->Distinct())') は ('' != 'true' and 'LightCounter.cpp' != 'LightCounter.cpp' and 'C:\Users\bluec\Kamata\TakeCEngine\project\..\generated\obj\DirectXGame\Debug\' == 'C:\Users\bluec\Kamata\TakeCEngine\project\..\generated\obj\DirectXGame\Debug\') として評価されました。
false 条件のため、タスク "VCMessage" を省略しました。('%(ClCompile.ExcludedFromBuild)' != 'true' and '%(Filename)%(Extension)' != '@(ClCompile->'%(Filename)%(Extension)')' and '%(ObjectFileName)' == '@(ClCompile->Metadata(ObjectFileName)->Distinct())') は ('' != 'true' and 'SpriteAnimation.cpp' != 'SpriteAnimation.cpp' and 'C:\Users\bluec\Kamata\TakeCEngine\project\..\generated\obj\DirectXGame\Debug\' == 'C:\Users\bluec\Kamata\TakeCEngine\project\..\generated\obj\DirectXGame\Debug\') として評価されました。
false 条件のため、タスク "VCMessage" を省略しました。('%(ClCompile.ExcludedFromBuild)' != 'true' and '%(Filename)%(Extension)' != '@(ClCompile->'%(Filename)%(Extension)')' and '%(ObjectFileName)' == '@(ClCompile->Metadata(ObjectFileName)->Distinct())') は ('' != 'true' and 'CameraForGPU.cpp' != 'CameraForGPU.cpp' and 'C:\Users\bluec\Kamata\TakeCEngine\project\..\generated\obj\DirectXGame\Debug\' == 'C:\Users\bluec\Kamata\TakeCEngine\project\..\generated\obj\DirectXGame\Debug\') として評価されました。
false 条件のため、タスク "VCMessage" を省略しました。('%(ClCompile.ExcludedFromBuild)' != 'true' and '%(Filename)%(Extension)' != '@(ClCompile->'%(Filename)%(Extension)')' and '%(ObjectFileName)' == '@(ClCompile->Metadata(ObjectFileName)->Distinct())') は ('' != 'true' and 'GameCharacter.cpp' != 'GameCharacter.cpp' and 'C:\Users\bluec\Kamata\TakeCEngine\project\..\generated\obj\DirectXGame\Debug\' == 'C:\Users\bluec\Kamata\TakeCEngine\project\..\generated\obj\DirectXGame\Debug\') として評価されました。
false 条件のため、タスク "VCMessage" を省略しました。('%(ClCompile.ExcludedFromBuild)' != 'true' and '%(Filename)%(Extension)' != '@(ClCompile->'%(Filename)%(Extension)')' and '%(ObjectFileName)' == '@(ClCompile->Metadata(ObjectFileName)->Distinct())') は ('' != 'true' and 'AABB.cpp' != 'AABB.cpp' and 'C:\Users\bluec\Kamata\TakeCEngine\project\..\generated\obj\DirectXGame\Debug\' == 'C:\Users\bluec\Kamata\TakeCEngine\project\..\generated\obj\DirectXGame\Debug\') として評価されました。
false 条件のため、タスク "VCMessage" を省略しました。('%(ClCompile.ExcludedFromBuild)' != 'true' and '%(Filename)%(Extension)' != '@(ClCompile->'%(Filename)%(Extension)')' and '%(ObjectFileName)' == '@(ClCompile->Metadata(ObjectFileName)->Distinct())') は ('' != 'true' and 'MathEnv.cpp' != 'MathEnv.cpp' and 'C:\Users\bluec\Kamata\TakeCEngine\project\..\generated\obj\DirectXGame\Debug\' == 'C:\Users\bluec\Kamata\TakeCEngine\project\..\generated\obj\DirectXGame\Debug\') として評価されました。
false 条件のため、タスク "VCMessage" を省略しました。('%(ClCompile.ExcludedFromBuild)' != 'true' and '%(Filename)%(Extension)' != '@(ClCompile->'%(Filename)%(Extension)')' and '%(ObjectFileName)' == '@(ClCompile->Metadata(ObjectFileName)->Distinct())') は ('' != 'true' and 'Transform.cpp' != 'Transform.cpp' and 'C:\Users\bluec\Kamata\TakeCEngine\project\..\generated\obj\DirectXGame\Debug\' == 'C:\Users\bluec\Kamata\TakeCEngine\project\..\generated\obj\DirectXGame\Debug\') として評価されました。
false 条件のため、タスク "VCMessage" を省略しました。('%(ClCompile.ExcludedFromBuild)' != 'true' and '%(Filename)%(Extension)' != '@(ClCompile->'%(Filename)%(Extension)')' and '%(ObjectFileName)' == '@(ClCompile->Metadata(ObjectFileName)->Distinct())') は ('' != 'true' and 'BloomEffect.cpp' != 'BloomEffect.cpp' and 'C:\Users\bluec\Kamata\TakeCEngine\project\..\generated\obj\DirectXGame\Debug\' == 'C:\Users\bluec\Kamata\TakeCEngine\project\..\generated\obj\DirectXGame\Debug\') として評価されました。
false 条件のため、タスク "VCMessage" を省略しました。('%(ClCompile.ExcludedFromBuild)' != 'true' and '%(Filename)%(Extension)' != '@(ClCompile->'%(Filename)%(Extension)')' and '%(ObjectFileName)' == '@(ClCompile->Metadata(ObjectFileName)->Distinct())') は ('' != 'true' and 'DepthBasedOutline.cpp' != 'DepthBasedOutline.cpp' and 'C:\Users\bluec\Kamata\TakeCEngine\project\..\generated\obj\DirectXGame\Debug\' == 'C:\Users\bluec\Kamata\TakeCEngine\project\..\generated\obj\DirectXGame\Debug\') として評価されました。
false 条件のため、タスク "VCMessage" を省略しました。('%(ClCompile.ExcludedFromBuild)' != 'true' and '%(Filename)%(Extension)' != '@(ClCompile->'%(Filename)%(Extension)')' and '%(ObjectFileName)' == '@(ClCompile->Metadata(ObjectFileName)->Distinct())') は ('' != 'true' and 'ParticleAttribute.cpp' != 'ParticleAttribute.cpp' and 'C:\Users\bluec\Kamata\TakeCEngine\project\..\generated\obj\DirectXGame\Debug\' == 'C:\Users\bluec\Kamata\TakeCEngine\project\..\generated\obj\DirectXGame\Debug\') として評価されました。
false 条件のため、タスク "VCMessage" を省略しました。('%(ClCompile.ExcludedFromBuild)' != 'true' and '%(Filename)%(Extension)' != '@(ClCompile->'%(Filename)%(Extension)')' and '%(ObjectFileName)' == '@(ClCompile->Metadata(ObjectFileName)->Distinct())') は ('' != 'true' and 'PrimitiveType.cpp' != 'PrimitiveType.cpp' and 'C:\Users\bluec\Kamata\TakeCEngine\project\..\generated\obj\DirectXGame\Debug\' == 'C:\Users\bluec\Kamata\TakeCEngine\project\..\generated\obj\DirectXGame\Debug\') として評価されました。
false 条件のため、タスク "VCMessage" を省略しました。('%(ClCompile.ExcludedFromBuild)' != 'true' and '%(Filename)%(Extension)' != '@(ClCompile->'%(Filename)%(Extension)')' and '%(ObjectFileName)' == '@(ClCompile->Metadata(ObjectFileName)->Distinct())') は ('' != 'true' and 'Collider.cpp' != 'Collider.cpp' and 'C:\Users\bluec\Kamata\TakeCEngine\project\..\generated\obj\DirectXGame\Debug\' == 'C:\Users\bluec\Kamata\TakeCEngine\project\..\generated\obj\DirectXGame\Debug\') として評価されました。
false 条件のため、タスク "VCMessage" を省略しました。('%(ClCompile.ExcludedFromBuild)' != 'true' and '%(Filename)%(Extension)' != '@(ClCompile->'%(Filename)%(Extension)')' and '%(ObjectFileName)' == '@(ClCompile->Metadata(ObjectFileName)->Distinct())') は ('' != 'true' and 'CollisionManager.cpp' != 'CollisionManager.cpp' and 'C:\Users\bluec\Kamata\TakeCEngine\project\..\generated\obj\DirectXGame\Debug\' == 'C:\Users\bluec\Kamata\TakeCEngine\project\..\generated\obj\DirectXGame\Debug\') として評価されました。
false 条件のため、タスク "VCMessage" を省略しました。('%(ClCompile.ExcludedFromBuild)' != 'true' and '%(Filename)%(Extension)' != '@(ClCompile->'%(Filename)%(Extension)')' and '%(ObjectFileName)' == '@(ClCompile->Metadata(ObjectFileName)->Distinct())') は ('' != 'true' and 'Ground.cpp' != 'Ground.cpp' and 'C:\Users\bluec\Kamata\TakeCEngine\project\..\generated\obj\DirectXGame\Debug\' == 'C:\Users\bluec\Kamata\TakeCEngine\project\..\generated\obj\DirectXGame\Debug\') として評価されました。
false 条件のため、タスク "VCMessage" を省略しました。('%(ClCompile.ExcludedFromBuild)' != 'true' and '%(Filename)%(Extension)' != '@(ClCompile->'%(Filename)%(Extension)')' and '%(ObjectFileName)' == '@(ClCompile->Metadata(ObjectFileName)->Distinct())') は ('' != 'true' and 'HPBar.cpp' != 'HPBar.cpp' and 'C:\Users\bluec\Kamata\TakeCEngine\project\..\generated\obj\DirectXGame\Debug\' == 'C:\Users\bluec\Kamata\TakeCEngine\project\..\generated\obj\DirectXGame\Debug\') として評価されました。
false 条件のため、タスク "VCMessage" を省略しました。('%(ClCompile.ExcludedFromBuild)' != 'true' and '%(Filename)%(Extension)' != '@(ClCompile->'%(Filename)%(Extension)')' and '%(ObjectFileName)' == '@(ClCompile->Metadata(ObjectFileName)->Distinct())') は ('' != 'true' and 'Vector2.cpp' != 'Vector2.cpp' and 'C:\Users\bluec\Kamata\TakeCEngine\project\..\generated\obj\DirectXGame\Debug\' == 'C:\Users\bluec\Kamata\TakeCEngine\project\..\generated\obj\DirectXGame\Debug\') として評価されました。
false 条件のため、タスク "VCMessage" を省略しました。('%(ClCompile.ExcludedFromBuild)' != 'true' and '%(Filename)%(Extension)' != '@(ClCompile->'%(Filename)%(Extension)')' and '%(ObjectFileName)' == '@(ClCompile->Metadata(ObjectFileName)->Distinct())') は ('' != 'true' and 'GameClearScene.cpp' != 'GameClearScene.cpp' and 'C:\Users\bluec\Kamata\TakeCEngine\project\..\generated\obj\DirectXGame\Debug\' == 'C:\Users\bluec\Kamata\TakeCEngine\project\..\generated\obj\DirectXGame\Debug\') として評価されました。
false 条件のため、タスク "VCMessage" を省略しました。('%(ClCompile.ExcludedFromBuild)' != 'true' and '%(Filename)%(Extension)' != '@(ClCompile->'%(Filename)%(Extension)')' and '%(ObjectFileName)' == '@(ClCompile->Metadata(ObjectFileName)->Distinct())') は ('' != 'true' and 'GameOverScene.cpp' != 'GameOverScene.cpp' and 'C:\Users\bluec\Kamata\TakeCEngine\project\..\generated\obj\DirectXGame\Debug\' == 'C:\Users\bluec\Kamata\TakeCEngine\project\..\generated\obj\DirectXGame\Debug\') として評価されました。
false 条件のため、タスク "VCMessage" を省略しました。('%(ClCompile.ExcludedFromBuild)' != 'true' and '%(Filename)%(Extension)' != '@(ClCompile->'%(Filename)%(Extension)')' and '%(ObjectFileName)' == '@(ClCompile->Metadata(ObjectFileName)->Distinct())') は ('' != 'true' and 'BoxCollider.cpp' != 'BoxCollider.cpp' and 'C:\Users\bluec\Kamata\TakeCEngine\project\..\generated\obj\DirectXGame\Debug\' == 'C:\Users\bluec\Kamata\TakeCEngine\project\..\generated\obj\DirectXGame\Debug\') として評価されました。
false 条件のため、タスク "VCMessage" を省略しました。('%(ClCompile.ExcludedFromBuild)' != 'true' and '%(Filename)%(Extension)' != '@(ClCompile->'%(Filename)%(Extension)')' and '%(ObjectFileName)' == '@(ClCompile->Metadata(ObjectFileName)->Distinct())') は ('' != 'true' and 'SceneTransition.cpp' != 'SceneTransition.cpp' and 'C:\Users\bluec\Kamata\TakeCEngine\project\..\generated\obj\DirectXGame\Debug\' == 'C:\Users\bluec\Kamata\TakeCEngine\project\..\generated\obj\DirectXGame\Debug\') として評価されました。
false 条件のため、タスク "VCMessage" を省略しました。('%(ClCompile.ExcludedFromBuild)' != 'true' and '%(Filename)%(Extension)' != '@(ClCompile->'%(Filename)%(Extension)')' and '%(ObjectFileName)' == '@(ClCompile->Metadata(ObjectFileName)->Distinct())') は ('' != 'true' and 'JsonLoader.cpp' != 'JsonLoader.cpp' and 'C:\Users\bluec\Kamata\TakeCEngine\project\..\generated\obj\DirectXGame\Debug\' == 'C:\Users\bluec\Kamata\TakeCEngine\project\..\generated\obj\DirectXGame\Debug\') として評価されました。
false 条件のため、タスク "VCMessage" を省略しました。('%(ClCompile.ExcludedFromBuild)' != 'true' and '%(Filename)%(Extension)' != '@(ClCompile->'%(Filename)%(Extension)')' and '%(ObjectFileName)' == '@(ClCompile->Metadata(ObjectFileName)->Distinct())') は ('' != 'true' and 'Bullet.cpp' != 'Bullet.cpp' and 'C:\Users\bluec\Kamata\TakeCEngine\project\..\generated\obj\DirectXGame\Debug\' == 'C:\Users\bluec\Kamata\TakeCEngine\project\..\generated\obj\DirectXGame\Debug\') として評価されました。
false 条件のため、タスク "VCMessage" を省略しました。('%(ClCompile.ExcludedFromBuild)' != 'true' and '%(Filename)%(Extension)' != '@(ClCompile->'%(Filename)%(Extension)')' and '%(ObjectFileName)' == '@(ClCompile->Metadata(ObjectFileName)->Distinct())') は ('' != 'true' and 'BulletManager.cpp' != 'BulletManager.cpp' and 'C:\Users\bluec\Kamata\TakeCEngine\project\..\generated\obj\DirectXGame\Debug\' == 'C:\Users\bluec\Kamata\TakeCEngine\project\..\generated\obj\DirectXGame\Debug\') として評価されました。
false 条件のため、タスク "VCMessage" を省略しました。('%(ClCompile.ExcludedFromBuild)' != 'true' and '%(Filename)%(Extension)' != '@(ClCompile->'%(Filename)%(Extension)')' and '%(ObjectFileName)' == '@(ClCompile->Metadata(ObjectFileName)->Distinct())') は ('' != 'true' and 'Enemy.cpp' != 'Enemy.cpp' and 'C:\Users\bluec\Kamata\TakeCEngine\project\..\generated\obj\DirectXGame\Debug\' == 'C:\Users\bluec\Kamata\TakeCEngine\project\..\generated\obj\DirectXGame\Debug\') として評価されました。
false 条件のため、タスク "VCMessage" を省略しました。('%(ClCompile.ExcludedFromBuild)' != 'true' and '%(Filename)%(Extension)' != '@(ClCompile->'%(Filename)%(Extension)')' and '%(ObjectFileName)' == '@(ClCompile->Metadata(ObjectFileName)->Distinct())') は ('' != 'true' and 'Dissolve.cpp' != 'Dissolve.cpp' and 'C:\Users\bluec\Kamata\TakeCEngine\project\..\generated\obj\DirectXGame\Debug\' == 'C:\Users\bluec\Kamata\TakeCEngine\project\..\generated\obj\DirectXGame\Debug\') として評価されました。
false 条件のため、タスク "VCMessage" を省略しました。('%(ClCompile.ExcludedFromBuild)' != 'true' and '%(Filename)%(Extension)' != '@(ClCompile->'%(Filename)%(Extension)')' and '%(ObjectFileName)' == '@(ClCompile->Metadata(ObjectFileName)->Distinct())') は ('' != 'true' and 'BoxFilter.cpp' != 'BoxFilter.cpp' and 'C:\Users\bluec\Kamata\TakeCEngine\project\..\generated\obj\DirectXGame\Debug\' == 'C:\Users\bluec\Kamata\TakeCEngine\project\..\generated\obj\DirectXGame\Debug\') として評価されました。
false 条件のため、タスク "VCMessage" を省略しました。('%(ClCompile.ExcludedFromBuild)' != 'true' and '%(Filename)%(Extension)' != '@(ClCompile->'%(Filename)%(Extension)')' and '%(ObjectFileName)' == '@(ClCompile->Metadata(ObjectFileName)->Distinct())') は ('' != 'true' and 'BaseParticleGroup.cpp' != 'BaseParticleGroup.cpp' and 'C:\Users\bluec\Kamata\TakeCEngine\project\..\generated\obj\DirectXGame\Debug\' == 'C:\Users\bluec\Kamata\TakeCEngine\project\..\generated\obj\DirectXGame\Debug\') として評価されました。
false 条件のため、タスク "VCMessage" を省略しました。('%(ClCompile.ExcludedFromBuild)' != 'true' and '%(Filename)%(Extension)' != '@(ClCompile->'%(Filename)%(Extension)')' and '%(ObjectFileName)' == '@(ClCompile->Metadata(ObjectFileName)->Distinct())') は ('' != 'true' and 'WireFrame.cpp' != 'WireFrame.cpp' and 'C:\Users\bluec\Kamata\TakeCEngine\project\..\generated\obj\DirectXGame\Debug\' == 'C:\Users\bluec\Kamata\TakeCEngine\project\..\generated\obj\DirectXGame\Debug\') として評価されました。
false 条件のため、タスク "VCMessage" を省略しました。('%(ClCompile.ExcludedFromBuild)' != 'true' and '%(Filename)%(Extension)' != '@(ClCompile->'%(Filename)%(Extension)')' and '%(ObjectFileName)' == '@(ClCompile->Metadata(ObjectFileName)->Distinct())') は ('' != 'true' and 'Animator.cpp' != 'Animator.cpp' and 'C:\Users\bluec\Kamata\TakeCEngine\project\..\generated\obj\DirectXGame\Debug\' == 'C:\Users\bluec\Kamata\TakeCEngine\project\..\generated\obj\DirectXGame\Debug\') として評価されました。
false 条件のため、タスク "VCMessage" を省略しました。('%(ClCompile.ExcludedFromBuild)' != 'true' and '%(Filename)%(Extension)' != '@(ClCompile->'%(Filename)%(Extension)')' and '%(ObjectFileName)' == '@(ClCompile->Metadata(ObjectFileName)->Distinct())') は ('' != 'true' and 'AnimatorController.cpp' != 'AnimatorController.cpp' and 'C:\Users\bluec\Kamata\TakeCEngine\project\..\generated\obj\DirectXGame\Debug\' == 'C:\Users\bluec\Kamata\TakeCEngine\project\..\generated\obj\DirectXGame\Debug\') として評価されました。
false 条件のため、タスク "VCMessage" を省略しました。('%(ClCompile.ExcludedFromBuild)' != 'true' and '%(Filename)%(Extension)' != '@(ClCompile->'%(Filename)%(Extension)')' and '%(ObjectFileName)' == '@(ClCompile->Metadata(ObjectFileName)->Distinct())') は ('' != 'true' and 'Skeleton.cpp' != 'Skeleton.cpp' and 'C:\Users\bluec\Kamata\TakeCEngine\project\..\generated\obj\DirectXGame\Debug\' == 'C:\Users\bluec\Kamata\TakeCEngine\project\..\generated\obj\DirectXGame\Debug\') として評価されました。
false 条件のため、タスク "VCMessage" を省略しました。('%(ClCompile.ExcludedFromBuild)' != 'true' and '%(Filename)%(Extension)' != '@(ClCompile->'%(Filename)%(Extension)')' and '%(ObjectFileName)' == '@(ClCompile->Metadata(ObjectFileName)->Distinct())') は ('' != 'true' and 'SkinCluster.cpp' != 'SkinCluster.cpp' and 'C:\Users\bluec\Kamata\TakeCEngine\project\..\generated\obj\DirectXGame\Debug\' == 'C:\Users\bluec\Kamata\TakeCEngine\project\..\generated\obj\DirectXGame\Debug\') として評価されました。
false 条件のため、タスク "VCMessage" を省略しました。('%(ClCompile.ExcludedFromBuild)' != 'true' and '%(Filename)%(Extension)' != '@(ClCompile->'%(Filename)%(Extension)')' and '%(ObjectFileName)' == '@(ClCompile->Metadata(ObjectFileName)->Distinct())') は ('' != 'true' and 'SpriteSheetSettings.cpp' != 'SpriteSheetSettings.cpp' and 'C:\Users\bluec\Kamata\TakeCEngine\project\..\generated\obj\DirectXGame\Debug\' == 'C:\Users\bluec\Kamata\TakeCEngine\project\..\generated\obj\DirectXGame\Debug\') として評価されました。
false 条件のため、タスク "VCMessage" を省略しました。('%(ClCompile.ExcludedFromBuild)' != 'true' and '%(Filename)%(Extension)' != '@(ClCompile->'%(Filename)%(Extension)')' and '%(ObjectFileName)' == '@(ClCompile->Metadata(ObjectFileName)->Distinct())') は ('' != 'true' and 'TextureAnimationTypeEnum.cpp' != 'TextureAnimationTypeEnum.cpp' and 'C:\Users\bluec\Kamata\TakeCEngine\project\..\generated\obj\DirectXGame\Debug\' == 'C:\Users\bluec\Kamata\TakeCEngine\project\..\generated\obj\DirectXGame\Debug\') として評価されました。
false 条件のため、タスク "VCMessage" を省略しました。('%(ClCompile.ExcludedFromBuild)' != 'true' and '%(Filename)%(Extension)' != '@(ClCompile->'%(Filename)%(Extension)')' and '%(ObjectFileName)' == '@(ClCompile->Metadata(ObjectFileName)->Distinct())') は ('' != 'true' and 'Gamepad.cpp' != 'Gamepad.cpp' and 'C:\Users\bluec\Kamata\TakeCEngine\project\..\generated\obj\DirectXGame\Debug\' == 'C:\Users\bluec\Kamata\TakeCEngine\project\..\generated\obj\DirectXGame\Debug\') として評価されました。
false 条件のため、タスク "VCMessage" を省略しました。('%(ClCompile.ExcludedFromBuild)' != 'true' and '%(Filename)%(Extension)' != '@(ClCompile->'%(Filename)%(Extension)')' and '%(ObjectFileName)' == '@(ClCompile->Metadata(ObjectFileName)->Distinct())') は ('' != 'true' and 'Easing.cpp' != 'Easing.cpp' and 'C:\Users\bluec\Kamata\TakeCEngine\project\..\generated\obj\DirectXGame\Debug\' == 'C:\Users\bluec\Kamata\TakeCEngine\project\..\generated\obj\DirectXGame\Debug\') として評価されました。
false 条件のため、タスク "VCMessage" を省略しました。('%(ClCompile.ExcludedFromBuild)' != 'true' and '%(Filename)%(Extension)' != '@(ClCompile->'%(Filename)%(Extension)')' and '%(ObjectFileName)' == '@(ClCompile->Metadata(ObjectFileName)->Distinct())') は ('' != 'true' and 'Quaternion.cpp' != 'Quaternion.cpp' and 'C:\Users\bluec\Kamata\TakeCEngine\project\..\generated\obj\DirectXGame\Debug\' == 'C:\Users\bluec\Kamata\TakeCEngine\project\..\generated\obj\DirectXGame\Debug\') として評価されました。
false 条件のため、タスク "VCMessage" を省略しました。('%(ClCompile.ExcludedFromBuild)' != 'true' and '%(Filename)%(Extension)' != '@(ClCompile->'%(Filename)%(Extension)')' and '%(ObjectFileName)' == '@(ClCompile->Metadata(ObjectFileName)->Distinct())') は ('' != 'true' and 'Audio.cpp' != 'Audio.cpp' and 'C:\Users\bluec\Kamata\TakeCEngine\project\..\generated\obj\DirectXGame\Debug\' == 'C:\Users\bluec\Kamata\TakeCEngine\project\..\generated\obj\DirectXGame\Debug\') として評価されました。
false 条件のため、タスク "VCMessage" を省略しました。('%(ClCompile.ExcludedFromBuild)' != 'true' and '%(Filename)%(Extension)' != '@(ClCompile->'%(Filename)%(Extension)')' and '%(ObjectFileName)' == '@(ClCompile->Metadata(ObjectFileName)->Distinct())') は ('' != 'true' and 'Camera.cpp' != 'Camera.cpp' and 'C:\Users\bluec\Kamata\TakeCEngine\project\..\generated\obj\DirectXGame\Debug\' == 'C:\Users\bluec\Kamata\TakeCEngine\project\..\generated\obj\DirectXGame\Debug\') として評価されました。
false 条件のため、タスク "VCMessage" を省略しました。('%(ClCompile.ExcludedFromBuild)' != 'true' and '%(Filename)%(Extension)' != '@(ClCompile->'%(Filename)%(Extension)')' and '%(ObjectFileName)' == '@(ClCompile->Metadata(ObjectFileName)->Distinct())') は ('' != 'true' and 'CameraManager.cpp' != 'CameraManager.cpp' and 'C:\Users\bluec\Kamata\TakeCEngine\project\..\generated\obj\DirectXGame\Debug\' == 'C:\Users\bluec\Kamata\TakeCEngine\project\..\generated\obj\DirectXGame\Debug\') として評価されました。
false 条件のため、タスク "VCMessage" を省略しました。('%(ClCompile.ExcludedFromBuild)' != 'true' and '%(Filename)%(Extension)' != '@(ClCompile->'%(Filename)%(Extension)')' and '%(ObjectFileName)' == '@(ClCompile->Metadata(ObjectFileName)->Distinct())') は ('' != 'true' and 'Sprite.cpp' != 'Sprite.cpp' and 'C:\Users\bluec\Kamata\TakeCEngine\project\..\generated\obj\DirectXGame\Debug\' == 'C:\Users\bluec\Kamata\TakeCEngine\project\..\generated\obj\DirectXGame\Debug\') として評価されました。
false 条件のため、タスク "VCMessage" を省略しました。('%(ClCompile.ExcludedFromBuild)' != 'true' and '%(Filename)%(Extension)' != '@(ClCompile->'%(Filename)%(Extension)')' and '%(ObjectFileName)' == '@(ClCompile->Metadata(ObjectFileName)->Distinct())') は ('' != 'true' and 'D3DResourceLeakChecker.cpp' != 'D3DResourceLeakChecker.cpp' and 'C:\Users\bluec\Kamata\TakeCEngine\project\..\generated\obj\DirectXGame\Debug\' == 'C:\Users\bluec\Kamata\TakeCEngine\project\..\generated\obj\DirectXGame\Debug\') として評価されました。
false 条件のため、タスク "VCMessage" を省略しました。('%(ClCompile.ExcludedFromBuild)' != 'true' and '%(Filename)%(Extension)' != '@(ClCompile->'%(Filename)%(Extension)')' and '%(ObjectFileName)' == '@(ClCompile->Metadata(ObjectFileName)->Distinct())') は ('' != 'true' and 'EventManager.cpp' != 'EventManager.cpp' and 'C:\Users\bluec\Kamata\TakeCEngine\project\..\generated\obj\DirectXGame\Debug\' == 'C:\Users\bluec\Kamata\TakeCEngine\project\..\generated\obj\DirectXGame\Debug\') として評価されました。
false 条件のため、タスク "VCMessage" を省略しました。('%(ClCompile.ExcludedFromBuild)' != 'true' and '%(Filename)%(Extension)' != '@(ClCompile->'%(Filename)%(Extension)')' and '%(ObjectFileName)' == '@(ClCompile->Metadata(ObjectFileName)->Distinct())') は ('' != 'true' and 'imgui.cpp' != 'imgui.cpp' and 'C:\Users\bluec\Kamata\TakeCEngine\project\..\generated\obj\DirectXGame\Debug\' == 'C:\Users\bluec\Kamata\TakeCEngine\project\..\generated\obj\DirectXGame\Debug\') として評価されました。
false 条件のため、タスク "VCMessage" を省略しました。('%(ClCompile.ExcludedFromBuild)' != 'true' and '%(Filename)%(Extension)' != '@(ClCompile->'%(Filename)%(Extension)')' and '%(ObjectFileName)' == '@(ClCompile->Metadata(ObjectFileName)->Distinct())') は ('' != 'true' and 'imgui_demo.cpp' != 'imgui_demo.cpp' and 'C:\Users\bluec\Kamata\TakeCEngine\project\..\generated\obj\DirectXGame\Debug\' == 'C:\Users\bluec\Kamata\TakeCEngine\project\..\generated\obj\DirectXGame\Debug\') として評価されました。
false 条件のため、タスク "VCMessage" を省略しました。('%(ClCompile.ExcludedFromBuild)' != 'true' and '%(Filename)%(Extension)' != '@(ClCompile->'%(Filename)%(Extension)')' and '%(ObjectFileName)' == '@(ClCompile->Metadata(ObjectFileName)->Distinct())') は ('' != 'true' and 'imgui_draw.cpp' != 'imgui_draw.cpp' and 'C:\Users\bluec\Kamata\TakeCEngine\project\..\generated\obj\DirectXGame\Debug\' == 'C:\Users\bluec\Kamata\TakeCEngine\project\..\generated\obj\DirectXGame\Debug\') として評価されました。
false 条件のため、タスク "VCMessage" を省略しました。('%(ClCompile.ExcludedFromBuild)' != 'true' and '%(Filename)%(Extension)' != '@(ClCompile->'%(Filename)%(Extension)')' and '%(ObjectFileName)' == '@(ClCompile->Metadata(ObjectFileName)->Distinct())') は ('' != 'true' and 'imgui_impl_dx12.cpp' != 'imgui_impl_dx12.cpp' and 'C:\Users\bluec\Kamata\TakeCEngine\project\..\generated\obj\DirectXGame\Debug\' == 'C:\Users\bluec\Kamata\TakeCEngine\project\..\generated\obj\DirectXGame\Debug\') として評価されました。
false 条件のため、タスク "VCMessage" を省略しました。('%(ClCompile.ExcludedFromBuild)' != 'true' and '%(Filename)%(Extension)' != '@(ClCompile->'%(Filename)%(Extension)')' and '%(ObjectFileName)' == '@(ClCompile->Metadata(ObjectFileName)->Distinct())') は ('' != 'true' and 'imgui_impl_win32.cpp' != 'imgui_impl_win32.cpp' and 'C:\Users\bluec\Kamata\TakeCEngine\project\..\generated\obj\DirectXGame\Debug\' == 'C:\Users\bluec\Kamata\TakeCEngine\project\..\generated\obj\DirectXGame\Debug\') として評価されました。
false 条件のため、タスク "VCMessage" を省略しました。('%(ClCompile.ExcludedFromBuild)' != 'true' and '%(Filename)%(Extension)' != '@(ClCompile->'%(Filename)%(Extension)')' and '%(ObjectFileName)' == '@(ClCompile->Metadata(ObjectFileName)->Distinct())') は ('' != 'true' and 'imgui_tables.cpp' != 'imgui_tables.cpp' and 'C:\Users\bluec\Kamata\TakeCEngine\project\..\generated\obj\DirectXGame\Debug\' == 'C:\Users\bluec\Kamata\TakeCEngine\project\..\generated\obj\DirectXGame\Debug\') として評価されました。
false 条件のため、タスク "VCMessage" を省略しました。('%(ClCompile.ExcludedFromBuild)' != 'true' and '%(Filename)%(Extension)' != '@(ClCompile->'%(Filename)%(Extension)')' and '%(ObjectFileName)' == '@(ClCompile->Metadata(ObjectFileName)->Distinct())') は ('' != 'true' and 'imgui_widgets.cpp' != 'imgui_widgets.cpp' and 'C:\Users\bluec\Kamata\TakeCEngine\project\..\generated\obj\DirectXGame\Debug\' == 'C:\Users\bluec\Kamata\TakeCEngine\project\..\generated\obj\DirectXGame\Debug\') として評価されました。
false 条件のため、タスク "VCMessage" を省略しました。('%(ClCompile.ExcludedFromBuild)' != 'true' and '%(Filename)%(Extension)' != '@(ClCompile->'%(Filename)%(Extension)')' and '%(ObjectFileName)' == '@(ClCompile->Metadata(ObjectFileName)->Distinct())') は ('' != 'true' and 'ModelCommon.cpp' != 'ModelCommon.cpp' and 'C:\Users\bluec\Kamata\TakeCEngine\project\..\generated\obj\DirectXGame\Debug\' == 'C:\Users\bluec\Kamata\TakeCEngine\project\..\generated\obj\DirectXGame\Debug\') として評価されました。
false 条件のため、タスク "VCMessage" を省略しました。('%(ClCompile.ExcludedFromBuild)' != 'true' and '%(Filename)%(Extension)' != '@(ClCompile->'%(Filename)%(Extension)')' and '%(ObjectFileName)' == '@(ClCompile->Metadata(ObjectFileName)->Distinct())') は ('' != 'true' and 'ModelManager.cpp' != 'ModelManager.cpp' and 'C:\Users\bluec\Kamata\TakeCEngine\project\..\generated\obj\DirectXGame\Debug\' == 'C:\Users\bluec\Kamata\TakeCEngine\project\..\generated\obj\DirectXGame\Debug\') として評価されました。
false 条件のため、タスク "VCMessage" を省略しました。('%(ClCompile.ExcludedFromBuild)' != 'true' and '%(Filename)%(Extension)' != '@(ClCompile->'%(Filename)%(Extension)')' and '%(ObjectFileName)' == '@(ClCompile->Metadata(ObjectFileName)->Distinct())') は ('' != 'true' and 'Matrix4x4.cpp' != 'Matrix4x4.cpp' and 'C:\Users\bluec\Kamata\TakeCEngine\project\..\generated\obj\DirectXGame\Debug\' == 'C:\Users\bluec\Kamata\TakeCEngine\project\..\generated\obj\DirectXGame\Debug\') として評価されました。
false 条件のため、タスク "VCMessage" を省略しました。('%(ClCompile.ExcludedFromBuild)' != 'true' and '%(Filename)%(Extension)' != '@(ClCompile->'%(Filename)%(Extension)')' and '%(ObjectFileName)' == '@(ClCompile->Metadata(ObjectFileName)->Distinct())') は ('' != 'true' and 'Object3d.cpp' != 'Object3d.cpp' and 'C:\Users\bluec\Kamata\TakeCEngine\project\..\generated\obj\DirectXGame\Debug\' == 'C:\Users\bluec\Kamata\TakeCEngine\project\..\generated\obj\DirectXGame\Debug\') として評価されました。
false 条件のため、タスク "VCMessage" を省略しました。('%(ClCompile.ExcludedFromBuild)' != 'true' and '%(Filename)%(Extension)' != '@(ClCompile->'%(Filename)%(Extension)')' and '%(ObjectFileName)' == '@(ClCompile->Metadata(ObjectFileName)->Distinct())') は ('' != 'true' and 'Object3dCommon.cpp' != 'Object3dCommon.cpp' and 'C:\Users\bluec\Kamata\TakeCEngine\project\..\generated\obj\DirectXGame\Debug\' == 'C:\Users\bluec\Kamata\TakeCEngine\project\..\generated\obj\DirectXGame\Debug\') として評価されました。
false 条件のため、タスク "VCMessage" を省略しました。('%(ClCompile.ExcludedFromBuild)' != 'true' and '%(Filename)%(Extension)' != '@(ClCompile->'%(Filename)%(Extension)')' and '%(ObjectFileName)' == '@(ClCompile->Metadata(ObjectFileName)->Distinct())') は ('' != 'true' and 'SpriteCommon.cpp' != 'SpriteCommon.cpp' and 'C:\Users\bluec\Kamata\TakeCEngine\project\..\generated\obj\DirectXGame\Debug\' == 'C:\Users\bluec\Kamata\TakeCEngine\project\..\generated\obj\DirectXGame\Debug\') として評価されました。
false 条件のため、タスク "VCMessage" を省略しました。('%(ClCompile.ExcludedFromBuild)' != 'true' and '%(Filename)%(Extension)' != '@(ClCompile->'%(Filename)%(Extension)')' and '%(ObjectFileName)' == '@(ClCompile->Metadata(ObjectFileName)->Distinct())') は ('' != 'true' and 'StringUtility.cpp' != 'StringUtility.cpp' and 'C:\Users\bluec\Kamata\TakeCEngine\project\..\generated\obj\DirectXGame\Debug\' == 'C:\Users\bluec\Kamata\TakeCEngine\project\..\generated\obj\DirectXGame\Debug\') として評価されました。
false 条件のため、タスク "VCMessage" を省略しました。('%(ClCompile.ExcludedFromBuild)' != 'true' and '%(Filename)%(Extension)' != '@(ClCompile->'%(Filename)%(Extension)')' and '%(ObjectFileName)' == '@(ClCompile->Metadata(ObjectFileName)->Distinct())') は ('' != 'true' and 'Input.cpp' != 'Input.cpp' and 'C:\Users\bluec\Kamata\TakeCEngine\project\..\generated\obj\DirectXGame\Debug\' == 'C:\Users\bluec\Kamata\TakeCEngine\project\..\generated\obj\DirectXGame\Debug\') として評価されました。
false 条件のため、タスク "VCMessage" を省略しました。('%(ClCompile.ExcludedFromBuild)' != 'true' and '%(Filename)%(Extension)' != '@(ClCompile->'%(Filename)%(Extension)')' and '%(ObjectFileName)' == '@(ClCompile->Metadata(ObjectFileName)->Distinct())') は ('' != 'true' and 'Material.cpp' != 'Material.cpp' and 'C:\Users\bluec\Kamata\TakeCEngine\project\..\generated\obj\DirectXGame\Debug\' == 'C:\Users\bluec\Kamata\TakeCEngine\project\..\generated\obj\DirectXGame\Debug\') として評価されました。
false 条件のため、タスク "VCMessage" を省略しました。('%(ClCompile.ExcludedFromBuild)' != 'true' and '%(Filename)%(Extension)' != '@(ClCompile->'%(Filename)%(Extension)')' and '%(ObjectFileName)' == '@(ClCompile->Metadata(ObjectFileName)->Distinct())') は ('' != 'true' and 'Mesh.cpp' != 'Mesh.cpp' and 'C:\Users\bluec\Kamata\TakeCEngine\project\..\generated\obj\DirectXGame\Debug\' == 'C:\Users\bluec\Kamata\TakeCEngine\project\..\generated\obj\DirectXGame\Debug\') として評価されました。
false 条件のため、タスク "VCMessage" を省略しました。('%(ClCompile.ExcludedFromBuild)' != 'true' and '%(Filename)%(Extension)' != '@(ClCompile->'%(Filename)%(Extension)')' and '%(ObjectFileName)' == '@(ClCompile->Metadata(ObjectFileName)->Distinct())') は ('' != 'true' and 'DirectXShaderCompiler.cpp' != 'DirectXShaderCompiler.cpp' and 'C:\Users\bluec\Kamata\TakeCEngine\project\..\generated\obj\DirectXGame\Debug\' == 'C:\Users\bluec\Kamata\TakeCEngine\project\..\generated\obj\DirectXGame\Debug\') として評価されました。
false 条件のため、タスク "VCMessage" を省略しました。('%(ClCompile.ExcludedFromBuild)' != 'true' and '%(Filename)%(Extension)' != '@(ClCompile->'%(Filename)%(Extension)')' and '%(ObjectFileName)' == '@(ClCompile->Metadata(ObjectFileName)->Distinct())') は ('' != 'true' and 'Vector3Math.cpp' != 'Vector3Math.cpp' and 'C:\Users\bluec\Kamata\TakeCEngine\project\..\generated\obj\DirectXGame\Debug\' == 'C:\Users\bluec\Kamata\TakeCEngine\project\..\generated\obj\DirectXGame\Debug\') として評価されました。
false 条件のため、タスク "VCMessage" を省略しました。('%(ClCompile.ExcludedFromBuild)' != 'true' and '%(Filename)%(Extension)' != '@(ClCompile->'%(Filename)%(Extension)')' and '%(ObjectFileName)' == '@(ClCompile->Metadata(ObjectFileName)->Distinct())') は ('' != 'true' and 'PipelineStateObject.cpp' != 'PipelineStateObject.cpp' and 'C:\Users\bluec\Kamata\TakeCEngine\project\..\generated\obj\DirectXGame\Debug\' == 'C:\Users\bluec\Kamata\TakeCEngine\project\..\generated\obj\DirectXGame\Debug\') として評価されました。
false 条件のため、タスク "VCMessage" を省略しました。('%(ClCompile.ExcludedFromBuild)' != 'true' and '%(Filename)%(Extension)' != '@(ClCompile->'%(Filename)%(Extension)')' and '%(ObjectFileName)' == '@(ClCompile->Metadata(ObjectFileName)->Distinct())') は ('' != 'true' and 'DirectXCommon.cpp' != 'DirectXCommon.cpp' and 'C:\Users\bluec\Kamata\TakeCEngine\project\..\generated\obj\DirectXGame\Debug\' == 'C:\Users\bluec\Kamata\TakeCEngine\project\..\generated\obj\DirectXGame\Debug\') として評価されました。
false 条件のため、タスク "VCMessage" を省略しました。('%(ClCompile.ExcludedFromBuild)' != 'true' and '%(Filename)%(Extension)' != '@(ClCompile->'%(Filename)%(Extension)')' and '%(ObjectFileName)' == '@(ClCompile->Metadata(ObjectFileName)->Distinct())') は ('' != 'true' and 'Logger.cpp' != 'Logger.cpp' and 'C:\Users\bluec\Kamata\TakeCEngine\project\..\generated\obj\DirectXGame\Debug\' == 'C:\Users\bluec\Kamata\TakeCEngine\project\..\generated\obj\DirectXGame\Debug\') として評価されました。
false 条件のため、タスク "VCMessage" を省略しました。('%(ClCompile.ExcludedFromBuild)' != 'true' and '%(Filename)%(Extension)' != '@(ClCompile->'%(Filename)%(Extension)')' and '%(ObjectFileName)' == '@(ClCompile->Metadata(ObjectFileName)->Distinct())') は ('' != 'true' and 'TakeCFrameWork.cpp' != 'TakeCFrameWork.cpp' and 'C:\Users\bluec\Kamata\TakeCEngine\project\..\generated\obj\DirectXGame\Debug\' == 'C:\Users\bluec\Kamata\TakeCEngine\project\..\generated\obj\DirectXGame\Debug\') として評価されました。
false 条件のため、タスク "VCMessage" を省略しました。('%(ClCompile.ExcludedFromBuild)' != 'true' and '%(Filename)%(Extension)' != '@(ClCompile->'%(Filename)%(Extension)')' and '%(ObjectFileName)' == '@(ClCompile->Metadata(ObjectFileName)->Distinct())') は ('' != 'true' and 'GamePlayScene.cpp' != 'GamePlayScene.cpp' and 'C:\Users\bluec\Kamata\TakeCEngine\project\..\generated\obj\DirectXGame\Debug\' == 'C:\Users\bluec\Kamata\TakeCEngine\project\..\generated\obj\DirectXGame\Debug\') として評価されました。
false 条件のため、タスク "VCMessage" を省略しました。('%(ClCompile.ExcludedFromBuild)' != 'true' and '%(Filename)%(Extension)' != '@(ClCompile->'%(Filename)%(Extension)')' and '%(ObjectFileName)' == '@(ClCompile->Metadata(ObjectFileName)->Distinct())') は ('' != 'true' and 'ImGuiManager.cpp' != 'ImGuiManager.cpp' and 'C:\Users\bluec\Kamata\TakeCEngine\project\..\generated\obj\DirectXGame\Debug\' == 'C:\Users\bluec\Kamata\TakeCEngine\project\..\generated\obj\DirectXGame\Debug\') として評価されました。
false 条件のため、タスク "VCMessage" を省略しました。('%(ClCompile.ExcludedFromBuild)' != 'true' and '%(Filename)%(Extension)' != '@(ClCompile->'%(Filename)%(Extension)')' and '%(ObjectFileName)' == '@(ClCompile->Metadata(ObjectFileName)->Distinct())') は ('' != 'true' and 'GPUParticle.cpp' != 'GPUParticle.cpp' and 'C:\Users\bluec\Kamata\TakeCEngine\project\..\generated\obj\DirectXGame\Debug\' == 'C:\Users\bluec\Kamata\TakeCEngine\project\..\generated\obj\DirectXGame\Debug\') として評価されました。
false 条件のため、タスク "VCMessage" を省略しました。('%(ClCompile.ExcludedFromBuild)' != 'true' and '%(Filename)%(Extension)' != '@(ClCompile->'%(Filename)%(Extension)')' and '%(ObjectFileName)' == '@(ClCompile->Metadata(ObjectFileName)->Distinct())') は ('' != 'true' and 'GrayScale.cpp' != 'GrayScale.cpp' and 'C:\Users\bluec\Kamata\TakeCEngine\project\..\generated\obj\DirectXGame\Debug\' == 'C:\Users\bluec\Kamata\TakeCEngine\project\..\generated\obj\DirectXGame\Debug\') として評価されました。
false 条件のため、タスク "VCMessage" を省略しました。('%(ClCompile.ExcludedFromBuild)' != 'true' and '%(Filename)%(Extension)' != '@(ClCompile->'%(Filename)%(Extension)')' and '%(ObjectFileName)' == '@(ClCompile->Metadata(ObjectFileName)->Distinct())') は ('' != 'true' and 'LuminanceBasedOutline.cpp' != 'LuminanceBasedOutline.cpp' and 'C:\Users\bluec\Kamata\TakeCEngine\project\..\generated\obj\DirectXGame\Debug\' == 'C:\Users\bluec\Kamata\TakeCEngine\project\..\generated\obj\DirectXGame\Debug\') として評価されました。
false 条件のため、タスク "VCMessage" を省略しました。('%(ClCompile.ExcludedFromBuild)' != 'true' and '%(Filename)%(Extension)' != '@(ClCompile->'%(Filename)%(Extension)')' and '%(ObjectFileName)' == '@(ClCompile->Metadata(ObjectFileName)->Distinct())') は ('' != 'true' and 'LevelObject.cpp' != 'LevelObject.cpp' and 'C:\Users\bluec\Kamata\TakeCEngine\project\..\generated\obj\DirectXGame\Debug\' == 'C:\Users\bluec\Kamata\TakeCEngine\project\..\generated\obj\DirectXGame\Debug\') として評価されました。
false 条件のため、タスク "VCMessage" を省略しました。('%(ClCompile.ExcludedFromBuild)' != 'true' and '%(Filename)%(Extension)' != '@(ClCompile->'%(Filename)%(Extension)')' and '%(ObjectFileName)' == '@(ClCompile->Metadata(ObjectFileName)->Distinct())') は ('' != 'true' and 'GameClearUI.cpp' != 'GameClearUI.cpp' and 'C:\Users\bluec\Kamata\TakeCEngine\project\..\generated\obj\DirectXGame\Debug\' == 'C:\Users\bluec\Kamata\TakeCEngine\project\..\generated\obj\DirectXGame\Debug\') として評価されました。
false 条件のため、タスク "VCMessage" を省略しました。('%(ClCompile.ExcludedFromBuild)' != 'true' and '%(Filename)%(Extension)' != '@(ClCompile->'%(Filename)%(Extension)')' and '%(ObjectFileName)' == '@(ClCompile->Metadata(ObjectFileName)->Distinct())') は ('' != 'true' and 'LightManager.cpp' != 'LightManager.cpp' and 'C:\Users\bluec\Kamata\TakeCEngine\project\..\generated\obj\DirectXGame\Debug\' == 'C:\Users\bluec\Kamata\TakeCEngine\project\..\generated\obj\DirectXGame\Debug\') として評価されました。
false 条件のため、タスク "VCMessage" を省略しました。('%(ClCompile.ExcludedFromBuild)' != 'true' and '%(Filename)%(Extension)' != '@(ClCompile->'%(Filename)%(Extension)')' and '%(ObjectFileName)' == '@(ClCompile->Metadata(ObjectFileName)->Distinct())') は ('' != 'true' and 'MachineGun.cpp' != 'MachineGun.cpp' and 'C:\Users\bluec\Kamata\TakeCEngine\project\..\generated\obj\DirectXGame\Debug\' == 'C:\Users\bluec\Kamata\TakeCEngine\project\..\generated\obj\DirectXGame\Debug\') として評価されました。
false 条件のため、タスク "VCMessage" を省略しました。('%(ClCompile.ExcludedFromBuild)' != 'true' and '%(Filename)%(Extension)' != '@(ClCompile->'%(Filename)%(Extension)')' and '%(ObjectFileName)' == '@(ClCompile->Metadata(ObjectFileName)->Distinct())') は ('' != 'true' and 'GlareEffect.cpp' != 'GlareEffect.cpp' and 'C:\Users\bluec\Kamata\TakeCEngine\project\..\generated\obj\DirectXGame\Debug\' == 'C:\Users\bluec\Kamata\TakeCEngine\project\..\generated\obj\DirectXGame\Debug\') として評価されました。
false 条件のため、タスク "VCMessage" を省略しました。('%(ClCompile.ExcludedFromBuild)' != 'true' and '%(Filename)%(Extension)' != '@(ClCompile->'%(Filename)%(Extension)')' and '%(ObjectFileName)' == '@(ClCompile->Metadata(ObjectFileName)->Distinct())') は ('' != 'true' and 'ImNodeFlow.cpp' != 'ImNodeFlow.cpp' and 'C:\Users\bluec\Kamata\TakeCEngine\project\..\generated\obj\DirectXGame\Debug\' == 'C:\Users\bluec\Kamata\TakeCEngine\project\..\generated\obj\DirectXGame\Debug\') として評価されました。
false 条件のため、タスク "VCMessage" を省略しました。('%(ClCompile.ExcludedFromBuild)' != 'true' and '%(Filename)%(Extension)' != '@(ClCompile->'%(Filename)%(Extension)')' and '%(ObjectFileName)' == '@(ClCompile->Metadata(ObjectFileName)->Distinct())') は ('' != 'true' and 'main.cpp' != 'main.cpp' and 'C:\Users\bluec\Kamata\TakeCEngine\project\..\generated\obj\DirectXGame\Debug\' == 'C:\Users\bluec\Kamata\TakeCEngine\project\..\generated\obj\DirectXGame\Debug\') として評価されました。
false 条件のため、タスク "VCMessage" を省略しました。('%(ClCompile.ExcludedFromBuild)' != 'true' and '%(Filename)%(Extension)' != '@(ClCompile->'%(Filename)%(Extension)')' and '%(ObjectFileName)' == '@(ClCompile->Metadata(ObjectFileName)->Distinct())') は ('' != 'true' and 'Model.cpp' != 'Model.cpp' and 'C:\Users\bluec\Kamata\TakeCEngine\project\..\generated\obj\DirectXGame\Debug\' == 'C:\Users\bluec\Kamata\TakeCEngine\project\..\generated\obj\DirectXGame\Debug\') として評価されました。
false 条件のため、タスク "VCMessage" を省略しました。('%(ClCompile.ExcludedFromBuild)' != 'true' and '%(Filename)%(Extension)' != '@(ClCompile->'%(Filename)%(Extension)')' and '%(ObjectFileName)' == '@(ClCompile->Metadata(ObjectFileName)->Distinct())') は ('' != 'true' and 'MatrixMath.cpp' != 'MatrixMath.cpp' and 'C:\Users\bluec\Kamata\TakeCEngine\project\..\generated\obj\DirectXGame\Debug\' == 'C:\Users\bluec\Kamata\TakeCEngine\project\..\generated\obj\DirectXGame\Debug\') として評価されました。
false 条件のため、タスク "VCMessage" を省略しました。('%(ClCompile.ExcludedFromBuild)' != 'true' and '%(Filename)%(Extension)' != '@(ClCompile->'%(Filename)%(Extension)')' and '%(ObjectFileName)' == '@(ClCompile->Metadata(ObjectFileName)->Distinct())') は ('' != 'true' and 'Sphere.cpp' != 'Sphere.cpp' and 'C:\Users\bluec\Kamata\TakeCEngine\project\..\generated\obj\DirectXGame\Debug\' == 'C:\Users\bluec\Kamata\TakeCEngine\project\..\generated\obj\DirectXGame\Debug\') として評価されました。
false 条件のため、タスク "VCMessage" を省略しました。('%(ClCompile.ExcludedFromBuild)' != 'true' and '%(Filename)%(Extension)' != '@(ClCompile->'%(Filename)%(Extension)')' and '%(ObjectFileName)' == '@(ClCompile->Metadata(ObjectFileName)->Distinct())') は ('' != 'true' and 'TextureManager.cpp' != 'TextureManager.cpp' and 'C:\Users\bluec\Kamata\TakeCEngine\project\..\generated\obj\DirectXGame\Debug\' == 'C:\Users\bluec\Kamata\TakeCEngine\project\..\generated\obj\DirectXGame\Debug\') として評価されました。
false 条件のため、タスク "VCMessage" を省略しました。('%(ClCompile.ExcludedFromBuild)' != 'true' and '%(Filename)%(Extension)' != '@(ClCompile->'%(Filename)%(Extension)')' and '%(ObjectFileName)' == '@(ClCompile->Metadata(ObjectFileName)->Distinct())') は ('' != 'true' and 'WinApp.cpp' != 'WinApp.cpp' and 'C:\Users\bluec\Kamata\TakeCEngine\project\..\generated\obj\DirectXGame\Debug\' == 'C:\Users\bluec\Kamata\TakeCEngine\project\..\generated\obj\DirectXGame\Debug\') として評価されました。
false 条件のため、タスク "VCMessage" を省略しました。('%(ClCompile.ExcludedFromBuild)' != 'true' and '%(Filename)%(Extension)' != '@(ClCompile->'%(Filename)%(Extension)')' and '%(ObjectFileName)' == '@(ClCompile->Metadata(ObjectFileName)->Distinct())') は ('' != 'true' and 'Vector3.cpp' != 'Vector3.cpp' and 'C:\Users\bluec\Kamata\TakeCEngine\project\..\generated\obj\DirectXGame\Debug\' == 'C:\Users\bluec\Kamata\TakeCEngine\project\..\generated\obj\DirectXGame\Debug\') として評価されました。
false 条件のため、タスク "VCMessage" を省略しました。('%(ClCompile.ExcludedFromBuild)' != 'true' and '%(Filename)%(Extension)' != '@(ClCompile->'%(Filename)%(Extension)')' and '%(ObjectFileName)' == '@(ClCompile->Metadata(ObjectFileName)->Distinct())') は ('' != 'true' and 'MyGame.cpp' != 'MyGame.cpp' and 'C:\Users\bluec\Kamata\TakeCEngine\project\..\generated\obj\DirectXGame\Debug\' == 'C:\Users\bluec\Kamata\TakeCEngine\project\..\generated\obj\DirectXGame\Debug\') として評価されました。
false 条件のため、タスク "VCMessage" を省略しました。('%(ClCompile.ExcludedFromBuild)' != 'true' and '%(Filename)%(Extension)' != '@(ClCompile->'%(Filename)%(Extension)')' and '%(ObjectFileName)' == '@(ClCompile->Metadata(ObjectFileName)->Distinct())') は ('' != 'true' and 'SrvManager.cpp' != 'SrvManager.cpp' and 'C:\Users\bluec\Kamata\TakeCEngine\project\..\generated\obj\DirectXGame\Debug\' == 'C:\Users\bluec\Kamata\TakeCEngine\project\..\generated\obj\DirectXGame\Debug\') として評価されました。
false 条件のため、タスク "VCMessage" を省略しました。('%(ClCompile.ExcludedFromBuild)' != 'true' and '%(Filename)%(Extension)' != '@(ClCompile->'%(Filename)%(Extension)')' and '%(ObjectFileName)' == '@(ClCompile->Metadata(ObjectFileName)->Distinct())') は ('' != 'true' and 'TitleScene.cpp' != 'TitleScene.cpp' and 'C:\Users\bluec\Kamata\TakeCEngine\project\..\generated\obj\DirectXGame\Debug\' == 'C:\Users\bluec\Kamata\TakeCEngine\project\..\generated\obj\DirectXGame\Debug\') として評価されました。
false 条件のため、タスク "VCMessage" を省略しました。('%(ClCompile.ExcludedFromBuild)' != 'true' and '%(Filename)%(Extension)' != '@(ClCompile->'%(Filename)%(Extension)')' and '%(ObjectFileName)' == '@(ClCompile->Metadata(ObjectFileName)->Distinct())') は ('' != 'true' and 'SceneFactory.cpp' != 'SceneFactory.cpp' and 'C:\Users\bluec\Kamata\TakeCEngine\project\..\generated\obj\DirectXGame\Debug\' == 'C:\Users\bluec\Kamata\TakeCEngine\project\..\generated\obj\DirectXGame\Debug\') として評価されました。
false 条件のため、タスク "VCMessage" を省略しました。('%(ClCompile.ExcludedFromBuild)' != 'true' and '%(Filename)%(Extension)' != '@(ClCompile->'%(Filename)%(Extension)')' and '%(ObjectFileName)' == '@(ClCompile->Metadata(ObjectFileName)->Distinct())') は ('' != 'true' and 'SceneManager.cpp' != 'SceneManager.cpp' and 'C:\Users\bluec\Kamata\TakeCEngine\project\..\generated\obj\DirectXGame\Debug\' == 'C:\Users\bluec\Kamata\TakeCEngine\project\..\generated\obj\DirectXGame\Debug\') として評価されました。
false 条件のため、タスク "VCMessage" を省略しました。('%(ClCompile.ExcludedFromBuild)' != 'true' and '%(Filename)%(Extension)' != '@(ClCompile->'%(Filename)%(Extension)')' and '%(ObjectFileName)' == '@(ClCompile->Metadata(ObjectFileName)->Distinct())') は ('' != 'true' and 'ParticleCommon.cpp' != 'ParticleCommon.cpp' and 'C:\Users\bluec\Kamata\TakeCEngine\project\..\generated\obj\DirectXGame\Debug\' == 'C:\Users\bluec\Kamata\TakeCEngine\project\..\generated\obj\DirectXGame\Debug\') として評価されました。
false 条件のため、タスク "VCMessage" を省略しました。('%(ClCompile.ExcludedFromBuild)' != 'true' and '%(Filename)%(Extension)' != '@(ClCompile->'%(Filename)%(Extension)')' and '%(ObjectFileName)' == '@(ClCompile->Metadata(ObjectFileName)->Distinct())') は ('' != 'true' and 'ParticleEmitter.cpp' != 'ParticleEmitter.cpp' and 'C:\Users\bluec\Kamata\TakeCEngine\project\..\generated\obj\DirectXGame\Debug\' == 'C:\Users\bluec\Kamata\TakeCEngine\project\..\generated\obj\DirectXGame\Debug\') として評価されました。
false 条件のため、タスク "VCMessage" を省略しました。('%(ClCompile.ExcludedFromBuild)' != 'true' and '%(Filename)%(Extension)' != '@(ClCompile->'%(Filename)%(Extension)')' and '%(ObjectFileName)' == '@(ClCompile->Metadata(ObjectFileName)->Distinct())') は ('' != 'true' and 'ParticleManager.cpp' != 'ParticleManager.cpp' and 'C:\Users\bluec\Kamata\TakeCEngine\project\..\generated\obj\DirectXGame\Debug\' == 'C:\Users\bluec\Kamata\TakeCEngine\project\..\generated\obj\DirectXGame\Debug\') として評価されました。
false 条件のため、タスク "VCMessage" を省略しました。('%(ClCompile.ExcludedFromBuild)' != 'true' and '%(Filename)%(Extension)' != '@(ClCompile->'%(Filename)%(Extension)')' and '%(ObjectFileName)' == '@(ClCompile->Metadata(ObjectFileName)->Distinct())') は ('' != 'true' and 'SkyBox.cpp' != 'SkyBox.cpp' and 'C:\Users\bluec\Kamata\TakeCEngine\project\..\generated\obj\DirectXGame\Debug\' == 'C:\Users\bluec\Kamata\TakeCEngine\project\..\generated\obj\DirectXGame\Debug\') として評価されました。
false 条件のため、タスク "VCMessage" を省略しました。('%(ClCompile.ExcludedFromBuild)' != 'true' and '%(Filename)%(Extension)' != '@(ClCompile->'%(Filename)%(Extension)')' and '%(ObjectFileName)' == '@(ClCompile->Metadata(ObjectFileName)->Distinct())') は ('' != 'true' and 'SphereCollider.cpp' != 'SphereCollider.cpp' and 'C:\Users\bluec\Kamata\TakeCEngine\project\..\generated\obj\DirectXGame\Debug\' == 'C:\Users\bluec\Kamata\TakeCEngine\project\..\generated\obj\DirectXGame\Debug\') として評価されました。
false 条件のため、タスク "VCMessage" を省略しました。('%(ClCompile.ExcludedFromBuild)' != 'true' and '%(Filename)%(Extension)' != '@(ClCompile->'%(Filename)%(Extension)')' and '%(ObjectFileName)' == '@(ClCompile->Metadata(ObjectFileName)->Distinct())') は ('' != 'true' and 'PrimitiveDrawer.cpp' != 'PrimitiveDrawer.cpp' and 'C:\Users\bluec\Kamata\TakeCEngine\project\..\generated\obj\DirectXGame\Debug\' == 'C:\Users\bluec\Kamata\TakeCEngine\project\..\generated\obj\DirectXGame\Debug\') として評価されました。
false 条件のため、タスク "VCMessage" を省略しました。('%(ClCompile.ExcludedFromBuild)' != 'true' and '%(Filename)%(Extension)' != '@(ClCompile->'%(Filename)%(Extension)')' and '%(ObjectFileName)' == '@(ClCompile->Metadata(ObjectFileName)->Distinct())') は ('' != 'true' and 'Ring.cpp' != 'Ring.cpp' and 'C:\Users\bluec\Kamata\TakeCEngine\project\..\generated\obj\DirectXGame\Debug\' == 'C:\Users\bluec\Kamata\TakeCEngine\project\..\generated\obj\DirectXGame\Debug\') として評価されました。
false 条件のため、タスク "VCMessage" を省略しました。('%(ClCompile.ExcludedFromBuild)' != 'true' and '%(Filename)%(Extension)' != '@(ClCompile->'%(Filename)%(Extension)')' and '%(ObjectFileName)' == '@(ClCompile->Metadata(ObjectFileName)->Distinct())') は ('' != 'true' and 'Player.cpp' != 'Player.cpp' and 'C:\Users\bluec\Kamata\TakeCEngine\project\..\generated\obj\DirectXGame\Debug\' == 'C:\Users\bluec\Kamata\TakeCEngine\project\..\generated\obj\DirectXGame\Debug\') として評価されました。
false 条件のため、タスク "VCMessage" を省略しました。('%(ClCompile.ExcludedFromBuild)' != 'true' and '%(Filename)%(Extension)' != '@(ClCompile->'%(Filename)%(Extension)')' and '%(ObjectFileName)' == '@(ClCompile->Metadata(ObjectFileName)->Distinct())') は ('' != 'true' and 'PostEffect.cpp' != 'PostEffect.cpp' and 'C:\Users\bluec\Kamata\TakeCEngine\project\..\generated\obj\DirectXGame\Debug\' == 'C:\Users\bluec\Kamata\TakeCEngine\project\..\generated\obj\DirectXGame\Debug\') として評価されました。
false 条件のため、タスク "VCMessage" を省略しました。('%(ClCompile.ExcludedFromBuild)' != 'true' and '%(Filename)%(Extension)' != '@(ClCompile->'%(Filename)%(Extension)')' and '%(ObjectFileName)' == '@(ClCompile->Metadata(ObjectFileName)->Distinct())') は ('' != 'true' and 'PostEffectManager.cpp' != 'PostEffectManager.cpp' and 'C:\Users\bluec\Kamata\TakeCEngine\project\..\generated\obj\DirectXGame\Debug\' == 'C:\Users\bluec\Kamata\TakeCEngine\project\..\generated\obj\DirectXGame\Debug\') として評価されました。
false 条件のため、タスク "VCMessage" を省略しました。('%(ClCompile.ExcludedFromBuild)' != 'true' and '%(Filename)%(Extension)' != '@(ClCompile->'%(Filename)%(Extension)')' and '%(ObjectFileName)' == '@(ClCompile->Metadata(ObjectFileName)->Distinct())') は ('' != 'true' and 'ResourceBarrier.cpp' != 'ResourceBarrier.cpp' and 'C:\Users\bluec\Kamata\TakeCEngine\project\..\generated\obj\DirectXGame\Debug\' == 'C:\Users\bluec\Kamata\TakeCEngine\project\..\generated\obj\DirectXGame\Debug\') として評価されました。
false 条件のため、タスク "VCMessage" を省略しました。('%(ClCompile.ExcludedFromBuild)' != 'true' and '%(Filename)%(Extension)' != '@(ClCompile->'%(Filename)%(Extension)')' and '%(ObjectFileName)' == '@(ClCompile->Metadata(ObjectFileName)->Distinct())') は ('' != 'true' and 'RtvManager.cpp' != 'RtvManager.cpp' and 'C:\Users\bluec\Kamata\TakeCEngine\project\..\generated\obj\DirectXGame\Debug\' == 'C:\Users\bluec\Kamata\TakeCEngine\project\..\generated\obj\DirectXGame\Debug\') として評価されました。
false 条件のため、タスク "VCMessage" を省略しました。('%(ClCompile.ExcludedFromBuild)' != 'true' and '%(Filename)%(Extension)' != '@(ClCompile->'%(Filename)%(Extension)')' and '%(ObjectFileName)' == '@(ClCompile->Metadata(ObjectFileName)->Distinct())') は ('' != 'true' and 'Vignette.cpp' != 'Vignette.cpp' and 'C:\Users\bluec\Kamata\TakeCEngine\project\..\generated\obj\DirectXGame\Debug\' == 'C:\Users\bluec\Kamata\TakeCEngine\project\..\generated\obj\DirectXGame\Debug\') として評価されました。
false 条件のため、タスク "VCMessage" を省略しました。('%(ClCompile.ExcludedFromBuild)' != 'true' and '%(Filename)%(Extension)' != '@(ClCompile->'%(Filename)%(Extension)')' and '%(ObjectFileName)' == '@(ClCompile->Metadata(ObjectFileName)->Distinct())') は ('' != 'true' and 'RenderTexture.cpp' != 'RenderTexture.cpp' and 'C:\Users\bluec\Kamata\TakeCEngine\project\..\generated\obj\DirectXGame\Debug\' == 'C:\Users\bluec\Kamata\TakeCEngine\project\..\generated\obj\DirectXGame\Debug\') として評価されました。
false 条件のため、タスク "VCMessage" を省略しました。('%(ClCompile.ExcludedFromBuild)' != 'true' and '%(Filename)%(Extension)' != '@(ClCompile->'%(Filename)%(Extension)')' and '%(ObjectFileName)' == '@(ClCompile->Metadata(ObjectFileName)->Distinct())') は ('' != 'true' and 'RadialBluer.cpp' != 'RadialBluer.cpp' and 'C:\Users\bluec\Kamata\TakeCEngine\project\..\generated\obj\DirectXGame\Debug\' == 'C:\Users\bluec\Kamata\TakeCEngine\project\..\generated\obj\DirectXGame\Debug\') として評価されました。
false 条件のため、タスク "VCMessage" を省略しました。('%(ClCompile.ExcludedFromBuild)' != 'true' and '%(Filename)%(Extension)' != '@(ClCompile->'%(Filename)%(Extension)')' and '%(ObjectFileName)' == '@(ClCompile->Metadata(ObjectFileName)->Distinct())') は ('' != 'true' and 'PrimitiveParticle.cpp' != 'PrimitiveParticle.cpp' and 'C:\Users\bluec\Kamata\TakeCEngine\project\..\generated\obj\DirectXGame\Debug\' == 'C:\Users\bluec\Kamata\TakeCEngine\project\..\generated\obj\DirectXGame\Debug\') として評価されました。
false 条件のため、タスク "VCMessage" を省略しました。('%(ClCompile.ExcludedFromBuild)' != 'true' and '%(Filename)%(Extension)' != '@(ClCompile->'%(Filename)%(Extension)')' and '%(ObjectFileName)' == '@(ClCompile->Metadata(ObjectFileName)->Distinct())') は ('' != 'true' and 'BaseWeapon.cpp' != 'BaseWeapon.cpp' and 'C:\Users\bluec\Kamata\TakeCEngine\project\..\generated\obj\DirectXGame\Debug\' == 'C:\Users\bluec\Kamata\TakeCEngine\project\..\generated\obj\DirectXGame\Debug\') として評価されました。
false 条件のため、タスク "VCMessage" を省略しました。('%(ClCompile.ExcludedFromBuild)' != 'true' and '%(Filename)%(Extension)' != '@(ClCompile->'%(Filename)%(Extension)')' and '%(ObjectFileName)' == '@(ClCompile->Metadata(ObjectFileName)->Distinct())') は ('' != 'true' and 'Rifle.cpp' != 'Rifle.cpp' and 'C:\Users\bluec\Kamata\TakeCEngine\project\..\generated\obj\DirectXGame\Debug\' == 'C:\Users\bluec\Kamata\TakeCEngine\project\..\generated\obj\DirectXGame\Debug\') として評価されました。
false 条件のため、タスク "VCMessage" を省略しました。('%(ClCompile.ExcludedFromBuild)' != 'true' and '%(Filename)%(Extension)' != '@(ClCompile->'%(Filename)%(Extension)')' and '%(ObjectFileName)' == '@(ClCompile->Metadata(ObjectFileName)->Distinct())') は ('' != 'true' and 'BulletPool.cpp' != 'BulletPool.cpp' and 'C:\Users\bluec\Kamata\TakeCEngine\project\..\generated\obj\DirectXGame\Debug\' == 'C:\Users\bluec\Kamata\TakeCEngine\project\..\generated\obj\DirectXGame\Debug\') として評価されました。
false 条件のため、タスク "VCMessage" を省略しました。('%(ClCompile.ExcludedFromBuild)' != 'true' and '%(Filename)%(Extension)' != '@(ClCompile->'%(Filename)%(Extension)')' and '%(ObjectFileName)' == '@(ClCompile->Metadata(ObjectFileName)->Distinct())') は ('' != 'true' and 'ParticleEmitterAllocater.cpp' != 'ParticleEmitterAllocater.cpp' and 'C:\Users\bluec\Kamata\TakeCEngine\project\..\generated\obj\DirectXGame\Debug\' == 'C:\Users\bluec\Kamata\TakeCEngine\project\..\generated\obj\DirectXGame\Debug\') として評価されました。
false 条件のため、タスク "VCMessage" を省略しました。('%(ClCompile.ExcludedFromBuild)' != 'true' and '%(Filename)%(Extension)' != '@(ClCompile->'%(Filename)%(Extension)')' and '%(ObjectFileName)' == '@(ClCompile->Metadata(ObjectFileName)->Distinct())') は ('' != 'true' and 'ParticleEditor.cpp' != 'ParticleEditor.cpp' and 'C:\Users\bluec\Kamata\TakeCEngine\project\..\generated\obj\DirectXGame\Debug\' == 'C:\Users\bluec\Kamata\TakeCEngine\project\..\generated\obj\DirectXGame\Debug\') として評価されました。
false 条件のため、タスク "VCMessage" を省略しました。('%(ClCompile.ExcludedFromBuild)' != 'true' and '%(Filename)%(Extension)' != '@(ClCompile->'%(Filename)%(Extension)')' and '%(ObjectFileName)' == '@(ClCompile->Metadata(ObjectFileName)->Distinct())') は ('' != 'true' and 'ParticleEditScene.cpp' != 'ParticleEditScene.cpp' and 'C:\Users\bluec\Kamata\TakeCEngine\project\..\generated\obj\DirectXGame\Debug\' == 'C:\Users\bluec\Kamata\TakeCEngine\project\..\generated\obj\DirectXGame\Debug\') として評価されました。
false 条件のため、タスク "VCMessage" を省略しました。('%(ClCompile.ExcludedFromBuild)' != 'true' and '%(Filename)%(Extension)' != '@(ClCompile->'%(Filename)%(Extension)')' and '%(ObjectFileName)' == '@(ClCompile->Metadata(ObjectFileName)->Distinct())') は ('' != 'true' and 'VerticalMissileLauncher.cpp' != 'VerticalMissileLauncher.cpp' and 'C:\Users\bluec\Kamata\TakeCEngine\project\..\generated\obj\DirectXGame\Debug\' == 'C:\Users\bluec\Kamata\TakeCEngine\project\..\generated\obj\DirectXGame\Debug\') として評価されました。
false 条件のため、タスク "VCMessage" を省略しました。('%(ClCompile.ExcludedFromBuild)' != 'true' and '%(Filename)%(Extension)' != '@(ClCompile->'%(Filename)%(Extension)')' and '%(ObjectFileName)' == '@(ClCompile->Metadata(ObjectFileName)->Distinct())') は ('' != 'true' and 'VerticalMissile.cpp' != 'VerticalMissile.cpp' and 'C:\Users\bluec\Kamata\TakeCEngine\project\..\generated\obj\DirectXGame\Debug\' == 'C:\Users\bluec\Kamata\TakeCEngine\project\..\generated\obj\DirectXGame\Debug\') として評価されました。
false 条件のため、タスク "VCMessage" を省略しました。('%(ClCompile.ExcludedFromBuild)' != 'true' and '%(Filename)%(Extension)' != '@(ClCompile->'%(Filename)%(Extension)')' and '%(ObjectFileName)' == '@(ClCompile->Metadata(ObjectFileName)->Distinct())') は ('' != 'true' and 'MissilePool.cpp' != 'MissilePool.cpp' and 'C:\Users\bluec\Kamata\TakeCEngine\project\..\generated\obj\DirectXGame\Debug\' == 'C:\Users\bluec\Kamata\TakeCEngine\project\..\generated\obj\DirectXGame\Debug\') として評価されました。
false 条件のため、タスク "VCMessage" を省略しました。('%(ClCompile.ExcludedFromBuild)' != 'true' and '%(Filename)%(Extension)' != '@(ClCompile->'%(Filename)%(Extension)')' and '%(ObjectFileName)' == '@(ClCompile->Metadata(ObjectFileName)->Distinct())') は ('' != 'true' and 'PlayerReticle.cpp' != 'PlayerReticle.cpp' and 'C:\Users\bluec\Kamata\TakeCEngine\project\..\generated\obj\DirectXGame\Debug\' == 'C:\Users\bluec\Kamata\TakeCEngine\project\..\generated\obj\DirectXGame\Debug\') として評価されました。
false 条件のため、タスク "VCMessage" を省略しました。('%(ClCompile.ExcludedFromBuild)' != 'true' and '%(Filename)%(Extension)' != '@(ClCompile->'%(Filename)%(Extension)')' and '%(ObjectFileName)' == '@(ClCompile->Metadata(ObjectFileName)->Distinct())') は ('' != 'true' and 'PlayerInputProvider.cpp' != 'PlayerInputProvider.cpp' and 'C:\Users\bluec\Kamata\TakeCEngine\project\..\generated\obj\DirectXGame\Debug\' == 'C:\Users\bluec\Kamata\TakeCEngine\project\..\generated\obj\DirectXGame\Debug\') として評価されました。
false 条件のため、タスク "VCMessage" を省略しました。('%(ClCompile.ExcludedFromBuild)' != 'true' and '%(Filename)%(Extension)' != '@(ClCompile->'%(Filename)%(Extension)')' and '%(ObjectFileName)' == '@(ClCompile->Metadata(ObjectFileName)->Distinct())') は ('' != 'true' and 'PlayerKeyInput.cpp' != 'PlayerKeyInput.cpp' and 'C:\Users\bluec\Kamata\TakeCEngine\project\..\generated\obj\DirectXGame\Debug\' == 'C:\Users\bluec\Kamata\TakeCEngine\project\..\generated\obj\DirectXGame\Debug\') として評価されました。
false 条件のため、タスク "VCMessage" を省略しました。('%(ClCompile.ExcludedFromBuild)' != 'true' and '%(Filename)%(Extension)' != '@(ClCompile->'%(Filename)%(Extension)')' and '%(ObjectFileName)' == '@(ClCompile->Metadata(ObjectFileName)->Distinct())') は ('' != 'true' and 'WaterGround.cpp' != 'WaterGround.cpp' and 'C:\Users\bluec\Kamata\TakeCEngine\project\..\generated\obj\DirectXGame\Debug\' == 'C:\Users\bluec\Kamata\TakeCEngine\project\..\generated\obj\DirectXGame\Debug\') として評価されました。
false 条件のため、タスク "VCMessage" を省略しました。('%(ClCompile.ExcludedFromBuild)' != 'true' and '%(Filename)%(Extension)' != '@(ClCompile->'%(Filename)%(Extension)')' and '%(ObjectFileName)' == '@(ClCompile->Metadata(ObjectFileName)->Distinct())') は ('' != 'true' and 'Timer.cpp' != 'Timer.cpp' and 'C:\Users\bluec\Kamata\TakeCEngine\project\..\generated\obj\DirectXGame\Debug\' == 'C:\Users\bluec\Kamata\TakeCEngine\project\..\generated\obj\DirectXGame\Debug\') として評価されました。
false 条件のため、タスク "VCMessage" を省略しました。('%(ClCompile.ExcludedFromBuild)' != 'true' and '%(Filename)%(Extension)' != '@(ClCompile->'%(Filename)%(Extension)')' and '%(ObjectFileName)' == '@(ClCompile->Metadata(ObjectFileName)->Distinct())') は ('' != 'true' and 'PushStartUI.cpp' != 'PushStartUI.cpp' and 'C:\Users\bluec\Kamata\TakeCEngine\project\..\generated\obj\DirectXGame\Debug\' == 'C:\Users\bluec\Kamata\TakeCEngine\project\..\generated\obj\DirectXGame\Debug\') として評価されました。
false 条件のため、タスク "VCMessage" を省略しました。('%(ClCompile.ExcludedFromBuild)' != 'true' and '%(Filename)%(Extension)' != '@(ClCompile->'%(Filename)%(Extension)')' and '%(ObjectFileName)' == '@(ClCompile->Metadata(ObjectFileName)->Distinct())') は ('' != 'true' and 'PhaseMessageUI.cpp' != 'PhaseMessageUI.cpp' and 'C:\Users\bluec\Kamata\TakeCEngine\project\..\generated\obj\DirectXGame\Debug\' == 'C:\Users\bluec\Kamata\TakeCEngine\project\..\generated\obj\DirectXGame\Debug\') として評価されました。
false 条件のため、タスク "VCMessage" を省略しました。('%(ClCompile.ExcludedFromBuild)' != 'true' and '%(Filename)%(Extension)' != '@(ClCompile->'%(Filename)%(Extension)')' and '%(ObjectFileName)' == '@(ClCompile->Metadata(ObjectFileName)->Distinct())') は ('' != 'true' and 'PlayerPadInput.cpp' != 'PlayerPadInput.cpp' and 'C:\Users\bluec\Kamata\TakeCEngine\project\..\generated\obj\DirectXGame\Debug\' == 'C:\Users\bluec\Kamata\TakeCEngine\project\..\generated\obj\DirectXGame\Debug\') として評価されました。
false 条件のため、タスク "VCMessage" を省略しました。('%(ClCompile.ExcludedFromBuild)' != 'true' and '%(Filename)%(Extension)' != '@(ClCompile->'%(Filename)%(Extension)')' and '%(ObjectFileName)' == '@(ClCompile->Metadata(ObjectFileName)->Distinct())') は ('' != 'true' and 'ShotGun.cpp' != 'ShotGun.cpp' and 'C:\Users\bluec\Kamata\TakeCEngine\project\..\generated\obj\DirectXGame\Debug\' == 'C:\Users\bluec\Kamata\TakeCEngine\project\..\generated\obj\DirectXGame\Debug\') として評価されました。
false 条件のため、タスク "VCMessage" を省略しました。('%(ClCompile.ExcludedFromBuild)' != 'true' and '%(Filename)%(Extension)' != '@(ClCompile->'%(Filename)%(Extension)')' and '%(ObjectFileName)' == '@(ClCompile->Metadata(ObjectFileName)->Distinct())') は ('' != 'true' and 'ShadowMapEffect.cpp' != 'ShadowMapEffect.cpp' and 'C:\Users\bluec\Kamata\TakeCEngine\project\..\generated\obj\DirectXGame\Debug\' == 'C:\Users\bluec\Kamata\TakeCEngine\project\..\generated\obj\DirectXGame\Debug\') として評価されました。
false 条件のため、タスク "VCMessage" を省略しました。('%(ClCompile.ExcludedFromBuild)' != 'true' and '%(Filename)%(Extension)' != '@(ClCompile->'%(Filename)%(Extension)')' and '%(ObjectFileName)' == '@(ClCompile->Metadata(ObjectFileName)->Distinct())') は ('' != 'true' and 'PostEffectFactory.cpp' != 'PostEffectFactory.cpp' and 'C:\Users\bluec\Kamata\TakeCEngine\project\..\generated\obj\DirectXGame\Debug\' == 'C:\Users\bluec\Kamata\TakeCEngine\project\..\generated\obj\DirectXGame\Debug\') として評価されました。
false 条件のため、タスク "VCMessage" を省略しました。('%(ClCompile.ExcludedFromBuild)' != 'true' and '%(Filename)%(Extension)' != '@(ClCompile->'%(Filename)%(Extension)')' and '%(ObjectFileName)' == '@(ClCompile->Metadata(ObjectFileName)->Distinct())') は ('' != 'true' and 'Plane.cpp' != 'Plane.cpp' and 'C:\Users\bluec\Kamata\TakeCEngine\project\..\generated\obj\DirectXGame\Debug\' == 'C:\Users\bluec\Kamata\TakeCEngine\project\..\generated\obj\DirectXGame\Debug\') として評価されました。
false 条件のため、タスク "VCMessage" を省略しました。('%(ClCompile.ExcludedFromBuild)' != 'true' and '%(Filename)%(Extension)' != '@(ClCompile->'%(Filename)%(Extension)')' and '%(ObjectFileName)' == '@(ClCompile->Metadata(ObjectFileName)->Distinct())') は ('' != 'true' and 'TextureAnimation.cpp' != 'TextureAnimation.cpp' and 'C:\Users\bluec\Kamata\TakeCEngine\project\..\generated\obj\DirectXGame\Debug\' == 'C:\Users\bluec\Kamata\TakeCEngine\project\..\generated\obj\DirectXGame\Debug\') として評価されました。
false 条件のため、タスク "VCMessage" を省略しました。('%(ClCompile.ExcludedFromBuild)' != 'true' and '%(Filename)%(Extension)' != '@(ClCompile->'%(Filename)%(Extension)')' and '%(ObjectFileName)' == '@(ClCompile->Metadata(ObjectFileName)->Distinct())') は ('' != 'true' and 'MuzzleFlashEffect.cpp' != 'MuzzleFlashEffect.cpp' and 'C:\Users\bluec\Kamata\TakeCEngine\project\..\generated\obj\DirectXGame\Debug\' == 'C:\Users\bluec\Kamata\TakeCEngine\project\..\generated\obj\DirectXGame\Debug\') として評価されました。
false 条件のため、タスク "VCMessage" を省略しました。('%(ClCompile.ExcludedFromBuild)' != 'true' and '%(Filename)%(Extension)' != '@(ClCompile->'%(Filename)%(Extension)')' and '%(ObjectFileName)' == '@(ClCompile->Metadata(ObjectFileName)->Distinct())') は ('' != 'true' and 'ObjectPool.cpp' != 'ObjectPool.cpp' and 'C:\Users\bluec\Kamata\TakeCEngine\project\..\generated\obj\DirectXGame\Debug\' == 'C:\Users\bluec\Kamata\TakeCEngine\project\..\generated\obj\DirectXGame\Debug\') として評価されました。
false 条件のため、タスク "VCMessage" を省略しました。('%(ClCompile.ExcludedFromBuild)' != 'true' and '%(Filename)%(Extension)' != '@(ClCompile->'%(Filename)%(Extension)')' and '%(ObjectFileName)' == '@(ClCompile->Metadata(ObjectFileName)->Distinct())') は ('' != 'true' and 'SpriteManager.cpp' != 'SpriteManager.cpp' and 'C:\Users\bluec\Kamata\TakeCEngine\project\..\generated\obj\DirectXGame\Debug\' == 'C:\Users\bluec\Kamata\TakeCEngine\project\..\generated\obj\DirectXGame\Debug\') として評価されました。
false 条件のため、タスク "VCMessage" を省略しました。('%(ClCompile.ExcludedFromBuild)' != 'true' and '%(Filename)%(Extension)' != '@(ClCompile->'%(Filename)%(Extension)')' and '%(ObjectFileName)' == '@(ClCompile->Metadata(ObjectFileName)->Distinct())') は ('' != 'true' and 'UIManager.cpp' != 'UIManager.cpp' and 'C:\Users\bluec\Kamata\TakeCEngine\project\..\generated\obj\DirectXGame\Debug\' == 'C:\Users\bluec\Kamata\TakeCEngine\project\..\generated\obj\DirectXGame\Debug\') として評価されました。
false 条件のため、タスク "VCMessage" を省略しました。('%(ClCompile.ExcludedFromBuild)' != 'true' and '%(Filename)%(Extension)' != '@(ClCompile->'%(Filename)%(Extension)')' and '%(ObjectFileName)' == '@(ClCompile->Metadata(ObjectFileName)->Distinct())') は ('' != 'true' and 'WarningUI.cpp' != 'WarningUI.cpp' and 'C:\Users\bluec\Kamata\TakeCEngine\project\..\generated\obj\DirectXGame\Debug\' == 'C:\Users\bluec\Kamata\TakeCEngine\project\..\generated\obj\DirectXGame\Debug\') として評価されました。
false 条件のため、タスク "VCMessage" を省略しました。('%(ClCompile.ExcludedFromBuild)' != 'true' and '%(Filename)%(Extension)' != '@(ClCompile->'%(Filename)%(Extension)')' and '%(ObjectFileName)' == '@(ClCompile->Metadata(ObjectFileName)->Distinct())') は ('' != 'true' and 'BaseSceneState.cpp' != 'BaseSceneState.cpp' and 'C:\Users\bluec\Kamata\TakeCEngine\project\..\generated\obj\DirectXGame\Debug\' == 'C:\Users\bluec\Kamata\TakeCEngine\project\..\generated\obj\DirectXGame\Debug\') として評価されました。
false 条件のため、タスク "VCMessage" を省略しました。('%(ClCompile.ExcludedFromBuild)' != 'true' and '%(Filename)%(Extension)' != '@(ClCompile->'%(Filename)%(Extension)')' and '%(ObjectFileName)' == '@(ClCompile->Metadata(ObjectFileName)->Distinct())') は ('' != 'true' and 'SceneStateManager.cpp' != 'SceneStateManager.cpp' and 'C:\Users\bluec\Kamata\TakeCEngine\project\..\generated\obj\DirectXGame\Debug\' == 'C:\Users\bluec\Kamata\TakeCEngine\project\..\generated\obj\DirectXGame\Debug\') として評価されました。
false 条件のため、タスク "VCMessage" を省略しました。('%(ClCompile.ExcludedFromBuild)' != 'true' and '%(Filename)%(Extension)' != '@(ClCompile->'%(Filename)%(Extension)')' and '%(ObjectFileName)' == '@(ClCompile->Metadata(ObjectFileName)->Distinct())') は ('' != 'true' and 'GamePlaySceneState.cpp' != 'GamePlaySceneState.cpp' and 'C:\Users\bluec\Kamata\TakeCEngine\project\..\generated\obj\DirectXGame\Debug\' == 'C:\Users\bluec\Kamata\TakeCEngine\project\..\generated\obj\DirectXGame\Debug\') として評価されました。
false 条件のため、タスク "VCMessage" を省略しました。('%(ClCompile.ExcludedFromBuild)' != 'true' and '%(Filename)%(Extension)' != '@(ClCompile->'%(Filename)%(Extension)')' and '%(ObjectFileName)' == '@(ClCompile->Metadata(ObjectFileName)->Distinct())') は ('' != 'true' and 'SceneStateGameStart.cpp' != 'SceneStateGameStart.cpp' and 'C:\Users\bluec\Kamata\TakeCEngine\project\..\generated\obj\DirectXGame\Debug\' == 'C:\Users\bluec\Kamata\TakeCEngine\project\..\generated\obj\DirectXGame\Debug\') として評価されました。
false 条件のため、タスク "VCMessage" を省略しました。('%(ClCompile.ExcludedFromBuild)' != 'true' and '%(Filename)%(Extension)' != '@(ClCompile->'%(Filename)%(Extension)')' and '%(ObjectFileName)' == '@(ClCompile->Metadata(ObjectFileName)->Distinct())') は ('' != 'true' and 'SceneStateGamePlay.cpp' != 'SceneStateGamePlay.cpp' and 'C:\Users\bluec\Kamata\TakeCEngine\project\..\generated\obj\DirectXGame\Debug\' == 'C:\Users\bluec\Kamata\TakeCEngine\project\..\generated\obj\DirectXGame\Debug\') として評価されました。
false 条件のため、タスク "VCMessage" を省略しました。('%(ClCompile.ExcludedFromBuild)' != 'true' and '%(Filename)%(Extension)' != '@(ClCompile->'%(Filename)%(Extension)')' and '%(ObjectFileName)' == '@(ClCompile->Metadata(ObjectFileName)->Distinct())') は ('' != 'true' and 'SceneStateEnemyDestroyed.cpp' != 'SceneStateEnemyDestroyed.cpp' and 'C:\Users\bluec\Kamata\TakeCEngine\project\..\generated\obj\DirectXGame\Debug\' == 'C:\Users\bluec\Kamata\TakeCEngine\project\..\generated\obj\DirectXGame\Debug\') として評価されました。
false 条件のため、タスク "VCMessage" を省略しました。('%(ClCompile.ExcludedFromBuild)' != 'true' and '%(Filename)%(Extension)' != '@(ClCompile->'%(Filename)%(Extension)')' and '%(ObjectFileName)' == '@(ClCompile->Metadata(ObjectFileName)->Distinct())') は ('' != 'true' and 'SceneStateGameOver.cpp' != 'SceneStateGameOver.cpp' and 'C:\Users\bluec\Kamata\TakeCEngine\project\..\generated\obj\DirectXGame\Debug\' == 'C:\Users\bluec\Kamata\TakeCEngine\project\..\generated\obj\DirectXGame\Debug\') として評価されました。
false 条件のため、タスク "VCMessage" を省略しました。('%(ClCompile.ExcludedFromBuild)' != 'true' and '%(Filename)%(Extension)' != '@(ClCompile->'%(Filename)%(Extension)')' and '%(ObjectFileName)' == '@(ClCompile->Metadata(ObjectFileName)->Distinct())') は ('' != 'true' and 'SceneStateGameClear.cpp' != 'SceneStateGameClear.cpp' and 'C:\Users\bluec\Kamata\TakeCEngine\project\..\generated\obj\DirectXGame\Debug\' == 'C:\Users\bluec\Kamata\TakeCEngine\project\..\generated\obj\DirectXGame\Debug\') として評価されました。
false 条件のため、タスク "VCMessage" を省略しました。('%(ClCompile.ExcludedFromBuild)' != 'true' and '%(Filename)%(Extension)' != '@(ClCompile->'%(Filename)%(Extension)')' and '%(ObjectFileName)' == '@(ClCompile->Metadata(ObjectFileName)->Distinct())') は ('' != 'true' and 'SceneStatePause.cpp' != 'SceneStatePause.cpp' and 'C:\Users\bluec\Kamata\TakeCEngine\project\..\generated\obj\DirectXGame\Debug\' == 'C:\Users\bluec\Kamata\TakeCEngine\project\..\generated\obj\DirectXGame\Debug\') として評価されました。
false 条件のため、タスク "VCMessage" を省略しました。('%(ClCompile.ExcludedFromBuild)' != 'true' and '%(Filename)%(Extension)' != '@(ClCompile->'%(Filename)%(Extension)')' and '%(ObjectFileName)' == '@(ClCompile->Metadata(ObjectFileName)->Distinct())') は ('' != 'true' and 'StateBreakStun.cpp' != 'StateBreakStun.cpp' and 'C:\Users\bluec\Kamata\TakeCEngine\project\..\generated\obj\DirectXGame\Debug\' == 'C:\Users\bluec\Kamata\TakeCEngine\project\..\generated\obj\DirectXGame\Debug\') として評価されました。
プロジェクト "DirectXGame.vcxproj" 内のターゲット "WarnCompileDuplicatedFilename" のビルドが終了しました。
ファイル "C:\Program Files\Microsoft Visual Studio\2022\Community\MSBuild\Microsoft\VC\v170\Microsoft.CppCommon.targets" 内にある、プロジェクト "C:\Users\bluec\Kamata\TakeCEngine\project\DirectXGame.vcxproj" からのターゲット "SetCppLanguageStandardCapabilities" (ターゲット "ComputeStdModulesCompileInputs" は依存):
プロジェクト "DirectXGame.vcxproj" 内のターゲット "SetCppLanguageStandardCapabilities" のビルドが終了しました。
ファイル "C:\Program Files\Microsoft Visual Studio\2022\Community\MSBuild\Microsoft\VC\v170\Microsoft.CppCommon.targets" 内にある、プロジェクト "C:\Users\bluec\Kamata\TakeCEngine\project\DirectXGame.vcxproj" からのターゲット "ComputeStdModulesCompileInputs" (ターゲット "_ClCompile" は依存):
false 条件のため、タスク "GetLibraryModuleSources" を省略しました。('@(LibraryManifests)' != '') は ('' != '') として評価されました。
プロジェクト "DirectXGame.vcxproj" 内のターゲット "ComputeStdModulesCompileInputs" のビルドが終了しました。
ターゲット "SetCppLanguageStandardCapabilities" を省略しました。以前に正しくビルドされていました。
ファイル "C:\Program Files\Microsoft Visual Studio\2022\Community\MSBuild\Microsoft\VC\v170\Microsoft.CppCommon.targets" 内にある、プロジェクト "C:\Users\bluec\Kamata\TakeCEngine\project\DirectXGame.vcxproj" からのターゲット "FixupCLCompileOptions" (ターゲット "_ClCompile" は依存):
プロジェクト "DirectXGame.vcxproj" 内のターゲット "FixupCLCompileOptions" のビルドが終了しました。
false 条件により、ターゲット "SetModuleDependencies" を省略しました。('$(DesignTimeBuild)' != 'true' and '$(EnableCppModules)' == 'true') は ('' != 'true' and 'false' == 'true') として評価されました。
ファイル "C:\Program Files\Microsoft Visual Studio\2022\Community\MSBuild\Microsoft\VC\v170\Microsoft.CppBuild.targets" 内にある、プロジェクト "C:\Users\bluec\Kamata\TakeCEngine\project\DirectXGame.vcxproj" からのターゲット "MakeDirsForCl" (ターゲット "_ClCompile" は依存):
タスク "MakeDir"
タスク "MakeDir" の実行が終了しました。
プロジェクト "DirectXGame.vcxproj" 内のターゲット "MakeDirsForCl" のビルドが終了しました。
ターゲット "_SelectedFiles" を省略しました。以前に正しくビルドされていました。
false 条件により、ターゲット "GenerateTargetFrameworkMonikerAttribute" を省略しました。('$(GenerateTargetFrameworkAttribute)' == 'true') は ('false' == 'true') として評価されました。
ターゲット "ComputeMIDLGeneratedCompileInputs" を省略しました。以前に正しくビルドされていました。
ターゲット "ComputeCLInputPDBName" を省略しました。以前に正しくビルドされていました。
ターゲット "ComputeReferenceCLInput" を省略しました。以前に正しくビルドされていました。
ターゲット "WarnCompileDuplicatedFilename" を省略しました。以前に正しくビルドされていました。
ターゲット "ComputeStdModulesCompileInputs" を省略しました。以前に正しくビルドされていました。
ターゲット "FixupCLCompileOptions" を省略しました。以前に正しくビルドされていました。
false 条件により、ターゲット "SetModuleDependencies" を省略しました。('$(DesignTimeBuild)' != 'true' and '$(EnableCppModules)' == 'true') は ('' != 'true' and 'false' == 'true') として評価されました。
ターゲット "SelectCustomBuild" を省略しました。以前に正しくビルドされていました。
false 条件により、ターゲット "SetModuleDependencies" を省略しました。('$(DesignTimeBuild)' != 'true' and '$(EnableCppModules)' == 'true') は ('' != 'true' and 'false' == 'true') として評価されました。
ファイル "C:\Program Files\Microsoft Visual Studio\2022\Community\MSBuild\Microsoft\VC\v170\Microsoft.CppBuild.targets" 内にある、プロジェクト "C:\Users\bluec\Kamata\TakeCEngine\project\DirectXGame.vcxproj" からのターゲット "SelectClCompile" (ターゲット "ClCompile" は依存):
プロジェクト "DirectXGame.vcxproj" 内のターゲット "SelectClCompile" のビルドが終了しました。
false 条件により、ターゲット "SelectAnalysisManifest" を省略しました。('$(RunMsvcAnalysis)'=='true' and '$(SelectedFiles)'!='') は ('false'=='true' and ''!='') として評価されました。
false 条件により、ターゲット "ManagedIncrementalBuildPreProcessDependencyGraph" を省略しました。('@(ClCompile)' != '' and '$(EnableManagedIncrementalBuild)' == 'True') は ('application\Entity\Animation\AnimationMapper.cpp;application\Entity\Behavior\ActionNode.cpp;application\Entity\Behavior\BehaviorTreeEditor.cpp;...' != '' and 'false' == 'True') として評価されました。
ファイル "C:\Program Files\Microsoft Visual Studio\2022\Community\MSBuild\Microsoft\VC\v170\Microsoft.CppCommon.targets" 内にある、プロジェクト "C:\Users\bluec\Kamata\TakeCEngine\project\DirectXGame.vcxproj" からのターゲット "ClCompile" (ターゲット "_ClCompile" は依存):
false 条件のため、タスク "Delete" を省略しました。('%(ClCompile.DebugInformationFormat)' != '' and '%(ClCompile.DebugInformationFormat)' != 'None' and '%(ClCompile.DebugInformationFormat)' != 'OldStyle' and '%(ClCompile.ProgramDataBaseFileName)' != '' and !Exists(%(ClCompile.ProgramDataBaseFileName))) は ('EditAndContinue' != '' and 'EditAndContinue' != 'None' and 'EditAndContinue' != 'OldStyle' and 'C:\Users\bluec\Kamata\TakeCEngine\project\..\generated\obj\DirectXGame\Debug\vc143.pdb' != '' and !Exists(C:\Users\bluec\Kamata\TakeCEngine\project\..\generated\obj\DirectXGame\Debug\vc143.pdb)) として評価されました。
false 条件のため、タスク "MultiToolTask" を省略しました。('%(ClCompile.CompilerIteration)' == 'Modules') は ('' == 'Modules') として評価されました。
false 条件のため、タスク "MultiToolTask" を省略しました。('%(ClCompile.CompilerIteration)' == '' and '$(MultiProcCL)' == 'true') は ('' == '' and 'false' == 'true') として評価されました。
false 条件のため、タスク "CL" を省略しました。('%(ClCompile.PrecompiledHeader)' == 'Create' and '%(ClCompile.CompilerIteration)' == '' and '$(MultiProcCL)' != 'true') は ('NotUsing' == 'Create' and '' == '' and 'false' != 'true') として評価されました。
"CL" タスクをアセンブリ "C:\Program Files\Microsoft Visual Studio\2022\Community\MSBuild\Microsoft\VC\v170\Microsoft.Build.CppTasks.Common.dll" から使用しています。
タスク "CL"
  読み取り追跡ログ:
  	C:\Users\bluec\Kamata\TakeCEngine\project\..\generated\obj\DirectXGame\Debug\DirectXGame.tlog\CL.read.1.tlog
  パフォーマンス上の理由から、出力の詳細 (198 件) はログに記録されませんでした。
  すべての出力が最新のものです。
タスク "CL" の実行が終了しました。
プロジェクト "DirectXGame.vcxproj" 内のターゲット "ClCompile" のビルドが終了しました。
false 条件により、ターゲット "RunSelectedFileNativeCodeAnalysis" を省略しました。('$(RunMsvcAnalysis)'=='true' and '$(SelectedFiles)'!='') は ('false'=='true' and ''!='') として評価されました。
false 条件により、ターゲット "ManagedIncrementalBuildPostProcessDependencyGraph" を省略しました。('@(ClCompile)' != '' and '$(EnableManagedIncrementalBuild)' == 'True') は ('application\Entity\Animation\AnimationMapper.cpp;application\Entity\Behavior\ActionNode.cpp;application\Entity\Behavior\BehaviorTreeEditor.cpp;...' != '' and 'false' == 'True') として評価されました。
false 条件により、ターゲット "NoAnalysisToolEnabledWarning" を省略しました。('$(RunCppAnalysis)'=='true' AND '$(EnableMicrosoftCodeAnalysis)'=='false' AND '$(EnableClangTidyCodeAnalysis)'=='false') は ('false'=='true' AND 'true'=='false' AND 'false'=='false') として評価されました。
false 条件により、ターゲット "RunSelectedFileClangTidy" を省略しました。('$(RunClangCppAnalysis)'=='true' AND '$(SelectedFiles)'!='') は ('false'=='true' AND ''!='') として評価されました。
false 条件により、ターゲット "MicrosoftAnalysisIncompatiableWithClangCl" を省略しました。('$(RunCppAnalysis)'=='true' AND '$(EnableMicrosoftCodeAnalysis)'=='true' AND '$(UseClangCl)'=='true') は ('false'=='true' AND 'true'=='true' AND ''=='true') として評価されました。
ファイル "C:\Program Files\Microsoft Visual Studio\2022\Community\MSBuild\Microsoft\VC\v170\Microsoft.CppBuild.targets" 内にある、プロジェクト "C:\Users\bluec\Kamata\TakeCEngine\project\DirectXGame.vcxproj" からのターゲット "AfterClCompile" (ターゲット "_ClCompile" は依存):
プロジェクト "DirectXGame.vcxproj" 内のターゲット "AfterClCompile" のビルドが終了しました。
ファイル "C:\Program Files\Microsoft Visual Studio\2022\Community\MSBuild\Microsoft\VC\v170\Microsoft.CppBuild.targets" 内にある、プロジェクト "C:\Users\bluec\Kamata\TakeCEngine\project\DirectXGame.vcxproj" からのターゲット "_ClCompile" (ターゲット "_BuildCompileAction" は依存):
プロジェクト "DirectXGame.vcxproj" 内のターゲット "_ClCompile" のビルドが終了しました。
false 条件により、ターゲット "_ResGen" を省略しました。('@(EmbeddedResource)'!='') は (''!='') として評価されました。
ファイル "C:\Program Files\Microsoft Visual Studio\2022\Community\MSBuild\Microsoft\VC\v170\Microsoft.CppBuild.targets" 内にある、プロジェクト "C:\Users\bluec\Kamata\TakeCEngine\project\DirectXGame.vcxproj" からのターゲット "BeforeResourceCompile" (ターゲット "_ResourceCompile" は依存):
プロジェクト "DirectXGame.vcxproj" 内のターゲット "BeforeResourceCompile" のビルドが終了しました。
ファイル "C:\Program Files\Microsoft Visual Studio\2022\Community\MSBuild\Microsoft\VC\v170\Microsoft.CppBuild.targets" 内にある、プロジェクト "C:\Users\bluec\Kamata\TakeCEngine\project\DirectXGame.vcxproj" からのターゲット "MakeDirsForResourceCompile" (ターゲット "_ResourceCompile" は依存):
タスク "MakeDir"
タスク "MakeDir" の実行が終了しました。
プロジェクト "DirectXGame.vcxproj" 内のターゲット "MakeDirsForResourceCompile" のビルドが終了しました。
ターゲット "_SelectedFiles" を省略しました。以前に正しくビルドされていました。
ターゲット "SelectCustomBuild" を省略しました。以前に正しくビルドされていました。
ファイル "C:\Program Files\Microsoft Visual Studio\2022\Community\MSBuild\Microsoft\VC\v170\Microsoft.CppBuild.targets" 内にある、プロジェクト "C:\Users\bluec\Kamata\TakeCEngine\project\DirectXGame.vcxproj" からのターゲット "SelectResourceCompile" (ターゲット "ResourceCompile" は依存):
プロジェクト "DirectXGame.vcxproj" 内のターゲット "SelectResourceCompile" のビルドが終了しました。
ファイル "C:\Program Files\Microsoft Visual Studio\2022\Community\MSBuild\Microsoft\VC\v170\Microsoft.CppCommon.targets" 内にある、プロジェクト "C:\Users\bluec\Kamata\TakeCEngine\project\DirectXGame.vcxproj" からのターゲット "ResourceCompile" (ターゲット "_ResourceCompile" は依存):
"RC" タスクをアセンブリ "C:\Program Files\Microsoft Visual Studio\2022\Community\MSBuild\Microsoft\VC\v170\Microsoft.Build.CppTasks.Common.dll" から使用しています。
タスク "RC"
  書き込み追跡ログ:
  	C:\Users\bluec\Kamata\TakeCEngine\project\..\generated\obj\DirectXGame\Debug\DirectXGame.tlog\rc.write.1.tlog
  読み取り追跡ログ:
  	C:\Users\bluec\Kamata\TakeCEngine\project\..\generated\obj\DirectXGame\Debug\DirectXGame.tlog\rc.read.1.tlog
  C:\USERS\BLUEC\KAMATA\TAKECENGINE\PROJECT\DIRECTXGAME.RC に対する出力:
  	C:\USERS\BLUEC\KAMATA\TAKECENGINE\GENERATED\OBJ\DIRECTXGAME\DEBUG\DIRECTXGAME.RES
  すべての出力が最新のものです。
タスク "RC" の実行が終了しました。
プロジェクト "DirectXGame.vcxproj" 内のターゲット "ResourceCompile" のビルドが終了しました。
ファイル "C:\Program Files\Microsoft Visual Studio\2022\Community\MSBuild\Microsoft\VC\v170\Microsoft.CppBuild.targets" 内にある、プロジェクト "C:\Users\bluec\Kamata\TakeCEngine\project\DirectXGame.vcxproj" からのターゲット "AfterResourceCompile" (ターゲット "_ResourceCompile" は依存):
プロジェクト "DirectXGame.vcxproj" 内のターゲット "AfterResourceCompile" のビルドが終了しました。
ファイル "C:\Program Files\Microsoft Visual Studio\2022\Community\MSBuild\Microsoft\VC\v170\Microsoft.CppBuild.targets" 内にある、プロジェクト "C:\Users\bluec\Kamata\TakeCEngine\project\DirectXGame.vcxproj" からのターゲット "_ResourceCompile" (ターゲット "_BuildCompileAction" は依存):
プロジェクト "DirectXGame.vcxproj" 内のターゲット "_ResourceCompile" のビルドが終了しました。
false 条件により、ターゲット "_ImpLib" を省略しました。('$(ImpLibCompiled)' == 'true') は ('' == 'true') として評価されました。
false 条件により、ターゲット "_Lib" を省略しました。('$(LibCompiled)' == 'true') は ('' == 'true') として評価されました。
ファイル "C:\Program Files\Microsoft Visual Studio\2022\Community\MSBuild\Microsoft\VC\v170\Microsoft.CppBuild.targets" 内にある、プロジェクト "C:\Users\bluec\Kamata\TakeCEngine\project\DirectXGame.vcxproj" からのターゲット "AfterBuildCompileEvent" (ターゲット "_BuildCompileAction" は依存):
プロジェクト "DirectXGame.vcxproj" 内のターゲット "AfterBuildCompileEvent" のビルドが終了しました。
ファイル "C:\Program Files\Microsoft Visual Studio\2022\Community\MSBuild\Microsoft\VC\v170\Microsoft.CppBuild.targets" 内にある、プロジェクト "C:\Users\bluec\Kamata\TakeCEngine\project\DirectXGame.vcxproj" からのターゲット "_BuildCompileAction" (ターゲット "BuildCompile" は依存):
プロジェクト "DirectXGame.vcxproj" 内のターゲット "_BuildCompileAction" のビルドが終了しました。
ファイル "C:\Program Files\Microsoft Visual Studio\2022\Community\MSBuild\Current\Bin\Microsoft.Common.CurrentVersion.targets" 内にある、プロジェクト "C:\Users\bluec\Kamata\TakeCEngine\project\DirectXGame.vcxproj" からのターゲット "BuildCompile" (ターゲット "Build" は依存):
プロジェクト "DirectXGame.vcxproj" 内のターゲット "BuildCompile" のビルドが終了しました。
ターゲット "PrepareProjectReferences" を省略しました。以前に正しくビルドされていました。
ファイル "C:\Program Files\Microsoft Visual Studio\2022\Community\MSBuild\Current\Bin\Microsoft.Common.CurrentVersion.targets" 内にある、プロジェクト "C:\Users\bluec\Kamata\TakeCEngine\project\DirectXGame.vcxproj" からのターゲット "BuildLinkTraverse" (ターゲット "BuildLink" は依存):
false 条件のため、タスク "MSBuild" を省略しました。('$(BuildPassReferences)' == 'true' and '@(ProjectReferenceWithConfiguration)' != '' and '@(_MSBuildProjectReferenceExistent)' != ''  and '%(_MSBuildProjectReferenceExistent.BuildReference)' == 'true') は ('' == 'true' and 'externals\DirectXTex\DirectXTex_Desktop_2022_Win10.vcxproj;externals\imgui\imgui.vcxproj' != '' and 'externals\DirectXTex\DirectXTex_Desktop_2022_Win10.vcxproj;externals\imgui\imgui.vcxproj' != ''  and 'true' == 'true') として評価されました。
プロジェクト "DirectXGame.vcxproj" 内のターゲット "BuildLinkTraverse" のビルドが終了しました。
ターゲット "PrepareForBuild" を省略しました。以前に正しくビルドされていました。
ターゲット "ResolveReferences" を省略しました。以前に正しくビルドされていました。
ファイル "C:\Program Files\Microsoft Visual Studio\2022\Community\MSBuild\Microsoft\VC\v170\Microsoft.CppBuild.targets" 内にある、プロジェクト "C:\Users\bluec\Kamata\TakeCEngine\project\DirectXGame.vcxproj" からのターゲット "ComputeLegacyManifestEmbedding" (ターゲット "_BuildLinkAction" は依存):
false 条件のため、タスク "VCMessage" を省略しました。('$(RevertManifestEmbedding)' == 'true' and '$(_LegacyManifestEmbeddingDebug)' == 'true') は ('' == 'true' and '' == 'true') として評価されました。
プロジェクト "DirectXGame.vcxproj" 内のターゲット "ComputeLegacyManifestEmbedding" のビルドが終了しました。
ファイル "C:\Program Files\Microsoft Visual Studio\2022\Community\MSBuild\Microsoft\VC\v170\Microsoft.CppBuild.targets" 内にある、プロジェクト "C:\Users\bluec\Kamata\TakeCEngine\project\DirectXGame.vcxproj" からのターゲット "BeforeLink" (ターゲット "_Link" は依存):
プロジェクト "DirectXGame.vcxproj" 内のターゲット "BeforeLink" のビルドが終了しました。
ファイル "C:\Program Files\Microsoft Visual Studio\2022\Community\MSBuild\Microsoft\VC\v170\Microsoft.CppBuild.targets" 内にある、プロジェクト "C:\Users\bluec\Kamata\TakeCEngine\project\DirectXGame.vcxproj" からのターゲット "ComputeRCOutputs" (ターゲット "ComputeRCGeneratedLinkInputs" は依存):
プロジェクト "DirectXGame.vcxproj" 内のターゲット "ComputeRCOutputs" のビルドが終了しました。
ファイル "C:\Program Files\Microsoft Visual Studio\2022\Community\MSBuild\Microsoft\VC\v170\Microsoft.CppBuild.targets" 内にある、プロジェクト "C:\Users\bluec\Kamata\TakeCEngine\project\DirectXGame.vcxproj" からのターゲット "ComputeRCGeneratedLinkInputs" (ターゲット "_Link" は依存):
プロジェクト "DirectXGame.vcxproj" 内のターゲット "ComputeRCGeneratedLinkInputs" のビルドが終了しました。
ファイル "C:\Program Files\Microsoft Visual Studio\2022\Community\MSBuild\Microsoft\VC\v170\Microsoft.CppBuild.targets" 内にある、プロジェクト "C:\Users\bluec\Kamata\TakeCEngine\project\DirectXGame.vcxproj" からのターゲット "ComputeManifestGeneratedLinkerInputs" (ターゲット "_Link" は依存):
プロジェクト "DirectXGame.vcxproj" 内のターゲット "ComputeManifestGeneratedLinkerInputs" のビルドが終了しました。
ターゲット "ComputeCustomBuildOutput" を省略しました。以前に正しくビルドされていました。
false 条件により、ターゲット "GenerateTargetFrameworkMonikerAttribute" を省略しました。('$(GenerateTargetFrameworkAttribute)' == 'true') は ('false' == 'true') として評価されました。
ターゲット "ComputeMIDLGeneratedCompileInputs" を省略しました。以前に正しくビルドされていました。
ターゲット "ComputeCLInputPDBName" を省略しました。以前に正しくビルドされていました。
ターゲット "ComputeReferenceCLInput" を省略しました。以前に正しくビルドされていました。
ターゲット "WarnCompileDuplicatedFilename" を省略しました。以前に正しくビルドされていました。
ターゲット "ComputeStdModulesCompileInputs" を省略しました。以前に正しくビルドされていました。
ターゲット "FixupCLCompileOptions" を省略しました。以前に正しくビルドされていました。
false 条件により、ターゲット "SetModuleDependencies" を省略しました。('$(DesignTimeBuild)' != 'true' and '$(EnableCppModules)' == 'true') は ('' != 'true' and 'false' == 'true') として評価されました。
false 条件により、ターゲット "SetModuleDependencies" を省略しました。('$(DesignTimeBuild)' != 'true' and '$(EnableCppModules)' == 'true') は ('' != 'true' and 'false' == 'true') として評価されました。
ファイル "C:\Program Files\Microsoft Visual Studio\2022\Community\MSBuild\Microsoft\VC\v170\Microsoft.CppBuild.targets" 内にある、プロジェクト "C:\Users\bluec\Kamata\TakeCEngine\project\DirectXGame.vcxproj" からのターゲット "ComputeCLOutputs" (ターゲット "ComputeCLGeneratedLinkInputs" は依存):
プロジェクト "DirectXGame.vcxproj" 内のターゲット "ComputeCLOutputs" のビルドが終了しました。
ファイル "C:\Program Files\Microsoft Visual Studio\2022\Community\MSBuild\Microsoft\VC\v170\Microsoft.CppBuild.targets" 内にある、プロジェクト "C:\Users\bluec\Kamata\TakeCEngine\project\DirectXGame.vcxproj" からのターゲット "ComputeCLGeneratedLinkInputs" (ターゲット "_Link" は依存):
プロジェクト "DirectXGame.vcxproj" 内のターゲット "ComputeCLGeneratedLinkInputs" のビルドが終了しました。
ファイル "C:\Program Files\Microsoft Visual Studio\2022\Community\MSBuild\Microsoft\VC\v170\Microsoft.CppBuild.targets" 内にある、プロジェクト "C:\Users\bluec\Kamata\TakeCEngine\project\DirectXGame.vcxproj" からのターゲット "ComputeLinkInputsFromProject" (ターゲット "_Link" は依存):
プロジェクト "DirectXGame.vcxproj" 内のターゲット "ComputeLinkInputsFromProject" のビルドが終了しました。
ターゲット "GetReferencedVCProjectsInfo" を省略しました。以前に正しくビルドされていました。
ファイル "C:\Program Files\Microsoft Visual Studio\2022\Community\MSBuild\Microsoft\VC\v170\Microsoft.CppBuild.targets" 内にある、プロジェクト "C:\Users\bluec\Kamata\TakeCEngine\project\DirectXGame.vcxproj" からのターゲット "ResolvedLinkLib" (ターゲット "ComputeReferenceLinkInputs" は依存):
プロジェクト "DirectXGame.vcxproj" 内のターゲット "ResolvedLinkLib" のビルドが終了しました。
ファイル "C:\Program Files\Microsoft Visual Studio\2022\Community\MSBuild\Microsoft\VC\v170\Microsoft.CppBuild.targets" 内にある、プロジェクト "C:\Users\bluec\Kamata\TakeCEngine\project\DirectXGame.vcxproj" からのターゲット "ComputeResolveLinkObj" (ターゲット "ComputeReferenceLinkInputs" は依存):
false 条件のため、タスク "CallTarget" を省略しました。('%(_MSBuildProjectReferenceExistent.UseLibraryDependencyInputs)'=='true') は ('false'=='true') として評価されました。
プロジェクト "DirectXGame.vcxproj" 内のターゲット "ComputeResolveLinkObj" のビルドが終了しました。
ファイル "C:\Program Files\Microsoft Visual Studio\2022\Community\MSBuild\Microsoft\VC\v170\Microsoft.CppBuild.targets" 内にある、プロジェクト "C:\Users\bluec\Kamata\TakeCEngine\project\DirectXGame.vcxproj" からのターゲット "ComputeReferenceLinkInputs" (ターゲット "_Link" は依存):
false 条件のため、タスク "VCMessage" を省略しました。('%(ProjectReferenceToLink.ProjectType)' == 'DynamicLibrary' and '$(WindowsAppContainer)' == 'true' and '%(ProjectReferenceToLink.WindowsAppContainer)' != 'true') は ('StaticLibrary' == 'DynamicLibrary' and 'false' == 'true' and '' != 'true') として評価されました。
false 条件のため、タスク "VCMessage" を省略しました。('%(ProjectReferenceToLink.ProjectType)' == 'DynamicLibrary' and '$(WindowsAppContainer)' == 'true' and '%(ProjectReferenceToLink.WindowsAppContainer)' != 'true') は ('StaticLibrary' == 'DynamicLibrary' and 'false' == 'true' and '' != 'true') として評価されました。
false 条件のため、タスク "Message" を省略しました。('$(_REFERENCE_DEBUG)'=='true') は (''=='true') として評価されました。
プロジェクト "DirectXGame.vcxproj" 内のターゲット "ComputeReferenceLinkInputs" のビルドが終了しました。
ファイル "C:\Program Files\Microsoft Visual Studio\2022\Community\MSBuild\Microsoft\VC\v170\Microsoft.CppBuild.targets" 内にある、プロジェクト "C:\Users\bluec\Kamata\TakeCEngine\project\DirectXGame.vcxproj" からのターゲット "ComputeManifestInputsTargets" (ターゲット "_Link" は依存):
プロジェクト "DirectXGame.vcxproj" 内のターゲット "ComputeManifestInputsTargets" のビルドが終了しました。
false 条件により、ターゲット "ManifestResourceCompile" を省略しました。('$(EmbedManifestBy)' == 'LINK' and '@(Manifest)' != '') は ('LINK' == 'LINK' and '' != '') として評価されました。
ファイル "C:\Program Files\Microsoft Visual Studio\2022\Community\MSBuild\Current\Bin\Microsoft.Common.CurrentVersion.targets" 内にある、プロジェクト "C:\Users\bluec\Kamata\TakeCEngine\project\DirectXGame.vcxproj" からのターゲット "AssignTargetPaths" (ターゲット "PrepareResourceNames" は依存):
タスク "AssignTargetPath"
タスク "AssignTargetPath" の実行が終了しました。
タスク "AssignTargetPath"
タスク "AssignTargetPath" の実行が終了しました。
タスク "AssignTargetPath"
タスク "AssignTargetPath" の実行が終了しました。
タスク "AssignTargetPath"
タスク "AssignTargetPath" の実行が終了しました。
false 条件のため、タスク "AssignTargetPath" を省略しました。('@(_DeploymentBaseManifestWithTargetPath)'=='' and '%(None.Extension)'=='.manifest') は (''=='' and '.inl'=='.manifest') として評価されました。
false 条件のため、タスク "AssignTargetPath" を省略しました。('@(_DeploymentBaseManifestWithTargetPath)'=='' and '%(None.Extension)'=='.manifest') は (''=='' and '.hlsli'=='.manifest') として評価されました。
false 条件のため、タスク "AssignTargetPath" を省略しました。('@(_DeploymentBaseManifestWithTargetPath)'=='' and '%(None.Extension)'=='.manifest') は (''=='' and '.bin'=='.manifest') として評価されました。
false 条件のため、タスク "AssignTargetPath" を省略しました。('@(_DeploymentBaseManifestWithTargetPath)'=='' and '%(None.Extension)'=='.manifest') は (''=='' and '.gltf'=='.manifest') として評価されました。
false 条件のため、タスク "AssignTargetPath" を省略しました。('@(_DeploymentBaseManifestWithTargetPath)'=='' and '%(None.Extension)'=='.manifest') は (''=='' and '.fbx'=='.manifest') として評価されました。
プロジェクト "DirectXGame.vcxproj" 内のターゲット "AssignTargetPaths" のビルドが終了しました。
ターゲット "AssignTargetPaths" を省略しました。以前に正しくビルドされていました。
ファイル "C:\Program Files\Microsoft Visual Studio\2022\Community\MSBuild\Current\Bin\Microsoft.Common.CurrentVersion.targets" 内にある、プロジェクト "C:\Users\bluec\Kamata\TakeCEngine\project\DirectXGame.vcxproj" からのターゲット "SplitResourcesByCulture" (ターゲット "PrepareResourceNames" は依存):
false 条件のため、タスク "MSBuildInternalMessage" を省略しました。('@(ResxWithNoCulture)'!='') は (''!='') として評価されました。
false 条件のため、タスク "MSBuildInternalMessage" を省略しました。('@(ResxWithCulture)'!='') は (''!='') として評価されました。
false 条件のため、タスク "MSBuildInternalMessage" を省略しました。('@(NonResxWithCulture)'!='') は (''!='') として評価されました。
false 条件のため、タスク "MSBuildInternalMessage" を省略しました。('@(NonResxWithNoCulture)'!='') は (''!='') として評価されました。
タスク "AssignCulture"
タスク "AssignCulture" の実行が終了しました。
プロジェクト "DirectXGame.vcxproj" 内のターゲット "SplitResourcesByCulture" のビルドが終了しました。
false 条件により、ターゲット "CreateManifestResourceNames" を省略しました。('@(EmbeddedResource)' != '') は ('' != '') として評価されました。
ファイル "C:\Program Files\Microsoft Visual Studio\2022\Community\MSBuild\Current\Bin\Microsoft.Common.CurrentVersion.targets" 内にある、プロジェクト "C:\Users\bluec\Kamata\TakeCEngine\project\DirectXGame.vcxproj" からのターゲット "CreateCustomManifestResourceNames" (ターゲット "PrepareResourceNames" は依存):
プロジェクト "DirectXGame.vcxproj" 内のターゲット "CreateCustomManifestResourceNames" のビルドが終了しました。
ファイル "C:\Program Files\Microsoft Visual Studio\2022\Community\MSBuild\Current\Bin\Microsoft.Common.CurrentVersion.targets" 内にある、プロジェクト "C:\Users\bluec\Kamata\TakeCEngine\project\DirectXGame.vcxproj" からのターゲット "PrepareResourceNames" (ターゲット "_Link" は依存):
プロジェクト "DirectXGame.vcxproj" 内のターゲット "PrepareResourceNames" のビルドが終了しました。
ファイル "C:\Program Files\Microsoft Visual Studio\2022\Community\MSBuild\Microsoft\VC\v170\Microsoft.CppBuild.targets" 内にある、プロジェクト "C:\Users\bluec\Kamata\TakeCEngine\project\DirectXGame.vcxproj" からのターゲット "MakeDirsForLink" (ターゲット "_Link" は依存):
タスク "MakeDir"
タスク "MakeDir" の実行が終了しました。
プロジェクト "DirectXGame.vcxproj" 内のターゲット "MakeDirsForLink" のビルドが終了しました。
ファイル "C:\Program Files\Microsoft Visual Studio\2022\Community\MSBuild\Microsoft\VC\v170\Microsoft.CppBuild.targets" 内にある、プロジェクト "C:\Users\bluec\Kamata\TakeCEngine\project\DirectXGame.vcxproj" からのターゲット "DoLinkOutputFilesMatch" (ターゲット "_Link" は依存):
false 条件のため、タスク "VCMessage" を省略しました。('@(_OutputFileFromLink)' == '') は ('C:\Users\bluec\Kamata\TakeCEngine\project\..\generated\outputs\Debug\DirectXGame.exe' == '') として評価されました。
false 条件のため、タスク "VCMessage" を省略しました。('@(_OutputFileFromLink)' != '' and '%(_OutputFileFromLink.FullPath)' != '$([System.IO.Path]::GetFullPath($(TargetPath)))') は ('C:\Users\bluec\Kamata\TakeCEngine\project\..\generated\outputs\Debug\DirectXGame.exe' != '' and 'C:\Users\bluec\Kamata\TakeCEngine\generated\outputs\Debug\DirectXGame.exe' != 'C:\Users\bluec\Kamata\TakeCEngine\generated\outputs\Debug\DirectXGame.exe') として評価されました。
false 条件のため、タスク "VCMessage" を省略しました。('@(_OutputFileFromLink)' != '' and '%(_OutputFileFromLink.Extension)' != '' and '%(_OutputFileFromLink.Extension)' != '$(TargetExt)') は ('C:\Users\bluec\Kamata\TakeCEngine\project\..\generated\outputs\Debug\DirectXGame.exe' != '' and '.exe' != '' and '.exe' != '.exe') として評価されました。
false 条件のため、タスク "VCMessage" を省略しました。('@(_OutputFileFromLink)' != '' and '%(_OutputFileFromLink.Filename)' != '' and '%(_OutputFileFromLink.Filename)' != '$(TargetName)') は ('C:\Users\bluec\Kamata\TakeCEngine\project\..\generated\outputs\Debug\DirectXGame.exe' != '' and 'DirectXGame' != '' and 'DirectXGame' != 'DirectXGame') として評価されました。
false 条件のため、タスク "VCMessage" を省略しました。('%(Link.MinimumRequiredVersion)' != '' and ('%(Link.Subsystem)' == '' or '%(Link.Subsystem)' == 'NotSet')) は ('' != '' and ('Windows' == '' or 'Windows' == 'NotSet')) として評価されました。
プロジェクト "DirectXGame.vcxproj" 内のターゲット "DoLinkOutputFilesMatch" のビルドが終了しました。
ファイル "C:\Program Files\Microsoft Visual Studio\2022\Community\MSBuild\Microsoft\VC\v170\Microsoft.CppCommon.targets" 内にある、プロジェクト "C:\Users\bluec\Kamata\TakeCEngine\project\DirectXGame.vcxproj" からのターゲット "PreLinkEvent" (ターゲット "_Link" は依存):
false 条件のため、タスク "Message" を省略しました。('%(PreLinkEvent.Message)' != '' and '%(PreLinkEvent.Command)' != '') は ('' != '' and '' != '') として評価されました。
false 条件のため、タスク "Exec" を省略しました。('%(PreLinkEvent.Command)' != '') は ('' != '') として評価されました。
プロジェクト "DirectXGame.vcxproj" 内のターゲット "PreLinkEvent" のビルドが終了しました。
ファイル "C:\Program Files\Microsoft Visual Studio\2022\Community\MSBuild\Microsoft\VC\v170\Microsoft.CppCommon.targets" 内にある、プロジェクト "C:\Users\bluec\Kamata\TakeCEngine\project\DirectXGame.vcxproj" からのターゲット "ComputeLinkSwitches" (ターゲット "Link" は依存):
プロジェクト "DirectXGame.vcxproj" 内のターゲット "ComputeLinkSwitches" のビルドが終了しました。
ファイル "C:\Program Files\Microsoft Visual Studio\2022\Community\MSBuild\Microsoft\VC\v170\Microsoft.CppCommon.targets" 内にある、プロジェクト "C:\Users\bluec\Kamata\TakeCEngine\project\DirectXGame.vcxproj" からのターゲット "Link" (ターゲット "_Link" は依存):
"Link" タスクをアセンブリ "C:\Program Files\Microsoft Visual Studio\2022\Community\MSBuild\Microsoft\VC\v170\Microsoft.Build.CppTasks.Common.dll" から使用しています。
タスク "Link"
  書き込み追跡ログ:
  	C:\Users\bluec\Kamata\TakeCEngine\project\..\generated\obj\DirectXGame\Debug\DirectXGame.tlog\link.write.1.tlog
  読み取り追跡ログ:
  	C:\Users\bluec\Kamata\TakeCEngine\project\..\generated\obj\DirectXGame\Debug\DirectXGame.tlog\link.read.1.tlog
  C:\USERS\BLUEC\KAMATA\TAKECENGINE\GENERATED\OBJ\DIRECTXGAME\DEBUG\AABB.OBJ|C:\USERS\BLUEC\KAMATA\TAKECENGINE\GENERATED\OBJ\DIRECTXGAME\DEBUG\ACTIONBUTTONICON.OBJ|C:\USERS\BLUEC\KAMATA\TAKECENGINE\GENERATED\OBJ\DIRECTXGAME\DEBUG\ACTIONNODE.OBJ|C:\USERS\BLUEC\KAMATA\TAKECENGINE\GENERATED\OBJ\DIRECTXGAME\DEBUG\ACTIONNODEVIEW.OBJ|C:\USERS\BLUEC\KAMATA\TAKECENGINE\GENERATED\OBJ\DIRECTXGAME\DEBUG\AIBRAINSYSTEM.OBJ|C:\USERS\BLUEC\KAMATA\TAKECENGINE\GENERATED\OBJ\DIRECTXGAME\DEBUG\ANIMATIONMAPPER.OBJ|C:\USERS\BLUEC\KAMATA\TAKECENGINE\GENERATED\OBJ\DIRECTXGAME\DEBUG\ANIMATOR.OBJ|C:\USERS\BLUEC\KAMATA\TAKECENGINE\GENERATED\OBJ\DIRECTXGAME\DEBUG\ANIMATORCONTROLLER.OBJ|C:\USERS\BLUEC\KAMATA\TAKECENGINE\GENERATED\OBJ\DIRECTXGAME\DEBUG\AUDIO.OBJ|C:\USERS\BLUEC\KAMATA\TAKECENGINE\GENERATED\OBJ\DIRECTXGAME\DEBUG\BASEGAMECHARACTERSTATE.OBJ|C:\USERS\BLUEC\KAMATA\TAKECENGINE\GENERATED\OBJ\DIRECTXGAME\DEBUG\BASEPARTICLEGROUP.OBJ|C:\USERS\BLUEC\KAMATA\TAKECENGINE\GENERATED\OBJ\DIRECTXGAME\DEBUG\BASESCENESTATE.OBJ|C:\USERS\BLUEC\KAMATA\TAKECENGINE\GENERATED\OBJ\DIRECTXGAME\DEBUG\BASEUI.OBJ|C:\USERS\BLUEC\KAMATA\TAKECENGINE\GENERATED\OBJ\DIRECTXGAME\DEBUG\BASEWEAPON.OBJ|C:\USERS\BLUEC\KAMATA\TAKECENGINE\GENERATED\OBJ\DIRECTXGAME\DEBUG\BAZOOKA.OBJ|C:\USERS\BLUEC\KAMATA\TAKECENGINE\GENERATED\OBJ\DIRECTXGAME\DEBUG\BEHAVIORNODEVIEW.OBJ|C:\USERS\BLUEC\KAMATA\TAKECENGINE\GENERATED\OBJ\DIRECTXGAME\DEBUG\BEHAVIORTREEEDITOR.OBJ|C:\USERS\BLUEC\KAMATA\TAKECENGINE\GENERATED\OBJ\DIRECTXGAME\DEBUG\BLACKBOARD.OBJ|C:\USERS\BLUEC\KAMATA\TAKECENGINE\GENERATED\OBJ\DIRECTXGAME\DEBUG\BLOOMEFFECT.OBJ|C:\USERS\BLUEC\KAMATA\TAKECENGINE\GENERATED\OBJ\DIRECTXGAME\DEBUG\BOOSTEFFECT.OBJ|C:\USERS\BLUEC\KAMATA\TAKECENGINE\GENERATED\OBJ\DIRECTXGAME\DEBUG\BOXCOLLIDER.OBJ|C:\USERS\BLUEC\KAMATA\TAKECENGINE\GENERATED\OBJ\DIRECTXGAME\DEBUG\BOXFILTER.OBJ|C:\USERS\BLUEC\KAMATA\TAKECENGINE\GENERATED\OBJ\DIRECTXGAME\DEBUG\BREAKGAUGEUI.OBJ|C:\USERS\BLUEC\KAMATA\TAKECENGINE\GENERATED\OBJ\DIRECTXGAME\DEBUG\BREAKGAUGEUTIL.OBJ|C:\USERS\BLUEC\KAMATA\TAKECENGINE\GENERATED\OBJ\DIRECTXGAME\DEBUG\BULLET.OBJ|C:\USERS\BLUEC\KAMATA\TAKECENGINE\GENERATED\OBJ\DIRECTXGAME\DEBUG\BULLETCOUNTERGAUGEUI.OBJ|C:\USERS\BLUEC\KAMATA\TAKECENGINE\GENERATED\OBJ\DIRECTXGAME\DEBUG\BULLETCOUNTERUI.OBJ|C:\USERS\BLUEC\KAMATA\TAKECENGINE\GENERATED\OBJ\DIRECTXGAME\DEBUG\BULLETMANAGER.OBJ|C:\USERS\BLUEC\KAMATA\TAKECENGINE\GENERATED\OBJ\DIRECTXGAME\DEBUG\BULLETPOOL.OBJ|C:\USERS\BLUEC\KAMATA\TAKECENGINE\GENERATED\OBJ\DIRECTXGAME\DEBUG\BULLETSENSOR.OBJ|C:\USERS\BLUEC\KAMATA\TAKECENGINE\GENERATED\OBJ\DIRECTXGAME\DEBUG\BURSTSHOTINFO.OBJ|C:\USERS\BLUEC\KAMATA\TAKECENGINE\GENERATED\OBJ\DIRECTXGAME\DEBUG\CAMERA.OBJ|C:\USERS\BLUEC\KAMATA\TAKECENGINE\GENERATED\OBJ\DIRECTXGAME\DEBUG\CAMERAFORGPU.OBJ|C:\USERS\BLUEC\KAMATA\TAKECENGINE\GENERATED\OBJ\DIRECTXGAME\DEBUG\CAMERAMANAGER.OBJ|C:\USERS\BLUEC\KAMATA\TAKECENGINE\GENERATED\OBJ\DIRECTXGAME\DEBUG\CHARACTEREDITTOOL.OBJ|C:\USERS\BLUEC\KAMATA\TAKECENGINE\GENERATED\OBJ\DIRECTXGAME\DEBUG\COLLIDER.OBJ|C:\USERS\BLUEC\KAMATA\TAKECENGINE\GENERATED\OBJ\DIRECTXGAME\DEBUG\COLLISIONMANAGER.OBJ|C:\USERS\BLUEC\KAMATA\TAKECENGINE\GENERATED\OBJ\DIRECTXGAME\DEBUG\COMBOFACTORY.OBJ|C:\USERS\BLUEC\KAMATA\TAKECENGINE\GENERATED\OBJ\DIRECTXGAME\DEBUG\CONDITIONNODE.OBJ|C:\USERS\BLUEC\KAMATA\TAKECENGINE\GENERATED\OBJ\DIRECTXGAME\DEBUG\CONDITIONNODEVIEW.OBJ|C:\USERS\BLUEC\KAMATA\TAKECENGINE\GENERATED\OBJ\DIRECTXGAME\DEBUG\CONE.OBJ|C:\USERS\BLUEC\KAMATA\TAKECENGINE\GENERATED\OBJ\DIRECTXGAME\DEBUG\CUBE.OBJ|C:\USERS\BLUEC\KAMATA\TAKECENGINE\GENERATED\OBJ\DIRECTXGAME\DEBUG\CYLINDER.OBJ|C:\USERS\BLUEC\KAMATA\TAKECENGINE\GENERATED\OBJ\DIRECTXGAME\DEBUG\D3DRESOURCELEAKCHECKER.OBJ|C:\USERS\BLUEC\KAMATA\TAKECENGINE\GENERATED\OBJ\DIRECTXGAME\DEBUG\DEADEFFECT.OBJ|C:\USERS\BLUEC\KAMATA\TAKECENGINE\GENERATED\OBJ\DIRECTXGAME\DEBUG\DEPTHBASEDOUTLINE.OBJ|C:\USERS\BLUEC\KAMATA\TAKECENGINE\GENERATED\OBJ\DIRECTXGAME\DEBUG\DIRECTXCOMMON.OBJ|C:\USERS\BLUEC\KAMATA\TAKECENGINE\GENERATED\OBJ\DIRECTXGAME\DEBUG\DIRECTXGAME.RES|C:\USERS\BLUEC\KAMATA\TAKECENGINE\GENERATED\OBJ\DIRECTXGAME\DEBUG\DIRECTXSHADERCOMPILER.OBJ|C:\USERS\BLUEC\KAMATA\TAKECENGINE\GENERATED\OBJ\DIRECTXGAME\DEBUG\DISSOLVE.OBJ|C:\USERS\BLUEC\KAMATA\TAKECENGINE\GENERATED\OBJ\DIRECTXGAME\DEBUG\DSVMANAGER.OBJ|C:\USERS\BLUEC\KAMATA\TAKECENGINE\GENERATED\OBJ\DIRECTXGAME\DEBUG\EASING.OBJ|C:\USERS\BLUEC\KAMATA\TAKECENGINE\GENERATED\OBJ\DIRECTXGAME\DEBUG\EFFECTEDITOR.OBJ|C:\USERS\BLUEC\KAMATA\TAKECENGINE\GENERATED\OBJ\DIRECTXGAME\DEBUG\EFFECTGROUP.OBJ|C:\USERS\BLUEC\KAMATA\TAKECENGINE\GENERATED\OBJ\DIRECTXGAME\DEBUG\ENEMY.OBJ|C:\USERS\BLUEC\KAMATA\TAKECENGINE\GENERATED\OBJ\DIRECTXGAME\DEBUG\ENEMYINPUTPROVIDER.OBJ|C:\USERS\BLUEC\KAMATA\TAKECENGINE\GENERATED\OBJ\DIRECTXGAME\DEBUG\ENEMYSELECTSCENE.OBJ|C:\USERS\BLUEC\KAMATA\TAKECENGINE\GENERATED\OBJ\DIRECTXGAME\DEBUG\ENERGYINFOUI.OBJ|C:\USERS\BLUEC\KAMATA\TAKECENGINE\GENERATED\OBJ\DIRECTXGAME\DEBUG\EVENTMANAGER.OBJ|C:\USERS\BLUEC\KAMATA\TAKECENGINE\GENERATED\OBJ\DIRECTXGAME\DEBUG\GAMECHARACTER.OBJ|C:\USERS\BLUEC\KAMATA\TAKECENGINE\GENERATED\OBJ\DIRECTXGAME\DEBUG\GAMECHARACTERINFO.OBJ|C:\USERS\BLUEC\KAMATA\TAKECENGINE\GENERATED\OBJ\DIRECTXGAME\DEBUG\GAMECHARACTERSTATEMANAGER.OBJ|C:\USERS\BLUEC\KAMATA\TAKECENGINE\GENERATED\OBJ\DIRECTXGAME\DEBUG\GAMECLEARSCENE.OBJ|C:\USERS\BLUEC\KAMATA\TAKECENGINE\GENERATED\OBJ\DIRECTXGAME\DEBUG\GAMECLEARUI.OBJ|C:\USERS\BLUEC\KAMATA\TAKECENGINE\GENERATED\OBJ\DIRECTXGAME\DEBUG\GAMEOVERSCENE.OBJ|C:\USERS\BLUEC\KAMATA\TAKECENGINE\GENERATED\OBJ\DIRECTXGAME\DEBUG\GAMEPAD.OBJ|C:\USERS\BLUEC\KAMATA\TAKECENGINE\GENERATED\OBJ\DIRECTXGAME\DEBUG\GAMEPLAYSCENE.OBJ|C:\USERS\BLUEC\KAMATA\TAKECENGINE\GENERATED\OBJ\DIRECTXGAME\DEBUG\GAMEPLAYSCENESTATE.OBJ|C:\USERS\BLUEC\KAMATA\TAKECENGINE\GENERATED\OBJ\DIRECTXGAME\DEBUG\GLAREEFFECT.OBJ|C:\USERS\BLUEC\KAMATA\TAKECENGINE\GENERATED\OBJ\DIRECTXGAME\DEBUG\GPUPARTICLE.OBJ|C:\USERS\BLUEC\KAMATA\TAKECENGINE\GENERATED\OBJ\DIRECTXGAME\DEBUG\GRAYSCALE.OBJ|C:\USERS\BLUEC\KAMATA\TAKECENGINE\GENERATED\OBJ\DIRECTXGAME\DEBUG\GROUND.OBJ|C:\USERS\BLUEC\KAMATA\TAKECENGINE\GENERATED\OBJ\DIRECTXGAME\DEBUG\HPBAR.OBJ|C:\USERS\BLUEC\KAMATA\TAKECENGINE\GENERATED\OBJ\DIRECTXGAME\DEBUG\IMGUI.OBJ|C:\USERS\BLUEC\KAMATA\TAKECENGINE\GENERATED\OBJ\DIRECTXGAME\DEBUG\IMGUIMANAGER.OBJ|C:\USERS\BLUEC\KAMATA\TAKECENGINE\GENERATED\OBJ\DIRECTXGAME\DEBUG\IMGUI_DEMO.OBJ|C:\USERS\BLUEC\KAMATA\TAKECENGINE\GENERATED\OBJ\DIRECTXGAME\DEBUG\IMGUI_DRAW.OBJ|C:\USERS\BLUEC\KAMATA\TAKECENGINE\GENERATED\OBJ\DIRECTXGAME\DEBUG\IMGUI_IMPL_DX12.OBJ|C:\USERS\BLUEC\KAMATA\TAKECENGINE\GENERATED\OBJ\DIRECTXGAME\DEBUG\IMGUI_IMPL_WIN32.OBJ|C:\USERS\BLUEC\KAMATA\TAKECENGINE\GENERATED\OBJ\DIRECTXGAME\DEBUG\IMGUI_TABLES.OBJ|C:\USERS\BLUEC\KAMATA\TAKECENGINE\GENERATED\OBJ\DIRECTXGAME\DEBUG\IMGUI_WIDGETS.OBJ|C:\USERS\BLUEC\KAMATA\TAKECENGINE\GENERATED\OBJ\DIRECTXGAME\DEBUG\IMNODEFLOW.OBJ|C:\USERS\BLUEC\KAMATA\TAKECENGINE\GENERATED\OBJ\DIRECTXGAME\DEBUG\INPUT.OBJ|C:\USERS\BLUEC\KAMATA\TAKECENGINE\GENERATED\OBJ\DIRECTXGAME\DEBUG\JSONLOADER.OBJ|C:\USERS\BLUEC\KAMATA\TAKECENGINE\GENERATED\OBJ\DIRECTXGAME\DEBUG\LEVELOBJECT.OBJ|C:\USERS\BLUEC\KAMATA\TAKECENGINE\GENERATED\OBJ\DIRECTXGAME\DEBUG\LIGHTCOUNTER.OBJ|C:\USERS\BLUEC\KAMATA\TAKECENGINE\GENERATED\OBJ\DIRECTXGAME\DEBUG\LIGHTMANAGER.OBJ|C:\USERS\BLUEC\KAMATA\TAKECENGINE\GENERATED\OBJ\DIRECTXGAME\DEBUG\LOGGER.OBJ|C:\USERS\BLUEC\KAMATA\TAKECENGINE\GENERATED\OBJ\DIRECTXGAME\DEBUG\LUMINANCEBASEDOUTLINE.OBJ|C:\USERS\BLUEC\KAMATA\TAKECENGINE\GENERATED\OBJ\DIRECTXGAME\DEBUG\MACHINEGUN.OBJ|C:\USERS\BLUEC\KAMATA\TAKECENGINE\GENERATED\OBJ\DIRECTXGAME\DEBUG\MAIN.OBJ|C:\USERS\BLUEC\KAMATA\TAKECENGINE\GENERATED\OBJ\DIRECTXGAME\DEBUG\MATERIAL.OBJ|C:\USERS\BLUEC\KAMATA\TAKECENGINE\GENERATED\OBJ\DIRECTXGAME\DEBUG\MATHENV.OBJ|C:\USERS\BLUEC\KAMATA\TAKECENGINE\GENERATED\OBJ\DIRECTXGAME\DEBUG\MATRIX4X4.OBJ|C:\USERS\BLUEC\KAMATA\TAKECENGINE\GENERATED\OBJ\DIRECTXGAME\DEBUG\MATRIXMATH.OBJ|C:\USERS\BLUEC\KAMATA\TAKECENGINE\GENERATED\OBJ\DIRECTXGAME\DEBUG\MESH.OBJ|C:\USERS\BLUEC\KAMATA\TAKECENGINE\GENERATED\OBJ\DIRECTXGAME\DEBUG\MISSILEPOOL.OBJ|C:\USERS\BLUEC\KAMATA\TAKECENGINE\GENERATED\OBJ\DIRECTXGAME\DEBUG\MODEL.OBJ|C:\USERS\BLUEC\KAMATA\TAKECENGINE\GENERATED\OBJ\DIRECTXGAME\DEBUG\MODELCOMMON.OBJ|C:\USERS\BLUEC\KAMATA\TAKECENGINE\GENERATED\OBJ\DIRECTXGAME\DEBUG\MODELMANAGER.OBJ|C:\USERS\BLUEC\KAMATA\TAKECENGINE\GENERATED\OBJ\DIRECTXGAME\DEBUG\MUZZLEFLASHEFFECT.OBJ|C:\USERS\BLUEC\KAMATA\TAKECENGINE\GENERATED\OBJ\DIRECTXGAME\DEBUG\MYGAME.OBJ|C:\USERS\BLUEC\KAMATA\TAKECENGINE\GENERATED\OBJ\DIRECTXGAME\DEBUG\OBJECT3D.OBJ|C:\USERS\BLUEC\KAMATA\TAKECENGINE\GENERATED\OBJ\DIRECTXGAME\DEBUG\OBJECT3DCOMMON.OBJ|C:\USERS\BLUEC\KAMATA\TAKECENGINE\GENERATED\OBJ\DIRECTXGAME\DEBUG\OBJECTPOOL.OBJ|C:\USERS\BLUEC\KAMATA\TAKECENGINE\GENERATED\OBJ\DIRECTXGAME\DEBUG\PARTICLEATTRIBUTE.OBJ|C:\USERS\BLUEC\KAMATA\TAKECENGINE\GENERATED\OBJ\DIRECTXGAME\DEBUG\PARTICLECOMMON.OBJ|C:\USERS\BLUEC\KAMATA\TAKECENGINE\GENERATED\OBJ\DIRECTXGAME\DEBUG\PARTICLEEDITOR.OBJ|C:\USERS\BLUEC\KAMATA\TAKECENGINE\GENERATED\OBJ\DIRECTXGAME\DEBUG\PARTICLEEDITSCENE.OBJ|C:\USERS\BLUEC\KAMATA\TAKECENGINE\GENERATED\OBJ\DIRECTXGAME\DEBUG\PARTICLEEMITTER.OBJ|C:\USERS\BLUEC\KAMATA\TAKECENGINE\GENERATED\OBJ\DIRECTXGAME\DEBUG\PARTICLEEMITTERALLOCATER.OBJ|C:\USERS\BLUEC\KAMATA\TAKECENGINE\GENERATED\OBJ\DIRECTXGAME\DEBUG\PARTICLEMANAGER.OBJ|C:\USERS\BLUEC\KAMATA\TAKECENGINE\GENERATED\OBJ\DIRECTXGAME\DEBUG\PHASEMESSAGEUI.OBJ|C:\USERS\BLUEC\KAMATA\TAKECENGINE\GENERATED\OBJ\DIRECTXGAME\DEBUG\PIPELINESTATEOBJECT.OBJ|C:\USERS\BLUEC\KAMATA\TAKECENGINE\GENERATED\OBJ\DIRECTXGAME\DEBUG\PLANE.OBJ|C:\USERS\BLUEC\KAMATA\TAKECENGINE\GENERATED\OBJ\DIRECTXGAME\DEBUG\PLANNERSELECTORNODE.OBJ|C:\USERS\BLUEC\KAMATA\TAKECENGINE\GENERATED\OBJ\DIRECTXGAME\DEBUG\PLANNERSELECTORNODEVIEW.OBJ|C:\USERS\BLUEC\KAMATA\TAKECENGINE\GENERATED\OBJ\DIRECTXGAME\DEBUG\PLAYER.OBJ|C:\USERS\BLUEC\KAMATA\TAKECENGINE\GENERATED\OBJ\DIRECTXGAME\DEBUG\PLAYERINPUTPROVIDER.OBJ|C:\USERS\BLUEC\KAMATA\TAKECENGINE\GENERATED\OBJ\DIRECTXGAME\DEBUG\PLAYERKEYINPUT.OBJ|C:\USERS\BLUEC\KAMATA\TAKECENGINE\GENERATED\OBJ\DIRECTXGAME\DEBUG\PLAYERPADINPUT.OBJ|C:\USERS\BLUEC\KAMATA\TAKECENGINE\GENERATED\OBJ\DIRECTXGAME\DEBUG\PLAYERRETICLE.OBJ|C:\USERS\BLUEC\KAMATA\TAKECENGINE\GENERATED\OBJ\DIRECTXGAME\DEBUG\POSTEFFECT.OBJ|C:\USERS\BLUEC\KAMATA\TAKECENGINE\GENERATED\OBJ\DIRECTXGAME\DEBUG\POSTEFFECTFACTORY.OBJ|C:\USERS\BLUEC\KAMATA\TAKECENGINE\GENERATED\OBJ\DIRECTXGAME\DEBUG\POSTEFFECTMANAGER.OBJ|C:\USERS\BLUEC\KAMATA\TAKECENGINE\GENERATED\OBJ\DIRECTXGAME\DEBUG\PRIMITIVEDRAWER.OBJ|C:\USERS\BLUEC\KAMATA\TAKECENGINE\GENERATED\OBJ\DIRECTXGAME\DEBUG\PRIMITIVEPARTICLE.OBJ|C:\USERS\BLUEC\KAMATA\TAKECENGINE\GENERATED\OBJ\DIRECTXGAME\DEBUG\PRIMITIVETYPE.OBJ|C:\USERS\BLUEC\KAMATA\TAKECENGINE\GENERATED\OBJ\DIRECTXGAME\DEBUG\PUSHSTARTUI.OBJ|C:\USERS\BLUEC\KAMATA\TAKECENGINE\GENERATED\OBJ\DIRECTXGAME\DEBUG\QUATERNION.OBJ|C:\USERS\BLUEC\KAMATA\TAKECENGINE\GENERATED\OBJ\DIRECTXGAME\DEBUG\RADIALBLUER.OBJ|C:\USERS\BLUEC\KAMATA\TAKECENGINE\GENERATED\OBJ\DIRECTXGAME\DEBUG\RENDERTEXTURE.OBJ|C:\USERS\BLUEC\KAMATA\TAKECENGINE\GENERATED\OBJ\DIRECTXGAME\DEBUG\RESOURCEBARRIER.OBJ|C:\USERS\BLUEC\KAMATA\TAKECENGINE\GENERATED\OBJ\DIRECTXGAME\DEBUG\RIFLE.OBJ|C:\USERS\BLUEC\KAMATA\TAKECENGINE\GENERATED\OBJ\DIRECTXGAME\DEBUG\RIFLEINFO.OBJ|C:\USERS\BLUEC\KAMATA\TAKECENGINE\GENERATED\OBJ\DIRECTXGAME\DEBUG\RING.OBJ|C:\USERS\BLUEC\KAMATA\TAKECENGINE\GENERATED\OBJ\DIRECTXGAME\DEBUG\RINGUI.OBJ|C:\USERS\BLUEC\KAMATA\TAKECENGINE\GENERATED\OBJ\DIRECTXGAME\DEBUG\RTVMANAGER.OBJ|C:\USERS\BLUEC\KAMATA\TAKECENGINE\GENERATED\OBJ\DIRECTXGAME\DEBUG\SCENEFACTORY.OBJ|C:\USERS\BLUEC\KAMATA\TAKECENGINE\GENERATED\OBJ\DIRECTXGAME\DEBUG\SCENEMANAGER.OBJ|C:\USERS\BLUEC\KAMATA\TAKECENGINE\GENERATED\OBJ\DIRECTXGAME\DEBUG\SCENESTATEENEMYDESTROYED.OBJ|C:\USERS\BLUEC\KAMATA\TAKECENGINE\GENERATED\OBJ\DIRECTXGAME\DEBUG\SCENESTATEGAMECLEAR.OBJ|C:\USERS\BLUEC\KAMATA\TAKECENGINE\GENERATED\OBJ\DIRECTXGAME\DEBUG\SCENESTATEGAMEOVER.OBJ|C:\USERS\BLUEC\KAMATA\TAKECENGINE\GENERATED\OBJ\DIRECTXGAME\DEBUG\SCENESTATEGAMEPLAY.OBJ|C:\USERS\BLUEC\KAMATA\TAKECENGINE\GENERATED\OBJ\DIRECTXGAME\DEBUG\SCENESTATEGAMESTART.OBJ|C:\USERS\BLUEC\KAMATA\TAKECENGINE\GENERATED\OBJ\DIRECTXGAME\DEBUG\SCENESTATEMANAGER.OBJ|C:\USERS\BLUEC\KAMATA\TAKECENGINE\GENERATED\OBJ\DIRECTXGAME\DEBUG\SCENESTATEPAUSE.OBJ|C:\USERS\BLUEC\KAMATA\TAKECENGINE\GENERATED\OBJ\DIRECTXGAME\DEBUG\SCENETRANSITION.OBJ|C:\USERS\BLUEC\KAMATA\TAKECENGINE\GENERATED\OBJ\DIRECTXGAME\DEBUG\SCORECONDITIONNODE.OBJ|C:\USERS\BLUEC\KAMATA\TAKECENGINE\GENERATED\OBJ\DIRECTXGAME\DEBUG\SCORECONDITIONNODEVIEW.OBJ|C:\USERS\BLUEC\KAMATA\TAKECENGINE\GENERATED\OBJ\DIRECTXGAME\DEBUG\SELECTORNODE.OBJ|C:\USERS\BLUEC\KAMATA\TAKECENGINE\GENERATED\OBJ\DIRECTXGAME\DEBUG\SELECTORNODEVIEW.OBJ|C:\USERS\BLUEC\KAMATA\TAKECENGINE\GENERATED\OBJ\DIRECTXGAME\DEBUG\SEQUENCENODE.OBJ|C:\USERS\BLUEC\KAMATA\TAKECENGINE\GENERATED\OBJ\DIRECTXGAME\DEBUG\SEQUENCENODEVIEW.OBJ|C:\USERS\BLUEC\KAMATA\TAKECENGINE\GENERATED\OBJ\DIRECTXGAME\DEBUG\SHADOWMAPEFFECT.OBJ|C:\USERS\BLUEC\KAMATA\TAKECENGINE\GENERATED\OBJ\DIRECTXGAME\DEBUG\SHOTGUN.OBJ|C:\USERS\BLUEC\KAMATA\TAKECENGINE\GENERATED\OBJ\DIRECTXGAME\DEBUG\SHOTGUNINFO.OBJ|C:\USERS\BLUEC\KAMATA\TAKECENGINE\GENERATED\OBJ\DIRECTXGAME\DEBUG\SKELETON.OBJ|C:\USERS\BLUEC\KAMATA\TAKECENGINE\GENERATED\OBJ\DIRECTXGAME\DEBUG\SKINCLUSTER.OBJ|C:\USERS\BLUEC\KAMATA\TAKECENGINE\GENERATED\OBJ\DIRECTXGAME\DEBUG\SKYBOX.OBJ|C:\USERS\BLUEC\KAMATA\TAKECENGINE\GENERATED\OBJ\DIRECTXGAME\DEBUG\SPHERE.OBJ|C:\USERS\BLUEC\KAMATA\TAKECENGINE\GENERATED\OBJ\DIRECTXGAME\DEBUG\SPHERECOLLIDER.OBJ|C:\USERS\BLUEC\KAMATA\TAKECENGINE\GENERATED\OBJ\DIRECTXGAME\DEBUG\SPRITE.OBJ|C:\USERS\BLUEC\KAMATA\TAKECENGINE\GENERATED\OBJ\DIRECTXGAME\DEBUG\SPRITEANIMATION.OBJ|C:\USERS\BLUEC\KAMATA\TAKECENGINE\GENERATED\OBJ\DIRECTXGAME\DEBUG\SPRITECOMMON.OBJ|C:\USERS\BLUEC\KAMATA\TAKECENGINE\GENERATED\OBJ\DIRECTXGAME\DEBUG\SPRITECONFIG.OBJ|C:\USERS\BLUEC\KAMATA\TAKECENGINE\GENERATED\OBJ\DIRECTXGAME\DEBUG\SPRITEMANAGER.OBJ|C:\USERS\BLUEC\KAMATA\TAKECENGINE\GENERATED\OBJ\DIRECTXGAME\DEBUG\SPRITESHEETSETTINGS.OBJ|C:\USERS\BLUEC\KAMATA\TAKECENGINE\GENERATED\OBJ\DIRECTXGAME\DEBUG\SRVMANAGER.OBJ|C:\USERS\BLUEC\KAMATA\TAKECENGINE\GENERATED\OBJ\DIRECTXGAME\DEBUG\STATEBREAKSTUN.OBJ|C:\USERS\BLUEC\KAMATA\TAKECENGINE\GENERATED\OBJ\DIRECTXGAME\DEBUG\STATECHARGESHOOTSTUN.OBJ|C:\USERS\BLUEC\KAMATA\TAKECENGINE\GENERATED\OBJ\DIRECTXGAME\DEBUG\STATEDEAD.OBJ|C:\USERS\BLUEC\KAMATA\TAKECENGINE\GENERATED\OBJ\DIRECTXGAME\DEBUG\STATEFLOATING.OBJ|C:\USERS\BLUEC\KAMATA\TAKECENGINE\GENERATED\OBJ\DIRECTXGAME\DEBUG\STATEJUMPING.OBJ|C:\USERS\BLUEC\KAMATA\TAKECENGINE\GENERATED\OBJ\DIRECTXGAME\DEBUG\STATERUNNING.OBJ|C:\USERS\BLUEC\KAMATA\TAKECENGINE\GENERATED\OBJ\DIRECTXGAME\DEBUG\STATESTEPBOOST.OBJ|C:\USERS\BLUEC\KAMATA\TAKECENGINE\GENERATED\OBJ\DIRECTXGAME\DEBUG\STRINGUTILITY.OBJ|C:\USERS\BLUEC\KAMATA\TAKECENGINE\GENERATED\OBJ\DIRECTXGAME\DEBUG\TAKECFRAMEWORK.OBJ|C:\USERS\BLUEC\KAMATA\TAKECENGINE\GENERATED\OBJ\DIRECTXGAME\DEBUG\TEXTUREANIMATION.OBJ|C:\USERS\BLUEC\KAMATA\TAKECENGINE\GENERATED\OBJ\DIRECTXGAME\DEBUG\TEXTUREANIMATIONTYPEENUM.OBJ|C:\USERS\BLUEC\KAMATA\TAKECENGINE\GENERATED\OBJ\DIRECTXGAME\DEBUG\TEXTUREMANAGER.OBJ|C:\USERS\BLUEC\KAMATA\TAKECENGINE\GENERATED\OBJ\DIRECTXGAME\DEBUG\TIMER.OBJ|C:\USERS\BLUEC\KAMATA\TAKECENGINE\GENERATED\OBJ\DIRECTXGAME\DEBUG\TITLESCENE.OBJ|C:\USERS\BLUEC\KAMATA\TAKECENGINE\GENERATED\OBJ\DIRECTXGAME\DEBUG\TRANSFORM.OBJ|C:\USERS\BLUEC\KAMATA\TAKECENGINE\GENERATED\OBJ\DIRECTXGAME\DEBUG\UIMANAGER.OBJ|C:\USERS\BLUEC\KAMATA\TAKECENGINE\GENERATED\OBJ\DIRECTXGAME\DEBUG\VECTOR2.OBJ|C:\USERS\BLUEC\KAMATA\TAKECENGINE\GENERATED\OBJ\DIRECTXGAME\DEBUG\VECTOR3.OBJ|C:\USERS\BLUEC\KAMATA\TAKECENGINE\GENERATED\OBJ\DIRECTXGAME\DEBUG\VECTOR3MATH.OBJ|C:\USERS\BLUEC\KAMATA\TAKECENGINE\GENERATED\OBJ\DIRECTXGAME\DEBUG\VERTICALMISSILE.OBJ|C:\USERS\BLUEC\KAMATA\TAKECENGINE\GENERATED\OBJ\DIRECTXGAME\DEBUG\VERTICALMISSILEINFO.OBJ|C:\USERS\BLUEC\KAMATA\TAKECENGINE\GENERATED\OBJ\DIRECTXGAME\DEBUG\VERTICALMISSILELAUNCHER.OBJ|C:\USERS\BLUEC\KAMATA\TAKECENGINE\GENERATED\OBJ\DIRECTXGAME\DEBUG\VIGNETTE.OBJ|C:\USERS\BLUEC\KAMATA\TAKECENGINE\GENERATED\OBJ\DIRECTXGAME\DEBUG\WARNINGUI.OBJ|C:\USERS\BLUEC\KAMATA\TAKECENGINE\GENERATED\OBJ\DIRECTXGAME\DEBUG\WATERGROUND.OBJ|C:\USERS\BLUEC\KAMATA\TAKECENGINE\GENERATED\OBJ\DIRECTXGAME\DEBUG\WEAPONDATA.OBJ|C:\USERS\BLUEC\KAMATA\TAKECENGINE\GENERATED\OBJ\DIRECTXGAME\DEBUG\WEIGHTSELECTOR.OBJ|C:\USERS\BLUEC\KAMATA\TAKECENGINE\GENERATED\OBJ\DIRECTXGAME\DEBUG\WEIGHTSELECTORNODEVIEW.OBJ|C:\USERS\BLUEC\KAMATA\TAKECENGINE\GENERATED\OBJ\DIRECTXGAME\DEBUG\WINAPP.OBJ|C:\USERS\BLUEC\KAMATA\TAKECENGINE\GENERATED\OBJ\DIRECTXGAME\DEBUG\WIREFRAME.OBJ|C:\USERS\BLUEC\KAMATA\TAKECENGINE\GENERATED\OUTPUTS\DEBUG\DIRECTXTEX.LIB|C:\USERS\BLUEC\KAMATA\TAKECENGINE\GENERATED\OUTPUTS\DEBUG\IMGUI.LIB に対する出力:
  	C:\USERS\BLUEC\KAMATA\TAKECENGINE\GENERATED\OUTPUTS\DEBUG\DIRECTXGAME.EXE
  	C:\USERS\BLUEC\KAMATA\TAKECENGINE\GENERATED\OUTPUTS\DEBUG\DIRECTXGAME.PDB
  すべての出力が最新のものです。
タスク "Link" の実行が終了しました。
タスク "Message"
  DirectXGame.vcxproj -> C:\Users\bluec\Kamata\TakeCEngine\generated\outputs\Debug\DirectXGame.exe
タスク "Message" の実行が終了しました。
false 条件のため、タスク "VCMessage" を省略しました。(('$(EmbedManifestBy)' != 'LINK' or '$(LegacyManifestEmbedding)' != 'true' or '$(LinkSkippedExecution)' == 'true') and
             %(Link.GenerateDebugInformation) == 'DebugFastLink' and %(Link.ProgramDataBaseFileName) != '') は (('LINK' != 'LINK' or '' != 'true' or 'True' == 'true') and
             true == 'DebugFastLink' and  != '') として評価されました。
false 条件のため、タスク "VCMessage" を省略しました。(('$(EmbedManifestBy)' != 'LINK' or '$(LegacyManifestEmbedding)' != 'true' or '$(LinkSkippedExecution)' == 'true') and
             %(Link.GenerateDebugInformation) == 'true' and %(Link.ProgramDataBaseFileName) != '') は (('LINK' != 'LINK' or '' != 'true' or 'True' == 'true') and
             true == 'true' and  != '') として評価されました。
プロジェクト "DirectXGame.vcxproj" 内のターゲット "Link" のビルドが終了しました。
false 条件により、ターゲット "MetaGenInputsOutputs" を省略しました。('$(EnableManagedIncrementalBuild)' == 'True') は ('false' == 'True') として評価されました。
false 条件により、ターゲット "ComputeMetaGenInputs" を省略しました。('$(CLRSupport)'!='' and '$(CLRSupport)'!='false' and '$(CLRSupport)'!='NetCore') は ('false'!='' and 'false'!='false' and 'false'!='NetCore') として評価されました。
false 条件により、ターゲット "MetaGen" を省略しました。('@(MetaGen)' != '') は ('' != '') として評価されました。
ファイル "C:\Program Files\Microsoft Visual Studio\2022\Community\MSBuild\Microsoft\VC\v170\Microsoft.CppBuild.targets" 内にある、プロジェクト "C:\Users\bluec\Kamata\TakeCEngine\project\DirectXGame.vcxproj" からのターゲット "AfterLink" (ターゲット "_Link" は依存):
プロジェクト "DirectXGame.vcxproj" 内のターゲット "AfterLink" のビルドが終了しました。
ファイル "C:\Program Files\Microsoft Visual Studio\2022\Community\MSBuild\Microsoft\VC\v170\Microsoft.CppBuild.targets" 内にある、プロジェクト "C:\Users\bluec\Kamata\TakeCEngine\project\DirectXGame.vcxproj" からのターゲット "_Link" (ターゲット "_BuildLinkAction" は依存):
プロジェクト "DirectXGame.vcxproj" 内のターゲット "_Link" のビルドが終了しました。
ファイル "C:\Program Files\Microsoft Visual Studio\2022\Community\MSBuild\Microsoft\VC\v170\Microsoft.CppBuild.targets" 内にある、プロジェクト "C:\Users\bluec\Kamata\TakeCEngine\project\DirectXGame.vcxproj" からのターゲット "_ALink" (ターゲット "_BuildLinkAction" は依存):
プロジェクト "DirectXGame.vcxproj" 内のターゲット "_ALink" のビルドが終了しました。
ターゲット "ComputeLegacyManifestEmbedding" を省略しました。以前に正しくビルドされていました。
ファイル "C:\Program Files\Microsoft Visual Studio\2022\Community\MSBuild\Microsoft\VC\v170\Microsoft.CppBuild.targets" 内にある、プロジェクト "C:\Users\bluec\Kamata\TakeCEngine\project\DirectXGame.vcxproj" からのターゲット "_Manifest" (ターゲット "_BuildLinkAction" は依存):
false 条件のため、タスク "CallTarget" を省略しました。('$(LegacyManifestEmbedding)' == 'true') は ('' == 'true') として評価されました。
プロジェクト "DirectXGame.vcxproj" 内のターゲット "_Manifest" のビルドが終了しました。
C:\Program Files\Microsoft Visual Studio\2022\Community\MSBuild\Microsoft\VC\v170\Microsoft.CppCommon.targets(2450,11): message : 環境から展開された 'AMD64' 値を持つプロパティ 'PROCESSOR_ARCHITEW6432'。 [C:\Users\bluec\Kamata\TakeCEngine\project\DirectXGame.vcxproj]
false 条件により、ターゲット "RegisterOutput" を省略しました。('$(LinkSkippedExecution)' != 'true' and (('$(Platform)' == 'x64' and ('$(PROCESSOR_ARCHITECTURE)' == 'AMD64' or '$(PROCESSOR_ARCHITEW6432)' == 'AMD64')) or '$(Platform)' == 'Win32')) は ('True' != 'true' and (('x64' == 'x64' and ('x86' == 'AMD64' or 'AMD64' == 'AMD64')) or 'x64' == 'Win32')) として評価されました。
ターゲット "PrepareForBuild" を省略しました。以前に正しくビルドされていました。
ターゲット "ResolveReferences" を省略しました。以前に正しくビルドされていました。
ファイル "C:\Program Files\Microsoft Visual Studio\2022\Community\MSBuild\Microsoft\VC\v170\Microsoft.CppBuild.targets" 内にある、プロジェクト "C:\Users\bluec\Kamata\TakeCEngine\project\DirectXGame.vcxproj" からのターゲット "ResolvedXDCMake" (ターゲット "_XdcMake" は依存):
false 条件のため、タスク "MSBuild" を省略しました。('%(_MSBuildProjectReferenceExistent.Extension)' == '.vcxproj' and '@(ProjectReferenceWithConfiguration)' != '' and '@(_MSBuildProjectReferenceExistent)' != '' and '$(_ClCompileGenerateXMLDocumentationFiles)' == 'true') は ('.vcxproj' == '.vcxproj' and 'externals\DirectXTex\DirectXTex_Desktop_2022_Win10.vcxproj;externals\imgui\imgui.vcxproj' != '' and 'externals\DirectXTex\DirectXTex_Desktop_2022_Win10.vcxproj;externals\imgui\imgui.vcxproj' != '' and '' == 'true') として評価されました。
プロジェクト "DirectXGame.vcxproj" 内のターゲット "ResolvedXDCMake" のビルドが終了しました。
ファイル "C:\Program Files\Microsoft Visual Studio\2022\Community\MSBuild\Microsoft\VC\v170\Microsoft.CppBuild.targets" 内にある、プロジェクト "C:\Users\bluec\Kamata\TakeCEngine\project\DirectXGame.vcxproj" からのターゲット "ComputeCLCompileGeneratedXDCFiles" (ターゲット "_XdcMake" は依存):
プロジェクト "DirectXGame.vcxproj" 内のターゲット "ComputeCLCompileGeneratedXDCFiles" のビルドが終了しました。
ファイル "C:\Program Files\Microsoft Visual Studio\2022\Community\MSBuild\Microsoft\VC\v170\Microsoft.CppBuild.targets" 内にある、プロジェクト "C:\Users\bluec\Kamata\TakeCEngine\project\DirectXGame.vcxproj" からのターゲット "MakeDirsForXdcMake" (ターゲット "_XdcMake" は依存):
タスク "MakeDir"
タスク "MakeDir" の実行が終了しました。
プロジェクト "DirectXGame.vcxproj" 内のターゲット "MakeDirsForXdcMake" のビルドが終了しました。
false 条件により、ターゲット "XdcMake" を省略しました。('@(XdcMake)' != '') は ('' != '') として評価されました。
ファイル "C:\Program Files\Microsoft Visual Studio\2022\Community\MSBuild\Microsoft\VC\v170\Microsoft.CppBuild.targets" 内にある、プロジェクト "C:\Users\bluec\Kamata\TakeCEngine\project\DirectXGame.vcxproj" からのターゲット "_XdcMake" (ターゲット "_BuildLinkAction" は依存):
プロジェクト "DirectXGame.vcxproj" 内のターゲット "_XdcMake" のビルドが終了しました。
ファイル "C:\Program Files\Microsoft Visual Studio\2022\Community\MSBuild\Microsoft\VC\v170\Microsoft.CppBuild.targets" 内にある、プロジェクト "C:\Users\bluec\Kamata\TakeCEngine\project\DirectXGame.vcxproj" からのターゲット "ComputeCLCompileGeneratedSbrFiles" (ターゲット "_BscMake" は依存):
プロジェクト "DirectXGame.vcxproj" 内のターゲット "ComputeCLCompileGeneratedSbrFiles" のビルドが終了しました。
ファイル "C:\Program Files\Microsoft Visual Studio\2022\Community\MSBuild\Microsoft\VC\v170\Microsoft.CppBuild.targets" 内にある、プロジェクト "C:\Users\bluec\Kamata\TakeCEngine\project\DirectXGame.vcxproj" からのターゲット "MakeDirsForBscMake" (ターゲット "_BscMake" は依存):
タスク "MakeDir"
タスク "MakeDir" の実行が終了しました。
プロジェクト "DirectXGame.vcxproj" 内のターゲット "MakeDirsForBscMake" のビルドが終了しました。
false 条件により、ターゲット "BscMake" を省略しました。('@(BscMake)' != '') は ('' != '') として評価されました。
false 条件により、ターゲット "CustomBuildStep" を省略しました。('@(CustomBuildStep)' != '' and '$(SelectedFiles)'=='') は ('' != '' and ''=='') として評価されました。
ファイル "C:\Program Files\Microsoft Visual Studio\2022\Community\MSBuild\Microsoft\VC\v170\Microsoft.CppBuild.targets" 内にある、プロジェクト "C:\Users\bluec\Kamata\TakeCEngine\project\DirectXGame.vcxproj" からのターゲット "_BscMake" (ターゲット "_BuildLinkAction" は依存):
プロジェクト "DirectXGame.vcxproj" 内のターゲット "_BscMake" のビルドが終了しました。
ターゲット "PrepareForBuild" を省略しました。以前に正しくビルドされていました。
ファイル "C:\Program Files\Microsoft Visual Studio\2022\Community\MSBuild\Microsoft\VC\v170\Microsoft.CppBuild.targets" 内にある、プロジェクト "C:\Users\bluec\Kamata\TakeCEngine\project\DirectXGame.vcxproj" からのターゲット "BuiltProjectOutputGroup" (ターゲット "CreateRecipeFile" は依存):
プロジェクト "DirectXGame.vcxproj" 内のターゲット "BuiltProjectOutputGroup" のビルドが終了しました。
ターゲット "PrepareForBuild" を省略しました。以前に正しくビルドされていました。
ターゲット "PrepareResourceNames" を省略しました。以前に正しくビルドされていました。
ファイル "C:\Program Files\Microsoft Visual Studio\2022\Community\MSBuild\Current\Bin\Microsoft.Common.CurrentVersion.targets" 内にある、プロジェクト "C:\Users\bluec\Kamata\TakeCEngine\project\DirectXGame.vcxproj" からのターゲット "SatelliteDllsProjectOutputGroup" (ターゲット "CreateRecipeFile" は依存):
プロジェクト "DirectXGame.vcxproj" 内のターゲット "SatelliteDllsProjectOutputGroup" のビルドが終了しました。
ターゲット "PrepareForBuild" を省略しました。以前に正しくビルドされていました。
ターゲット "AssignTargetPaths" を省略しました。以前に正しくビルドされていました。
ターゲット "PrepareForBuild" を省略しました。以前に正しくビルドされていました。
ターゲット "AssignTargetPaths" を省略しました。以前に正しくビルドされていました。
ターゲット "MakeDirsForFxc" を省略しました。以前に正しくビルドされていました。
false 条件により、ターゲット "_CreateCopyFileItems" を省略しました。('@(CopyFileToFolders)' != '') は ('' != '') として評価されました。
ファイル "C:\Program Files\Microsoft Visual Studio\2022\Community\MSBuild\Microsoft\VC\v170\Microsoft.CppBuild.targets" 内にある、プロジェクト "C:\Users\bluec\Kamata\TakeCEngine\project\DirectXGame.vcxproj" からのターゲット "ContentFilesProjectOutputGroup" (ターゲット "CreateRecipeFile" は依存):
false 条件のため、タスク "AssignTargetPath" を省略しました。('@(ContentFilesProjectOutputGroupOutputFullPath)' != '' and '%(ContentFilesProjectOutputGroupOutputFullPath.RootFolder)' != '') は ('' != '' and '' != '') として評価されました。
false 条件のため、タスク "AssignTargetPath" を省略しました。('@(ContentFilesProjectOutputGroupOutputFullPath)' != '' and '%(ContentFilesProjectOutputGroupOutputFullPath.RootFolder)' == '') は ('' != '' and '' == '') として評価されました。
プロジェクト "DirectXGame.vcxproj" 内のターゲット "ContentFilesProjectOutputGroup" のビルドが終了しました。
ターゲット "GetReferencedVCProjectsInfo" を省略しました。以前に正しくビルドされていました。
ファイル "C:\Program Files\Microsoft Visual Studio\2022\Community\MSBuild\Microsoft\VC\v170\Microsoft.CppBuild.targets" 内にある、プロジェクト "C:\Users\bluec\Kamata\TakeCEngine\project\DirectXGame.vcxproj" からのターゲット "CreateRecipeFile" (ターゲット "_BuildLinkAction" は依存):
"GenerateDesktopDeployRecipe" タスクをアセンブリ "C:\Program Files\Microsoft Visual Studio\2022\Community\MSBuild\Microsoft\VC\v170\Microsoft.Build.CppTasks.Common.dll" から使用しています。
タスク "GenerateDesktopDeployRecipe"
タスク "GenerateDesktopDeployRecipe" の実行が終了しました。
プロジェクト "DirectXGame.vcxproj" 内のターゲット "CreateRecipeFile" のビルドが終了しました。
ファイル "C:\Program Files\Microsoft Visual Studio\2022\Community\MSBuild\Current\Bin\Microsoft.Common.CurrentVersion.targets" 内にある、プロジェクト "C:\Users\bluec\Kamata\TakeCEngine\project\DirectXGame.vcxproj" からのターゲット "_GenerateSatelliteAssemblyInputs" (ターゲット "CreateSatelliteAssemblies" は依存):
false 条件のため、タスク "MSBuildInternalMessage" を省略しました。('@(ManifestResourceWithCulture)'!='' and '%(ManifestResourceWithCulture.EmittedForCompatibilityOnly)'=='') は (''!='' and ''=='') として評価されました。
false 条件のため、タスク "MSBuildInternalMessage" を省略しました。('@(ManifestNonResxWithCultureOnDisk)'!='' and '%(ManifestNonResxWithCultureOnDisk.EmittedForCompatibilityOnly)'=='') は (''!='' and ''=='') として評価されました。
プロジェクト "DirectXGame.vcxproj" 内のターゲット "_GenerateSatelliteAssemblyInputs" のビルドが終了しました。
false 条件により、ターゲット "ComputeIntermediateSatelliteAssemblies" を省略しました。(@(ReferenceSatellitePaths->'%(DestinationSubDirectory)') != '') は ( != '') として評価されました。
false 条件により、ターゲット "GenerateSatelliteAssemblies" を省略しました。('@(_SatelliteAssemblyResourceInputs)' != '') は ('' != '') として評価されました。
ファイル "C:\Program Files\Microsoft Visual Studio\2022\Community\MSBuild\Current\Bin\Microsoft.Common.CurrentVersion.targets" 内にある、プロジェクト "C:\Users\bluec\Kamata\TakeCEngine\project\DirectXGame.vcxproj" からのターゲット "CreateSatelliteAssemblies" (ターゲット "_BuildLinkAction" は依存):
プロジェクト "DirectXGame.vcxproj" 内のターゲット "CreateSatelliteAssemblies" のビルドが終了しました。
false 条件により、ターゲット "CopyLocalNativeReference" を省略しました。('$(CopyLocalProjectReference)' == 'true') は ('false' == 'true') として評価されました。
ファイル "C:\Program Files\Microsoft Visual Studio\2022\Community\MSBuild\Microsoft\VC\v170\Microsoft.CppBuild.targets" 内にある、プロジェクト "C:\Users\bluec\Kamata\TakeCEngine\project\DirectXGame.vcxproj" からのターゲット "_Appverifier" (ターゲット "_BuildLinkAction" は依存):
プロジェクト "DirectXGame.vcxproj" 内のターゲット "_Appverifier" のビルドが終了しました。
ファイル "C:\Program Files\Microsoft Visual Studio\2022\Community\MSBuild\Microsoft\VC\v170\Microsoft.CppBuild.targets" 内にある、プロジェクト "C:\Users\bluec\Kamata\TakeCEngine\project\DirectXGame.vcxproj" からのターゲット "_Deploy" (ターゲット "_BuildLinkAction" は依存):
プロジェクト "DirectXGame.vcxproj" 内のターゲット "_Deploy" のビルドが終了しました。
false 条件により、ターゲット "ComputeIntermediateSatelliteAssemblies" を省略しました。(@(ReferenceSatellitePaths->'%(DestinationSubDirectory)') != '') は ( != '') として評価されました。
false 条件により、ターゲット "_CopyFilesMarkedCopyLocal" を省略しました。('@(ReferenceCopyLocalPaths)' != '') は ('' != '') として評価されました。
ターゲット "AssignTargetPaths" を省略しました。以前に正しくビルドされていました。
ターゲット "AssignProjectConfiguration" を省略しました。以前に正しくビルドされていました。
ターゲット "_SplitProjectReferencesByFileExistence" を省略しました。以前に正しくビルドされていました。
ターゲット "_GetProjectReferenceTargetFrameworkProperties" を省略しました。以前に正しくビルドされていました。
ファイル "C:\Program Files\Microsoft Visual Studio\2022\Community\MSBuild\Current\Bin\Microsoft.Common.CurrentVersion.targets" 内にある、プロジェクト "C:\Users\bluec\Kamata\TakeCEngine\project\DirectXGame.vcxproj" からのターゲット "_PopulateCommonStateForGetCopyToOutputDirectoryItems" (ターゲット "GetCopyToOutputDirectoryItems" は依存):
プロジェクト "DirectXGame.vcxproj" 内のターゲット "_PopulateCommonStateForGetCopyToOutputDirectoryItems" のビルドが終了しました。
ファイル "C:\WINDOWS\Microsoft.NET\Framework\v4.0.30319\Microsoft.Xaml.targets" 内にある、プロジェクト "C:\Users\bluec\Kamata\TakeCEngine\project\DirectXGame.vcxproj" からのターゲット "GetCopyToOutputDirectoryXamlAppDefs" (ターゲット "GetCopyToOutputDirectoryItems" は依存):
タスク "AssignTargetPath"
タスク "AssignTargetPath" の実行が終了しました。
プロジェクト "DirectXGame.vcxproj" 内のターゲット "GetCopyToOutputDirectoryXamlAppDefs" のビルドが終了しました。
ファイル "C:\Program Files\Microsoft Visual Studio\2022\Community\MSBuild\Current\Bin\Microsoft.Common.CurrentVersion.targets" 内にある、プロジェクト "C:\Users\bluec\Kamata\TakeCEngine\project\DirectXGame.vcxproj" からのターゲット "GetCopyToOutputDirectoryItems" (ターゲット "_CopySourceItemsToOutputDirectory" は依存):
タスク "CallTarget"
ターゲット "_PopulateCommonStateForGetCopyToOutputDirectoryItems" を省略しました。以前に正しくビルドされていました。
ターゲット "_AddOutputPathToGlobalPropertiesToRemove" を省略しました。以前に正しくビルドされていました。
ファイル "C:\Program Files\Microsoft Visual Studio\2022\Community\MSBuild\Current\Bin\Microsoft.Common.CurrentVersion.targets" 内にある、プロジェクト "C:\Users\bluec\Kamata\TakeCEngine\project\DirectXGame.vcxproj" からのターゲット "_GetCopyToOutputDirectoryItemsFromTransitiveProjectReferences" (ターゲット "GetCopyToOutputDirectoryItems" は依存):
タスク "MSBuild"
  グローバル プロパティ:
    Configuration=Debug
    Platform=x64
  プロジェクト "externals\DirectXTex\DirectXTex_Desktop_2022_Win10.vcxproj" のプロパティの削除:
    TargetFramework
  プロジェクト "externals\imgui\imgui.vcxproj" のプロパティの削除:
    TargetFramework
プロジェクト "C:\Users\bluec\Kamata\TakeCEngine\project\DirectXGame.vcxproj" (2) は、ノード 1 上に "C:\Users\bluec\Kamata\TakeCEngine\project\externals\DirectXTex\DirectXTex_Desktop_2022_Win10.vcxproj" (3:5) をビルドしています (GetCopyToOutputDirectoryItems ターゲット)。
ターゲット "GetCopyToOutputDirectoryItems" を省略しました。以前に正しくビルドされていました。
プロジェクト "C:\Users\bluec\Kamata\TakeCEngine\project\externals\DirectXTex\DirectXTex_Desktop_2022_Win10.vcxproj" (GetCopyToOutputDirectoryItems ターゲット) のビルドが完了しました。

プロジェクト "C:\Users\bluec\Kamata\TakeCEngine\project\DirectXGame.vcxproj" (2) は、ノード 1 上に "C:\Users\bluec\Kamata\TakeCEngine\project\externals\imgui\imgui.vcxproj" (4:5) をビルドしています (GetCopyToOutputDirectoryItems ターゲット)。
ターゲット "GetCopyToOutputDirectoryItems" を省略しました。以前に正しくビルドされていました。
プロジェクト "C:\Users\bluec\Kamata\TakeCEngine\project\externals\imgui\imgui.vcxproj" (GetCopyToOutputDirectoryItems ターゲット) のビルドが完了しました。

タスク "MSBuild" の実行が終了しました。
タスク "AssignTargetPath"
タスク "AssignTargetPath" の実行が終了しました。
プロジェクト "DirectXGame.vcxproj" 内のターゲット "_GetCopyToOutputDirectoryItemsFromTransitiveProjectReferences" のビルドが終了しました。
タスク "CallTarget" の実行が終了しました。
タスク "CallTarget"
ターゲット "AssignTargetPaths" を省略しました。以前に正しくビルドされていました。
ターゲット "_PopulateCommonStateForGetCopyToOutputDirectoryItems" を省略しました。以前に正しくビルドされていました。
ファイル "C:\Program Files\Microsoft Visual Studio\2022\Community\MSBuild\Current\Bin\Microsoft.Common.CurrentVersion.targets" 内にある、プロジェクト "C:\Users\bluec\Kamata\TakeCEngine\project\DirectXGame.vcxproj" からのターゲット "_GetCopyToOutputDirectoryItemsFromThisProject" (ターゲット "GetCopyToOutputDirectoryItems" は依存):
タスク "AssignTargetPath"
タスク "AssignTargetPath" の実行が終了しました。
プロジェクト "DirectXGame.vcxproj" 内のターゲット "_GetCopyToOutputDirectoryItemsFromThisProject" のビルドが終了しました。
タスク "CallTarget" の実行が終了しました。
プロジェクト "DirectXGame.vcxproj" 内のターゲット "GetCopyToOutputDirectoryItems" のビルドが終了しました。
false 条件により、ターゲット "_CopyOutOfDateSourceItemsToOutputDirectory" を省略しました。( '@(_SourceItemsToCopyToOutputDirectory)' != '' ) は ( '' != '' ) として評価されました。
false 条件により、ターゲット "_CopyOutOfDateSourceItemsToOutputDirectoryAlways" を省略しました。( '@(_SourceItemsToCopyToOutputDirectoryAlways)' != '' ) は ( '' != '' ) として評価されました。
false 条件により、ターゲット "_CopyDifferingSourceItemsToOutputDirectory" を省略しました。( '@(_SourceItemsToCopyToOutputDirectoryIfDifferent)' != '' ) は ( '' != '' ) として評価されました。
ファイル "C:\Program Files\Microsoft Visual Studio\2022\Community\MSBuild\Current\Bin\Microsoft.Common.CurrentVersion.targets" 内にある、プロジェクト "C:\Users\bluec\Kamata\TakeCEngine\project\DirectXGame.vcxproj" からのターゲット "_CopySourceItemsToOutputDirectory" (ターゲット "CopyFilesToOutputDirectory" は依存):
プロジェクト "DirectXGame.vcxproj" 内のターゲット "_CopySourceItemsToOutputDirectory" のビルドが終了しました。
false 条件により、ターゲット "_CopyAppConfigFile" を省略しました。( '@(AppConfigWithTargetPath)' != '' ) は ( '' != '' ) として評価されました。
false 条件により、ターゲット "_CopyManifestFiles" を省略しました。( '$(_DeploymentCopyApplicationManifest)'=='true' or '$(GenerateClickOnceManifests)'=='true' ) は ( ''=='true' or ''=='true' ) として評価されました。
ファイル "C:\Program Files\Microsoft Visual Studio\2022\Community\MSBuild\Current\Bin\Microsoft.Common.CurrentVersion.targets" 内にある、プロジェクト "C:\Users\bluec\Kamata\TakeCEngine\project\DirectXGame.vcxproj" からのターゲット "_CheckForCompileOutputs" (ターゲット "CopyFilesToOutputDirectory" は依存):
プロジェクト "DirectXGame.vcxproj" 内のターゲット "_CheckForCompileOutputs" のビルドが終了しました。
false 条件により、ターゲット "_SGenCheckForOutputs" を省略しました。('$(_SGenGenerateSerializationAssembliesConfig)' == 'On' or ('@(WebReferenceUrl)'!='' and '$(_SGenGenerateSerializationAssembliesConfig)' == 'Auto')) は ('Off' == 'On' or (''!='' and 'Off' == 'Auto')) として評価されました。
ファイル "C:\Program Files\Microsoft Visual Studio\2022\Community\MSBuild\Current\Bin\Microsoft.Common.CurrentVersion.targets" 内にある、プロジェクト "C:\Users\bluec\Kamata\TakeCEngine\project\DirectXGame.vcxproj" からのターゲット "CopyFilesToOutputDirectory" (ターゲット "PrepareForRun" は依存):
false 条件のため、タスク "Copy" を省略しました。('$(CopyBuildOutputToOutputDirectory)' == 'true' and '$(SkipCopyBuildProduct)' != 'true') は ('true' == 'true' and 'true' != 'true') として評価されました。
false 条件のため、タスク "CopyRefAssembly" を省略しました。('$(ProduceReferenceAssembly)' == 'true' and '$(CopyBuildOutputToOutputDirectory)' == 'true' and '$(SkipCopyBuildProduct)' != 'true') は ('false' == 'true' and 'true' == 'true' and 'true' != 'true') として評価されました。
false 条件のため、タスク "Message" を省略しました。('$(CopyBuildOutputToOutputDirectory)' == 'true' and '$(SkipCopyBuildProduct)'!='true') は ('true' == 'true' and 'true'!='true') として評価されました。
false 条件のため、タスク "Copy" を省略しました。('@(AddModules)' != '') は ('' != '') として評価されました。
false 条件のため、タスク "Copy" を省略しました。('$(_SGenDllCreated)'=='true') は ('false'=='true') として評価されました。
false 条件のため、タスク "Copy" を省略しました。('$(_DebugSymbolsProduced)'=='true' and '$(SkipCopyingSymbolsToOutputDirectory)' != 'true' and '$(CopyOutputSymbolsToOutputDirectory)'=='true') は ('false'=='true' and '' != 'true' and 'true'=='true') として評価されました。
false 条件のため、タスク "Copy" を省略しました。('$(_DocumentationFileProduced)'=='true' and '$(CopyDocumentationFileToOutputDirectory)'=='true') は ('false'=='true' and 'true'=='true') として評価されました。
false 条件のため、タスク "Copy" を省略しました。('@(IntermediateSatelliteAssembliesWithTargetPath)' != '') は ('' != '') として評価されました。
false 条件のため、タスク "Copy" を省略しました。('@(ReferenceComWrappersToCopyLocal)' != '' or '@(ResolvedIsolatedComModules)' != '' or '@(_DeploymentLooseManifestFile)' != '' or '@(NativeReferenceFile)' != '' ) は ('' != '' or '' != '' or '' != '' or '' != '' ) として評価されました。
false 条件のため、タスク "Copy" を省略しました。('$(SkipCopyWinMDArtifact)' != 'true' and '@(WinMDExpArtifacts)' != '') は ('' != 'true' and '' != '') として評価されました。
false 条件のため、タスク "Message" を省略しました。('$(SkipCopyWinMDArtifact)' != 'true' and '$(_WindowsMetadataOutputPath)' != '') は ('' != 'true' and '' != '') として評価されました。
プロジェクト "DirectXGame.vcxproj" 内のターゲット "CopyFilesToOutputDirectory" のビルドが終了しました。
ファイル "C:\Program Files\Microsoft Visual Studio\2022\Community\MSBuild\Current\Bin\Microsoft.Common.CurrentVersion.targets" 内にある、プロジェクト "C:\Users\bluec\Kamata\TakeCEngine\project\DirectXGame.vcxproj" からのターゲット "PrepareForRun" (ターゲット "_BuildLinkAction" は依存):
プロジェクト "DirectXGame.vcxproj" 内のターゲット "PrepareForRun" のビルドが終了しました。
false 条件により、ターゲット "CustomBuildStep" を省略しました。('@(CustomBuildStep)' != '' and '$(SelectedFiles)'=='') は ('' != '' and ''=='') として評価されました。
ファイル "C:\Program Files\Microsoft Visual Studio\2022\Community\MSBuild\Microsoft\VC\v170\Microsoft.CppCommon.targets" 内にある、プロジェクト "C:\Users\bluec\Kamata\TakeCEngine\project\DirectXGame.vcxproj" からのターゲット "PostBuildEvent" (ターゲット "_BuildLinkAction" は依存):
false 条件のため、タスク "Message" を省略しました。('%(PostBuildEvent.Message)' != '' and '%(PostBuildEvent.Command)' != '') は ('' != '' and 'copy "C:\Program Files (x86)\Windows Kits\10\bin\10.0.26100.0\x64\dxcompiler.dll" "C:\Users\bluec\Kamata\TakeCEngine\generated\outputs\Debug\dxcompiler.dll"
copy "C:\Program Files (x86)\Windows Kits\10\bin\10.0.26100.0\x64\dxil.dll" "C:\Users\bluec\Kamata\TakeCEngine\generated\outputs\Debug\dxil.dll"' != '') として評価されました。
"Exec" タスクをアセンブリ "Microsoft.Build.Tasks.Core, Version=15.1.0.0, Culture=neutral, PublicKeyToken=b03f5f7f11d50a3a" から使用しています。
タスク "Exec"
  copy "C:\Program Files (x86)\Windows Kits\10\bin\10.0.26100.0\x64\dxcompiler.dll" "C:\Users\bluec\Kamata\TakeCEngine\generated\outputs\Debug\dxcompiler.dll"
  copy "C:\Program Files (x86)\Windows Kits\10\bin\10.0.26100.0\x64\dxil.dll" "C:\Users\bluec\Kamata\TakeCEngine\generated\outputs\Debug\dxil.dll"
  :VCEnd
          1 個のファイルをコピーしました。
          1 個のファイルをコピーしました。
タスク "Exec" の実行が終了しました。
プロジェクト "DirectXGame.vcxproj" 内のターゲット "PostBuildEvent" のビルドが終了しました。
ファイル "C:\Program Files\Microsoft Visual Studio\2022\Community\MSBuild\Microsoft\VC\v170\Microsoft.CppBuild.targets" 内にある、プロジェクト "C:\Users\bluec\Kamata\TakeCEngine\project\DirectXGame.vcxproj" からのターゲット "_BuildLinkAction" (ターゲット "BuildLink" は依存):
プロジェクト "DirectXGame.vcxproj" 内のターゲット "_BuildLinkAction" のビルドが終了しました。
ファイル "C:\Program Files\Microsoft Visual Studio\2022\Community\MSBuild\Current\Bin\Microsoft.Common.CurrentVersion.targets" 内にある、プロジェクト "C:\Users\bluec\Kamata\TakeCEngine\project\DirectXGame.vcxproj" からのターゲット "BuildLink" (ターゲット "Build" は依存):
プロジェクト "DirectXGame.vcxproj" 内のターゲット "BuildLink" のビルドが終了しました。
ファイル "C:\Program Files\Microsoft Visual Studio\2022\Community\MSBuild\Microsoft\VC\v170\Microsoft.BuildSteps.Targets" 内にある、プロジェクト "C:\Users\bluec\Kamata\TakeCEngine\project\DirectXGame.vcxproj" からのターゲット "AfterBuild" (ターゲット "Build" は依存):
プロジェクト "DirectXGame.vcxproj" 内のターゲット "AfterBuild" のビルドが終了しました。
ターゲット "_CheckForCompileOutputs" を省略しました。以前に正しくビルドされていました。
false 条件により、ターゲット "_SGenCheckForOutputs" を省略しました。('$(_SGenGenerateSerializationAssembliesConfig)' == 'On' or ('@(WebReferenceUrl)'!='' and '$(_SGenGenerateSerializationAssembliesConfig)' == 'Auto')) は ('Off' == 'On' or (''!='' and 'Off' == 'Auto')) として評価されました。
ファイル "C:\Program Files\Microsoft Visual Studio\2022\Community\MSBuild\Current\Bin\Microsoft.Common.CurrentVersion.targets" 内にある、プロジェクト "C:\Users\bluec\Kamata\TakeCEngine\project\DirectXGame.vcxproj" からのターゲット "_CleanGetCurrentAndPriorFileWrites" (ターゲット "IncrementalClean" は依存):
タスク "ReadLinesFromFile"
タスク "ReadLinesFromFile" の実行が終了しました。
タスク "ConvertToAbsolutePath"
タスク "ConvertToAbsolutePath" の実行が終了しました。
タスク "FindUnderPath"
  比較パスは "C:\Users\bluec\Kamata\TakeCEngine\project" です。
タスク "FindUnderPath" の実行が終了しました。
タスク "FindUnderPath"
  比較パスは "C:\Users\bluec\Kamata\TakeCEngine\project\..\generated\outputs\Debug\" です。
タスク "FindUnderPath" の実行が終了しました。
タスク "FindUnderPath"
  比較パスは "C:\Users\bluec\Kamata\TakeCEngine\project\..\generated\obj\DirectXGame\Debug\" です。
タスク "FindUnderPath" の実行が終了しました。
タスク "RemoveDuplicates"
タスク "RemoveDuplicates" の実行が終了しました。
プロジェクト "DirectXGame.vcxproj" 内のターゲット "_CleanGetCurrentAndPriorFileWrites" のビルドが終了しました。
ファイル "C:\Program Files\Microsoft Visual Studio\2022\Community\MSBuild\Current\Bin\Microsoft.Common.CurrentVersion.targets" 内にある、プロジェクト "C:\Users\bluec\Kamata\TakeCEngine\project\DirectXGame.vcxproj" からのターゲット "IncrementalClean" (ターゲット "Build" は依存):
タスク "FindUnderPath"
  比較パスは "C:\Users\bluec\Kamata\TakeCEngine\project\..\generated\outputs\Debug\" です。
タスク "FindUnderPath" の実行が終了しました。
タスク "FindUnderPath"
  比較パスは "C:\Users\bluec\Kamata\TakeCEngine\project\..\generated\obj\DirectXGame\Debug\" です。
タスク "FindUnderPath" の実行が終了しました。
タスク "Delete"
タスク "Delete" の実行が終了しました。
タスク "RemoveDuplicates"
タスク "RemoveDuplicates" の実行が終了しました。
false 条件のため、タスク "WriteLinesToFile" を省略しました。('@(_CleanUnfilteredPriorFileWrites)'!='@(_CleanUniqueRemainingFileWritesAfterIncrementalClean)') は (''!='') として評価されました。
プロジェクト "DirectXGame.vcxproj" 内のターゲット "IncrementalClean" のビルドが終了しました。
ファイル "C:\Program Files\Microsoft Visual Studio\2022\Community\MSBuild\Microsoft\VC\v170\Microsoft.CppBuild.targets" 内にある、プロジェクト "C:\Users\bluec\Kamata\TakeCEngine\project\DirectXGame.vcxproj" からのターゲット "TlogCleanup" (ターゲット "Build" は依存):
"CleanupStaleTlogItems" タスクをアセンブリ "C:\Program Files\Microsoft Visual Studio\2022\Community\MSBuild\Microsoft\VC\v170\Microsoft.Build.CppTasks.Common.dll" から使用しています。
タスク "CleanupStaleTlogItems"
タスク "CleanupStaleTlogItems" の実行が終了しました。
プロジェクト "DirectXGame.vcxproj" 内のターゲット "TlogCleanup" のビルドが終了しました。
ファイル "C:\Program Files\Microsoft Visual Studio\2022\Community\MSBuild\Microsoft\VC\v170\Microsoft.CppBuild.targets" 内にある、プロジェクト "C:\Users\bluec\Kamata\TakeCEngine\project\DirectXGame.vcxproj" からのターゲット "FinalizeBuildStatus" (ターゲット "Build" は依存):
タスク "Delete"
  ファイル "C:\Users\bluec\Kamata\TakeCEngine\project\..\generated\obj\DirectXGame\Debug\DirectXGame.tlog\unsuccessfulbuild" を削除しています。
タスク "Delete" の実行が終了しました。
タスク "Touch"
  "C:\Users\bluec\Kamata\TakeCEngine\project\..\generated\obj\DirectXGame\Debug\DirectXGame.tlog\DirectXGame.lastbuildstate" のタッチ タスクを実行しています。
タスク "Touch" の実行が終了しました。
プロジェクト "DirectXGame.vcxproj" 内のターゲット "FinalizeBuildStatus" のビルドが終了しました。
ターゲット "_CheckForInvalidConfigurationAndPlatform" を省略しました。以前に正しくビルドされていました。
ターゲット "_CheckForInvalidConfigurationAndPlatform" を省略しました。以前に正しくビルドされていました。
ファイル "C:\Program Files\Microsoft Visual Studio\2022\Community\MSBuild\Microsoft\VC\v170\Microsoft.BuildSteps.Targets" 内にある、プロジェクト "C:\Users\bluec\Kamata\TakeCEngine\project\DirectXGame.vcxproj" からのターゲット "Build" (エントリ ポイント):
プロジェクト "DirectXGame.vcxproj" 内のターゲット "Build" のビルドが終了しました。
false 条件により、ターゲット "CallPublishContainerSdkContainerProfile" を省略しました。('$(EnableSdkContainerDebugging)' == 'true' AND '$(SdkContainerPublishOnBuild)' == 'true') は ('' == 'true' AND '' == 'true') として評価されました。
プロジェクト "C:\Users\bluec\Kamata\TakeCEngine\project\DirectXGame.vcxproj" (既定のターゲット) のビルドが完了しました。

タスク "MSBuild" の実行が終了しました。
プロジェクト "DirectXGame.sln" 内のターゲット "Build" のビルドが終了しました。
プロジェクト "C:\Users\bluec\Kamata\TakeCEngine\project\DirectXGame.sln" (Build ターゲット) のビルドが完了しました。


ビルドに成功しました。
    0 個の警告
    0 エラー

経過時間 00:00:00.86
